Java HotSpot(TM) 64-Bit Server VM (25.131-b11) for linux-amd64 JRE (1.8.0_131-b11), built on Mar 15 2017 01:23:40 by "java_re" with gcc 4.3.0 20080428 (Red Hat 4.3.0-8)
Memory: 4k page, physical 15835468k(14252376k free), swap 0k(0k free)
CommandLine flags: -XX:G1ReservePercent=20 -XX:+HeapDumpOnOutOfMemoryError -XX:HeapDumpPath=/root/PT/projects/AutomationEngine/logs/GC -XX:InitialHeapSize=4294967296 -XX:+ManagementServer -XX:MaxGCPauseMillis=100 -XX:MaxHeapSize=4294967296 -XX:MaxMetaspaceSize=268435456 -XX:MaxNewSize=536870912 -XX:NewSize=268435456 -XX:+PrintGC -XX:+PrintGCApplicationStoppedTime -XX:+PrintGCDateStamps -XX:+PrintGCDetails -XX:+PrintGCTimeStamps -XX:+UseCompressedClassPointers -XX:+UseCompressedOops -XX:+UseG1GC 
2020-01-01T13:10:50.201+0530: 0.131: Total time for which application threads were stopped: 0.0000785 seconds, Stopping threads took: 0.0000088 seconds
2020-01-01T13:10:50.401+0530: 0.332: Total time for which application threads were stopped: 0.0001482 seconds, Stopping threads took: 0.0000114 seconds
2020-01-01T13:10:50.408+0530: 0.338: Total time for which application threads were stopped: 0.0000296 seconds, Stopping threads took: 0.0000051 seconds
2020-01-01T13:10:50.409+0530: 0.340: Total time for which application threads were stopped: 0.0000307 seconds, Stopping threads took: 0.0000043 seconds
2020-01-01T13:10:50.980+0530: 0.911: Total time for which application threads were stopped: 0.0002130 seconds, Stopping threads took: 0.0000119 seconds
2020-01-01T13:10:51.242+0530: 1.172: Total time for which application threads were stopped: 0.0002095 seconds, Stopping threads took: 0.0000111 seconds
2020-01-01T13:10:51.249+0530: 1.179: Total time for which application threads were stopped: 0.0002347 seconds, Stopping threads took: 0.0000346 seconds
2020-01-01T13:10:51.251+0530: 1.182: Total time for which application threads were stopped: 0.0001806 seconds, Stopping threads took: 0.0000316 seconds
2020-01-01T13:10:51.281+0530: 1.212: Total time for which application threads were stopped: 0.0001372 seconds, Stopping threads took: 0.0000111 seconds
2020-01-01T13:10:51.293+0530: 1.224: Total time for which application threads were stopped: 0.0001272 seconds, Stopping threads took: 0.0000103 seconds
2020-01-01T13:10:51.499+0530: 1.430: [GC pause (Metadata GC Threshold) (young) (initial-mark), 0.0112626 secs]
   [Parallel Time: 5.5 ms, GC Workers: 8]
      [GC Worker Start (ms): Min: 1430.2, Avg: 1430.2, Max: 1430.3, Diff: 0.1]
      [Ext Root Scanning (ms): Min: 0.8, Avg: 1.1, Max: 1.3, Diff: 0.5, Sum: 8.6]
      [Update RS (ms): Min: 0.0, Avg: 0.0, Max: 0.0, Diff: 0.0, Sum: 0.0]
         [Processed Buffers: Min: 0, Avg: 0.0, Max: 0, Diff: 0, Sum: 0]
      [Scan RS (ms): Min: 0.0, Avg: 0.0, Max: 0.0, Diff: 0.0, Sum: 0.1]
      [Code Root Scanning (ms): Min: 0.0, Avg: 0.2, Max: 0.8, Diff: 0.8, Sum: 1.5]
      [Object Copy (ms): Min: 3.3, Avg: 4.1, Max: 4.3, Diff: 1.0, Sum: 32.8]
      [Termination (ms): Min: 0.0, Avg: 0.0, Max: 0.0, Diff: 0.0, Sum: 0.0]
         [Termination Attempts: Min: 1, Avg: 4.9, Max: 7, Diff: 6, Sum: 39]
      [GC Worker Other (ms): Min: 0.0, Avg: 0.0, Max: 0.0, Diff: 0.0, Sum: 0.1]
      [GC Worker Total (ms): Min: 5.3, Avg: 5.4, Max: 5.4, Diff: 0.1, Sum: 43.0]
      [GC Worker End (ms): Min: 1435.6, Avg: 1435.6, Max: 1435.6, Diff: 0.0]
   [Code Root Fixup: 0.3 ms]
   [Code Root Purge: 0.0 ms]
   [Clear CT: 0.1 ms]
   [Other: 5.3 ms]
      [Choose CSet: 0.0 ms]
      [Ref Proc: 4.7 ms]
      [Ref Enq: 0.0 ms]
      [Redirty Cards: 0.1 ms]
      [Humongous Register: 0.0 ms]
      [Humongous Reclaim: 0.0 ms]
      [Free CSet: 0.1 ms]
   [Eden: 116.0M(256.0M)->0.0B(242.0M) Survivors: 0.0B->14.0M Heap: 115.0M(4096.0M)->12.5M(4096.0M)]
 [Times: user=0.04 sys=0.01, real=0.01 secs] 
2020-01-01T13:10:51.511+0530: 1.441: [GC concurrent-root-region-scan-start]
2020-01-01T13:10:51.511+0530: 1.441: Total time for which application threads were stopped: 0.0114941 seconds, Stopping threads took: 0.0000143 seconds
2020-01-01T13:10:51.515+0530: 1.445: [GC concurrent-root-region-scan-end, 0.0041192 secs]
2020-01-01T13:10:51.515+0530: 1.445: [GC concurrent-mark-start]
2020-01-01T13:10:51.516+0530: 1.446: [GC concurrent-mark-end, 0.0008841 secs]
2020-01-01T13:10:51.516+0530: 1.446: [GC remark 2020-01-01T13:10:51.516+0530: 1.446: [Finalize Marking, 0.0007203 secs] 2020-01-01T13:10:51.516+0530: 1.447: [GC ref-proc, 0.0002251 secs] 2020-01-01T13:10:51.517+0530: 1.447: [Unloading, 0.0018885 secs], 0.0031248 secs]
 [Times: user=0.02 sys=0.00, real=0.00 secs] 
2020-01-01T13:10:51.519+0530: 1.450: Total time for which application threads were stopped: 0.0032308 seconds, Stopping threads took: 0.0000463 seconds
2020-01-01T13:10:51.519+0530: 1.450: [GC cleanup 14M->14M(4096M), 0.0012364 secs]
 [Times: user=0.01 sys=0.00, real=0.00 secs] 
2020-01-01T13:10:51.520+0530: 1.451: Total time for which application threads were stopped: 0.0013489 seconds, Stopping threads took: 0.0000730 seconds
2020-01-01T13:10:51.803+0530: 1.734: [Full GC (System.gc())  30M->8879K(4096M), 0.0491750 secs]
   [Eden: 18.0M(242.0M)->0.0B(256.0M) Survivors: 14.0M->0.0B Heap: 30.4M(4096.0M)->8879.1K(4096.0M)], [Metaspace: 23983K->23983K(1071104K)]
 [Times: user=0.05 sys=0.01, real=0.05 secs] 
2020-01-01T13:10:51.852+0530: 1.783: Total time for which application threads were stopped: 0.0493243 seconds, Stopping threads took: 0.0000242 seconds
2020-01-01T13:10:52.523+0530: 2.454: Total time for which application threads were stopped: 0.0003814 seconds, Stopping threads took: 0.0000288 seconds
2020-01-01T13:10:52.549+0530: 2.480: Total time for which application threads were stopped: 0.0002902 seconds, Stopping threads took: 0.0000251 seconds
2020-01-01T13:10:53.550+0530: 3.480: Total time for which application threads were stopped: 0.0000767 seconds, Stopping threads took: 0.0000160 seconds
2020-01-01T13:10:54.427+0530: 4.358: Total time for which application threads were stopped: 0.0002885 seconds, Stopping threads took: 0.0000147 seconds
2020-01-01T13:10:55.428+0530: 5.358: Total time for which application threads were stopped: 0.0000629 seconds, Stopping threads took: 0.0000134 seconds
2020-01-01T13:10:56.428+0530: 6.358: Total time for which application threads were stopped: 0.0000654 seconds, Stopping threads took: 0.0000149 seconds
2020-01-01T13:10:56.894+0530: 6.825: Total time for which application threads were stopped: 0.0000947 seconds, Stopping threads took: 0.0000508 seconds
2020-01-01T13:10:57.894+0530: 7.825: Total time for which application threads were stopped: 0.0000675 seconds, Stopping threads took: 0.0000164 seconds
2020-01-01T13:10:58.724+0530: 8.655: Total time for which application threads were stopped: 0.0000881 seconds, Stopping threads took: 0.0000253 seconds
2020-01-01T13:10:58.892+0530: 8.823: Total time for which application threads were stopped: 0.0000284 seconds, Stopping threads took: 0.0000059 seconds
2020-01-01T13:10:59.892+0530: 9.823: Total time for which application threads were stopped: 0.0001019 seconds, Stopping threads took: 0.0000313 seconds
2020-01-01T13:11:00.455+0530: 10.385: Total time for which application threads were stopped: 0.0000777 seconds, Stopping threads took: 0.0000160 seconds
2020-01-01T13:11:00.838+0530: 10.769: Total time for which application threads were stopped: 0.0001057 seconds, Stopping threads took: 0.0000467 seconds
2020-01-01T13:11:01.838+0530: 11.769: Total time for which application threads were stopped: 0.0000772 seconds, Stopping threads took: 0.0000171 seconds
2020-01-01T13:11:02.400+0530: 12.330: Total time for which application threads were stopped: 0.0000741 seconds, Stopping threads took: 0.0000161 seconds
2020-01-01T13:11:03.400+0530: 13.330: Total time for which application threads were stopped: 0.0000725 seconds, Stopping threads took: 0.0000184 seconds
2020-01-01T13:11:03.979+0530: 13.909: Total time for which application threads were stopped: 0.0001144 seconds, Stopping threads took: 0.0000323 seconds
2020-01-01T13:11:04.979+0530: 14.909: Total time for which application threads were stopped: 0.0000778 seconds, Stopping threads took: 0.0000181 seconds
2020-01-01T13:11:05.550+0530: 15.480: Total time for which application threads were stopped: 0.0000762 seconds, Stopping threads took: 0.0000163 seconds
2020-01-01T13:11:06.550+0530: 16.480: Total time for which application threads were stopped: 0.0000700 seconds, Stopping threads took: 0.0000170 seconds
2020-01-01T13:11:06.712+0530: 16.643: Total time for which application threads were stopped: 0.0000979 seconds, Stopping threads took: 0.0000506 seconds
2020-01-01T13:11:07.108+0530: 17.039: Total time for which application threads were stopped: 0.0000742 seconds, Stopping threads took: 0.0000157 seconds
2020-01-01T13:11:08.108+0530: 18.039: Total time for which application threads were stopped: 0.0000604 seconds, Stopping threads took: 0.0000156 seconds
2020-01-01T13:11:08.674+0530: 18.605: Total time for which application threads were stopped: 0.0000736 seconds, Stopping threads took: 0.0000156 seconds
2020-01-01T13:11:08.749+0530: 18.679: Total time for which application threads were stopped: 0.0000461 seconds, Stopping threads took: 0.0000190 seconds
2020-01-01T13:11:09.749+0530: 19.679: Total time for which application threads were stopped: 0.0000668 seconds, Stopping threads took: 0.0000168 seconds
2020-01-01T13:11:10.749+0530: 20.680: Total time for which application threads were stopped: 0.0000663 seconds, Stopping threads took: 0.0000157 seconds
2020-01-01T13:11:10.910+0530: 20.841: Total time for which application threads were stopped: 0.0000750 seconds, Stopping threads took: 0.0000155 seconds
2020-01-01T13:11:11.373+0530: 21.304: Total time for which application threads were stopped: 0.0000776 seconds, Stopping threads took: 0.0000366 seconds
2020-01-01T13:11:13.374+0530: 23.304: Total time for which application threads were stopped: 0.0000599 seconds, Stopping threads took: 0.0000161 seconds
2020-01-01T13:11:14.374+0530: 24.304: Total time for which application threads were stopped: 0.0000707 seconds, Stopping threads took: 0.0000200 seconds
2020-01-01T13:11:15.374+0530: 25.305: Total time for which application threads were stopped: 0.0000619 seconds, Stopping threads took: 0.0000166 seconds
2020-01-01T13:11:16.374+0530: 26.305: Total time for which application threads were stopped: 0.0000655 seconds, Stopping threads took: 0.0000186 seconds
2020-01-01T13:11:16.689+0530: 26.620: Total time for which application threads were stopped: 0.0000540 seconds, Stopping threads took: 0.0000135 seconds
Heap
 garbage-first heap   total 4194304K, used 60079K [0x00000006c0000000, 0x00000006c0204000, 0x00000007c0000000)
  region size 2048K, 26 young (53248K), 0 survivors (0K)
 Metaspace       used 26796K, capacity 27474K, committed 27776K, reserved 1073152K
  class space    used 3345K, capacity 3616K, committed 3712K, reserved 1048576K
