Java HotSpot(TM) 64-Bit Server VM (25.131-b11) for linux-amd64 JRE (1.8.0_131-b11), built on Mar 15 2017 01:23:40 by "java_re" with gcc 4.3.0 20080428 (Red Hat 4.3.0-8)
Memory: 4k page, physical 15835468k(14229164k free), swap 0k(0k free)
CommandLine flags: -XX:G1ReservePercent=20 -XX:+HeapDumpOnOutOfMemoryError -XX:HeapDumpPath=/root/PT/projects/AutomationEngine/logs/GC -XX:InitialHeapSize=4294967296 -XX:+ManagementServer -XX:MaxGCPauseMillis=100 -XX:MaxHeapSize=4294967296 -XX:MaxMetaspaceSize=268435456 -XX:MaxNewSize=536870912 -XX:NewSize=268435456 -XX:+PrintGC -XX:+PrintGCApplicationStoppedTime -XX:+PrintGCDateStamps -XX:+PrintGCDetails -XX:+PrintGCTimeStamps -XX:+UseCompressedClassPointers -XX:+UseCompressedOops -XX:+UseG1GC 
2020-01-01T13:15:39.797+0530: 0.141: Total time for which application threads were stopped: 0.0000862 seconds, Stopping threads took: 0.0000090 seconds
2020-01-01T13:15:39.943+0530: 0.286: Total time for which application threads were stopped: 0.0001412 seconds, Stopping threads took: 0.0000101 seconds
2020-01-01T13:15:39.946+0530: 0.290: Total time for which application threads were stopped: 0.0000818 seconds, Stopping threads took: 0.0000084 seconds
2020-01-01T13:15:40.176+0530: 0.520: Total time for which application threads were stopped: 0.0002258 seconds, Stopping threads took: 0.0000134 seconds
2020-01-01T13:15:40.391+0530: 0.734: Total time for which application threads were stopped: 0.0002177 seconds, Stopping threads took: 0.0000179 seconds
2020-01-01T13:15:40.398+0530: 0.741: Total time for which application threads were stopped: 0.0001864 seconds, Stopping threads took: 0.0000354 seconds
2020-01-01T13:15:40.400+0530: 0.744: Total time for which application threads were stopped: 0.0001445 seconds, Stopping threads took: 0.0000247 seconds
2020-01-01T13:15:40.427+0530: 0.771: Total time for which application threads were stopped: 0.0001889 seconds, Stopping threads took: 0.0000273 seconds
2020-01-01T13:15:40.440+0530: 0.784: Total time for which application threads were stopped: 0.0001737 seconds, Stopping threads took: 0.0000264 seconds
2020-01-01T13:15:40.625+0530: 0.969: [GC pause (Metadata GC Threshold) (young) (initial-mark), 0.0112092 secs]
   [Parallel Time: 5.4 ms, GC Workers: 8]
      [GC Worker Start (ms): Min: 969.0, Avg: 969.1, Max: 969.1, Diff: 0.1]
      [Ext Root Scanning (ms): Min: 0.8, Avg: 1.1, Max: 1.3, Diff: 0.5, Sum: 8.4]
      [Update RS (ms): Min: 0.0, Avg: 0.0, Max: 0.0, Diff: 0.0, Sum: 0.0]
         [Processed Buffers: Min: 0, Avg: 0.0, Max: 0, Diff: 0, Sum: 0]
      [Scan RS (ms): Min: 0.0, Avg: 0.0, Max: 0.0, Diff: 0.0, Sum: 0.1]
      [Code Root Scanning (ms): Min: 0.0, Avg: 0.2, Max: 0.8, Diff: 0.8, Sum: 1.5]
      [Object Copy (ms): Min: 3.2, Avg: 4.0, Max: 4.2, Diff: 1.0, Sum: 32.0]
      [Termination (ms): Min: 0.0, Avg: 0.0, Max: 0.0, Diff: 0.0, Sum: 0.0]
         [Termination Attempts: Min: 1, Avg: 6.0, Max: 12, Diff: 11, Sum: 48]
      [GC Worker Other (ms): Min: 0.0, Avg: 0.0, Max: 0.0, Diff: 0.0, Sum: 0.1]
      [GC Worker Total (ms): Min: 5.2, Avg: 5.3, Max: 5.3, Diff: 0.1, Sum: 42.2]
      [GC Worker End (ms): Min: 974.4, Avg: 974.4, Max: 974.4, Diff: 0.0]
   [Code Root Fixup: 0.3 ms]
   [Code Root Purge: 0.0 ms]
   [Clear CT: 0.2 ms]
   [Other: 5.4 ms]
      [Choose CSet: 0.0 ms]
      [Ref Proc: 4.8 ms]
      [Ref Enq: 0.0 ms]
      [Redirty Cards: 0.1 ms]
      [Humongous Register: 0.0 ms]
      [Humongous Reclaim: 0.0 ms]
      [Free CSet: 0.1 ms]
   [Eden: 116.0M(256.0M)->0.0B(242.0M) Survivors: 0.0B->14.0M Heap: 115.0M(4096.0M)->12.5M(4096.0M)]
 [Times: user=0.04 sys=0.01, real=0.02 secs] 
2020-01-01T13:15:40.637+0530: 0.980: [GC concurrent-root-region-scan-start]
2020-01-01T13:15:40.637+0530: 0.980: Total time for which application threads were stopped: 0.0114429 seconds, Stopping threads took: 0.0000122 seconds
2020-01-01T13:15:40.640+0530: 0.983: [GC concurrent-root-region-scan-end, 0.0033169 secs]
2020-01-01T13:15:40.640+0530: 0.983: [GC concurrent-mark-start]
2020-01-01T13:15:40.641+0530: 0.984: [GC concurrent-mark-end, 0.0008779 secs]
2020-01-01T13:15:40.641+0530: 0.984: [GC remark 2020-01-01T13:15:40.641+0530: 0.984: [Finalize Marking, 0.0007641 secs] 2020-01-01T13:15:40.642+0530: 0.985: [GC ref-proc, 0.0002302 secs] 2020-01-01T13:15:40.642+0530: 0.985: [Unloading, 0.0018874 secs], 0.0031107 secs]
 [Times: user=0.02 sys=0.00, real=0.00 secs] 
2020-01-01T13:15:40.644+0530: 0.988: Total time for which application threads were stopped: 0.0032215 seconds, Stopping threads took: 0.0000546 seconds
2020-01-01T13:15:40.644+0530: 0.988: [GC cleanup 14M->14M(4096M), 0.0014860 secs]
 [Times: user=0.01 sys=0.00, real=0.00 secs] 
2020-01-01T13:15:40.646+0530: 0.989: Total time for which application threads were stopped: 0.0015854 seconds, Stopping threads took: 0.0000507 seconds
2020-01-01T13:15:40.843+0530: 1.186: [Full GC (System.gc())  30M->8878K(4096M), 0.0496267 secs]
   [Eden: 18.0M(242.0M)->0.0B(256.0M) Survivors: 14.0M->0.0B Heap: 30.5M(4096.0M)->8878.9K(4096.0M)], [Metaspace: 23957K->23957K(1071104K)]
 [Times: user=0.09 sys=0.00, real=0.05 secs] 
2020-01-01T13:15:40.892+0530: 1.236: Total time for which application threads were stopped: 0.0497828 seconds, Stopping threads took: 0.0000274 seconds
2020-01-01T13:15:41.511+0530: 1.854: Total time for which application threads were stopped: 0.0003506 seconds, Stopping threads took: 0.0000258 seconds
2020-01-01T13:15:41.658+0530: 2.002: Total time for which application threads were stopped: 0.0003360 seconds, Stopping threads took: 0.0000523 seconds
2020-01-01T13:15:42.659+0530: 3.002: Total time for which application threads were stopped: 0.0001022 seconds, Stopping threads took: 0.0000220 seconds
2020-01-01T13:15:43.659+0530: 4.002: Total time for which application threads were stopped: 0.0000684 seconds, Stopping threads took: 0.0000168 seconds
2020-01-01T13:15:43.962+0530: 4.306: Total time for which application threads were stopped: 0.0002657 seconds, Stopping threads took: 0.0000128 seconds
2020-01-01T13:15:44.962+0530: 5.306: Total time for which application threads were stopped: 0.0000669 seconds, Stopping threads took: 0.0000169 seconds
2020-01-01T13:15:45.842+0530: 6.186: Total time for which application threads were stopped: 0.0000709 seconds, Stopping threads took: 0.0000156 seconds
2020-01-01T13:15:46.842+0530: 7.186: Total time for which application threads were stopped: 0.0000732 seconds, Stopping threads took: 0.0000178 seconds
2020-01-01T13:15:47.770+0530: 8.113: Total time for which application threads were stopped: 0.0000693 seconds, Stopping threads took: 0.0000160 seconds
2020-01-01T13:15:47.923+0530: 8.267: Total time for which application threads were stopped: 0.0000550 seconds, Stopping threads took: 0.0000138 seconds
2020-01-01T13:15:48.923+0530: 9.267: Total time for which application threads were stopped: 0.0000696 seconds, Stopping threads took: 0.0000154 seconds
2020-01-01T13:15:49.476+0530: 9.819: Total time for which application threads were stopped: 0.0000635 seconds, Stopping threads took: 0.0000152 seconds
2020-01-01T13:15:49.640+0530: 9.984: Total time for which application threads were stopped: 0.0000659 seconds, Stopping threads took: 0.0000155 seconds
2020-01-01T13:15:50.640+0530: 10.984: Total time for which application threads were stopped: 0.0000669 seconds, Stopping threads took: 0.0000173 seconds
2020-01-01T13:15:51.196+0530: 11.539: Total time for which application threads were stopped: 0.0000742 seconds, Stopping threads took: 0.0000183 seconds
2020-01-01T13:15:52.196+0530: 12.539: Total time for which application threads were stopped: 0.0000557 seconds, Stopping threads took: 0.0000150 seconds
2020-01-01T13:15:52.748+0530: 13.092: Total time for which application threads were stopped: 0.0000773 seconds, Stopping threads took: 0.0000139 seconds
2020-01-01T13:15:53.748+0530: 14.092: Total time for which application threads were stopped: 0.0000636 seconds, Stopping threads took: 0.0000160 seconds
2020-01-01T13:15:54.353+0530: 14.697: Total time for which application threads were stopped: 0.0000590 seconds, Stopping threads took: 0.0000155 seconds
2020-01-01T13:15:55.353+0530: 15.697: Total time for which application threads were stopped: 0.0000677 seconds, Stopping threads took: 0.0000159 seconds
2020-01-01T13:15:55.904+0530: 16.247: Total time for which application threads were stopped: 0.0001119 seconds, Stopping threads took: 0.0000498 seconds
2020-01-01T13:15:56.904+0530: 17.247: Total time for which application threads were stopped: 0.0000665 seconds, Stopping threads took: 0.0000178 seconds
2020-01-01T13:15:57.561+0530: 17.904: Total time for which application threads were stopped: 0.0000765 seconds, Stopping threads took: 0.0000207 seconds
2020-01-01T13:15:57.685+0530: 18.029: Total time for which application threads were stopped: 0.0000575 seconds, Stopping threads took: 0.0000108 seconds
2020-01-01T13:15:58.685+0530: 19.029: Total time for which application threads were stopped: 0.0000625 seconds, Stopping threads took: 0.0000173 seconds
2020-01-01T13:15:59.685+0530: 20.029: Total time for which application threads were stopped: 0.0000676 seconds, Stopping threads took: 0.0000162 seconds
2020-01-01T13:16:00.162+0530: 20.506: Total time for which application threads were stopped: 0.0000666 seconds, Stopping threads took: 0.0000140 seconds
2020-01-01T13:16:00.163+0530: 20.507: Total time for which application threads were stopped: 0.0000202 seconds, Stopping threads took: 0.0000045 seconds
2020-01-01T13:16:02.164+0530: 22.507: Total time for which application threads were stopped: 0.0000632 seconds, Stopping threads took: 0.0000173 seconds
2020-01-01T13:16:04.164+0530: 24.507: Total time for which application threads were stopped: 0.0000561 seconds, Stopping threads took: 0.0000147 seconds
2020-01-01T13:16:05.164+0530: 25.507: Total time for which application threads were stopped: 0.0000590 seconds, Stopping threads took: 0.0000169 seconds
2020-01-01T13:16:06.009+0530: 26.352: Total time for which application threads were stopped: 0.0000644 seconds, Stopping threads took: 0.0000355 seconds
Heap
 garbage-first heap   total 4194304K, used 60078K [0x00000006c0000000, 0x00000006c0204000, 0x00000007c0000000)
  region size 2048K, 26 young (53248K), 0 survivors (0K)
 Metaspace       used 26757K, capacity 27460K, committed 27776K, reserved 1073152K
  class space    used 3351K, capacity 3627K, committed 3712K, reserved 1048576K
