Java HotSpot(TM) 64-Bit Server VM (25.131-b11) for linux-amd64 JRE (1.8.0_131-b11), built on Mar 15 2017 01:23:40 by "java_re" with gcc 4.3.0 20080428 (Red Hat 4.3.0-8)
Memory: 4k page, physical 15835448k(12713988k free), swap 0k(0k free)
CommandLine flags: -XX:G1ReservePercent=20 -XX:+HeapDumpOnOutOfMemoryError -XX:HeapDumpPath=/root/PT/projects/AutomationEngine/logs/GC -XX:InitialHeapSize=4294967296 -XX:+ManagementServer -XX:MaxGCPauseMillis=100 -XX:MaxHeapSize=4294967296 -XX:MaxMetaspaceSize=268435456 -XX:MaxNewSize=536870912 -XX:NewSize=268435456 -XX:+PrintGC -XX:+PrintGCApplicationStoppedTime -XX:+PrintGCDateStamps -XX:+PrintGCDetails -XX:+PrintGCTimeStamps -XX:+UseCompressedClassPointers -XX:+UseCompressedOops -XX:+UseG1GC 
2019-10-25T15:43:26.599+0530: 0.131: Total time for which application threads were stopped: 0.0001077 seconds, Stopping threads took: 0.0000108 seconds
2019-10-25T15:43:26.775+0530: 0.306: Total time for which application threads were stopped: 0.0001684 seconds, Stopping threads took: 0.0000109 seconds
2019-10-25T15:43:26.777+0530: 0.308: Total time for which application threads were stopped: 0.0000300 seconds, Stopping threads took: 0.0000047 seconds
2019-10-25T15:43:26.778+0530: 0.310: Total time for which application threads were stopped: 0.0000313 seconds, Stopping threads took: 0.0000047 seconds
2019-10-25T15:43:27.056+0530: 0.588: Total time for which application threads were stopped: 0.0002353 seconds, Stopping threads took: 0.0000141 seconds
2019-10-25T15:43:27.308+0530: 0.839: Total time for which application threads were stopped: 0.0002458 seconds, Stopping threads took: 0.0000142 seconds
2019-10-25T15:43:27.318+0530: 0.850: Total time for which application threads were stopped: 0.0002167 seconds, Stopping threads took: 0.0000260 seconds
2019-10-25T15:43:27.347+0530: 0.878: Total time for which application threads were stopped: 0.0001902 seconds, Stopping threads took: 0.0000123 seconds
2019-10-25T15:43:27.359+0530: 0.890: Total time for which application threads were stopped: 0.0001984 seconds, Stopping threads took: 0.0000130 seconds
2019-10-25T15:43:27.559+0530: 1.090: [GC pause (Metadata GC Threshold) (young) (initial-mark), 0.0114555 secs]
   [Parallel Time: 5.5 ms, GC Workers: 8]
      [GC Worker Start (ms): Min: 1090.4, Avg: 1090.5, Max: 1090.5, Diff: 0.1]
      [Ext Root Scanning (ms): Min: 0.8, Avg: 1.0, Max: 1.3, Diff: 0.5, Sum: 8.1]
      [Update RS (ms): Min: 0.0, Avg: 0.0, Max: 0.0, Diff: 0.0, Sum: 0.0]
         [Processed Buffers: Min: 0, Avg: 0.0, Max: 0, Diff: 0, Sum: 0]
      [Scan RS (ms): Min: 0.0, Avg: 0.0, Max: 0.0, Diff: 0.0, Sum: 0.1]
      [Code Root Scanning (ms): Min: 0.0, Avg: 0.2, Max: 0.8, Diff: 0.8, Sum: 1.4]
      [Object Copy (ms): Min: 3.3, Avg: 4.1, Max: 4.3, Diff: 1.1, Sum: 33.0]
      [Termination (ms): Min: 0.0, Avg: 0.0, Max: 0.0, Diff: 0.0, Sum: 0.0]
         [Termination Attempts: Min: 1, Avg: 5.5, Max: 9, Diff: 8, Sum: 44]
      [GC Worker Other (ms): Min: 0.0, Avg: 0.0, Max: 0.1, Diff: 0.1, Sum: 0.3]
      [GC Worker Total (ms): Min: 5.3, Avg: 5.4, Max: 5.4, Diff: 0.1, Sum: 42.8]
      [GC Worker End (ms): Min: 1095.8, Avg: 1095.8, Max: 1095.9, Diff: 0.1]
   [Code Root Fixup: 0.3 ms]
   [Code Root Purge: 0.0 ms]
   [Clear CT: 0.1 ms]
   [Other: 5.4 ms]
      [Choose CSet: 0.0 ms]
      [Ref Proc: 4.8 ms]
      [Ref Enq: 0.0 ms]
      [Redirty Cards: 0.1 ms]
      [Humongous Register: 0.0 ms]
      [Humongous Reclaim: 0.0 ms]
      [Free CSet: 0.1 ms]
   [Eden: 116.0M(256.0M)->0.0B(242.0M) Survivors: 0.0B->14.0M Heap: 115.0M(4096.0M)->12.5M(4096.0M)]
 [Times: user=0.04 sys=0.02, real=0.01 secs] 
2019-10-25T15:43:27.571+0530: 1.102: [GC concurrent-root-region-scan-start]
2019-10-25T15:43:27.571+0530: 1.102: Total time for which application threads were stopped: 0.0117241 seconds, Stopping threads took: 0.0000141 seconds
2019-10-25T15:43:27.575+0530: 1.106: [GC concurrent-root-region-scan-end, 0.0044448 secs]
2019-10-25T15:43:27.575+0530: 1.106: [GC concurrent-mark-start]
2019-10-25T15:43:27.576+0530: 1.107: [GC concurrent-mark-end, 0.0009264 secs]
2019-10-25T15:43:27.576+0530: 1.107: [GC remark 2019-10-25T15:43:27.576+0530: 1.107: [Finalize Marking, 0.0001785 secs] 2019-10-25T15:43:27.576+0530: 1.108: [GC ref-proc, 0.0002311 secs] 2019-10-25T15:43:27.577+0530: 1.108: [Unloading, 0.0020533 secs], 0.0027093 secs]
 [Times: user=0.02 sys=0.00, real=0.01 secs] 
2019-10-25T15:43:27.579+0530: 1.110: Total time for which application threads were stopped: 0.0028828 seconds, Stopping threads took: 0.0000944 seconds
2019-10-25T15:43:27.579+0530: 1.110: [GC cleanup 14M->14M(4096M), 0.0014704 secs]
 [Times: user=0.01 sys=0.00, real=0.00 secs] 
2019-10-25T15:43:27.580+0530: 1.112: Total time for which application threads were stopped: 0.0015668 seconds, Stopping threads took: 0.0000396 seconds
2019-10-25T15:43:27.794+0530: 1.325: [Full GC (System.gc())  30M->8879K(4096M), 0.0518071 secs]
   [Eden: 18.0M(242.0M)->0.0B(256.0M) Survivors: 14.0M->0.0B Heap: 30.4M(4096.0M)->8879.4K(4096.0M)], [Metaspace: 23982K->23982K(1071104K)]
 [Times: user=0.07 sys=0.01, real=0.05 secs] 
2019-10-25T15:43:27.846+0530: 1.377: Total time for which application threads were stopped: 0.0519758 seconds, Stopping threads took: 0.0000276 seconds
2019-10-25T15:43:28.506+0530: 2.038: Total time for which application threads were stopped: 0.0003867 seconds, Stopping threads took: 0.0000286 seconds
2019-10-25T15:43:29.507+0530: 3.038: Total time for which application threads were stopped: 0.0000801 seconds, Stopping threads took: 0.0000234 seconds
2019-10-25T15:43:30.507+0530: 4.038: Total time for which application threads were stopped: 0.0001054 seconds, Stopping threads took: 0.0000215 seconds
2019-10-25T15:43:30.798+0530: 4.329: Total time for which application threads were stopped: 0.0002823 seconds, Stopping threads took: 0.0000147 seconds
2019-10-25T15:43:31.798+0530: 5.329: Total time for which application threads were stopped: 0.0000788 seconds, Stopping threads took: 0.0000217 seconds
2019-10-25T15:43:32.740+0530: 6.271: Total time for which application threads were stopped: 0.0000799 seconds, Stopping threads took: 0.0000190 seconds
2019-10-25T15:43:33.740+0530: 7.271: Total time for which application threads were stopped: 0.0000840 seconds, Stopping threads took: 0.0000240 seconds
2019-10-25T15:43:34.535+0530: 8.066: Total time for which application threads were stopped: 0.0001069 seconds, Stopping threads took: 0.0000417 seconds
2019-10-25T15:43:34.880+0530: 8.411: Total time for which application threads were stopped: 0.0000918 seconds, Stopping threads took: 0.0000298 seconds
2019-10-25T15:43:35.880+0530: 9.411: Total time for which application threads were stopped: 0.0000812 seconds, Stopping threads took: 0.0000207 seconds
2019-10-25T15:43:36.488+0530: 10.019: Total time for which application threads were stopped: 0.0001040 seconds, Stopping threads took: 0.0000373 seconds
2019-10-25T15:43:36.540+0530: 10.071: Total time for which application threads were stopped: 0.0000896 seconds, Stopping threads took: 0.0000311 seconds
2019-10-25T15:43:37.540+0530: 11.071: Total time for which application threads were stopped: 0.0000757 seconds, Stopping threads took: 0.0000211 seconds
2019-10-25T15:43:38.089+0530: 11.620: Total time for which application threads were stopped: 0.0000793 seconds, Stopping threads took: 0.0000200 seconds
2019-10-25T15:43:39.089+0530: 12.620: Total time for which application threads were stopped: 0.0000695 seconds, Stopping threads took: 0.0000183 seconds
2019-10-25T15:43:39.633+0530: 13.165: Total time for which application threads were stopped: 0.0000838 seconds, Stopping threads took: 0.0000204 seconds
2019-10-25T15:43:40.634+0530: 14.165: Total time for which application threads were stopped: 0.0000968 seconds, Stopping threads took: 0.0000220 seconds
2019-10-25T15:43:41.513+0530: 15.044: Total time for which application threads were stopped: 0.0001135 seconds, Stopping threads took: 0.0000367 seconds
2019-10-25T15:43:42.513+0530: 16.044: Total time for which application threads were stopped: 0.0000796 seconds, Stopping threads took: 0.0000227 seconds
2019-10-25T15:43:43.061+0530: 16.592: Total time for which application threads were stopped: 0.0001437 seconds, Stopping threads took: 0.0000749 seconds
2019-10-25T15:43:44.061+0530: 17.592: Total time for which application threads were stopped: 0.0000881 seconds, Stopping threads took: 0.0000232 seconds
2019-10-25T15:43:44.607+0530: 18.139: Total time for which application threads were stopped: 0.0000978 seconds, Stopping threads took: 0.0000259 seconds
2019-10-25T15:43:45.128+0530: 18.660: Total time for which application threads were stopped: 0.0000805 seconds, Stopping threads took: 0.0000184 seconds
2019-10-25T15:43:46.128+0530: 19.660: Total time for which application threads were stopped: 0.0000798 seconds, Stopping threads took: 0.0000210 seconds
2019-10-25T15:43:47.129+0530: 20.660: Total time for which application threads were stopped: 0.0000867 seconds, Stopping threads took: 0.0000206 seconds
2019-10-25T15:43:47.264+0530: 20.795: Total time for which application threads were stopped: 0.0000832 seconds, Stopping threads took: 0.0000215 seconds
2019-10-25T15:43:47.265+0530: 20.796: Total time for which application threads were stopped: 0.0000272 seconds, Stopping threads took: 0.0000058 seconds
2019-10-25T15:43:49.265+0530: 22.796: Total time for which application threads were stopped: 0.0000806 seconds, Stopping threads took: 0.0000222 seconds
2019-10-25T15:43:52.265+0530: 25.796: Total time for which application threads were stopped: 0.0001158 seconds, Stopping threads took: 0.0000222 seconds
2019-10-25T15:43:53.044+0530: 26.575: Total time for which application threads were stopped: 0.0000491 seconds, Stopping threads took: 0.0000138 seconds
Heap
 garbage-first heap   total 4194304K, used 58031K [0x00000006c0000000, 0x00000006c0204000, 0x00000007c0000000)
  region size 2048K, 25 young (51200K), 0 survivors (0K)
 Metaspace       used 26837K, capacity 27564K, committed 27776K, reserved 1073152K
  class space    used 3349K, capacity 3623K, committed 3712K, reserved 1048576K
