Java HotSpot(TM) 64-Bit Server VM (25.131-b11) for linux-amd64 JRE (1.8.0_131-b11), built on Mar 15 2017 01:23:40 by "java_re" with gcc 4.3.0 20080428 (Red Hat 4.3.0-8)
Memory: 4k page, physical 15835448k(12711112k free), swap 0k(0k free)
CommandLine flags: -XX:G1ReservePercent=20 -XX:+HeapDumpOnOutOfMemoryError -XX:HeapDumpPath=/root/PT/projects/AutomationEngine/logs/GC -XX:InitialHeapSize=4294967296 -XX:+ManagementServer -XX:MaxGCPauseMillis=100 -XX:MaxHeapSize=4294967296 -XX:MaxMetaspaceSize=268435456 -XX:MaxNewSize=536870912 -XX:NewSize=268435456 -XX:+PrintGC -XX:+PrintGCApplicationStoppedTime -XX:+PrintGCDateStamps -XX:+PrintGCDetails -XX:+PrintGCTimeStamps -XX:+UseCompressedClassPointers -XX:+UseCompressedOops -XX:+UseG1GC 
2019-10-25T17:37:32.731+0530: 1.040: Total time for which application threads were stopped: 0.0000968 seconds, Stopping threads took: 0.0000176 seconds
2019-10-25T17:37:36.831+0530: 5.140: Total time for which application threads were stopped: 0.0000713 seconds, Stopping threads took: 0.0000104 seconds
2019-10-25T17:37:36.996+0530: 5.305: Total time for which application threads were stopped: 0.0001703 seconds, Stopping threads took: 0.0000119 seconds
2019-10-25T17:37:36.998+0530: 5.307: Total time for which application threads were stopped: 0.0000351 seconds, Stopping threads took: 0.0000050 seconds
2019-10-25T17:37:37.000+0530: 5.309: Total time for which application threads were stopped: 0.0000358 seconds, Stopping threads took: 0.0000048 seconds
2019-10-25T17:37:37.238+0530: 5.547: Total time for which application threads were stopped: 0.0002390 seconds, Stopping threads took: 0.0000133 seconds
2019-10-25T17:37:37.466+0530: 5.774: Total time for which application threads were stopped: 0.0002550 seconds, Stopping threads took: 0.0000144 seconds
2019-10-25T17:37:37.474+0530: 5.782: Total time for which application threads were stopped: 0.0002876 seconds, Stopping threads took: 0.0000366 seconds
2019-10-25T17:37:37.476+0530: 5.785: Total time for which application threads were stopped: 0.0002654 seconds, Stopping threads took: 0.0000348 seconds
2019-10-25T17:37:37.506+0530: 5.814: Total time for which application threads were stopped: 0.0002020 seconds, Stopping threads took: 0.0000143 seconds
2019-10-25T17:37:37.518+0530: 5.827: Total time for which application threads were stopped: 0.0002040 seconds, Stopping threads took: 0.0000125 seconds
2019-10-25T17:37:37.714+0530: 6.023: [GC pause (Metadata GC Threshold) (young) (initial-mark), 0.0119030 secs]
   [Parallel Time: 5.8 ms, GC Workers: 8]
      [GC Worker Start (ms): Min: 6022.8, Avg: 6022.9, Max: 6022.9, Diff: 0.1]
      [Ext Root Scanning (ms): Min: 0.9, Avg: 1.1, Max: 1.4, Diff: 0.5, Sum: 8.8]
      [Update RS (ms): Min: 0.0, Avg: 0.0, Max: 0.0, Diff: 0.0, Sum: 0.0]
         [Processed Buffers: Min: 0, Avg: 0.0, Max: 0, Diff: 0, Sum: 0]
      [Scan RS (ms): Min: 0.0, Avg: 0.0, Max: 0.0, Diff: 0.0, Sum: 0.1]
      [Code Root Scanning (ms): Min: 0.0, Avg: 0.2, Max: 0.7, Diff: 0.7, Sum: 1.6]
      [Object Copy (ms): Min: 3.8, Avg: 4.2, Max: 4.5, Diff: 0.7, Sum: 34.0]
      [Termination (ms): Min: 0.0, Avg: 0.0, Max: 0.0, Diff: 0.0, Sum: 0.0]
         [Termination Attempts: Min: 1, Avg: 5.9, Max: 9, Diff: 8, Sum: 47]
      [GC Worker Other (ms): Min: 0.0, Avg: 0.0, Max: 0.0, Diff: 0.0, Sum: 0.2]
      [GC Worker Total (ms): Min: 5.5, Avg: 5.6, Max: 5.7, Diff: 0.1, Sum: 44.7]
      [GC Worker End (ms): Min: 6028.5, Avg: 6028.5, Max: 6028.5, Diff: 0.0]
   [Code Root Fixup: 0.3 ms]
   [Code Root Purge: 0.0 ms]
   [Clear CT: 0.2 ms]
   [Other: 5.6 ms]
      [Choose CSet: 0.0 ms]
      [Ref Proc: 5.0 ms]
      [Ref Enq: 0.0 ms]
      [Redirty Cards: 0.1 ms]
      [Humongous Register: 0.0 ms]
      [Humongous Reclaim: 0.0 ms]
      [Free CSet: 0.1 ms]
   [Eden: 116.0M(256.0M)->0.0B(242.0M) Survivors: 0.0B->14.0M Heap: 115.0M(4096.0M)->12.5M(4096.0M)]
 [Times: user=0.04 sys=0.01, real=0.01 secs] 
2019-10-25T17:37:37.726+0530: 6.035: [GC concurrent-root-region-scan-start]
2019-10-25T17:37:37.726+0530: 6.035: Total time for which application threads were stopped: 0.0121638 seconds, Stopping threads took: 0.0000138 seconds
2019-10-25T17:37:37.731+0530: 6.039: [GC concurrent-root-region-scan-end, 0.0046673 secs]
2019-10-25T17:37:37.731+0530: 6.039: [GC concurrent-mark-start]
2019-10-25T17:37:37.731+0530: 6.040: [GC concurrent-mark-end, 0.0008310 secs]
2019-10-25T17:37:37.732+0530: 6.041: [GC remark 2019-10-25T17:37:37.732+0530: 6.041: [Finalize Marking, 0.0001976 secs] 2019-10-25T17:37:37.732+0530: 6.041: [GC ref-proc, 0.0002267 secs] 2019-10-25T17:37:37.732+0530: 6.041: [Unloading, 0.0020609 secs], 0.0027829 secs]
 [Times: user=0.02 sys=0.00, real=0.00 secs] 
2019-10-25T17:37:37.735+0530: 6.043: Total time for which application threads were stopped: 0.0032345 seconds, Stopping threads took: 0.0003756 seconds
2019-10-25T17:37:37.735+0530: 6.044: [GC cleanup 14M->14M(4096M), 0.0011996 secs]
 [Times: user=0.00 sys=0.00, real=0.00 secs] 
2019-10-25T17:37:37.736+0530: 6.045: Total time for which application threads were stopped: 0.0012717 seconds, Stopping threads took: 0.0000139 seconds
2019-10-25T17:37:37.950+0530: 6.259: [Full GC (System.gc())  30M->8875K(4096M), 0.0527178 secs]
   [Eden: 18.0M(242.0M)->0.0B(256.0M) Survivors: 14.0M->0.0B Heap: 30.4M(4096.0M)->8875.5K(4096.0M)], [Metaspace: 23958K->23958K(1071104K)]
 [Times: user=0.10 sys=0.00, real=0.05 secs] 
2019-10-25T17:37:38.003+0530: 6.312: Total time for which application threads were stopped: 0.0529074 seconds, Stopping threads took: 0.0000513 seconds
2019-10-25T17:37:38.151+0530: 6.459: Total time for which application threads were stopped: 0.0003970 seconds, Stopping threads took: 0.0000916 seconds
2019-10-25T17:37:38.185+0530: 6.494: [GC pause (G1 Evacuation Pause) (young), 0.0062821 secs]
   [Parallel Time: 5.0 ms, GC Workers: 8]
      [GC Worker Start (ms): Min: 6494.0, Avg: 6494.1, Max: 6494.1, Diff: 0.1]
      [Ext Root Scanning (ms): Min: 1.0, Avg: 1.0, Max: 1.1, Diff: 0.1, Sum: 8.1]
      [Update RS (ms): Min: 0.0, Avg: 0.1, Max: 0.3, Diff: 0.3, Sum: 1.1]
         [Processed Buffers: Min: 1, Avg: 2.5, Max: 4, Diff: 3, Sum: 20]
      [Scan RS (ms): Min: 0.0, Avg: 0.0, Max: 0.0, Diff: 0.0, Sum: 0.1]
      [Code Root Scanning (ms): Min: 0.0, Avg: 0.0, Max: 0.1, Diff: 0.1, Sum: 0.3]
      [Object Copy (ms): Min: 3.5, Avg: 3.6, Max: 3.7, Diff: 0.2, Sum: 28.7]
      [Termination (ms): Min: 0.0, Avg: 0.0, Max: 0.0, Diff: 0.0, Sum: 0.0]
         [Termination Attempts: Min: 1, Avg: 1.0, Max: 1, Diff: 0, Sum: 8]
      [GC Worker Other (ms): Min: 0.0, Avg: 0.0, Max: 0.1, Diff: 0.0, Sum: 0.2]
      [GC Worker Total (ms): Min: 4.8, Avg: 4.8, Max: 4.9, Diff: 0.1, Sum: 38.6]
      [GC Worker End (ms): Min: 6498.9, Avg: 6498.9, Max: 6498.9, Diff: 0.0]
   [Code Root Fixup: 0.1 ms]
   [Code Root Purge: 0.0 ms]
   [Clear CT: 0.1 ms]
   [Other: 1.1 ms]
      [Choose CSet: 0.0 ms]
      [Ref Proc: 0.3 ms]
      [Ref Enq: 0.0 ms]
      [Redirty Cards: 0.1 ms]
      [Humongous Register: 0.1 ms]
      [Humongous Reclaim: 0.0 ms]
      [Free CSet: 0.1 ms]
   [Eden: 256.0M(256.0M)->0.0B(246.0M) Survivors: 0.0B->10.0M Heap: 264.7M(4096.0M)->17.7M(4096.0M)]
 [Times: user=0.03 sys=0.01, real=0.01 secs] 
2019-10-25T17:37:38.191+0530: 6.500: Total time for which application threads were stopped: 0.0068285 seconds, Stopping threads took: 0.0000876 seconds
2019-10-25T17:37:38.678+0530: 6.987: Total time for which application threads were stopped: 0.0009246 seconds, Stopping threads took: 0.0001133 seconds
2019-10-25T17:37:39.679+0530: 7.987: Total time for which application threads were stopped: 0.0004625 seconds, Stopping threads took: 0.0000827 seconds
2019-10-25T17:37:40.679+0530: 8.988: Total time for which application threads were stopped: 0.0004977 seconds, Stopping threads took: 0.0000878 seconds
2019-10-25T17:37:41.018+0530: 9.327: Total time for which application threads were stopped: 0.0005589 seconds, Stopping threads took: 0.0000351 seconds
2019-10-25T17:37:42.018+0530: 10.327: Total time for which application threads were stopped: 0.0004611 seconds, Stopping threads took: 0.0000809 seconds
2019-10-25T17:37:43.019+0530: 11.328: Total time for which application threads were stopped: 0.0004832 seconds, Stopping threads took: 0.0000880 seconds
2019-10-25T17:37:43.039+0530: 11.348: Total time for which application threads were stopped: 0.0004547 seconds, Stopping threads took: 0.0000919 seconds
2019-10-25T17:37:44.040+0530: 12.348: Total time for which application threads were stopped: 0.0005061 seconds, Stopping threads took: 0.0001040 seconds
2019-10-25T17:37:44.708+0530: 13.017: Total time for which application threads were stopped: 0.0005108 seconds, Stopping threads took: 0.0001037 seconds
2019-10-25T17:37:45.058+0530: 13.367: Total time for which application threads were stopped: 0.0005000 seconds, Stopping threads took: 0.0000944 seconds
2019-10-25T17:37:46.059+0530: 14.367: Total time for which application threads were stopped: 0.0004972 seconds, Stopping threads took: 0.0000975 seconds
2019-10-25T17:37:46.606+0530: 14.914: Total time for which application threads were stopped: 0.0004949 seconds, Stopping threads took: 0.0000899 seconds
2019-10-25T17:37:46.688+0530: 14.997: Total time for which application threads were stopped: 0.0005489 seconds, Stopping threads took: 0.0001294 seconds
2019-10-25T17:37:47.689+0530: 15.998: Total time for which application threads were stopped: 0.0005080 seconds, Stopping threads took: 0.0000944 seconds
2019-10-25T17:37:48.057+0530: 16.366: Total time for which application threads were stopped: 0.0005323 seconds, Stopping threads took: 0.0001246 seconds
2019-10-25T17:37:48.145+0530: 16.453: Total time for which application threads were stopped: 0.0004113 seconds, Stopping threads took: 0.0000626 seconds
2019-10-25T17:37:49.145+0530: 17.454: Total time for which application threads were stopped: 0.0004954 seconds, Stopping threads took: 0.0000904 seconds
2019-10-25T17:37:49.221+0530: 17.530: Total time for which application threads were stopped: 0.0005304 seconds, Stopping threads took: 0.0001253 seconds
2019-10-25T17:37:49.404+0530: 17.713: Total time for which application threads were stopped: 0.0005241 seconds, Stopping threads took: 0.0001030 seconds
2019-10-25T17:37:50.405+0530: 18.714: Total time for which application threads were stopped: 0.0005219 seconds, Stopping threads took: 0.0001041 seconds
2019-10-25T17:37:50.599+0530: 18.908: Total time for which application threads were stopped: 0.0004998 seconds, Stopping threads took: 0.0000954 seconds
2019-10-25T17:37:50.702+0530: 19.011: Total time for which application threads were stopped: 0.0004908 seconds, Stopping threads took: 0.0000940 seconds
2019-10-25T17:37:51.703+0530: 20.012: Total time for which application threads were stopped: 0.0005070 seconds, Stopping threads took: 0.0001013 seconds
2019-10-25T17:37:51.745+0530: 20.054: Total time for which application threads were stopped: 0.0005225 seconds, Stopping threads took: 0.0001214 seconds
2019-10-25T17:37:51.775+0530: 20.084: Total time for which application threads were stopped: 0.0005257 seconds, Stopping threads took: 0.0001133 seconds
2019-10-25T17:37:52.601+0530: 20.910: Total time for which application threads were stopped: 0.0005024 seconds, Stopping threads took: 0.0000916 seconds
2019-10-25T17:37:52.686+0530: 20.995: Total time for which application threads were stopped: 0.0003621 seconds, Stopping threads took: 0.0000451 seconds
2019-10-25T17:37:53.602+0530: 21.911: Total time for which application threads were stopped: 0.0005230 seconds, Stopping threads took: 0.0000965 seconds
2019-10-25T17:37:53.691+0530: 22.000: Total time for which application threads were stopped: 0.0004921 seconds, Stopping threads took: 0.0000882 seconds
2019-10-25T17:37:54.413+0530: 22.722: Total time for which application threads were stopped: 0.0005107 seconds, Stopping threads took: 0.0000959 seconds
2019-10-25T17:37:54.592+0530: 22.901: Total time for which application threads were stopped: 0.0005012 seconds, Stopping threads took: 0.0000920 seconds
2019-10-25T17:37:55.353+0530: 23.662: Total time for which application threads were stopped: 0.0005262 seconds, Stopping threads took: 0.0001209 seconds
2019-10-25T17:37:55.416+0530: 23.725: Total time for which application threads were stopped: 0.0004588 seconds, Stopping threads took: 0.0000791 seconds
2019-10-25T17:37:56.132+0530: 24.441: Total time for which application threads were stopped: 0.0004549 seconds, Stopping threads took: 0.0000812 seconds
2019-10-25T17:37:56.259+0530: 24.568: Total time for which application threads were stopped: 0.0004340 seconds, Stopping threads took: 0.0000775 seconds
2019-10-25T17:37:56.958+0530: 25.267: Total time for which application threads were stopped: 0.0005113 seconds, Stopping threads took: 0.0001215 seconds
2019-10-25T17:37:56.959+0530: 25.268: Total time for which application threads were stopped: 0.0003074 seconds, Stopping threads took: 0.0000388 seconds
2019-10-25T17:37:57.673+0530: 25.982: Total time for which application threads were stopped: 0.0005377 seconds, Stopping threads took: 0.0001223 seconds
2019-10-25T17:37:57.810+0530: 26.118: Total time for which application threads were stopped: 0.0004887 seconds, Stopping threads took: 0.0000946 seconds
2019-10-25T17:37:58.435+0530: 26.744: Total time for which application threads were stopped: 0.0004916 seconds, Stopping threads took: 0.0000976 seconds
2019-10-25T17:37:58.522+0530: 26.831: Total time for which application threads were stopped: 0.0005114 seconds, Stopping threads took: 0.0001086 seconds
2019-10-25T17:37:59.050+0530: 27.359: Total time for which application threads were stopped: 0.0004877 seconds, Stopping threads took: 0.0000976 seconds
2019-10-25T17:37:59.164+0530: 27.473: Total time for which application threads were stopped: 0.0004892 seconds, Stopping threads took: 0.0000800 seconds
2019-10-25T17:37:59.931+0530: 28.240: Total time for which application threads were stopped: 0.0005358 seconds, Stopping threads took: 0.0001062 seconds
2019-10-25T17:37:59.932+0530: 28.240: Total time for which application threads were stopped: 0.0002239 seconds, Stopping threads took: 0.0000483 seconds
2019-10-25T17:38:00.439+0530: 28.747: Total time for which application threads were stopped: 0.0005451 seconds, Stopping threads took: 0.0001252 seconds
2019-10-25T17:38:00.484+0530: 28.792: Total time for which application threads were stopped: 0.0004955 seconds, Stopping threads took: 0.0000862 seconds
2019-10-25T17:38:01.107+0530: 29.416: Total time for which application threads were stopped: 0.0005120 seconds, Stopping threads took: 0.0001030 seconds
2019-10-25T17:38:01.144+0530: 29.453: Total time for which application threads were stopped: 0.0003456 seconds, Stopping threads took: 0.0000389 seconds
2019-10-25T17:38:01.734+0530: 30.043: Total time for which application threads were stopped: 0.0005163 seconds, Stopping threads took: 0.0001033 seconds
2019-10-25T17:38:01.772+0530: 30.081: Total time for which application threads were stopped: 0.0012014 seconds, Stopping threads took: 0.0000317 seconds
2019-10-25T17:38:01.858+0530: 30.166: Total time for which application threads were stopped: 0.0005199 seconds, Stopping threads took: 0.0000998 seconds
2019-10-25T17:38:02.435+0530: 30.743: Total time for which application threads were stopped: 0.0014201 seconds, Stopping threads took: 0.0001184 seconds
2019-10-25T17:38:02.691+0530: 31.000: Total time for which application threads were stopped: 0.0004756 seconds, Stopping threads took: 0.0000880 seconds
2019-10-25T17:38:03.446+0530: 31.754: Total time for which application threads were stopped: 0.0005626 seconds, Stopping threads took: 0.0000935 seconds
2019-10-25T17:38:03.451+0530: 31.759: Total time for which application threads were stopped: 0.0002622 seconds, Stopping threads took: 0.0000185 seconds
2019-10-25T17:38:03.644+0530: 31.953: Total time for which application threads were stopped: 0.0004768 seconds, Stopping threads took: 0.0000828 seconds
2019-10-25T17:38:03.973+0530: 32.281: Total time for which application threads were stopped: 0.0005668 seconds, Stopping threads took: 0.0001476 seconds
2019-10-25T17:38:04.518+0530: 32.827: Total time for which application threads were stopped: 0.0005291 seconds, Stopping threads took: 0.0000967 seconds
2019-10-25T17:38:04.520+0530: 32.828: Total time for which application threads were stopped: 0.0004372 seconds, Stopping threads took: 0.0000906 seconds
2019-10-25T17:38:05.014+0530: 33.323: Total time for which application threads were stopped: 0.0005007 seconds, Stopping threads took: 0.0000920 seconds
2019-10-25T17:38:05.018+0530: 33.327: Total time for which application threads were stopped: 0.0004209 seconds, Stopping threads took: 0.0000711 seconds
2019-10-25T17:38:05.534+0530: 33.842: Total time for which application threads were stopped: 0.0005142 seconds, Stopping threads took: 0.0000956 seconds
2019-10-25T17:38:05.535+0530: 33.843: Total time for which application threads were stopped: 0.0003963 seconds, Stopping threads took: 0.0000785 seconds
2019-10-25T17:38:06.078+0530: 34.387: Total time for which application threads were stopped: 0.0005160 seconds, Stopping threads took: 0.0000911 seconds
2019-10-25T17:38:06.078+0530: 34.387: Total time for which application threads were stopped: 0.0001848 seconds, Stopping threads took: 0.0000125 seconds
2019-10-25T17:38:06.566+0530: 34.875: Total time for which application threads were stopped: 0.0005349 seconds, Stopping threads took: 0.0000924 seconds
2019-10-25T17:38:06.598+0530: 34.906: Total time for which application threads were stopped: 0.0005869 seconds, Stopping threads took: 0.0001259 seconds
2019-10-25T17:38:07.076+0530: 35.385: Total time for which application threads were stopped: 0.0005277 seconds, Stopping threads took: 0.0000945 seconds
2019-10-25T17:38:07.101+0530: 35.409: Total time for which application threads were stopped: 0.0005277 seconds, Stopping threads took: 0.0001043 seconds
2019-10-25T17:38:07.633+0530: 35.942: Total time for which application threads were stopped: 0.0005361 seconds, Stopping threads took: 0.0000889 seconds
2019-10-25T17:38:07.635+0530: 35.944: Total time for which application threads were stopped: 0.0003997 seconds, Stopping threads took: 0.0000527 seconds
2019-10-25T17:38:08.100+0530: 36.409: Total time for which application threads were stopped: 0.0005209 seconds, Stopping threads took: 0.0000889 seconds
2019-10-25T17:38:08.104+0530: 36.412: Total time for which application threads were stopped: 0.0004659 seconds, Stopping threads took: 0.0000761 seconds
2019-10-25T17:38:08.591+0530: 36.900: Total time for which application threads were stopped: 0.0005345 seconds, Stopping threads took: 0.0000974 seconds
2019-10-25T17:38:08.621+0530: 36.930: Total time for which application threads were stopped: 0.0005126 seconds, Stopping threads took: 0.0000945 seconds
2019-10-25T17:38:09.178+0530: 37.487: Total time for which application threads were stopped: 0.0005318 seconds, Stopping threads took: 0.0000901 seconds
2019-10-25T17:38:09.179+0530: 37.488: Total time for which application threads were stopped: 0.0002265 seconds, Stopping threads took: 0.0000173 seconds
2019-10-25T17:38:09.616+0530: 37.924: Total time for which application threads were stopped: 0.0005032 seconds, Stopping threads took: 0.0000951 seconds
2019-10-25T17:38:09.629+0530: 37.938: Total time for which application threads were stopped: 0.0003189 seconds, Stopping threads took: 0.0000492 seconds
2019-10-25T17:38:10.106+0530: 38.415: Total time for which application threads were stopped: 0.0004967 seconds, Stopping threads took: 0.0000929 seconds
2019-10-25T17:38:10.111+0530: 38.420: Total time for which application threads were stopped: 0.0003912 seconds, Stopping threads took: 0.0000561 seconds
2019-10-25T17:38:10.585+0530: 38.893: Total time for which application threads were stopped: 0.0004944 seconds, Stopping threads took: 0.0001029 seconds
2019-10-25T17:38:10.621+0530: 38.929: Total time for which application threads were stopped: 0.0004924 seconds, Stopping threads took: 0.0000886 seconds
2019-10-25T17:38:10.782+0530: 39.091: Total time for which application threads were stopped: 0.0005390 seconds, Stopping threads took: 0.0001004 seconds
2019-10-25T17:38:11.043+0530: 39.351: Total time for which application threads were stopped: 0.0005134 seconds, Stopping threads took: 0.0001277 seconds
2019-10-25T17:38:11.587+0530: 39.896: Total time for which application threads were stopped: 0.0005357 seconds, Stopping threads took: 0.0001044 seconds
2019-10-25T17:38:11.593+0530: 39.901: Total time for which application threads were stopped: 0.0002743 seconds, Stopping threads took: 0.0000232 seconds
2019-10-25T17:38:12.082+0530: 40.390: Total time for which application threads were stopped: 0.0005802 seconds, Stopping threads took: 0.0001120 seconds
2019-10-25T17:38:12.085+0530: 40.394: Total time for which application threads were stopped: 0.0029673 seconds, Stopping threads took: 0.0000884 seconds
2019-10-25T17:38:12.607+0530: 40.915: Total time for which application threads were stopped: 0.0005614 seconds, Stopping threads took: 0.0001020 seconds
2019-10-25T17:38:13.113+0530: 41.422: Total time for which application threads were stopped: 0.0015394 seconds, Stopping threads took: 0.0001042 seconds
2019-10-25T17:38:14.114+0530: 42.422: Total time for which application threads were stopped: 0.0004727 seconds, Stopping threads took: 0.0000981 seconds
2019-10-25T17:38:15.114+0530: 43.423: Total time for which application threads were stopped: 0.0005005 seconds, Stopping threads took: 0.0001075 seconds
2019-10-25T17:38:16.115+0530: 44.424: Total time for which application threads were stopped: 0.0005128 seconds, Stopping threads took: 0.0001154 seconds
2019-10-25T17:38:17.115+0530: 45.424: Total time for which application threads were stopped: 0.0004900 seconds, Stopping threads took: 0.0000989 seconds
2019-10-25T17:38:18.116+0530: 46.425: Total time for which application threads were stopped: 0.0004958 seconds, Stopping threads took: 0.0001201 seconds
2019-10-25T17:38:19.117+0530: 47.425: Total time for which application threads were stopped: 0.0004924 seconds, Stopping threads took: 0.0001012 seconds
2019-10-25T17:38:20.117+0530: 48.426: Total time for which application threads were stopped: 0.0005122 seconds, Stopping threads took: 0.0001242 seconds
2019-10-25T17:38:21.118+0530: 49.426: Total time for which application threads were stopped: 0.0004873 seconds, Stopping threads took: 0.0000908 seconds
2019-10-25T17:38:22.118+0530: 50.427: Total time for which application threads were stopped: 0.0005550 seconds, Stopping threads took: 0.0001475 seconds
2019-10-25T17:38:23.119+0530: 51.428: Total time for which application threads were stopped: 0.0005206 seconds, Stopping threads took: 0.0001391 seconds
2019-10-25T17:38:25.120+0530: 53.428: Total time for which application threads were stopped: 0.0004893 seconds, Stopping threads took: 0.0000987 seconds
2019-10-25T17:38:27.120+0530: 55.429: Total time for which application threads were stopped: 0.0005412 seconds, Stopping threads took: 0.0001114 seconds
2019-10-25T17:38:28.121+0530: 56.430: Total time for which application threads were stopped: 0.0006570 seconds, Stopping threads took: 0.0001418 seconds
2019-10-25T17:38:31.122+0530: 59.431: Total time for which application threads were stopped: 0.0005600 seconds, Stopping threads took: 0.0001206 seconds
2019-10-25T17:38:32.122+0530: 60.431: Total time for which application threads were stopped: 0.0005949 seconds, Stopping threads took: 0.0001634 seconds
2019-10-25T17:38:33.123+0530: 61.432: Total time for which application threads were stopped: 0.0005570 seconds, Stopping threads took: 0.0001399 seconds
2019-10-25T17:38:34.124+0530: 62.432: Total time for which application threads were stopped: 0.0005000 seconds, Stopping threads took: 0.0000910 seconds
2019-10-25T17:38:36.124+0530: 64.433: Total time for which application threads were stopped: 0.0005700 seconds, Stopping threads took: 0.0001379 seconds
2019-10-25T17:38:37.691+0530: 66.000: [GC pause (G1 Evacuation Pause) (young), 0.0143399 secs]
   [Parallel Time: 7.0 ms, GC Workers: 8]
      [GC Worker Start (ms): Min: 66000.3, Avg: 66000.4, Max: 66000.4, Diff: 0.1]
      [Ext Root Scanning (ms): Min: 0.6, Avg: 0.7, Max: 0.8, Diff: 0.3, Sum: 5.5]
      [Update RS (ms): Min: 0.0, Avg: 0.1, Max: 0.5, Diff: 0.5, Sum: 1.2]
         [Processed Buffers: Min: 0, Avg: 2.8, Max: 9, Diff: 9, Sum: 22]
      [Scan RS (ms): Min: 0.0, Avg: 0.0, Max: 0.1, Diff: 0.1, Sum: 0.1]
      [Code Root Scanning (ms): Min: 0.0, Avg: 0.3, Max: 0.7, Diff: 0.7, Sum: 2.2]
      [Object Copy (ms): Min: 5.4, Avg: 5.7, Max: 5.8, Diff: 0.4, Sum: 45.5]
      [Termination (ms): Min: 0.0, Avg: 0.0, Max: 0.0, Diff: 0.0, Sum: 0.0]
         [Termination Attempts: Min: 1, Avg: 1.0, Max: 1, Diff: 0, Sum: 8]
      [GC Worker Other (ms): Min: 0.0, Avg: 0.0, Max: 0.1, Diff: 0.1, Sum: 0.3]
      [GC Worker Total (ms): Min: 6.8, Avg: 6.8, Max: 6.9, Diff: 0.1, Sum: 54.8]
      [GC Worker End (ms): Min: 66007.2, Avg: 66007.2, Max: 66007.2, Diff: 0.0]
   [Code Root Fixup: 0.5 ms]
   [Code Root Purge: 0.0 ms]
   [Clear CT: 0.2 ms]
   [Other: 6.7 ms]
      [Choose CSet: 0.0 ms]
      [Ref Proc: 5.9 ms]
      [Ref Enq: 0.0 ms]
      [Redirty Cards: 0.1 ms]
      [Humongous Register: 0.1 ms]
      [Humongous Reclaim: 0.0 ms]
      [Free CSet: 0.1 ms]
   [Eden: 246.0M(246.0M)->0.0B(236.0M) Survivors: 10.0M->20.0M Heap: 263.7M(4096.0M)->28.5M(4096.0M)]
 [Times: user=0.04 sys=0.02, real=0.01 secs] 
2019-10-25T17:38:37.706+0530: 66.015: Total time for which application threads were stopped: 0.0151226 seconds, Stopping threads took: 0.0001032 seconds
2019-10-25T17:38:37.707+0530: 66.015: Total time for which application threads were stopped: 0.0005666 seconds, Stopping threads took: 0.0001251 seconds
2019-10-25T17:38:37.707+0530: 66.016: Total time for which application threads were stopped: 0.0003363 seconds, Stopping threads took: 0.0000524 seconds
2019-10-25T17:38:37.708+0530: 66.016: Total time for which application threads were stopped: 0.0003285 seconds, Stopping threads took: 0.0000621 seconds
2019-10-25T17:38:37.708+0530: 66.017: Total time for which application threads were stopped: 0.0003618 seconds, Stopping threads took: 0.0000614 seconds
2019-10-25T17:38:37.708+0530: 66.017: Total time for which application threads were stopped: 0.0002620 seconds, Stopping threads took: 0.0000379 seconds
2019-10-25T17:38:37.709+0530: 66.017: Total time for which application threads were stopped: 0.0002529 seconds, Stopping threads took: 0.0000283 seconds
2019-10-25T17:38:37.709+0530: 66.018: Total time for which application threads were stopped: 0.0002608 seconds, Stopping threads took: 0.0000397 seconds
2019-10-25T17:38:37.709+0530: 66.018: Total time for which application threads were stopped: 0.0002580 seconds, Stopping threads took: 0.0000383 seconds
2019-10-25T17:38:37.709+0530: 66.018: Total time for which application threads were stopped: 0.0002724 seconds, Stopping threads took: 0.0000549 seconds
2019-10-25T17:38:37.710+0530: 66.018: Total time for which application threads were stopped: 0.0002520 seconds, Stopping threads took: 0.0000367 seconds
2019-10-25T17:38:37.710+0530: 66.019: Total time for which application threads were stopped: 0.0002519 seconds, Stopping threads took: 0.0000372 seconds
2019-10-25T17:38:37.710+0530: 66.019: Total time for which application threads were stopped: 0.0002507 seconds, Stopping threads took: 0.0000364 seconds
2019-10-25T17:38:37.711+0530: 66.019: Total time for which application threads were stopped: 0.0002630 seconds, Stopping threads took: 0.0000465 seconds
2019-10-25T17:38:37.711+0530: 66.020: Total time for which application threads were stopped: 0.0002455 seconds, Stopping threads took: 0.0000310 seconds
2019-10-25T17:38:37.711+0530: 66.020: Total time for which application threads were stopped: 0.0002697 seconds, Stopping threads took: 0.0000418 seconds
2019-10-25T17:38:37.711+0530: 66.020: Total time for which application threads were stopped: 0.0002763 seconds, Stopping threads took: 0.0000568 seconds
2019-10-25T17:38:37.712+0530: 66.021: Total time for which application threads were stopped: 0.0002771 seconds, Stopping threads took: 0.0000468 seconds
2019-10-25T17:38:37.712+0530: 66.021: Total time for which application threads were stopped: 0.0002718 seconds, Stopping threads took: 0.0000544 seconds
2019-10-25T17:38:37.712+0530: 66.021: Total time for which application threads were stopped: 0.0002320 seconds, Stopping threads took: 0.0000203 seconds
2019-10-25T17:38:37.714+0530: 66.023: Total time for which application threads were stopped: 0.0014648 seconds, Stopping threads took: 0.0000610 seconds
2019-10-25T17:38:38.715+0530: 67.023: Total time for which application threads were stopped: 0.0005337 seconds, Stopping threads took: 0.0001082 seconds
2019-10-25T17:38:39.715+0530: 68.024: Total time for which application threads were stopped: 0.0004842 seconds, Stopping threads took: 0.0000807 seconds
2019-10-25T17:38:41.716+0530: 70.024: Total time for which application threads were stopped: 0.0004693 seconds, Stopping threads took: 0.0000754 seconds
2019-10-25T17:38:44.716+0530: 73.025: Total time for which application threads were stopped: 0.0005146 seconds, Stopping threads took: 0.0000829 seconds
2019-10-25T17:38:46.717+0530: 75.026: Total time for which application threads were stopped: 0.0005512 seconds, Stopping threads took: 0.0000881 seconds
2019-10-25T17:38:47.718+0530: 76.026: Total time for which application threads were stopped: 0.0005917 seconds, Stopping threads took: 0.0001077 seconds
2019-10-25T17:38:51.719+0530: 80.027: Total time for which application threads were stopped: 0.0004946 seconds, Stopping threads took: 0.0000778 seconds
2019-10-25T17:38:52.719+0530: 81.028: Total time for which application threads were stopped: 0.0005055 seconds, Stopping threads took: 0.0000830 seconds
2019-10-25T17:38:53.720+0530: 82.028: Total time for which application threads were stopped: 0.0004980 seconds, Stopping threads took: 0.0000856 seconds
2019-10-25T17:38:54.720+0530: 83.029: Total time for which application threads were stopped: 0.0005125 seconds, Stopping threads took: 0.0001009 seconds
2019-10-25T17:38:55.721+0530: 84.030: Total time for which application threads were stopped: 0.0007044 seconds, Stopping threads took: 0.0001252 seconds
2019-10-25T17:38:56.722+0530: 85.030: Total time for which application threads were stopped: 0.0006207 seconds, Stopping threads took: 0.0001311 seconds
2019-10-25T17:38:57.722+0530: 86.031: Total time for which application threads were stopped: 0.0005088 seconds, Stopping threads took: 0.0000879 seconds
2019-10-25T17:39:02.723+0530: 91.032: Total time for which application threads were stopped: 0.0004779 seconds, Stopping threads took: 0.0000870 seconds
2019-10-25T17:39:04.724+0530: 93.033: Total time for which application threads were stopped: 0.0005863 seconds, Stopping threads took: 0.0000984 seconds
2019-10-25T17:39:06.725+0530: 95.033: Total time for which application threads were stopped: 0.0004760 seconds, Stopping threads took: 0.0000925 seconds
2019-10-25T17:39:07.392+0530: 95.701: [GC pause (G1 Evacuation Pause) (young), 0.0128515 secs]
   [Parallel Time: 6.6 ms, GC Workers: 8]
      [GC Worker Start (ms): Min: 95700.9, Avg: 95700.9, Max: 95700.9, Diff: 0.1]
      [Ext Root Scanning (ms): Min: 0.5, Avg: 0.6, Max: 0.7, Diff: 0.3, Sum: 4.5]
      [Update RS (ms): Min: 0.0, Avg: 0.1, Max: 0.4, Diff: 0.4, Sum: 1.0]
         [Processed Buffers: Min: 0, Avg: 2.0, Max: 5, Diff: 5, Sum: 16]
      [Scan RS (ms): Min: 0.0, Avg: 0.0, Max: 0.0, Diff: 0.0, Sum: 0.2]
      [Code Root Scanning (ms): Min: 0.0, Avg: 0.4, Max: 0.7, Diff: 0.7, Sum: 2.9]
      [Object Copy (ms): Min: 5.1, Avg: 5.4, Max: 5.8, Diff: 0.7, Sum: 43.3]
      [Termination (ms): Min: 0.0, Avg: 0.0, Max: 0.0, Diff: 0.0, Sum: 0.0]
         [Termination Attempts: Min: 1, Avg: 1.0, Max: 1, Diff: 0, Sum: 8]
      [GC Worker Other (ms): Min: 0.0, Avg: 0.0, Max: 0.1, Diff: 0.1, Sum: 0.4]
      [GC Worker Total (ms): Min: 6.5, Avg: 6.5, Max: 6.6, Diff: 0.1, Sum: 52.3]
      [GC Worker End (ms): Min: 95707.4, Avg: 95707.4, Max: 95707.5, Diff: 0.1]
   [Code Root Fixup: 0.5 ms]
   [Code Root Purge: 0.0 ms]
   [Clear CT: 0.1 ms]
   [Other: 5.5 ms]
      [Choose CSet: 0.0 ms]
      [Ref Proc: 4.8 ms]
      [Ref Enq: 0.0 ms]
      [Redirty Cards: 0.1 ms]
      [Humongous Register: 0.1 ms]
      [Humongous Reclaim: 0.0 ms]
      [Free CSet: 0.1 ms]
   [Eden: 236.0M(236.0M)->0.0B(238.0M) Survivors: 20.0M->18.0M Heap: 264.5M(4096.0M)->26.7M(4096.0M)]
 [Times: user=0.06 sys=0.00, real=0.01 secs] 
2019-10-25T17:39:07.405+0530: 95.714: Total time for which application threads were stopped: 0.0135519 seconds, Stopping threads took: 0.0000922 seconds
2019-10-25T17:39:07.406+0530: 95.715: Total time for which application threads were stopped: 0.0005782 seconds, Stopping threads took: 0.0001296 seconds
2019-10-25T17:39:07.407+0530: 95.715: Total time for which application threads were stopped: 0.0004695 seconds, Stopping threads took: 0.0000932 seconds
2019-10-25T17:39:07.407+0530: 95.716: Total time for which application threads were stopped: 0.0004262 seconds, Stopping threads took: 0.0000509 seconds
2019-10-25T17:39:07.408+0530: 95.716: Total time for which application threads were stopped: 0.0003295 seconds, Stopping threads took: 0.0000275 seconds
2019-10-25T17:39:07.408+0530: 95.717: Total time for which application threads were stopped: 0.0002588 seconds, Stopping threads took: 0.0000603 seconds
2019-10-25T17:39:07.408+0530: 95.717: Total time for which application threads were stopped: 0.0002360 seconds, Stopping threads took: 0.0000508 seconds
2019-10-25T17:39:07.409+0530: 95.717: Total time for which application threads were stopped: 0.0002403 seconds, Stopping threads took: 0.0000521 seconds
2019-10-25T17:39:07.409+0530: 95.718: Total time for which application threads were stopped: 0.0001973 seconds, Stopping threads took: 0.0000132 seconds
2019-10-25T17:39:07.409+0530: 95.718: Total time for which application threads were stopped: 0.0001870 seconds, Stopping threads took: 0.0000130 seconds
2019-10-25T17:39:07.409+0530: 95.718: Total time for which application threads were stopped: 0.0002393 seconds, Stopping threads took: 0.0000393 seconds
2019-10-25T17:39:07.410+0530: 95.718: Total time for which application threads were stopped: 0.0002171 seconds, Stopping threads took: 0.0000363 seconds
2019-10-25T17:39:07.410+0530: 95.719: Total time for which application threads were stopped: 0.0002212 seconds, Stopping threads took: 0.0000338 seconds
2019-10-25T17:39:07.410+0530: 95.719: Total time for which application threads were stopped: 0.0002163 seconds, Stopping threads took: 0.0000313 seconds
2019-10-25T17:39:07.410+0530: 95.719: Total time for which application threads were stopped: 0.0002112 seconds, Stopping threads took: 0.0000331 seconds
2019-10-25T17:39:07.411+0530: 95.719: Total time for which application threads were stopped: 0.0002109 seconds, Stopping threads took: 0.0000360 seconds
2019-10-25T17:39:07.411+0530: 95.719: Total time for which application threads were stopped: 0.0002113 seconds, Stopping threads took: 0.0000335 seconds
2019-10-25T17:39:07.411+0530: 95.720: Total time for which application threads were stopped: 0.0001951 seconds, Stopping threads took: 0.0000139 seconds
2019-10-25T17:39:07.411+0530: 95.720: Total time for which application threads were stopped: 0.0002023 seconds, Stopping threads took: 0.0000139 seconds
2019-10-25T17:39:07.411+0530: 95.720: Total time for which application threads were stopped: 0.0002212 seconds, Stopping threads took: 0.0000337 seconds
2019-10-25T17:39:07.413+0530: 95.722: Total time for which application threads were stopped: 0.0018672 seconds, Stopping threads took: 0.0000628 seconds
2019-10-25T17:39:08.414+0530: 96.723: Total time for which application threads were stopped: 0.0005333 seconds, Stopping threads took: 0.0001218 seconds
2019-10-25T17:39:09.415+0530: 97.723: Total time for which application threads were stopped: 0.0004769 seconds, Stopping threads took: 0.0000959 seconds
2019-10-25T17:39:10.415+0530: 98.724: Total time for which application threads were stopped: 0.0005137 seconds, Stopping threads took: 0.0001029 seconds
2019-10-25T17:39:11.416+0530: 99.724: Total time for which application threads were stopped: 0.0005751 seconds, Stopping threads took: 0.0001071 seconds
2019-10-25T17:39:13.416+0530: 101.725: Total time for which application threads were stopped: 0.0005285 seconds, Stopping threads took: 0.0000925 seconds
2019-10-25T17:39:14.417+0530: 102.726: Total time for which application threads were stopped: 0.0004838 seconds, Stopping threads took: 0.0000959 seconds
2019-10-25T17:39:16.418+0530: 104.726: Total time for which application threads were stopped: 0.0004788 seconds, Stopping threads took: 0.0000983 seconds
2019-10-25T17:39:19.418+0530: 107.727: Total time for which application threads were stopped: 0.0005487 seconds, Stopping threads took: 0.0000957 seconds
2019-10-25T17:39:20.419+0530: 108.728: Total time for which application threads were stopped: 0.0004614 seconds, Stopping threads took: 0.0000928 seconds
2019-10-25T17:39:23.420+0530: 111.728: Total time for which application threads were stopped: 0.0005032 seconds, Stopping threads took: 0.0000887 seconds
2019-10-25T17:39:29.371+0530: 117.680: [GC pause (G1 Evacuation Pause) (young), 0.0125954 secs]
   [Parallel Time: 6.5 ms, GC Workers: 8]
      [GC Worker Start (ms): Min: 117680.2, Avg: 117680.2, Max: 117680.2, Diff: 0.1]
      [Ext Root Scanning (ms): Min: 0.5, Avg: 0.6, Max: 0.7, Diff: 0.2, Sum: 4.4]
      [Update RS (ms): Min: 0.0, Avg: 0.1, Max: 0.4, Diff: 0.4, Sum: 1.0]
         [Processed Buffers: Min: 0, Avg: 1.6, Max: 6, Diff: 6, Sum: 13]
      [Scan RS (ms): Min: 0.0, Avg: 0.0, Max: 0.1, Diff: 0.1, Sum: 0.1]
      [Code Root Scanning (ms): Min: 0.0, Avg: 0.3, Max: 0.6, Diff: 0.6, Sum: 2.1]
      [Object Copy (ms): Min: 5.1, Avg: 5.4, Max: 5.8, Diff: 0.7, Sum: 43.3]
      [Termination (ms): Min: 0.0, Avg: 0.0, Max: 0.0, Diff: 0.0, Sum: 0.0]
         [Termination Attempts: Min: 1, Avg: 1.4, Max: 2, Diff: 1, Sum: 11]
      [GC Worker Other (ms): Min: 0.0, Avg: 0.0, Max: 0.0, Diff: 0.0, Sum: 0.2]
      [GC Worker Total (ms): Min: 6.4, Avg: 6.4, Max: 6.4, Diff: 0.1, Sum: 51.2]
      [GC Worker End (ms): Min: 117686.6, Avg: 117686.6, Max: 117686.6, Diff: 0.0]
   [Code Root Fixup: 0.4 ms]
   [Code Root Purge: 0.0 ms]
   [Clear CT: 0.1 ms]
   [Other: 5.5 ms]
      [Choose CSet: 0.0 ms]
      [Ref Proc: 4.8 ms]
      [Ref Enq: 0.0 ms]
      [Redirty Cards: 0.1 ms]
      [Humongous Register: 0.1 ms]
      [Humongous Reclaim: 0.0 ms]
      [Free CSet: 0.1 ms]
   [Eden: 238.0M(238.0M)->0.0B(238.0M) Survivors: 18.0M->18.0M Heap: 264.7M(4096.0M)->26.7M(4096.0M)]
 [Times: user=0.04 sys=0.02, real=0.01 secs] 
2019-10-25T17:39:29.384+0530: 117.693: Total time for which application threads were stopped: 0.0132820 seconds, Stopping threads took: 0.0000917 seconds
2019-10-25T17:39:29.385+0530: 117.693: Total time for which application threads were stopped: 0.0005223 seconds, Stopping threads took: 0.0001242 seconds
2019-10-25T17:39:29.386+0530: 117.695: Total time for which application threads were stopped: 0.0004122 seconds, Stopping threads took: 0.0000473 seconds
2019-10-25T17:39:29.386+0530: 117.695: Total time for which application threads were stopped: 0.0002127 seconds, Stopping threads took: 0.0000116 seconds
2019-10-25T17:39:29.387+0530: 117.695: Total time for which application threads were stopped: 0.0001873 seconds, Stopping threads took: 0.0000090 seconds
2019-10-25T17:39:29.387+0530: 117.695: Total time for which application threads were stopped: 0.0001865 seconds, Stopping threads took: 0.0000087 seconds
2019-10-25T17:39:29.387+0530: 117.696: Total time for which application threads were stopped: 0.0002229 seconds, Stopping threads took: 0.0000416 seconds
2019-10-25T17:39:29.387+0530: 117.696: Total time for which application threads were stopped: 0.0002119 seconds, Stopping threads took: 0.0000314 seconds
2019-10-25T17:39:29.387+0530: 117.696: Total time for which application threads were stopped: 0.0002215 seconds, Stopping threads took: 0.0000291 seconds
2019-10-25T17:39:29.388+0530: 117.696: Total time for which application threads were stopped: 0.0002278 seconds, Stopping threads took: 0.0000344 seconds
2019-10-25T17:39:29.388+0530: 117.697: Total time for which application threads were stopped: 0.0002040 seconds, Stopping threads took: 0.0000198 seconds
2019-10-25T17:39:29.388+0530: 117.697: Total time for which application threads were stopped: 0.0002188 seconds, Stopping threads took: 0.0000373 seconds
2019-10-25T17:39:29.388+0530: 117.697: Total time for which application threads were stopped: 0.0002220 seconds, Stopping threads took: 0.0000327 seconds
2019-10-25T17:39:29.389+0530: 117.697: Total time for which application threads were stopped: 0.0002428 seconds, Stopping threads took: 0.0000379 seconds
2019-10-25T17:39:29.389+0530: 117.698: Total time for which application threads were stopped: 0.0002435 seconds, Stopping threads took: 0.0000469 seconds
2019-10-25T17:39:29.389+0530: 117.698: Total time for which application threads were stopped: 0.0002513 seconds, Stopping threads took: 0.0000394 seconds
2019-10-25T17:39:29.390+0530: 117.698: Total time for which application threads were stopped: 0.0002341 seconds, Stopping threads took: 0.0000374 seconds
2019-10-25T17:39:29.390+0530: 117.699: Total time for which application threads were stopped: 0.0002410 seconds, Stopping threads took: 0.0000551 seconds
2019-10-25T17:39:29.390+0530: 117.699: Total time for which application threads were stopped: 0.0002821 seconds, Stopping threads took: 0.0000856 seconds
2019-10-25T17:39:29.390+0530: 117.699: Total time for which application threads were stopped: 0.0002423 seconds, Stopping threads took: 0.0000550 seconds
2019-10-25T17:39:29.394+0530: 117.702: Total time for which application threads were stopped: 0.0031141 seconds, Stopping threads took: 0.0000392 seconds
2019-10-25T17:39:30.394+0530: 118.703: Total time for which application threads were stopped: 0.0005074 seconds, Stopping threads took: 0.0000933 seconds
2019-10-25T17:39:37.395+0530: 125.704: Total time for which application threads were stopped: 0.0004888 seconds, Stopping threads took: 0.0000892 seconds
2019-10-25T17:39:40.396+0530: 128.704: Total time for which application threads were stopped: 0.0005007 seconds, Stopping threads took: 0.0000892 seconds
2019-10-25T17:39:41.396+0530: 129.705: Total time for which application threads were stopped: 0.0004621 seconds, Stopping threads took: 0.0000831 seconds
2019-10-25T17:39:49.538+0530: 137.847: [GC pause (G1 Evacuation Pause) (young), 0.0125432 secs]
   [Parallel Time: 6.5 ms, GC Workers: 8]
      [GC Worker Start (ms): Min: 137847.3, Avg: 137847.3, Max: 137847.4, Diff: 0.1]
      [Ext Root Scanning (ms): Min: 0.5, Avg: 0.5, Max: 0.8, Diff: 0.3, Sum: 4.4]
      [Update RS (ms): Min: 0.0, Avg: 0.1, Max: 0.5, Diff: 0.5, Sum: 1.0]
         [Processed Buffers: Min: 0, Avg: 1.5, Max: 6, Diff: 6, Sum: 12]
      [Scan RS (ms): Min: 0.0, Avg: 0.0, Max: 0.0, Diff: 0.0, Sum: 0.2]
      [Code Root Scanning (ms): Min: 0.0, Avg: 0.3, Max: 0.9, Diff: 0.9, Sum: 2.4]
      [Object Copy (ms): Min: 4.7, Avg: 5.3, Max: 5.7, Diff: 0.9, Sum: 42.4]
      [Termination (ms): Min: 0.0, Avg: 0.0, Max: 0.0, Diff: 0.0, Sum: 0.0]
         [Termination Attempts: Min: 1, Avg: 1.0, Max: 1, Diff: 0, Sum: 8]
      [GC Worker Other (ms): Min: 0.0, Avg: 0.0, Max: 0.1, Diff: 0.1, Sum: 0.3]
      [GC Worker Total (ms): Min: 6.3, Avg: 6.3, Max: 6.4, Diff: 0.1, Sum: 50.7]
      [GC Worker End (ms): Min: 137853.7, Avg: 137853.7, Max: 137853.7, Diff: 0.1]
   [Code Root Fixup: 0.4 ms]
   [Code Root Purge: 0.0 ms]
   [Clear CT: 0.1 ms]
   [Other: 5.5 ms]
      [Choose CSet: 0.0 ms]
      [Ref Proc: 4.8 ms]
      [Ref Enq: 0.0 ms]
      [Redirty Cards: 0.1 ms]
      [Humongous Register: 0.1 ms]
      [Humongous Reclaim: 0.0 ms]
      [Free CSet: 0.1 ms]
   [Eden: 238.0M(238.0M)->0.0B(238.0M) Survivors: 18.0M->18.0M Heap: 264.7M(4096.0M)->26.7M(4096.0M)]
 [Times: user=0.05 sys=0.00, real=0.01 secs] 
2019-10-25T17:39:49.551+0530: 137.860: Total time for which application threads were stopped: 0.0133022 seconds, Stopping threads took: 0.0001130 seconds
2019-10-25T17:40:07.985+0530: 156.294: [GC pause (G1 Evacuation Pause) (young), 0.0128348 secs]
   [Parallel Time: 6.6 ms, GC Workers: 8]
      [GC Worker Start (ms): Min: 156293.9, Avg: 156293.9, Max: 156294.0, Diff: 0.1]
      [Ext Root Scanning (ms): Min: 0.5, Avg: 0.5, Max: 0.8, Diff: 0.3, Sum: 4.4]
      [Update RS (ms): Min: 0.0, Avg: 0.1, Max: 0.4, Diff: 0.4, Sum: 1.0]
         [Processed Buffers: Min: 0, Avg: 1.2, Max: 4, Diff: 4, Sum: 10]
      [Scan RS (ms): Min: 0.0, Avg: 0.0, Max: 0.1, Diff: 0.1, Sum: 0.2]
      [Code Root Scanning (ms): Min: 0.0, Avg: 0.3, Max: 0.5, Diff: 0.5, Sum: 2.1]
      [Object Copy (ms): Min: 5.1, Avg: 5.5, Max: 5.8, Diff: 0.7, Sum: 43.7]
      [Termination (ms): Min: 0.0, Avg: 0.0, Max: 0.0, Diff: 0.0, Sum: 0.0]
         [Termination Attempts: Min: 1, Avg: 1.0, Max: 1, Diff: 0, Sum: 8]
      [GC Worker Other (ms): Min: 0.0, Avg: 0.0, Max: 0.1, Diff: 0.1, Sum: 0.3]
      [GC Worker Total (ms): Min: 6.4, Avg: 6.5, Max: 6.5, Diff: 0.1, Sum: 51.6]
      [GC Worker End (ms): Min: 156300.4, Avg: 156300.4, Max: 156300.4, Diff: 0.0]
   [Code Root Fixup: 0.4 ms]
   [Code Root Purge: 0.0 ms]
   [Clear CT: 0.2 ms]
   [Other: 5.7 ms]
      [Choose CSet: 0.0 ms]
      [Ref Proc: 4.9 ms]
      [Ref Enq: 0.0 ms]
      [Redirty Cards: 0.1 ms]
      [Humongous Register: 0.1 ms]
      [Humongous Reclaim: 0.0 ms]
      [Free CSet: 0.1 ms]
   [Eden: 238.0M(238.0M)->0.0B(236.0M) Survivors: 18.0M->20.0M Heap: 264.7M(4096.0M)->27.7M(4096.0M)]
 [Times: user=0.05 sys=0.02, real=0.02 secs] 
2019-10-25T17:40:07.998+0530: 156.307: Total time for which application threads were stopped: 0.0135719 seconds, Stopping threads took: 0.0001151 seconds
2019-10-25T17:40:16.999+0530: 165.308: Total time for which application threads were stopped: 0.0005484 seconds, Stopping threads took: 0.0001002 seconds
2019-10-25T17:40:30.007+0530: 178.316: [GC pause (G1 Evacuation Pause) (young), 0.0139104 secs]
   [Parallel Time: 7.2 ms, GC Workers: 8]
      [GC Worker Start (ms): Min: 178316.3, Avg: 178316.3, Max: 178316.4, Diff: 0.1]
      [Ext Root Scanning (ms): Min: 0.5, Avg: 0.6, Max: 0.8, Diff: 0.3, Sum: 4.9]
      [Update RS (ms): Min: 0.0, Avg: 0.1, Max: 0.5, Diff: 0.5, Sum: 1.0]
         [Processed Buffers: Min: 1, Avg: 1.2, Max: 2, Diff: 1, Sum: 10]
      [Scan RS (ms): Min: 0.0, Avg: 0.0, Max: 0.0, Diff: 0.0, Sum: 0.2]
      [Code Root Scanning (ms): Min: 0.0, Avg: 0.2, Max: 0.5, Diff: 0.5, Sum: 1.8]
      [Object Copy (ms): Min: 5.9, Avg: 6.0, Max: 6.3, Diff: 0.4, Sum: 48.3]
      [Termination (ms): Min: 0.0, Avg: 0.0, Max: 0.0, Diff: 0.0, Sum: 0.0]
         [Termination Attempts: Min: 1, Avg: 1.5, Max: 2, Diff: 1, Sum: 12]
      [GC Worker Other (ms): Min: 0.0, Avg: 0.0, Max: 0.1, Diff: 0.1, Sum: 0.2]
      [GC Worker Total (ms): Min: 7.0, Avg: 7.1, Max: 7.1, Diff: 0.1, Sum: 56.4]
      [GC Worker End (ms): Min: 178323.4, Avg: 178323.4, Max: 178323.4, Diff: 0.1]
   [Code Root Fixup: 0.4 ms]
   [Code Root Purge: 0.0 ms]
   [Clear CT: 0.2 ms]
   [Other: 6.1 ms]
      [Choose CSet: 0.0 ms]
      [Ref Proc: 5.4 ms]
      [Ref Enq: 0.0 ms]
      [Redirty Cards: 0.1 ms]
      [Humongous Register: 0.1 ms]
      [Humongous Reclaim: 0.0 ms]
      [Free CSet: 0.1 ms]
   [Eden: 236.0M(236.0M)->0.0B(230.0M) Survivors: 20.0M->26.0M Heap: 263.7M(4096.0M)->33.7M(4096.0M)]
 [Times: user=0.06 sys=0.00, real=0.02 secs] 
2019-10-25T17:40:30.021+0530: 178.330: Total time for which application threads were stopped: 0.0147568 seconds, Stopping threads took: 0.0001041 seconds
2019-10-25T17:40:41.023+0530: 189.332: Total time for which application threads were stopped: 0.0007511 seconds, Stopping threads took: 0.0001042 seconds
2019-10-25T17:40:42.024+0530: 190.332: Total time for which application threads were stopped: 0.0006485 seconds, Stopping threads took: 0.0000977 seconds
2019-10-25T17:40:43.024+0530: 191.333: Total time for which application threads were stopped: 0.0004962 seconds, Stopping threads took: 0.0000873 seconds
2019-10-25T17:40:45.025+0530: 193.334: Total time for which application threads were stopped: 0.0006963 seconds, Stopping threads took: 0.0001022 seconds
2019-10-25T17:40:56.491+0530: 204.799: [GC pause (G1 Evacuation Pause) (young), 0.0144202 secs]
   [Parallel Time: 8.3 ms, GC Workers: 8]
      [GC Worker Start (ms): Min: 204799.6, Avg: 204799.6, Max: 204799.6, Diff: 0.1]
      [Ext Root Scanning (ms): Min: 0.4, Avg: 0.5, Max: 0.8, Diff: 0.4, Sum: 3.8]
      [Update RS (ms): Min: 0.0, Avg: 0.1, Max: 0.4, Diff: 0.4, Sum: 1.0]
         [Processed Buffers: Min: 0, Avg: 1.5, Max: 4, Diff: 4, Sum: 12]
      [Scan RS (ms): Min: 0.0, Avg: 0.0, Max: 0.0, Diff: 0.0, Sum: 0.2]
      [Code Root Scanning (ms): Min: 0.0, Avg: 0.2, Max: 0.5, Diff: 0.5, Sum: 1.9]
      [Object Copy (ms): Min: 7.0, Avg: 7.3, Max: 7.6, Diff: 0.6, Sum: 58.4]
      [Termination (ms): Min: 0.0, Avg: 0.0, Max: 0.0, Diff: 0.0, Sum: 0.0]
         [Termination Attempts: Min: 1, Avg: 1.0, Max: 1, Diff: 0, Sum: 8]
      [GC Worker Other (ms): Min: 0.0, Avg: 0.0, Max: 0.1, Diff: 0.0, Sum: 0.2]
      [GC Worker Total (ms): Min: 8.2, Avg: 8.2, Max: 8.2, Diff: 0.1, Sum: 65.5]
      [GC Worker End (ms): Min: 204807.8, Avg: 204807.8, Max: 204807.8, Diff: 0.0]
   [Code Root Fixup: 0.4 ms]
   [Code Root Purge: 0.0 ms]
   [Clear CT: 0.2 ms]
   [Other: 5.5 ms]
      [Choose CSet: 0.0 ms]
      [Ref Proc: 4.8 ms]
      [Ref Enq: 0.0 ms]
      [Redirty Cards: 0.1 ms]
      [Humongous Register: 0.1 ms]
      [Humongous Reclaim: 0.0 ms]
      [Free CSet: 0.1 ms]
   [Eden: 230.0M(230.0M)->0.0B(240.0M) Survivors: 26.0M->16.0M Heap: 263.7M(4096.0M)->30.0M(4096.0M)]
 [Times: user=0.07 sys=0.00, real=0.01 secs] 
2019-10-25T17:40:56.505+0530: 204.814: Total time for which application threads were stopped: 0.0151404 seconds, Stopping threads took: 0.0000841 seconds
2019-10-25T17:41:01.506+0530: 209.815: Total time for which application threads were stopped: 0.0007744 seconds, Stopping threads took: 0.0001090 seconds
2019-10-25T17:41:03.507+0530: 211.816: Total time for which application threads were stopped: 0.0007801 seconds, Stopping threads took: 0.0001101 seconds
2019-10-25T17:41:08.509+0530: 216.817: Total time for which application threads were stopped: 0.0008271 seconds, Stopping threads took: 0.0001574 seconds
2019-10-25T17:41:09.509+0530: 217.818: Total time for which application threads were stopped: 0.0008667 seconds, Stopping threads took: 0.0001092 seconds
2019-10-25T17:41:13.511+0530: 221.819: Total time for which application threads were stopped: 0.0008268 seconds, Stopping threads took: 0.0001109 seconds
2019-10-25T17:41:14.511+0530: 222.820: Total time for which application threads were stopped: 0.0007223 seconds, Stopping threads took: 0.0001047 seconds
2019-10-25T17:41:16.512+0530: 224.821: Total time for which application threads were stopped: 0.0006950 seconds, Stopping threads took: 0.0001059 seconds
2019-10-25T17:41:19.513+0530: 227.822: Total time for which application threads were stopped: 0.0008787 seconds, Stopping threads took: 0.0001167 seconds
2019-10-25T17:41:20.514+0530: 228.823: Total time for which application threads were stopped: 0.0008882 seconds, Stopping threads took: 0.0001156 seconds
2019-10-25T17:41:21.515+0530: 229.824: Total time for which application threads were stopped: 0.0008701 seconds, Stopping threads took: 0.0001192 seconds
2019-10-25T17:41:25.516+0530: 233.825: Total time for which application threads were stopped: 0.0007143 seconds, Stopping threads took: 0.0001032 seconds
2019-10-25T17:41:27.517+0530: 235.826: Total time for which application threads were stopped: 0.0008536 seconds, Stopping threads took: 0.0001163 seconds
2019-10-25T17:41:30.518+0530: 238.827: Total time for which application threads were stopped: 0.0009026 seconds, Stopping threads took: 0.0001099 seconds
2019-10-25T17:41:31.707+0530: 240.015: [GC pause (G1 Evacuation Pause) (young), 0.0148173 secs]
   [Parallel Time: 8.5 ms, GC Workers: 8]
      [GC Worker Start (ms): Min: 240015.7, Avg: 240015.7, Max: 240015.7, Diff: 0.1]
      [Ext Root Scanning (ms): Min: 0.5, Avg: 0.6, Max: 0.9, Diff: 0.3, Sum: 5.0]
      [Update RS (ms): Min: 2.3, Avg: 2.3, Max: 2.4, Diff: 0.1, Sum: 18.6]
         [Processed Buffers: Min: 27, Avg: 31.2, Max: 34, Diff: 7, Sum: 250]
      [Scan RS (ms): Min: 0.8, Avg: 1.1, Max: 1.2, Diff: 0.4, Sum: 8.5]
      [Code Root Scanning (ms): Min: 0.0, Avg: 0.2, Max: 0.5, Diff: 0.5, Sum: 1.7]
      [Object Copy (ms): Min: 3.9, Avg: 4.1, Max: 4.3, Diff: 0.4, Sum: 32.8]
      [Termination (ms): Min: 0.0, Avg: 0.0, Max: 0.0, Diff: 0.0, Sum: 0.1]
         [Termination Attempts: Min: 1, Avg: 16.0, Max: 23, Diff: 22, Sum: 128]
      [GC Worker Other (ms): Min: 0.0, Avg: 0.0, Max: 0.1, Diff: 0.1, Sum: 0.2]
      [GC Worker Total (ms): Min: 8.3, Avg: 8.4, Max: 8.4, Diff: 0.1, Sum: 67.0]
      [GC Worker End (ms): Min: 240024.1, Avg: 240024.1, Max: 240024.1, Diff: 0.0]
   [Code Root Fixup: 0.4 ms]
   [Code Root Purge: 0.0 ms]
   [Clear CT: 0.1 ms]
   [Other: 5.8 ms]
      [Choose CSet: 0.0 ms]
      [Ref Proc: 4.9 ms]
      [Ref Enq: 0.0 ms]
      [Redirty Cards: 0.1 ms]
      [Humongous Register: 0.1 ms]
      [Humongous Reclaim: 0.0 ms]
      [Free CSet: 0.1 ms]
   [Eden: 240.0M(240.0M)->0.0B(234.0M) Survivors: 16.0M->22.0M Heap: 270.0M(4096.0M)->36.0M(4096.0M)]
 [Times: user=0.08 sys=0.00, real=0.02 secs] 
2019-10-25T17:41:31.722+0530: 240.030: Total time for which application threads were stopped: 0.0159099 seconds, Stopping threads took: 0.0001453 seconds
2019-10-25T17:41:36.723+0530: 245.031: Total time for which application threads were stopped: 0.0007264 seconds, Stopping threads took: 0.0000953 seconds
2019-10-25T17:41:39.724+0530: 248.033: Total time for which application threads were stopped: 0.0008998 seconds, Stopping threads took: 0.0001093 seconds
2019-10-25T17:41:43.725+0530: 252.034: Total time for which application threads were stopped: 0.0009321 seconds, Stopping threads took: 0.0001153 seconds
2019-10-25T17:41:44.726+0530: 253.035: Total time for which application threads were stopped: 0.0009271 seconds, Stopping threads took: 0.0001334 seconds
2019-10-25T17:41:45.727+0530: 254.036: Total time for which application threads were stopped: 0.0009169 seconds, Stopping threads took: 0.0001113 seconds
2019-10-25T17:41:46.728+0530: 255.037: Total time for which application threads were stopped: 0.0008384 seconds, Stopping threads took: 0.0001098 seconds
2019-10-25T17:41:49.729+0530: 258.038: Total time for which application threads were stopped: 0.0009996 seconds, Stopping threads took: 0.0001166 seconds
2019-10-25T17:41:50.337+0530: 258.645: Total time for which application threads were stopped: 0.0049207 seconds, Stopping threads took: 0.0001829 seconds
2019-10-25T17:41:51.337+0530: 259.646: Total time for which application threads were stopped: 0.0005622 seconds, Stopping threads took: 0.0000846 seconds
2019-10-25T17:41:52.338+0530: 260.646: Total time for which application threads were stopped: 0.0005057 seconds, Stopping threads took: 0.0000858 seconds
2019-10-25T17:41:52.398+0530: 260.706: Total time for which application threads were stopped: 0.0014481 seconds, Stopping threads took: 0.0000810 seconds
2019-10-25T17:41:53.355+0530: 261.664: [GC pause (G1 Evacuation Pause) (young), 0.0135728 secs]
   [Parallel Time: 7.8 ms, GC Workers: 8]
      [GC Worker Start (ms): Min: 261664.5, Avg: 261664.5, Max: 261664.6, Diff: 0.1]
      [Ext Root Scanning (ms): Min: 0.6, Avg: 0.6, Max: 0.7, Diff: 0.1, Sum: 4.8]
      [Update RS (ms): Min: 2.2, Avg: 2.2, Max: 2.2, Diff: 0.1, Sum: 17.6]
         [Processed Buffers: Min: 30, Avg: 32.8, Max: 36, Diff: 6, Sum: 262]
      [Scan RS (ms): Min: 0.5, Avg: 1.0, Max: 1.2, Diff: 0.7, Sum: 8.0]
      [Code Root Scanning (ms): Min: 0.0, Avg: 0.2, Max: 0.8, Diff: 0.8, Sum: 1.8]
      [Object Copy (ms): Min: 3.5, Avg: 3.6, Max: 3.7, Diff: 0.2, Sum: 28.7]
      [Termination (ms): Min: 0.0, Avg: 0.0, Max: 0.0, Diff: 0.0, Sum: 0.1]
         [Termination Attempts: Min: 1, Avg: 12.4, Max: 17, Diff: 16, Sum: 99]
      [GC Worker Other (ms): Min: 0.0, Avg: 0.0, Max: 0.1, Diff: 0.1, Sum: 0.3]
      [GC Worker Total (ms): Min: 7.6, Avg: 7.7, Max: 7.7, Diff: 0.1, Sum: 61.3]
      [GC Worker End (ms): Min: 261672.2, Avg: 261672.2, Max: 261672.2, Diff: 0.1]
   [Code Root Fixup: 0.4 ms]
   [Code Root Purge: 0.0 ms]
   [Clear CT: 0.1 ms]
   [Other: 5.3 ms]
      [Choose CSet: 0.0 ms]
      [Ref Proc: 4.4 ms]
      [Ref Enq: 0.0 ms]
      [Redirty Cards: 0.1 ms]
      [Humongous Register: 0.1 ms]
      [Humongous Reclaim: 0.0 ms]
      [Free CSet: 0.1 ms]
   [Eden: 234.0M(234.0M)->0.0B(238.0M) Survivors: 22.0M->18.0M Heap: 270.0M(4096.0M)->32.0M(4096.0M)]
 [Times: user=0.07 sys=0.00, real=0.01 secs] 
2019-10-25T17:41:53.369+0530: 261.678: Total time for which application threads were stopped: 0.0143281 seconds, Stopping threads took: 0.0001043 seconds
2019-10-25T17:41:54.370+0530: 262.679: Total time for which application threads were stopped: 0.0005210 seconds, Stopping threads took: 0.0000880 seconds
2019-10-25T17:41:55.370+0530: 263.679: Total time for which application threads were stopped: 0.0004901 seconds, Stopping threads took: 0.0000854 seconds
2019-10-25T17:41:56.371+0530: 264.680: Total time for which application threads were stopped: 0.0004880 seconds, Stopping threads took: 0.0000841 seconds
2019-10-25T17:41:59.446+0530: 267.754: [GC pause (G1 Evacuation Pause) (young), 0.0131192 secs]
   [Parallel Time: 7.5 ms, GC Workers: 8]
      [GC Worker Start (ms): Min: 267754.7, Avg: 267754.7, Max: 267754.8, Diff: 0.1]
      [Ext Root Scanning (ms): Min: 0.4, Avg: 0.5, Max: 0.7, Diff: 0.3, Sum: 3.6]
      [Update RS (ms): Min: 2.0, Avg: 2.2, Max: 2.2, Diff: 0.2, Sum: 17.3]
         [Processed Buffers: Min: 30, Avg: 32.9, Max: 37, Diff: 7, Sum: 263]
      [Scan RS (ms): Min: 0.5, Avg: 1.0, Max: 1.2, Diff: 0.7, Sum: 8.1]
      [Code Root Scanning (ms): Min: 0.0, Avg: 0.2, Max: 0.7, Diff: 0.7, Sum: 1.9]
      [Object Copy (ms): Min: 3.3, Avg: 3.5, Max: 3.6, Diff: 0.3, Sum: 27.9]
      [Termination (ms): Min: 0.0, Avg: 0.0, Max: 0.0, Diff: 0.0, Sum: 0.1]
         [Termination Attempts: Min: 1, Avg: 13.9, Max: 20, Diff: 19, Sum: 111]
      [GC Worker Other (ms): Min: 0.0, Avg: 0.0, Max: 0.1, Diff: 0.0, Sum: 0.2]
      [GC Worker Total (ms): Min: 7.3, Avg: 7.4, Max: 7.4, Diff: 0.1, Sum: 59.1]
      [GC Worker End (ms): Min: 267762.1, Avg: 267762.1, Max: 267762.1, Diff: 0.0]
   [Code Root Fixup: 0.4 ms]
   [Code Root Purge: 0.0 ms]
   [Clear CT: 0.1 ms]
   [Other: 5.1 ms]
      [Choose CSet: 0.0 ms]
      [Ref Proc: 4.2 ms]
      [Ref Enq: 0.0 ms]
      [Redirty Cards: 0.1 ms]
      [Humongous Register: 0.1 ms]
      [Humongous Reclaim: 0.0 ms]
      [Free CSet: 0.1 ms]
   [Eden: 238.0M(238.0M)->0.0B(238.0M) Survivors: 18.0M->18.0M Heap: 270.0M(4096.0M)->32.0M(4096.0M)]
 [Times: user=0.07 sys=0.00, real=0.02 secs] 
2019-10-25T17:41:59.459+0530: 267.768: Total time for which application threads were stopped: 0.0138433 seconds, Stopping threads took: 0.0001037 seconds
2019-10-25T17:42:00.460+0530: 268.768: Total time for which application threads were stopped: 0.0004894 seconds, Stopping threads took: 0.0000835 seconds
2019-10-25T17:42:02.460+0530: 270.769: Total time for which application threads were stopped: 0.0004865 seconds, Stopping threads took: 0.0000838 seconds
2019-10-25T17:42:05.461+0530: 273.770: Total time for which application threads were stopped: 0.0005064 seconds, Stopping threads took: 0.0000840 seconds
2019-10-25T17:42:05.891+0530: 274.200: [GC pause (G1 Evacuation Pause) (young), 0.0129791 secs]
   [Parallel Time: 7.5 ms, GC Workers: 8]
      [GC Worker Start (ms): Min: 274200.2, Avg: 274200.2, Max: 274200.3, Diff: 0.1]
      [Ext Root Scanning (ms): Min: 0.4, Avg: 0.5, Max: 0.7, Diff: 0.3, Sum: 3.7]
      [Update RS (ms): Min: 2.1, Avg: 2.2, Max: 2.3, Diff: 0.2, Sum: 17.8]
         [Processed Buffers: Min: 27, Avg: 33.0, Max: 35, Diff: 8, Sum: 264]
      [Scan RS (ms): Min: 0.4, Avg: 0.9, Max: 1.1, Diff: 0.7, Sum: 7.1]
      [Code Root Scanning (ms): Min: 0.0, Avg: 0.2, Max: 0.8, Diff: 0.8, Sum: 1.6]
      [Object Copy (ms): Min: 3.5, Avg: 3.6, Max: 3.7, Diff: 0.2, Sum: 28.5]
      [Termination (ms): Min: 0.0, Avg: 0.0, Max: 0.0, Diff: 0.0, Sum: 0.1]
         [Termination Attempts: Min: 1, Avg: 12.0, Max: 20, Diff: 19, Sum: 96]
      [GC Worker Other (ms): Min: 0.0, Avg: 0.0, Max: 0.1, Diff: 0.1, Sum: 0.3]
      [GC Worker Total (ms): Min: 7.3, Avg: 7.4, Max: 7.4, Diff: 0.1, Sum: 59.1]
      [GC Worker End (ms): Min: 274207.6, Avg: 274207.6, Max: 274207.6, Diff: 0.0]
   [Code Root Fixup: 0.3 ms]
   [Code Root Purge: 0.0 ms]
   [Clear CT: 0.1 ms]
   [Other: 5.0 ms]
      [Choose CSet: 0.0 ms]
      [Ref Proc: 4.1 ms]
      [Ref Enq: 0.0 ms]
      [Redirty Cards: 0.1 ms]
      [Humongous Register: 0.1 ms]
      [Humongous Reclaim: 0.0 ms]
      [Free CSet: 0.1 ms]
   [Eden: 238.0M(238.0M)->0.0B(238.0M) Survivors: 18.0M->18.0M Heap: 270.0M(4096.0M)->33.0M(4096.0M)]
 [Times: user=0.06 sys=0.00, real=0.01 secs] 
2019-10-25T17:42:05.904+0530: 274.213: Total time for which application threads were stopped: 0.0136776 seconds, Stopping threads took: 0.0000821 seconds
2019-10-25T17:42:09.905+0530: 278.214: Total time for which application threads were stopped: 0.0005178 seconds, Stopping threads took: 0.0001003 seconds
2019-10-25T17:42:11.942+0530: 280.250: [GC pause (G1 Evacuation Pause) (young), 0.0129615 secs]
   [Parallel Time: 7.3 ms, GC Workers: 8]
      [GC Worker Start (ms): Min: 280250.8, Avg: 280250.8, Max: 280250.9, Diff: 0.1]
      [Ext Root Scanning (ms): Min: 0.4, Avg: 0.5, Max: 0.7, Diff: 0.3, Sum: 3.9]
      [Update RS (ms): Min: 2.2, Avg: 2.3, Max: 2.3, Diff: 0.2, Sum: 18.5]
         [Processed Buffers: Min: 29, Avg: 33.0, Max: 38, Diff: 9, Sum: 264]
      [Scan RS (ms): Min: 0.3, Avg: 0.7, Max: 0.8, Diff: 0.5, Sum: 5.3]
      [Code Root Scanning (ms): Min: 0.0, Avg: 0.2, Max: 0.6, Diff: 0.6, Sum: 1.5]
      [Object Copy (ms): Min: 3.4, Avg: 3.5, Max: 3.6, Diff: 0.2, Sum: 28.2]
      [Termination (ms): Min: 0.0, Avg: 0.0, Max: 0.0, Diff: 0.0, Sum: 0.1]
         [Termination Attempts: Min: 1, Avg: 13.2, Max: 20, Diff: 19, Sum: 106]
      [GC Worker Other (ms): Min: 0.0, Avg: 0.0, Max: 0.1, Diff: 0.0, Sum: 0.3]
      [GC Worker Total (ms): Min: 7.2, Avg: 7.2, Max: 7.3, Diff: 0.1, Sum: 57.8]
      [GC Worker End (ms): Min: 280258.0, Avg: 280258.0, Max: 280258.1, Diff: 0.0]
   [Code Root Fixup: 0.4 ms]
   [Code Root Purge: 0.0 ms]
   [Clear CT: 0.1 ms]
   [Other: 5.2 ms]
      [Choose CSet: 0.0 ms]
      [Ref Proc: 4.3 ms]
      [Ref Enq: 0.0 ms]
      [Redirty Cards: 0.1 ms]
      [Humongous Register: 0.1 ms]
      [Humongous Reclaim: 0.0 ms]
      [Free CSet: 0.1 ms]
   [Eden: 238.0M(238.0M)->0.0B(238.0M) Survivors: 18.0M->18.0M Heap: 271.0M(4096.0M)->33.0M(4096.0M)]
 [Times: user=0.06 sys=0.00, real=0.01 secs] 
2019-10-25T17:42:11.955+0530: 280.264: Total time for which application threads were stopped: 0.0137449 seconds, Stopping threads took: 0.0001437 seconds
2019-10-25T17:42:12.955+0530: 281.264: Total time for which application threads were stopped: 0.0004969 seconds, Stopping threads took: 0.0000871 seconds
2019-10-25T17:42:14.956+0530: 283.265: Total time for which application threads were stopped: 0.0004700 seconds, Stopping threads took: 0.0000813 seconds
2019-10-25T17:42:17.972+0530: 286.281: [GC pause (G1 Evacuation Pause) (young), 0.0128872 secs]
   [Parallel Time: 7.5 ms, GC Workers: 8]
      [GC Worker Start (ms): Min: 286281.4, Avg: 286281.4, Max: 286281.4, Diff: 0.1]
      [Ext Root Scanning (ms): Min: 0.4, Avg: 0.5, Max: 0.7, Diff: 0.3, Sum: 3.9]
      [Update RS (ms): Min: 2.2, Avg: 2.3, Max: 2.3, Diff: 0.2, Sum: 18.1]
         [Processed Buffers: Min: 29, Avg: 33.1, Max: 37, Diff: 8, Sum: 265]
      [Scan RS (ms): Min: 0.3, Avg: 0.7, Max: 0.8, Diff: 0.5, Sum: 5.3]
      [Code Root Scanning (ms): Min: 0.0, Avg: 0.2, Max: 0.6, Diff: 0.6, Sum: 1.5]
      [Object Copy (ms): Min: 3.6, Avg: 3.7, Max: 3.8, Diff: 0.2, Sum: 29.4]
      [Termination (ms): Min: 0.0, Avg: 0.0, Max: 0.0, Diff: 0.0, Sum: 0.1]
         [Termination Attempts: Min: 1, Avg: 13.5, Max: 19, Diff: 18, Sum: 108]
      [GC Worker Other (ms): Min: 0.0, Avg: 0.0, Max: 0.1, Diff: 0.0, Sum: 0.2]
      [GC Worker Total (ms): Min: 7.3, Avg: 7.3, Max: 7.3, Diff: 0.1, Sum: 58.6]
      [GC Worker End (ms): Min: 286288.7, Avg: 286288.7, Max: 286288.8, Diff: 0.0]
   [Code Root Fixup: 0.3 ms]
   [Code Root Purge: 0.0 ms]
   [Clear CT: 0.1 ms]
   [Other: 4.9 ms]
      [Choose CSet: 0.0 ms]
      [Ref Proc: 4.0 ms]
      [Ref Enq: 0.0 ms]
      [Redirty Cards: 0.1 ms]
      [Humongous Register: 0.1 ms]
      [Humongous Reclaim: 0.0 ms]
      [Free CSet: 0.1 ms]
   [Eden: 238.0M(238.0M)->0.0B(238.0M) Survivors: 18.0M->18.0M Heap: 271.0M(4096.0M)->33.0M(4096.0M)]
 [Times: user=0.07 sys=0.00, real=0.01 secs] 
2019-10-25T17:42:17.985+0530: 286.294: Total time for which application threads were stopped: 0.0136184 seconds, Stopping threads took: 0.0000867 seconds
2019-10-25T17:42:23.965+0530: 292.274: [GC pause (G1 Evacuation Pause) (young), 0.0128237 secs]
   [Parallel Time: 7.4 ms, GC Workers: 8]
      [GC Worker Start (ms): Min: 292274.1, Avg: 292274.1, Max: 292274.2, Diff: 0.1]
      [Ext Root Scanning (ms): Min: 0.4, Avg: 0.5, Max: 0.7, Diff: 0.3, Sum: 4.0]
      [Update RS (ms): Min: 2.1, Avg: 2.3, Max: 2.3, Diff: 0.2, Sum: 18.0]
         [Processed Buffers: Min: 29, Avg: 33.2, Max: 40, Diff: 11, Sum: 266]
      [Scan RS (ms): Min: 0.3, Avg: 0.6, Max: 0.8, Diff: 0.4, Sum: 4.9]
      [Code Root Scanning (ms): Min: 0.0, Avg: 0.2, Max: 0.6, Diff: 0.6, Sum: 1.5]
      [Object Copy (ms): Min: 3.5, Avg: 3.6, Max: 3.8, Diff: 0.2, Sum: 29.1]
      [Termination (ms): Min: 0.0, Avg: 0.0, Max: 0.0, Diff: 0.0, Sum: 0.1]
         [Termination Attempts: Min: 1, Avg: 16.4, Max: 22, Diff: 21, Sum: 131]
      [GC Worker Other (ms): Min: 0.0, Avg: 0.0, Max: 0.1, Diff: 0.0, Sum: 0.2]
      [GC Worker Total (ms): Min: 7.2, Avg: 7.2, Max: 7.3, Diff: 0.1, Sum: 57.9]
      [GC Worker End (ms): Min: 292281.4, Avg: 292281.4, Max: 292281.4, Diff: 0.0]
   [Code Root Fixup: 0.3 ms]
   [Code Root Purge: 0.0 ms]
   [Clear CT: 0.2 ms]
   [Other: 4.9 ms]
      [Choose CSet: 0.0 ms]
      [Ref Proc: 3.9 ms]
      [Ref Enq: 0.0 ms]
      [Redirty Cards: 0.1 ms]
      [Humongous Register: 0.1 ms]
      [Humongous Reclaim: 0.0 ms]
      [Free CSet: 0.1 ms]
   [Eden: 238.0M(238.0M)->0.0B(238.0M) Survivors: 18.0M->18.0M Heap: 271.0M(4096.0M)->33.0M(4096.0M)]
 [Times: user=0.07 sys=0.00, real=0.02 secs] 
2019-10-25T17:42:23.978+0530: 292.287: Total time for which application threads were stopped: 0.0135525 seconds, Stopping threads took: 0.0000882 seconds
2019-10-25T17:42:29.539+0530: 297.847: [GC pause (G1 Evacuation Pause) (young), 0.0126502 secs]
   [Parallel Time: 7.5 ms, GC Workers: 8]
      [GC Worker Start (ms): Min: 297847.8, Avg: 297847.8, Max: 297847.8, Diff: 0.1]
      [Ext Root Scanning (ms): Min: 0.4, Avg: 0.5, Max: 0.7, Diff: 0.3, Sum: 3.8]
      [Update RS (ms): Min: 2.2, Avg: 2.2, Max: 2.3, Diff: 0.1, Sum: 17.9]
         [Processed Buffers: Min: 31, Avg: 33.4, Max: 36, Diff: 5, Sum: 267]
      [Scan RS (ms): Min: 0.4, Avg: 0.6, Max: 0.7, Diff: 0.4, Sum: 4.9]
      [Code Root Scanning (ms): Min: 0.0, Avg: 0.2, Max: 0.5, Diff: 0.5, Sum: 1.5]
      [Object Copy (ms): Min: 3.6, Avg: 3.8, Max: 3.9, Diff: 0.3, Sum: 30.2]
      [Termination (ms): Min: 0.0, Avg: 0.0, Max: 0.0, Diff: 0.0, Sum: 0.1]
         [Termination Attempts: Min: 1, Avg: 15.0, Max: 23, Diff: 22, Sum: 120]
      [GC Worker Other (ms): Min: 0.0, Avg: 0.0, Max: 0.1, Diff: 0.0, Sum: 0.2]
      [GC Worker Total (ms): Min: 7.3, Avg: 7.3, Max: 7.4, Diff: 0.1, Sum: 58.5]
      [GC Worker End (ms): Min: 297855.1, Avg: 297855.1, Max: 297855.1, Diff: 0.0]
   [Code Root Fixup: 0.3 ms]
   [Code Root Purge: 0.0 ms]
   [Clear CT: 0.1 ms]
   [Other: 4.7 ms]
      [Choose CSet: 0.0 ms]
      [Ref Proc: 3.9 ms]
      [Ref Enq: 0.0 ms]
      [Redirty Cards: 0.1 ms]
      [Humongous Register: 0.1 ms]
      [Humongous Reclaim: 0.0 ms]
      [Free CSet: 0.1 ms]
   [Eden: 238.0M(238.0M)->0.0B(238.0M) Survivors: 18.0M->18.0M Heap: 271.0M(4096.0M)->33.0M(4096.0M)]
 [Times: user=0.07 sys=0.00, real=0.01 secs] 
2019-10-25T17:42:29.552+0530: 297.860: Total time for which application threads were stopped: 0.0133026 seconds, Stopping threads took: 0.0000784 seconds
2019-10-25T17:42:35.463+0530: 303.772: [GC pause (G1 Evacuation Pause) (young), 0.0133588 secs]
   [Parallel Time: 8.0 ms, GC Workers: 8]
      [GC Worker Start (ms): Min: 303772.5, Avg: 303772.6, Max: 303772.6, Diff: 0.1]
      [Ext Root Scanning (ms): Min: 0.5, Avg: 0.5, Max: 0.8, Diff: 0.4, Sum: 4.1]
      [Update RS (ms): Min: 2.1, Avg: 2.3, Max: 2.3, Diff: 0.2, Sum: 18.2]
         [Processed Buffers: Min: 30, Avg: 33.8, Max: 37, Diff: 7, Sum: 270]
      [Scan RS (ms): Min: 0.3, Avg: 0.5, Max: 0.6, Diff: 0.3, Sum: 4.0]
      [Code Root Scanning (ms): Min: 0.0, Avg: 0.2, Max: 0.5, Diff: 0.5, Sum: 1.5]
      [Object Copy (ms): Min: 4.2, Avg: 4.3, Max: 4.5, Diff: 0.3, Sum: 34.6]
      [Termination (ms): Min: 0.0, Avg: 0.0, Max: 0.0, Diff: 0.0, Sum: 0.1]
         [Termination Attempts: Min: 1, Avg: 13.9, Max: 19, Diff: 18, Sum: 111]
      [GC Worker Other (ms): Min: 0.0, Avg: 0.0, Max: 0.1, Diff: 0.1, Sum: 0.2]
      [GC Worker Total (ms): Min: 7.8, Avg: 7.8, Max: 7.9, Diff: 0.1, Sum: 62.7]
      [GC Worker End (ms): Min: 303780.4, Avg: 303780.4, Max: 303780.4, Diff: 0.0]
   [Code Root Fixup: 0.4 ms]
   [Code Root Purge: 0.0 ms]
   [Clear CT: 0.1 ms]
   [Other: 4.9 ms]
      [Choose CSet: 0.0 ms]
      [Ref Proc: 4.0 ms]
      [Ref Enq: 0.0 ms]
      [Redirty Cards: 0.1 ms]
      [Humongous Register: 0.1 ms]
      [Humongous Reclaim: 0.0 ms]
      [Free CSet: 0.1 ms]
   [Eden: 238.0M(238.0M)->0.0B(244.0M) Survivors: 18.0M->12.0M Heap: 271.0M(4096.0M)->29.9M(4096.0M)]
 [Times: user=0.07 sys=0.00, real=0.01 secs] 
2019-10-25T17:42:35.477+0530: 303.786: Total time for which application threads were stopped: 0.0140967 seconds, Stopping threads took: 0.0000921 seconds
2019-10-25T17:42:47.479+0530: 315.788: Total time for which application threads were stopped: 0.0009458 seconds, Stopping threads took: 0.0001252 seconds
2019-10-25T17:42:50.273+0530: 318.582: [GC pause (G1 Evacuation Pause) (young), 0.0132162 secs]
   [Parallel Time: 8.2 ms, GC Workers: 8]
      [GC Worker Start (ms): Min: 318582.6, Avg: 318582.6, Max: 318582.6, Diff: 0.1]
      [Ext Root Scanning (ms): Min: 0.5, Avg: 0.6, Max: 0.8, Diff: 0.3, Sum: 4.6]
      [Update RS (ms): Min: 3.2, Avg: 3.3, Max: 3.4, Diff: 0.1, Sum: 26.6]
         [Processed Buffers: Min: 31, Avg: 40.5, Max: 60, Diff: 29, Sum: 324]
      [Scan RS (ms): Min: 0.9, Avg: 1.0, Max: 1.0, Diff: 0.1, Sum: 7.7]
      [Code Root Scanning (ms): Min: 0.0, Avg: 0.0, Max: 0.1, Diff: 0.1, Sum: 0.2]
      [Object Copy (ms): Min: 3.0, Avg: 3.1, Max: 3.1, Diff: 0.2, Sum: 24.8]
      [Termination (ms): Min: 0.0, Avg: 0.0, Max: 0.0, Diff: 0.0, Sum: 0.0]
         [Termination Attempts: Min: 1, Avg: 1.5, Max: 2, Diff: 1, Sum: 12]
      [GC Worker Other (ms): Min: 0.0, Avg: 0.0, Max: 0.1, Diff: 0.1, Sum: 0.3]
      [GC Worker Total (ms): Min: 8.0, Avg: 8.0, Max: 8.0, Diff: 0.1, Sum: 64.1]
      [GC Worker End (ms): Min: 318590.6, Avg: 318590.6, Max: 318590.6, Diff: 0.1]
   [Code Root Fixup: 0.1 ms]
   [Code Root Purge: 0.0 ms]
   [Clear CT: 0.2 ms]
   [Other: 4.8 ms]
      [Choose CSet: 0.0 ms]
      [Ref Proc: 3.9 ms]
      [Ref Enq: 0.0 ms]
      [Redirty Cards: 0.1 ms]
      [Humongous Register: 0.1 ms]
      [Humongous Reclaim: 0.0 ms]
      [Free CSet: 0.1 ms]
   [Eden: 244.0M(244.0M)->0.0B(238.0M) Survivors: 12.0M->18.0M Heap: 273.9M(4096.0M)->38.5M(4096.0M)]
 [Times: user=0.07 sys=0.00, real=0.01 secs] 
2019-10-25T17:42:50.287+0530: 318.596: Total time for which application threads were stopped: 0.0141280 seconds, Stopping threads took: 0.0001018 seconds
2019-10-25T17:43:24.635+0530: 352.943: [GC pause (G1 Evacuation Pause) (young), 0.0132761 secs]
   [Parallel Time: 7.5 ms, GC Workers: 8]
      [GC Worker Start (ms): Min: 352943.8, Avg: 352943.8, Max: 352943.9, Diff: 0.1]
      [Ext Root Scanning (ms): Min: 0.5, Avg: 0.6, Max: 0.8, Diff: 0.3, Sum: 4.8]
      [Update RS (ms): Min: 3.0, Avg: 3.0, Max: 3.1, Diff: 0.1, Sum: 24.2]
         [Processed Buffers: Min: 36, Avg: 40.8, Max: 44, Diff: 8, Sum: 326]
      [Scan RS (ms): Min: 0.4, Avg: 0.5, Max: 0.5, Diff: 0.1, Sum: 3.8]
      [Code Root Scanning (ms): Min: 0.0, Avg: 0.0, Max: 0.1, Diff: 0.1, Sum: 0.2]
      [Object Copy (ms): Min: 2.9, Avg: 3.2, Max: 3.2, Diff: 0.3, Sum: 25.4]
      [Termination (ms): Min: 0.0, Avg: 0.0, Max: 0.0, Diff: 0.0, Sum: 0.0]
         [Termination Attempts: Min: 1, Avg: 1.6, Max: 3, Diff: 2, Sum: 13]
      [GC Worker Other (ms): Min: 0.0, Avg: 0.0, Max: 0.1, Diff: 0.1, Sum: 0.4]
      [GC Worker Total (ms): Min: 7.2, Avg: 7.3, Max: 7.4, Diff: 0.1, Sum: 58.6]
      [GC Worker End (ms): Min: 352951.1, Avg: 352951.2, Max: 352951.2, Diff: 0.1]
   [Code Root Fixup: 0.1 ms]
   [Code Root Purge: 0.0 ms]
   [Clear CT: 0.1 ms]
   [Other: 5.6 ms]
      [Choose CSet: 0.0 ms]
      [Ref Proc: 4.7 ms]
      [Ref Enq: 0.0 ms]
      [Redirty Cards: 0.1 ms]
      [Humongous Register: 0.1 ms]
      [Humongous Reclaim: 0.0 ms]
      [Free CSet: 0.1 ms]
   [Eden: 238.0M(238.0M)->0.0B(236.0M) Survivors: 18.0M->20.0M Heap: 276.5M(4096.0M)->41.4M(4096.0M)]
 [Times: user=0.06 sys=0.00, real=0.01 secs] 
2019-10-25T17:43:24.648+0530: 352.957: Total time for which application threads were stopped: 0.0143078 seconds, Stopping threads took: 0.0001213 seconds
2019-10-25T17:43:25.649+0530: 353.958: Total time for which application threads were stopped: 0.0008783 seconds, Stopping threads took: 0.0001188 seconds
2019-10-25T17:43:46.651+0530: 374.960: Total time for which application threads were stopped: 0.0008089 seconds, Stopping threads took: 0.0001081 seconds
2019-10-25T17:44:02.229+0530: 390.537: [GC pause (G1 Evacuation Pause) (young), 0.0130417 secs]
   [Parallel Time: 7.4 ms, GC Workers: 8]
      [GC Worker Start (ms): Min: 390537.6, Avg: 390537.7, Max: 390537.7, Diff: 0.1]
      [Ext Root Scanning (ms): Min: 0.6, Avg: 0.6, Max: 0.9, Diff: 0.3, Sum: 5.0]
      [Update RS (ms): Min: 3.0, Avg: 3.0, Max: 3.1, Diff: 0.1, Sum: 24.2]
         [Processed Buffers: Min: 36, Avg: 41.0, Max: 46, Diff: 10, Sum: 328]
      [Scan RS (ms): Min: 0.3, Avg: 0.3, Max: 0.4, Diff: 0.1, Sum: 2.7]
      [Code Root Scanning (ms): Min: 0.0, Avg: 0.0, Max: 0.1, Diff: 0.1, Sum: 0.2]
      [Object Copy (ms): Min: 2.9, Avg: 3.2, Max: 3.2, Diff: 0.3, Sum: 25.3]
      [Termination (ms): Min: 0.0, Avg: 0.0, Max: 0.0, Diff: 0.0, Sum: 0.0]
         [Termination Attempts: Min: 1, Avg: 2.5, Max: 5, Diff: 4, Sum: 20]
      [GC Worker Other (ms): Min: 0.0, Avg: 0.0, Max: 0.1, Diff: 0.0, Sum: 0.2]
      [GC Worker Total (ms): Min: 7.1, Avg: 7.2, Max: 7.3, Diff: 0.1, Sum: 57.6]
      [GC Worker End (ms): Min: 390544.9, Avg: 390544.9, Max: 390544.9, Diff: 0.0]
   [Code Root Fixup: 0.1 ms]
   [Code Root Purge: 0.0 ms]
   [Clear CT: 0.1 ms]
   [Other: 5.5 ms]
      [Choose CSet: 0.0 ms]
      [Ref Proc: 4.5 ms]
      [Ref Enq: 0.0 ms]
      [Redirty Cards: 0.1 ms]
      [Humongous Register: 0.1 ms]
      [Humongous Reclaim: 0.0 ms]
      [Free CSet: 0.1 ms]
   [Eden: 236.0M(236.0M)->0.0B(236.0M) Survivors: 20.0M->20.0M Heap: 277.4M(4096.0M)->42.1M(4096.0M)]
 [Times: user=0.06 sys=0.00, real=0.02 secs] 
2019-10-25T17:44:02.242+0530: 390.550: Total time for which application threads were stopped: 0.0141014 seconds, Stopping threads took: 0.0001170 seconds
2019-10-25T17:44:15.244+0530: 403.552: Total time for which application threads were stopped: 0.0009061 seconds, Stopping threads took: 0.0001293 seconds
2019-10-25T17:44:29.765+0530: 418.074: [GC pause (G1 Evacuation Pause) (young), 0.0139586 secs]
   [Parallel Time: 7.6 ms, GC Workers: 8]
      [GC Worker Start (ms): Min: 418074.4, Avg: 418074.5, Max: 418074.5, Diff: 0.1]
      [Ext Root Scanning (ms): Min: 0.6, Avg: 0.6, Max: 0.9, Diff: 0.3, Sum: 5.2]
      [Update RS (ms): Min: 3.4, Avg: 3.4, Max: 3.4, Diff: 0.1, Sum: 27.3]
         [Processed Buffers: Min: 33, Avg: 41.2, Max: 46, Diff: 13, Sum: 330]
      [Scan RS (ms): Min: 0.1, Avg: 0.2, Max: 0.2, Diff: 0.1, Sum: 1.5]
      [Code Root Scanning (ms): Min: 0.0, Avg: 0.0, Max: 0.0, Diff: 0.0, Sum: 0.1]
      [Object Copy (ms): Min: 3.0, Avg: 3.3, Max: 3.3, Diff: 0.3, Sum: 26.0]
      [Termination (ms): Min: 0.0, Avg: 0.0, Max: 0.0, Diff: 0.0, Sum: 0.0]
         [Termination Attempts: Min: 1, Avg: 1.0, Max: 1, Diff: 0, Sum: 8]
      [GC Worker Other (ms): Min: 0.0, Avg: 0.0, Max: 0.0, Diff: 0.0, Sum: 0.2]
      [GC Worker Total (ms): Min: 7.5, Avg: 7.5, Max: 7.6, Diff: 0.1, Sum: 60.3]
      [GC Worker End (ms): Min: 418082.0, Avg: 418082.0, Max: 418082.0, Diff: 0.0]
   [Code Root Fixup: 0.1 ms]
   [Code Root Purge: 0.0 ms]
   [Clear CT: 0.1 ms]
   [Other: 6.1 ms]
      [Choose CSet: 0.0 ms]
      [Ref Proc: 5.2 ms]
      [Ref Enq: 0.0 ms]
      [Redirty Cards: 0.1 ms]
      [Humongous Register: 0.1 ms]
      [Humongous Reclaim: 0.0 ms]
      [Free CSet: 0.1 ms]
   [Eden: 236.0M(236.0M)->0.0B(238.0M) Survivors: 20.0M->18.0M Heap: 278.1M(4096.0M)->41.8M(4096.0M)]
 [Times: user=0.07 sys=0.00, real=0.02 secs] 
2019-10-25T17:44:29.779+0530: 418.088: Total time for which application threads were stopped: 0.0150527 seconds, Stopping threads took: 0.0001153 seconds
2019-10-25T17:44:35.532+0530: 423.841: [GC pause (G1 Evacuation Pause) (young), 0.0113123 secs]
   [Parallel Time: 5.9 ms, GC Workers: 8]
      [GC Worker Start (ms): Min: 423841.3, Avg: 423841.3, Max: 423841.4, Diff: 0.1]
      [Ext Root Scanning (ms): Min: 0.4, Avg: 0.5, Max: 0.7, Diff: 0.2, Sum: 4.2]
      [Update RS (ms): Min: 3.1, Avg: 3.1, Max: 3.2, Diff: 0.1, Sum: 25.2]
         [Processed Buffers: Min: 34, Avg: 41.5, Max: 46, Diff: 12, Sum: 332]
      [Scan RS (ms): Min: 0.0, Avg: 0.1, Max: 0.1, Diff: 0.1, Sum: 0.8]
      [Code Root Scanning (ms): Min: 0.0, Avg: 0.0, Max: 0.0, Diff: 0.0, Sum: 0.1]
      [Object Copy (ms): Min: 1.8, Avg: 1.9, Max: 2.0, Diff: 0.2, Sum: 15.6]
      [Termination (ms): Min: 0.0, Avg: 0.0, Max: 0.0, Diff: 0.0, Sum: 0.0]
         [Termination Attempts: Min: 1, Avg: 1.1, Max: 2, Diff: 1, Sum: 9]
      [GC Worker Other (ms): Min: 0.0, Avg: 0.0, Max: 0.1, Diff: 0.1, Sum: 0.3]
      [GC Worker Total (ms): Min: 5.7, Avg: 5.8, Max: 5.8, Diff: 0.1, Sum: 46.2]
      [GC Worker End (ms): Min: 423847.1, Avg: 423847.1, Max: 423847.2, Diff: 0.0]
   [Code Root Fixup: 0.1 ms]
   [Code Root Purge: 0.0 ms]
   [Clear CT: 0.1 ms]
   [Other: 5.2 ms]
      [Choose CSet: 0.0 ms]
      [Ref Proc: 4.3 ms]
      [Ref Enq: 0.0 ms]
      [Redirty Cards: 0.1 ms]
      [Humongous Register: 0.1 ms]
      [Humongous Reclaim: 0.0 ms]
      [Free CSet: 0.1 ms]
   [Eden: 238.0M(238.0M)->0.0B(246.0M) Survivors: 18.0M->10.0M Heap: 279.8M(4096.0M)->34.5M(4096.0M)]
 [Times: user=0.06 sys=0.00, real=0.01 secs] 
2019-10-25T17:44:35.544+0530: 423.852: Total time for which application threads were stopped: 0.0120678 seconds, Stopping threads took: 0.0000818 seconds
2019-10-25T17:44:36.544+0530: 424.853: Total time for which application threads were stopped: 0.0005172 seconds, Stopping threads took: 0.0000857 seconds
2019-10-25T17:44:41.346+0530: 429.654: [GC pause (G1 Evacuation Pause) (young), 0.0108992 secs]
   [Parallel Time: 5.5 ms, GC Workers: 8]
      [GC Worker Start (ms): Min: 429654.8, Avg: 429654.8, Max: 429654.9, Diff: 0.1]
      [Ext Root Scanning (ms): Min: 0.4, Avg: 0.5, Max: 0.6, Diff: 0.2, Sum: 3.7]
      [Update RS (ms): Min: 3.1, Avg: 3.2, Max: 3.2, Diff: 0.1, Sum: 25.2]
         [Processed Buffers: Min: 36, Avg: 41.8, Max: 47, Diff: 11, Sum: 334]
      [Scan RS (ms): Min: 0.0, Avg: 0.0, Max: 0.0, Diff: 0.0, Sum: 0.2]
      [Code Root Scanning (ms): Min: 0.0, Avg: 0.0, Max: 0.1, Diff: 0.1, Sum: 0.2]
      [Object Copy (ms): Min: 1.7, Avg: 1.7, Max: 1.7, Diff: 0.1, Sum: 13.5]
      [Termination (ms): Min: 0.0, Avg: 0.0, Max: 0.0, Diff: 0.0, Sum: 0.0]
         [Termination Attempts: Min: 1, Avg: 7.4, Max: 11, Diff: 10, Sum: 59]
      [GC Worker Other (ms): Min: 0.0, Avg: 0.0, Max: 0.1, Diff: 0.0, Sum: 0.3]
      [GC Worker Total (ms): Min: 5.3, Avg: 5.4, Max: 5.4, Diff: 0.1, Sum: 43.0]
      [GC Worker End (ms): Min: 429660.2, Avg: 429660.2, Max: 429660.2, Diff: 0.0]
   [Code Root Fixup: 0.1 ms]
   [Code Root Purge: 0.0 ms]
   [Clear CT: 0.1 ms]
   [Other: 5.2 ms]
      [Choose CSet: 0.0 ms]
      [Ref Proc: 4.4 ms]
      [Ref Enq: 0.0 ms]
      [Redirty Cards: 0.1 ms]
      [Humongous Register: 0.1 ms]
      [Humongous Reclaim: 0.0 ms]
      [Free CSet: 0.1 ms]
   [Eden: 246.0M(246.0M)->0.0B(246.0M) Survivors: 10.0M->10.0M Heap: 280.5M(4096.0M)->35.4M(4096.0M)]
 [Times: user=0.05 sys=0.00, real=0.01 secs] 
2019-10-25T17:44:41.357+0530: 429.666: Total time for which application threads were stopped: 0.0116390 seconds, Stopping threads took: 0.0001369 seconds
2019-10-25T17:44:42.357+0530: 430.666: Total time for which application threads were stopped: 0.0005195 seconds, Stopping threads took: 0.0000839 seconds
2019-10-25T17:44:47.302+0530: 435.611: [GC pause (G1 Evacuation Pause) (young), 0.0110609 secs]
   [Parallel Time: 5.6 ms, GC Workers: 8]
      [GC Worker Start (ms): Min: 435611.5, Avg: 435611.6, Max: 435611.6, Diff: 0.1]
      [Ext Root Scanning (ms): Min: 0.4, Avg: 0.5, Max: 0.6, Diff: 0.2, Sum: 3.6]
      [Update RS (ms): Min: 3.2, Avg: 3.3, Max: 3.3, Diff: 0.1, Sum: 26.1]
         [Processed Buffers: Min: 37, Avg: 41.4, Max: 45, Diff: 8, Sum: 331]
      [Scan RS (ms): Min: 0.0, Avg: 0.0, Max: 0.0, Diff: 0.0, Sum: 0.2]
      [Code Root Scanning (ms): Min: 0.0, Avg: 0.0, Max: 0.0, Diff: 0.0, Sum: 0.1]
      [Object Copy (ms): Min: 1.6, Avg: 1.7, Max: 1.7, Diff: 0.1, Sum: 13.4]
      [Termination (ms): Min: 0.0, Avg: 0.0, Max: 0.0, Diff: 0.0, Sum: 0.0]
         [Termination Attempts: Min: 1, Avg: 1.2, Max: 2, Diff: 1, Sum: 10]
      [GC Worker Other (ms): Min: 0.0, Avg: 0.0, Max: 0.1, Diff: 0.1, Sum: 0.3]
      [GC Worker Total (ms): Min: 5.4, Avg: 5.5, Max: 5.5, Diff: 0.1, Sum: 43.7]
      [GC Worker End (ms): Min: 435617.0, Avg: 435617.0, Max: 435617.1, Diff: 0.1]
   [Code Root Fixup: 0.1 ms]
   [Code Root Purge: 0.0 ms]
   [Clear CT: 0.1 ms]
   [Other: 5.2 ms]
      [Choose CSet: 0.0 ms]
      [Ref Proc: 4.3 ms]
      [Ref Enq: 0.0 ms]
      [Redirty Cards: 0.1 ms]
      [Humongous Register: 0.1 ms]
      [Humongous Reclaim: 0.0 ms]
      [Free CSet: 0.1 ms]
   [Eden: 246.0M(246.0M)->0.0B(248.0M) Survivors: 10.0M->8192.0K Heap: 281.4M(4096.0M)->33.6M(4096.0M)]
 [Times: user=0.05 sys=0.00, real=0.01 secs] 
2019-10-25T17:44:47.314+0530: 435.622: Total time for which application threads were stopped: 0.0117838 seconds, Stopping threads took: 0.0000859 seconds
2019-10-25T17:44:48.314+0530: 436.623: Total time for which application threads were stopped: 0.0005374 seconds, Stopping threads took: 0.0000923 seconds
2019-10-25T17:44:53.075+0530: 441.384: [GC pause (G1 Evacuation Pause) (young), 0.0106709 secs]
   [Parallel Time: 5.4 ms, GC Workers: 8]
      [GC Worker Start (ms): Min: 441384.3, Avg: 441384.4, Max: 441384.6, Diff: 0.2]
      [Ext Root Scanning (ms): Min: 0.3, Avg: 0.5, Max: 0.6, Diff: 0.3, Sum: 3.7]
      [Update RS (ms): Min: 3.3, Avg: 3.3, Max: 3.4, Diff: 0.1, Sum: 26.5]
         [Processed Buffers: Min: 39, Avg: 41.2, Max: 44, Diff: 5, Sum: 330]
      [Scan RS (ms): Min: 0.0, Avg: 0.0, Max: 0.0, Diff: 0.0, Sum: 0.1]
      [Code Root Scanning (ms): Min: 0.0, Avg: 0.0, Max: 0.0, Diff: 0.0, Sum: 0.1]
      [Object Copy (ms): Min: 1.4, Avg: 1.4, Max: 1.4, Diff: 0.1, Sum: 11.4]
      [Termination (ms): Min: 0.0, Avg: 0.0, Max: 0.0, Diff: 0.0, Sum: 0.0]
         [Termination Attempts: Min: 1, Avg: 1.0, Max: 1, Diff: 0, Sum: 8]
      [GC Worker Other (ms): Min: 0.0, Avg: 0.0, Max: 0.1, Diff: 0.0, Sum: 0.2]
      [GC Worker Total (ms): Min: 5.1, Avg: 5.3, Max: 5.3, Diff: 0.3, Sum: 42.0]
      [GC Worker End (ms): Min: 441389.6, Avg: 441389.6, Max: 441389.6, Diff: 0.0]
   [Code Root Fixup: 0.1 ms]
   [Code Root Purge: 0.0 ms]
   [Clear CT: 0.1 ms]
   [Other: 5.1 ms]
      [Choose CSet: 0.0 ms]
      [Ref Proc: 4.2 ms]
      [Ref Enq: 0.0 ms]
      [Redirty Cards: 0.1 ms]
      [Humongous Register: 0.1 ms]
      [Humongous Reclaim: 0.0 ms]
      [Free CSet: 0.1 ms]
   [Eden: 248.0M(248.0M)->0.0B(248.0M) Survivors: 8192.0K->8192.0K Heap: 281.6M(4096.0M)->34.8M(4096.0M)]
 [Times: user=0.04 sys=0.00, real=0.01 secs] 
2019-10-25T17:44:53.086+0530: 441.395: Total time for which application threads were stopped: 0.0114468 seconds, Stopping threads took: 0.0001293 seconds
2019-10-25T17:44:56.870+0530: 445.179: Total time for which application threads were stopped: 0.0006772 seconds, Stopping threads took: 0.0001356 seconds
2019-10-25T17:44:58.883+0530: 447.192: [GC pause (G1 Evacuation Pause) (young), 0.0104897 secs]
   [Parallel Time: 5.1 ms, GC Workers: 8]
      [GC Worker Start (ms): Min: 447192.0, Avg: 447192.0, Max: 447192.1, Diff: 0.1]
      [Ext Root Scanning (ms): Min: 0.4, Avg: 0.4, Max: 0.6, Diff: 0.2, Sum: 3.6]
      [Update RS (ms): Min: 3.2, Avg: 3.3, Max: 3.3, Diff: 0.1, Sum: 26.1]
         [Processed Buffers: Min: 34, Avg: 40.6, Max: 49, Diff: 15, Sum: 325]
      [Scan RS (ms): Min: 0.0, Avg: 0.0, Max: 0.0, Diff: 0.0, Sum: 0.1]
      [Code Root Scanning (ms): Min: 0.0, Avg: 0.0, Max: 0.0, Diff: 0.0, Sum: 0.0]
      [Object Copy (ms): Min: 1.2, Avg: 1.2, Max: 1.3, Diff: 0.1, Sum: 9.9]
      [Termination (ms): Min: 0.0, Avg: 0.0, Max: 0.0, Diff: 0.0, Sum: 0.0]
         [Termination Attempts: Min: 1, Avg: 1.1, Max: 2, Diff: 1, Sum: 9]
      [GC Worker Other (ms): Min: 0.0, Avg: 0.0, Max: 0.1, Diff: 0.1, Sum: 0.3]
      [GC Worker Total (ms): Min: 4.9, Avg: 5.0, Max: 5.1, Diff: 0.1, Sum: 40.0]
      [GC Worker End (ms): Min: 447197.0, Avg: 447197.0, Max: 447197.1, Diff: 0.1]
   [Code Root Fixup: 0.1 ms]
   [Code Root Purge: 0.0 ms]
   [Clear CT: 0.1 ms]
   [Other: 5.2 ms]
      [Choose CSet: 0.0 ms]
      [Ref Proc: 4.3 ms]
      [Ref Enq: 0.0 ms]
      [Redirty Cards: 0.1 ms]
      [Humongous Register: 0.1 ms]
      [Humongous Reclaim: 0.0 ms]
      [Free CSet: 0.1 ms]
   [Eden: 248.0M(248.0M)->0.0B(248.0M) Survivors: 8192.0K->8192.0K Heap: 282.8M(4096.0M)->35.2M(4096.0M)]
 [Times: user=0.05 sys=0.00, real=0.01 secs] 
2019-10-25T17:44:58.894+0530: 447.202: Total time for which application threads were stopped: 0.0112017 seconds, Stopping threads took: 0.0000949 seconds
2019-10-25T17:45:24.969+0530: 473.277: [GC pause (G1 Evacuation Pause) (young), 0.0111706 secs]
   [Parallel Time: 5.5 ms, GC Workers: 8]
      [GC Worker Start (ms): Min: 473277.6, Avg: 473277.7, Max: 473277.8, Diff: 0.1]
      [Ext Root Scanning (ms): Min: 0.4, Avg: 0.5, Max: 0.6, Diff: 0.2, Sum: 4.0]
      [Update RS (ms): Min: 3.1, Avg: 3.2, Max: 3.2, Diff: 0.1, Sum: 25.3]
         [Processed Buffers: Min: 34, Avg: 40.2, Max: 44, Diff: 10, Sum: 322]
      [Scan RS (ms): Min: 0.0, Avg: 0.0, Max: 0.0, Diff: 0.0, Sum: 0.1]
      [Code Root Scanning (ms): Min: 0.0, Avg: 0.0, Max: 0.0, Diff: 0.0, Sum: 0.0]
      [Object Copy (ms): Min: 1.5, Avg: 1.6, Max: 1.7, Diff: 0.2, Sum: 13.0]
      [Termination (ms): Min: 0.0, Avg: 0.0, Max: 0.0, Diff: 0.0, Sum: 0.0]
         [Termination Attempts: Min: 1, Avg: 1.0, Max: 1, Diff: 0, Sum: 8]
      [GC Worker Other (ms): Min: 0.0, Avg: 0.0, Max: 0.1, Diff: 0.1, Sum: 0.3]
      [GC Worker Total (ms): Min: 5.3, Avg: 5.3, Max: 5.4, Diff: 0.1, Sum: 42.8]
      [GC Worker End (ms): Min: 473283.0, Avg: 473283.0, Max: 473283.1, Diff: 0.1]
   [Code Root Fixup: 0.0 ms]
   [Code Root Purge: 0.0 ms]
   [Clear CT: 0.2 ms]
   [Other: 5.5 ms]
      [Choose CSet: 0.0 ms]
      [Ref Proc: 4.6 ms]
      [Ref Enq: 0.0 ms]
      [Redirty Cards: 0.1 ms]
      [Humongous Register: 0.1 ms]
      [Humongous Reclaim: 0.0 ms]
      [Free CSet: 0.1 ms]
   [Eden: 248.0M(248.0M)->0.0B(244.0M) Survivors: 8192.0K->12.0M Heap: 283.2M(4096.0M)->39.8M(4096.0M)]
 [Times: user=0.05 sys=0.00, real=0.02 secs] 
2019-10-25T17:45:24.980+0530: 473.289: Total time for which application threads were stopped: 0.0119554 seconds, Stopping threads took: 0.0000927 seconds
2019-10-25T17:45:57.949+0530: 506.258: [GC pause (G1 Evacuation Pause) (young), 0.0120416 secs]
   [Parallel Time: 6.1 ms, GC Workers: 8]
      [GC Worker Start (ms): Min: 506258.0, Avg: 506258.0, Max: 506258.0, Diff: 0.1]
      [Ext Root Scanning (ms): Min: 0.5, Avg: 0.6, Max: 0.8, Diff: 0.3, Sum: 4.7]
      [Update RS (ms): Min: 3.2, Avg: 3.2, Max: 3.3, Diff: 0.1, Sum: 25.9]
         [Processed Buffers: Min: 33, Avg: 40.5, Max: 44, Diff: 11, Sum: 324]
      [Scan RS (ms): Min: 0.0, Avg: 0.0, Max: 0.0, Diff: 0.0, Sum: 0.2]
      [Code Root Scanning (ms): Min: 0.0, Avg: 0.0, Max: 0.0, Diff: 0.0, Sum: 0.0]
      [Object Copy (ms): Min: 1.9, Avg: 2.1, Max: 2.1, Diff: 0.2, Sum: 16.7]
      [Termination (ms): Min: 0.0, Avg: 0.0, Max: 0.0, Diff: 0.0, Sum: 0.0]
         [Termination Attempts: Min: 1, Avg: 1.9, Max: 4, Diff: 3, Sum: 15]
      [GC Worker Other (ms): Min: 0.0, Avg: 0.0, Max: 0.1, Diff: 0.1, Sum: 0.2]
      [GC Worker Total (ms): Min: 5.9, Avg: 6.0, Max: 6.0, Diff: 0.1, Sum: 47.8]
      [GC Worker End (ms): Min: 506263.9, Avg: 506264.0, Max: 506264.0, Diff: 0.1]
   [Code Root Fixup: 0.0 ms]
   [Code Root Purge: 0.0 ms]
   [Clear CT: 0.1 ms]
   [Other: 5.7 ms]
      [Choose CSet: 0.0 ms]
      [Ref Proc: 4.8 ms]
      [Ref Enq: 0.0 ms]
      [Redirty Cards: 0.1 ms]
      [Humongous Register: 0.1 ms]
      [Humongous Reclaim: 0.0 ms]
      [Free CSet: 0.1 ms]
   [Eden: 244.0M(244.0M)->0.0B(236.0M) Survivors: 12.0M->20.0M Heap: 283.8M(4096.0M)->47.9M(4096.0M)]
 [Times: user=0.05 sys=0.00, real=0.02 secs] 
2019-10-25T17:45:57.961+0530: 506.270: Total time for which application threads were stopped: 0.0130622 seconds, Stopping threads took: 0.0001132 seconds
2019-10-25T17:46:28.211+0530: 536.519: [GC pause (G1 Evacuation Pause) (young), 0.0123950 secs]
   [Parallel Time: 6.6 ms, GC Workers: 8]
      [GC Worker Start (ms): Min: 536519.7, Avg: 536519.7, Max: 536519.8, Diff: 0.1]
      [Ext Root Scanning (ms): Min: 0.6, Avg: 0.6, Max: 0.8, Diff: 0.3, Sum: 5.0]
      [Update RS (ms): Min: 3.2, Avg: 3.3, Max: 3.4, Diff: 0.1, Sum: 26.2]
         [Processed Buffers: Min: 34, Avg: 40.6, Max: 44, Diff: 10, Sum: 325]
      [Scan RS (ms): Min: 0.0, Avg: 0.0, Max: 0.0, Diff: 0.0, Sum: 0.1]
      [Code Root Scanning (ms): Min: 0.0, Avg: 0.0, Max: 0.0, Diff: 0.0, Sum: 0.0]
      [Object Copy (ms): Min: 2.2, Avg: 2.4, Max: 2.5, Diff: 0.3, Sum: 19.4]
      [Termination (ms): Min: 0.0, Avg: 0.0, Max: 0.0, Diff: 0.0, Sum: 0.0]
         [Termination Attempts: Min: 1, Avg: 5.1, Max: 9, Diff: 8, Sum: 41]
      [GC Worker Other (ms): Min: 0.0, Avg: 0.0, Max: 0.1, Diff: 0.1, Sum: 0.3]
      [GC Worker Total (ms): Min: 6.3, Avg: 6.4, Max: 6.5, Diff: 0.1, Sum: 51.2]
      [GC Worker End (ms): Min: 536526.1, Avg: 536526.1, Max: 536526.2, Diff: 0.1]
   [Code Root Fixup: 0.1 ms]
   [Code Root Purge: 0.0 ms]
   [Clear CT: 0.2 ms]
   [Other: 5.6 ms]
      [Choose CSet: 0.0 ms]
      [Ref Proc: 4.7 ms]
      [Ref Enq: 0.0 ms]
      [Redirty Cards: 0.1 ms]
      [Humongous Register: 0.1 ms]
      [Humongous Reclaim: 0.0 ms]
      [Free CSet: 0.1 ms]
   [Eden: 236.0M(236.0M)->0.0B(240.0M) Survivors: 20.0M->16.0M Heap: 283.9M(4096.0M)->44.8M(4096.0M)]
 [Times: user=0.06 sys=0.00, real=0.01 secs] 
2019-10-25T17:46:28.223+0530: 536.532: Total time for which application threads were stopped: 0.0135070 seconds, Stopping threads took: 0.0001197 seconds
2019-10-25T17:46:52.435+0530: 560.744: [GC pause (G1 Evacuation Pause) (young), 0.0114256 secs]
   [Parallel Time: 5.1 ms, GC Workers: 8]
      [GC Worker Start (ms): Min: 560744.0, Avg: 560744.0, Max: 560744.0, Diff: 0.1]
      [Ext Root Scanning (ms): Min: 0.4, Avg: 0.5, Max: 0.6, Diff: 0.2, Sum: 3.8]
      [Update RS (ms): Min: 3.2, Avg: 3.2, Max: 3.3, Diff: 0.1, Sum: 25.9]
         [Processed Buffers: Min: 35, Avg: 40.8, Max: 44, Diff: 9, Sum: 326]
      [Scan RS (ms): Min: 0.0, Avg: 0.0, Max: 0.0, Diff: 0.0, Sum: 0.2]
      [Code Root Scanning (ms): Min: 0.0, Avg: 0.0, Max: 0.0, Diff: 0.0, Sum: 0.0]
      [Object Copy (ms): Min: 1.2, Avg: 1.2, Max: 1.3, Diff: 0.1, Sum: 9.8]
      [Termination (ms): Min: 0.0, Avg: 0.0, Max: 0.0, Diff: 0.0, Sum: 0.0]
         [Termination Attempts: Min: 1, Avg: 2.0, Max: 3, Diff: 2, Sum: 16]
      [GC Worker Other (ms): Min: 0.0, Avg: 0.0, Max: 0.1, Diff: 0.1, Sum: 0.3]
      [GC Worker Total (ms): Min: 4.9, Avg: 5.0, Max: 5.1, Diff: 0.1, Sum: 40.0]
      [GC Worker End (ms): Min: 560749.0, Avg: 560749.0, Max: 560749.0, Diff: 0.1]
   [Code Root Fixup: 0.1 ms]
   [Code Root Purge: 0.0 ms]
   [Clear CT: 0.1 ms]
   [Other: 6.1 ms]
      [Choose CSet: 0.0 ms]
      [Ref Proc: 5.2 ms]
      [Ref Enq: 0.0 ms]
      [Redirty Cards: 0.1 ms]
      [Humongous Register: 0.1 ms]
      [Humongous Reclaim: 0.0 ms]
      [Free CSet: 0.1 ms]
   [Eden: 240.0M(240.0M)->0.0B(246.0M) Survivors: 16.0M->10.0M Heap: 284.8M(4096.0M)->39.0M(4096.0M)]
 [Times: user=0.05 sys=0.00, real=0.01 secs] 
2019-10-25T17:46:52.446+0530: 560.755: Total time for which application threads were stopped: 0.0122306 seconds, Stopping threads took: 0.0001042 seconds
2019-10-25T17:47:07.309+0530: 575.617: [GC pause (G1 Evacuation Pause) (young), 0.0121712 secs]
   [Parallel Time: 6.2 ms, GC Workers: 8]
      [GC Worker Start (ms): Min: 575617.8, Avg: 575617.9, Max: 575618.0, Diff: 0.1]
      [Ext Root Scanning (ms): Min: 0.5, Avg: 0.6, Max: 0.8, Diff: 0.3, Sum: 4.9]
      [Update RS (ms): Min: 3.2, Avg: 3.2, Max: 3.3, Diff: 0.1, Sum: 25.8]
         [Processed Buffers: Min: 38, Avg: 40.2, Max: 47, Diff: 9, Sum: 322]
      [Scan RS (ms): Min: 0.0, Avg: 0.0, Max: 0.0, Diff: 0.0, Sum: 0.2]
      [Code Root Scanning (ms): Min: 0.0, Avg: 0.0, Max: 0.0, Diff: 0.0, Sum: 0.0]
      [Object Copy (ms): Min: 1.9, Avg: 2.1, Max: 2.2, Diff: 0.2, Sum: 16.9]
      [Termination (ms): Min: 0.0, Avg: 0.0, Max: 0.0, Diff: 0.0, Sum: 0.0]
         [Termination Attempts: Min: 1, Avg: 1.1, Max: 2, Diff: 1, Sum: 9]
      [GC Worker Other (ms): Min: 0.0, Avg: 0.0, Max: 0.1, Diff: 0.1, Sum: 0.4]
      [GC Worker Total (ms): Min: 5.9, Avg: 6.0, Max: 6.1, Diff: 0.2, Sum: 48.1]
      [GC Worker End (ms): Min: 575623.9, Avg: 575623.9, Max: 575624.0, Diff: 0.1]
   [Code Root Fixup: 0.1 ms]
   [Code Root Purge: 0.0 ms]
   [Clear CT: 0.2 ms]
   [Other: 5.8 ms]
      [Choose CSet: 0.0 ms]
      [Ref Proc: 4.8 ms]
      [Ref Enq: 0.0 ms]
      [Redirty Cards: 0.1 ms]
      [Humongous Register: 0.1 ms]
      [Humongous Reclaim: 0.0 ms]
      [Free CSet: 0.1 ms]
   [Eden: 246.0M(246.0M)->0.0B(242.0M) Survivors: 10.0M->14.0M Heap: 285.0M(4096.0M)->42.1M(4096.0M)]
 [Times: user=0.05 sys=0.00, real=0.02 secs] 
2019-10-25T17:47:07.321+0530: 575.630: Total time for which application threads were stopped: 0.0132059 seconds, Stopping threads took: 0.0001112 seconds
2019-10-25T17:47:40.583+0530: 608.892: [GC pause (G1 Evacuation Pause) (young), 0.0123055 secs]
   [Parallel Time: 6.5 ms, GC Workers: 8]
      [GC Worker Start (ms): Min: 608892.0, Avg: 608892.1, Max: 608892.1, Diff: 0.1]
      [Ext Root Scanning (ms): Min: 0.5, Avg: 0.6, Max: 0.9, Diff: 0.3, Sum: 5.0]
      [Update RS (ms): Min: 3.2, Avg: 3.2, Max: 3.3, Diff: 0.1, Sum: 26.0]
         [Processed Buffers: Min: 40, Avg: 40.8, Max: 42, Diff: 2, Sum: 326]
      [Scan RS (ms): Min: 0.0, Avg: 0.0, Max: 0.0, Diff: 0.0, Sum: 0.1]
      [Code Root Scanning (ms): Min: 0.0, Avg: 0.0, Max: 0.0, Diff: 0.0, Sum: 0.0]
      [Object Copy (ms): Min: 2.1, Avg: 2.4, Max: 2.4, Diff: 0.3, Sum: 18.9]
      [Termination (ms): Min: 0.0, Avg: 0.0, Max: 0.0, Diff: 0.0, Sum: 0.0]
         [Termination Attempts: Min: 1, Avg: 2.8, Max: 6, Diff: 5, Sum: 22]
      [GC Worker Other (ms): Min: 0.0, Avg: 0.0, Max: 0.1, Diff: 0.1, Sum: 0.3]
      [GC Worker Total (ms): Min: 6.2, Avg: 6.3, Max: 6.4, Diff: 0.1, Sum: 50.4]
      [GC Worker End (ms): Min: 608898.4, Avg: 608898.4, Max: 608898.4, Diff: 0.1]
   [Code Root Fixup: 0.0 ms]
   [Code Root Purge: 0.0 ms]
   [Clear CT: 0.2 ms]
   [Other: 5.6 ms]
      [Choose CSet: 0.0 ms]
      [Ref Proc: 4.7 ms]
      [Ref Enq: 0.0 ms]
      [Redirty Cards: 0.1 ms]
      [Humongous Register: 0.1 ms]
      [Humongous Reclaim: 0.0 ms]
      [Free CSet: 0.1 ms]
   [Eden: 242.0M(242.0M)->0.0B(240.0M) Survivors: 14.0M->16.0M Heap: 284.1M(4096.0M)->44.3M(4096.0M)]
 [Times: user=0.06 sys=0.00, real=0.01 secs] 
2019-10-25T17:47:40.595+0530: 608.904: Total time for which application threads were stopped: 0.0134051 seconds, Stopping threads took: 0.0001191 seconds
2019-10-25T17:48:03.263+0530: 631.572: [GC pause (G1 Evacuation Pause) (young), 0.0119806 secs]
   [Parallel Time: 5.8 ms, GC Workers: 8]
      [GC Worker Start (ms): Min: 631572.2, Avg: 631572.2, Max: 631572.3, Diff: 0.1]
      [Ext Root Scanning (ms): Min: 0.5, Avg: 0.5, Max: 0.6, Diff: 0.2, Sum: 4.3]
      [Update RS (ms): Min: 3.2, Avg: 3.2, Max: 3.3, Diff: 0.1, Sum: 26.0]
         [Processed Buffers: Min: 36, Avg: 40.5, Max: 44, Diff: 8, Sum: 324]
      [Scan RS (ms): Min: 0.0, Avg: 0.0, Max: 0.0, Diff: 0.0, Sum: 0.2]
      [Code Root Scanning (ms): Min: 0.0, Avg: 0.0, Max: 0.0, Diff: 0.0, Sum: 0.0]
      [Object Copy (ms): Min: 1.6, Avg: 1.7, Max: 1.8, Diff: 0.2, Sum: 14.0]
      [Termination (ms): Min: 0.0, Avg: 0.0, Max: 0.0, Diff: 0.0, Sum: 0.1]
         [Termination Attempts: Min: 1, Avg: 16.4, Max: 22, Diff: 21, Sum: 131]
      [GC Worker Other (ms): Min: 0.0, Avg: 0.0, Max: 0.1, Diff: 0.0, Sum: 0.2]
      [GC Worker Total (ms): Min: 5.6, Avg: 5.6, Max: 5.7, Diff: 0.1, Sum: 44.8]
      [GC Worker End (ms): Min: 631577.8, Avg: 631577.8, Max: 631577.9, Diff: 0.0]
   [Code Root Fixup: 0.0 ms]
   [Code Root Purge: 0.0 ms]
   [Clear CT: 0.1 ms]
   [Other: 6.0 ms]
      [Choose CSet: 0.0 ms]
      [Ref Proc: 5.1 ms]
      [Ref Enq: 0.0 ms]
      [Redirty Cards: 0.1 ms]
      [Humongous Register: 0.1 ms]
      [Humongous Reclaim: 0.0 ms]
      [Free CSet: 0.1 ms]
   [Eden: 240.0M(240.0M)->0.0B(246.0M) Survivors: 16.0M->10.0M Heap: 284.3M(4096.0M)->39.4M(4096.0M)]
 [Times: user=0.05 sys=0.00, real=0.01 secs] 
2019-10-25T17:48:03.275+0530: 631.584: Total time for which application threads were stopped: 0.0128605 seconds, Stopping threads took: 0.0000964 seconds
2019-10-25T17:48:31.588+0530: 659.896: [GC pause (G1 Evacuation Pause) (young), 0.0113728 secs]
   [Parallel Time: 5.5 ms, GC Workers: 8]
      [GC Worker Start (ms): Min: 659896.7, Avg: 659896.7, Max: 659896.8, Diff: 0.1]
      [Ext Root Scanning (ms): Min: 0.5, Avg: 0.5, Max: 0.7, Diff: 0.2, Sum: 4.4]
      [Update RS (ms): Min: 3.2, Avg: 3.2, Max: 3.2, Diff: 0.1, Sum: 25.5]
         [Processed Buffers: Min: 37, Avg: 39.9, Max: 45, Diff: 8, Sum: 319]
      [Scan RS (ms): Min: 0.0, Avg: 0.0, Max: 0.0, Diff: 0.0, Sum: 0.1]
      [Code Root Scanning (ms): Min: 0.0, Avg: 0.0, Max: 0.0, Diff: 0.0, Sum: 0.0]
      [Object Copy (ms): Min: 1.4, Avg: 1.6, Max: 1.6, Diff: 0.2, Sum: 12.5]
      [Termination (ms): Min: 0.0, Avg: 0.0, Max: 0.0, Diff: 0.0, Sum: 0.0]
         [Termination Attempts: Min: 1, Avg: 1.0, Max: 1, Diff: 0, Sum: 8]
      [GC Worker Other (ms): Min: 0.0, Avg: 0.0, Max: 0.0, Diff: 0.0, Sum: 0.2]
      [GC Worker Total (ms): Min: 5.3, Avg: 5.3, Max: 5.4, Diff: 0.1, Sum: 42.7]
      [GC Worker End (ms): Min: 659902.0, Avg: 659902.1, Max: 659902.1, Diff: 0.0]
   [Code Root Fixup: 0.0 ms]
   [Code Root Purge: 0.0 ms]
   [Clear CT: 0.2 ms]
   [Other: 5.7 ms]
      [Choose CSet: 0.0 ms]
      [Ref Proc: 4.8 ms]
      [Ref Enq: 0.0 ms]
      [Redirty Cards: 0.1 ms]
      [Humongous Register: 0.1 ms]
      [Humongous Reclaim: 0.0 ms]
      [Free CSet: 0.1 ms]
   [Eden: 246.0M(246.0M)->0.0B(246.0M) Survivors: 10.0M->10.0M Heap: 285.4M(4096.0M)->39.3M(4096.0M)]
 [Times: user=0.05 sys=0.00, real=0.02 secs] 
2019-10-25T17:48:31.599+0530: 659.908: Total time for which application threads were stopped: 0.0122619 seconds, Stopping threads took: 0.0000962 seconds
2019-10-25T17:48:44.676+0530: 672.985: [GC pause (G1 Evacuation Pause) (young), 0.0118685 secs]
   [Parallel Time: 5.7 ms, GC Workers: 8]
      [GC Worker Start (ms): Min: 672985.5, Avg: 672985.6, Max: 672985.6, Diff: 0.1]
      [Ext Root Scanning (ms): Min: 0.5, Avg: 0.6, Max: 0.8, Diff: 0.3, Sum: 4.6]
      [Update RS (ms): Min: 3.1, Avg: 3.2, Max: 3.2, Diff: 0.1, Sum: 25.4]
         [Processed Buffers: Min: 39, Avg: 40.1, Max: 42, Diff: 3, Sum: 321]
      [Scan RS (ms): Min: 0.0, Avg: 0.0, Max: 0.0, Diff: 0.0, Sum: 0.2]
      [Code Root Scanning (ms): Min: 0.0, Avg: 0.0, Max: 0.0, Diff: 0.0, Sum: 0.0]
      [Object Copy (ms): Min: 1.5, Avg: 1.7, Max: 1.7, Diff: 0.2, Sum: 13.5]
      [Termination (ms): Min: 0.0, Avg: 0.0, Max: 0.0, Diff: 0.0, Sum: 0.0]
         [Termination Attempts: Min: 1, Avg: 2.8, Max: 6, Diff: 5, Sum: 22]
      [GC Worker Other (ms): Min: 0.0, Avg: 0.0, Max: 0.1, Diff: 0.1, Sum: 0.3]
      [GC Worker Total (ms): Min: 5.4, Avg: 5.5, Max: 5.6, Diff: 0.1, Sum: 43.9]
      [GC Worker End (ms): Min: 672991.0, Avg: 672991.1, Max: 672991.1, Diff: 0.1]
   [Code Root Fixup: 0.0 ms]
   [Code Root Purge: 0.0 ms]
   [Clear CT: 0.2 ms]
   [Other: 6.0 ms]
      [Choose CSet: 0.0 ms]
      [Ref Proc: 5.1 ms]
      [Ref Enq: 0.0 ms]
      [Redirty Cards: 0.1 ms]
      [Humongous Register: 0.1 ms]
      [Humongous Reclaim: 0.0 ms]
      [Free CSet: 0.1 ms]
   [Eden: 246.0M(246.0M)->0.0B(240.0M) Survivors: 10.0M->16.0M Heap: 285.3M(4096.0M)->45.3M(4096.0M)]
 [Times: user=0.05 sys=0.00, real=0.01 secs] 
2019-10-25T17:48:44.688+0530: 672.997: Total time for which application threads were stopped: 0.0128308 seconds, Stopping threads took: 0.0001078 seconds
2019-10-25T17:48:57.056+0530: 685.365: [GC pause (G1 Evacuation Pause) (young), 0.0115397 secs]
   [Parallel Time: 5.5 ms, GC Workers: 8]
      [GC Worker Start (ms): Min: 685364.9, Avg: 685364.9, Max: 685365.0, Diff: 0.1]
      [Ext Root Scanning (ms): Min: 0.4, Avg: 0.5, Max: 0.7, Diff: 0.2, Sum: 4.1]
      [Update RS (ms): Min: 3.1, Avg: 3.2, Max: 3.2, Diff: 0.1, Sum: 25.4]
         [Processed Buffers: Min: 38, Avg: 40.4, Max: 45, Diff: 7, Sum: 323]
      [Scan RS (ms): Min: 0.0, Avg: 0.0, Max: 0.0, Diff: 0.0, Sum: 0.2]
      [Code Root Scanning (ms): Min: 0.0, Avg: 0.0, Max: 0.0, Diff: 0.0, Sum: 0.0]
      [Object Copy (ms): Min: 1.5, Avg: 1.6, Max: 1.7, Diff: 0.2, Sum: 13.0]
      [Termination (ms): Min: 0.0, Avg: 0.0, Max: 0.0, Diff: 0.0, Sum: 0.0]
         [Termination Attempts: Min: 1, Avg: 2.5, Max: 4, Diff: 3, Sum: 20]
      [GC Worker Other (ms): Min: 0.0, Avg: 0.0, Max: 0.1, Diff: 0.1, Sum: 0.3]
      [GC Worker Total (ms): Min: 5.3, Avg: 5.4, Max: 5.4, Diff: 0.1, Sum: 43.1]
      [GC Worker End (ms): Min: 685370.3, Avg: 685370.3, Max: 685370.3, Diff: 0.1]
   [Code Root Fixup: 0.1 ms]
   [Code Root Purge: 0.0 ms]
   [Clear CT: 0.1 ms]
   [Other: 5.8 ms]
      [Choose CSet: 0.0 ms]
      [Ref Proc: 4.9 ms]
      [Ref Enq: 0.0 ms]
      [Redirty Cards: 0.1 ms]
      [Humongous Register: 0.1 ms]
      [Humongous Reclaim: 0.0 ms]
      [Free CSet: 0.1 ms]
   [Eden: 240.0M(240.0M)->0.0B(244.0M) Survivors: 16.0M->12.0M Heap: 285.3M(4096.0M)->40.7M(4096.0M)]
 [Times: user=0.05 sys=0.00, real=0.01 secs] 
2019-10-25T17:48:57.068+0530: 685.376: Total time for which application threads were stopped: 0.0124347 seconds, Stopping threads took: 0.0001010 seconds
2019-10-25T17:49:09.816+0530: 698.124: [GC pause (G1 Evacuation Pause) (young), 0.0119223 secs]
   [Parallel Time: 5.8 ms, GC Workers: 8]
      [GC Worker Start (ms): Min: 698124.6, Avg: 698124.7, Max: 698124.7, Diff: 0.1]
      [Ext Root Scanning (ms): Min: 0.5, Avg: 0.6, Max: 0.8, Diff: 0.2, Sum: 4.6]
      [Update RS (ms): Min: 3.2, Avg: 3.2, Max: 3.2, Diff: 0.1, Sum: 25.6]
         [Processed Buffers: Min: 38, Avg: 40.1, Max: 44, Diff: 6, Sum: 321]
      [Scan RS (ms): Min: 0.0, Avg: 0.0, Max: 0.0, Diff: 0.0, Sum: 0.2]
      [Code Root Scanning (ms): Min: 0.0, Avg: 0.0, Max: 0.0, Diff: 0.0, Sum: 0.0]
      [Object Copy (ms): Min: 1.7, Avg: 1.9, Max: 1.9, Diff: 0.2, Sum: 15.1]
      [Termination (ms): Min: 0.0, Avg: 0.0, Max: 0.0, Diff: 0.0, Sum: 0.0]
         [Termination Attempts: Min: 1, Avg: 1.1, Max: 2, Diff: 1, Sum: 9]
      [GC Worker Other (ms): Min: 0.0, Avg: 0.0, Max: 0.1, Diff: 0.1, Sum: 0.3]
      [GC Worker Total (ms): Min: 5.7, Avg: 5.7, Max: 5.8, Diff: 0.1, Sum: 45.7]
      [GC Worker End (ms): Min: 698130.4, Avg: 698130.4, Max: 698130.4, Diff: 0.1]
   [Code Root Fixup: 0.1 ms]
   [Code Root Purge: 0.0 ms]
   [Clear CT: 0.2 ms]
   [Other: 5.9 ms]
      [Choose CSet: 0.0 ms]
      [Ref Proc: 5.0 ms]
      [Ref Enq: 0.0 ms]
      [Redirty Cards: 0.1 ms]
      [Humongous Register: 0.1 ms]
      [Humongous Reclaim: 0.0 ms]
      [Free CSet: 0.1 ms]
   [Eden: 244.0M(244.0M)->0.0B(238.0M) Survivors: 12.0M->18.0M Heap: 284.7M(4096.0M)->46.3M(4096.0M)]
 [Times: user=0.05 sys=0.00, real=0.01 secs] 
2019-10-25T17:49:09.828+0530: 698.136: Total time for which application threads were stopped: 0.0129199 seconds, Stopping threads took: 0.0001110 seconds
2019-10-25T17:49:31.004+0530: 719.313: [GC pause (G1 Evacuation Pause) (young), 0.0118579 secs]
   [Parallel Time: 6.0 ms, GC Workers: 8]
      [GC Worker Start (ms): Min: 719313.1, Avg: 719313.2, Max: 719313.2, Diff: 0.1]
      [Ext Root Scanning (ms): Min: 0.5, Avg: 0.6, Max: 0.8, Diff: 0.3, Sum: 5.0]
      [Update RS (ms): Min: 3.1, Avg: 3.2, Max: 3.2, Diff: 0.1, Sum: 25.3]
         [Processed Buffers: Min: 38, Avg: 40.0, Max: 43, Diff: 5, Sum: 320]
      [Scan RS (ms): Min: 0.0, Avg: 0.0, Max: 0.0, Diff: 0.0, Sum: 0.2]
      [Code Root Scanning (ms): Min: 0.0, Avg: 0.0, Max: 0.0, Diff: 0.0, Sum: 0.0]
      [Object Copy (ms): Min: 1.8, Avg: 2.0, Max: 2.1, Diff: 0.2, Sum: 16.3]
      [Termination (ms): Min: 0.0, Avg: 0.0, Max: 0.0, Diff: 0.0, Sum: 0.0]
         [Termination Attempts: Min: 1, Avg: 3.8, Max: 6, Diff: 5, Sum: 30]
      [GC Worker Other (ms): Min: 0.0, Avg: 0.0, Max: 0.1, Diff: 0.1, Sum: 0.3]
      [GC Worker Total (ms): Min: 5.8, Avg: 5.9, Max: 5.9, Diff: 0.1, Sum: 47.1]
      [GC Worker End (ms): Min: 719319.1, Avg: 719319.1, Max: 719319.1, Diff: 0.1]
   [Code Root Fixup: 0.0 ms]
   [Code Root Purge: 0.0 ms]
   [Clear CT: 0.1 ms]
   [Other: 5.7 ms]
      [Choose CSet: 0.0 ms]
      [Ref Proc: 4.8 ms]
      [Ref Enq: 0.0 ms]
      [Redirty Cards: 0.1 ms]
      [Humongous Register: 0.1 ms]
      [Humongous Reclaim: 0.0 ms]
      [Free CSet: 0.1 ms]
   [Eden: 238.0M(238.0M)->0.0B(240.0M) Survivors: 18.0M->16.0M Heap: 284.3M(4096.0M)->45.5M(4096.0M)]
 [Times: user=0.05 sys=0.00, real=0.01 secs] 
2019-10-25T17:49:31.016+0530: 719.325: Total time for which application threads were stopped: 0.0129175 seconds, Stopping threads took: 0.0001120 seconds
2019-10-25T17:49:41.669+0530: 729.977: [GC pause (G1 Evacuation Pause) (young), 0.0115645 secs]
   [Parallel Time: 5.6 ms, GC Workers: 8]
      [GC Worker Start (ms): Min: 729977.7, Avg: 729977.7, Max: 729977.8, Diff: 0.1]
      [Ext Root Scanning (ms): Min: 0.5, Avg: 0.5, Max: 0.7, Diff: 0.2, Sum: 4.4]
      [Update RS (ms): Min: 3.1, Avg: 3.2, Max: 3.2, Diff: 0.1, Sum: 25.2]
         [Processed Buffers: Min: 39, Avg: 40.2, Max: 41, Diff: 2, Sum: 322]
      [Scan RS (ms): Min: 0.0, Avg: 0.0, Max: 0.0, Diff: 0.0, Sum: 0.2]
      [Code Root Scanning (ms): Min: 0.0, Avg: 0.0, Max: 0.0, Diff: 0.0, Sum: 0.0]
      [Object Copy (ms): Min: 1.5, Avg: 1.7, Max: 1.7, Diff: 0.2, Sum: 13.2]
      [Termination (ms): Min: 0.0, Avg: 0.0, Max: 0.0, Diff: 0.0, Sum: 0.0]
         [Termination Attempts: Min: 1, Avg: 1.5, Max: 3, Diff: 2, Sum: 12]
      [GC Worker Other (ms): Min: 0.0, Avg: 0.0, Max: 0.1, Diff: 0.1, Sum: 0.2]
      [GC Worker Total (ms): Min: 5.3, Avg: 5.4, Max: 5.5, Diff: 0.1, Sum: 43.2]
      [GC Worker End (ms): Min: 729983.1, Avg: 729983.1, Max: 729983.1, Diff: 0.1]
   [Code Root Fixup: 0.0 ms]
   [Code Root Purge: 0.0 ms]
   [Clear CT: 0.1 ms]
   [Other: 5.8 ms]
      [Choose CSet: 0.0 ms]
      [Ref Proc: 4.9 ms]
      [Ref Enq: 0.0 ms]
      [Redirty Cards: 0.1 ms]
      [Humongous Register: 0.1 ms]
      [Humongous Reclaim: 0.0 ms]
      [Free CSet: 0.1 ms]
   [Eden: 240.0M(240.0M)->0.0B(246.0M) Survivors: 16.0M->10.0M Heap: 285.5M(4096.0M)->39.5M(4096.0M)]
 [Times: user=0.05 sys=0.00, real=0.02 secs] 
2019-10-25T17:49:41.680+0530: 729.989: Total time for which application threads were stopped: 0.0124400 seconds, Stopping threads took: 0.0000920 seconds
2019-10-25T17:49:56.251+0530: 744.560: [GC pause (G1 Evacuation Pause) (young), 0.0120206 secs]
   [Parallel Time: 6.0 ms, GC Workers: 8]
      [GC Worker Start (ms): Min: 744560.5, Avg: 744560.6, Max: 744560.6, Diff: 0.1]
      [Ext Root Scanning (ms): Min: 0.6, Avg: 0.6, Max: 0.8, Diff: 0.3, Sum: 4.9]
      [Update RS (ms): Min: 3.2, Avg: 3.2, Max: 3.3, Diff: 0.1, Sum: 25.9]
         [Processed Buffers: Min: 38, Avg: 40.0, Max: 43, Diff: 5, Sum: 320]
      [Scan RS (ms): Min: 0.0, Avg: 0.0, Max: 0.0, Diff: 0.0, Sum: 0.2]
      [Code Root Scanning (ms): Min: 0.0, Avg: 0.0, Max: 0.0, Diff: 0.0, Sum: 0.0]
      [Object Copy (ms): Min: 1.8, Avg: 2.0, Max: 2.0, Diff: 0.3, Sum: 15.7]
      [Termination (ms): Min: 0.0, Avg: 0.0, Max: 0.0, Diff: 0.0, Sum: 0.0]
         [Termination Attempts: Min: 1, Avg: 2.2, Max: 4, Diff: 3, Sum: 18]
      [GC Worker Other (ms): Min: 0.0, Avg: 0.0, Max: 0.1, Diff: 0.1, Sum: 0.3]
      [GC Worker Total (ms): Min: 5.8, Avg: 5.9, Max: 5.9, Diff: 0.1, Sum: 46.9]
      [GC Worker End (ms): Min: 744566.4, Avg: 744566.4, Max: 744566.5, Diff: 0.1]
   [Code Root Fixup: 0.0 ms]
   [Code Root Purge: 0.0 ms]
   [Clear CT: 0.2 ms]
   [Other: 5.8 ms]
      [Choose CSet: 0.0 ms]
      [Ref Proc: 4.9 ms]
      [Ref Enq: 0.0 ms]
      [Redirty Cards: 0.1 ms]
      [Humongous Register: 0.1 ms]
      [Humongous Reclaim: 0.0 ms]
      [Free CSet: 0.1 ms]
   [Eden: 246.0M(246.0M)->0.0B(240.0M) Survivors: 10.0M->16.0M Heap: 285.5M(4096.0M)->45.5M(4096.0M)]
 [Times: user=0.06 sys=0.00, real=0.01 secs] 
2019-10-25T17:49:56.264+0530: 744.572: Total time for which application threads were stopped: 0.0130939 seconds, Stopping threads took: 0.0001156 seconds
2019-10-25T17:50:07.669+0530: 755.978: [GC pause (G1 Evacuation Pause) (young), 0.0118910 secs]
   [Parallel Time: 6.0 ms, GC Workers: 8]
      [GC Worker Start (ms): Min: 755978.2, Avg: 755978.3, Max: 755978.3, Diff: 0.1]
      [Ext Root Scanning (ms): Min: 0.5, Avg: 0.6, Max: 0.8, Diff: 0.3, Sum: 4.9]
      [Update RS (ms): Min: 3.1, Avg: 3.2, Max: 3.2, Diff: 0.1, Sum: 25.5]
         [Processed Buffers: Min: 38, Avg: 40.1, Max: 42, Diff: 4, Sum: 321]
      [Scan RS (ms): Min: 0.0, Avg: 0.0, Max: 0.0, Diff: 0.0, Sum: 0.2]
      [Code Root Scanning (ms): Min: 0.0, Avg: 0.0, Max: 0.0, Diff: 0.0, Sum: 0.0]
      [Object Copy (ms): Min: 1.8, Avg: 2.0, Max: 2.0, Diff: 0.2, Sum: 15.8]
      [Termination (ms): Min: 0.0, Avg: 0.0, Max: 0.0, Diff: 0.0, Sum: 0.0]
         [Termination Attempts: Min: 1, Avg: 1.6, Max: 3, Diff: 2, Sum: 13]
      [GC Worker Other (ms): Min: 0.0, Avg: 0.1, Max: 0.1, Diff: 0.1, Sum: 0.4]
      [GC Worker Total (ms): Min: 5.8, Avg: 5.8, Max: 5.9, Diff: 0.1, Sum: 46.7]
      [GC Worker End (ms): Min: 755984.1, Avg: 755984.1, Max: 755984.1, Diff: 0.1]
   [Code Root Fixup: 0.1 ms]
   [Code Root Purge: 0.0 ms]
   [Clear CT: 0.1 ms]
   [Other: 5.7 ms]
      [Choose CSet: 0.0 ms]
      [Ref Proc: 4.9 ms]
      [Ref Enq: 0.0 ms]
      [Redirty Cards: 0.1 ms]
      [Humongous Register: 0.1 ms]
      [Humongous Reclaim: 0.0 ms]
      [Free CSet: 0.1 ms]
   [Eden: 240.0M(240.0M)->0.0B(240.0M) Survivors: 16.0M->16.0M Heap: 285.5M(4096.0M)->45.5M(4096.0M)]
 [Times: user=0.05 sys=0.00, real=0.02 secs] 
2019-10-25T17:50:07.681+0530: 755.990: Total time for which application threads were stopped: 0.0129453 seconds, Stopping threads took: 0.0001243 seconds
2019-10-25T17:50:27.834+0530: 776.143: [GC pause (G1 Evacuation Pause) (young), 0.0117664 secs]
   [Parallel Time: 5.5 ms, GC Workers: 8]
      [GC Worker Start (ms): Min: 776143.0, Avg: 776143.0, Max: 776143.1, Diff: 0.1]
      [Ext Root Scanning (ms): Min: 0.4, Avg: 0.6, Max: 0.7, Diff: 0.2, Sum: 4.4]
      [Update RS (ms): Min: 3.2, Avg: 3.2, Max: 3.3, Diff: 0.1, Sum: 25.6]
         [Processed Buffers: Min: 37, Avg: 40.1, Max: 44, Diff: 7, Sum: 321]
      [Scan RS (ms): Min: 0.0, Avg: 0.0, Max: 0.0, Diff: 0.0, Sum: 0.2]
      [Code Root Scanning (ms): Min: 0.0, Avg: 0.0, Max: 0.0, Diff: 0.0, Sum: 0.0]
      [Object Copy (ms): Min: 1.4, Avg: 1.6, Max: 1.6, Diff: 0.2, Sum: 12.5]
      [Termination (ms): Min: 0.0, Avg: 0.0, Max: 0.0, Diff: 0.0, Sum: 0.0]
         [Termination Attempts: Min: 1, Avg: 1.6, Max: 3, Diff: 2, Sum: 13]
      [GC Worker Other (ms): Min: 0.0, Avg: 0.1, Max: 0.1, Diff: 0.1, Sum: 0.4]
      [GC Worker Total (ms): Min: 5.3, Avg: 5.4, Max: 5.5, Diff: 0.1, Sum: 43.2]
      [GC Worker End (ms): Min: 776148.4, Avg: 776148.4, Max: 776148.5, Diff: 0.1]
   [Code Root Fixup: 0.1 ms]
   [Code Root Purge: 0.0 ms]
   [Clear CT: 0.2 ms]
   [Other: 6.0 ms]
      [Choose CSet: 0.0 ms]
      [Ref Proc: 5.1 ms]
      [Ref Enq: 0.0 ms]
      [Redirty Cards: 0.1 ms]
      [Humongous Register: 0.1 ms]
      [Humongous Reclaim: 0.0 ms]
      [Free CSet: 0.1 ms]
   [Eden: 240.0M(240.0M)->0.0B(246.0M) Survivors: 16.0M->10.0M Heap: 285.5M(4096.0M)->39.5M(4096.0M)]
 [Times: user=0.04 sys=0.00, real=0.01 secs] 
2019-10-25T17:50:27.846+0530: 776.155: Total time for which application threads were stopped: 0.0127374 seconds, Stopping threads took: 0.0001387 seconds
2019-10-25T17:50:43.357+0530: 791.665: [GC pause (G1 Evacuation Pause) (young), 0.0114343 secs]
   [Parallel Time: 5.3 ms, GC Workers: 8]
      [GC Worker Start (ms): Min: 791665.7, Avg: 791665.7, Max: 791665.8, Diff: 0.1]
      [Ext Root Scanning (ms): Min: 0.5, Avg: 0.5, Max: 0.6, Diff: 0.1, Sum: 4.1]
      [Update RS (ms): Min: 3.2, Avg: 3.2, Max: 3.2, Diff: 0.1, Sum: 25.5]
         [Processed Buffers: Min: 38, Avg: 40.0, Max: 43, Diff: 5, Sum: 320]
      [Scan RS (ms): Min: 0.0, Avg: 0.0, Max: 0.0, Diff: 0.0, Sum: 0.2]
      [Code Root Scanning (ms): Min: 0.0, Avg: 0.0, Max: 0.0, Diff: 0.0, Sum: 0.0]
      [Object Copy (ms): Min: 1.3, Avg: 1.4, Max: 1.4, Diff: 0.1, Sum: 11.2]
      [Termination (ms): Min: 0.0, Avg: 0.0, Max: 0.0, Diff: 0.0, Sum: 0.1]
         [Termination Attempts: Min: 1, Avg: 22.9, Max: 29, Diff: 28, Sum: 183]
      [GC Worker Other (ms): Min: 0.0, Avg: 0.0, Max: 0.1, Diff: 0.1, Sum: 0.3]
      [GC Worker Total (ms): Min: 5.1, Avg: 5.2, Max: 5.2, Diff: 0.1, Sum: 41.4]
      [GC Worker End (ms): Min: 791670.9, Avg: 791670.9, Max: 791670.9, Diff: 0.1]
   [Code Root Fixup: 0.0 ms]
   [Code Root Purge: 0.0 ms]
   [Clear CT: 0.1 ms]
   [Other: 5.9 ms]
      [Choose CSet: 0.0 ms]
      [Ref Proc: 5.0 ms]
      [Ref Enq: 0.0 ms]
      [Redirty Cards: 0.1 ms]
      [Humongous Register: 0.1 ms]
      [Humongous Reclaim: 0.0 ms]
      [Free CSet: 0.1 ms]
   [Eden: 246.0M(246.0M)->0.0B(246.0M) Survivors: 10.0M->10.0M Heap: 285.5M(4096.0M)->39.5M(4096.0M)]
 [Times: user=0.04 sys=0.01, real=0.01 secs] 
2019-10-25T17:50:43.368+0530: 791.677: Total time for which application threads were stopped: 0.0122848 seconds, Stopping threads took: 0.0001232 seconds
2019-10-25T17:50:58.678+0530: 806.986: [GC pause (G1 Evacuation Pause) (young), 0.0118068 secs]
   [Parallel Time: 5.7 ms, GC Workers: 8]
      [GC Worker Start (ms): Min: 806986.8, Avg: 806986.8, Max: 806986.8, Diff: 0.1]
      [Ext Root Scanning (ms): Min: 0.5, Avg: 0.6, Max: 0.8, Diff: 0.2, Sum: 4.6]
      [Update RS (ms): Min: 3.2, Avg: 3.2, Max: 3.3, Diff: 0.1, Sum: 25.8]
         [Processed Buffers: Min: 37, Avg: 40.0, Max: 46, Diff: 9, Sum: 320]
      [Scan RS (ms): Min: 0.0, Avg: 0.0, Max: 0.0, Diff: 0.0, Sum: 0.2]
      [Code Root Scanning (ms): Min: 0.0, Avg: 0.0, Max: 0.0, Diff: 0.0, Sum: 0.0]
      [Object Copy (ms): Min: 1.6, Avg: 1.8, Max: 1.8, Diff: 0.2, Sum: 14.3]
      [Termination (ms): Min: 0.0, Avg: 0.0, Max: 0.0, Diff: 0.0, Sum: 0.0]
         [Termination Attempts: Min: 1, Avg: 1.4, Max: 3, Diff: 2, Sum: 11]
      [GC Worker Other (ms): Min: 0.0, Avg: 0.0, Max: 0.1, Diff: 0.0, Sum: 0.3]
      [GC Worker Total (ms): Min: 5.6, Avg: 5.6, Max: 5.7, Diff: 0.1, Sum: 45.1]
      [GC Worker End (ms): Min: 806992.4, Avg: 806992.4, Max: 806992.5, Diff: 0.0]
   [Code Root Fixup: 0.0 ms]
   [Code Root Purge: 0.0 ms]
   [Clear CT: 0.1 ms]
   [Other: 5.9 ms]
      [Choose CSet: 0.0 ms]
      [Ref Proc: 5.0 ms]
      [Ref Enq: 0.0 ms]
      [Redirty Cards: 0.1 ms]
      [Humongous Register: 0.1 ms]
      [Humongous Reclaim: 0.0 ms]
      [Free CSet: 0.1 ms]
   [Eden: 246.0M(246.0M)->0.0B(240.0M) Survivors: 10.0M->16.0M Heap: 285.5M(4096.0M)->44.5M(4096.0M)]
 [Times: user=0.05 sys=0.00, real=0.01 secs] 
2019-10-25T17:50:58.690+0530: 806.998: Total time for which application threads were stopped: 0.0128298 seconds, Stopping threads took: 0.0001075 seconds
2019-10-25T17:51:00.690+0530: 808.999: Total time for which application threads were stopped: 0.0005524 seconds, Stopping threads took: 0.0000850 seconds
2019-10-25T17:51:06.691+0530: 815.000: Total time for which application threads were stopped: 0.0005403 seconds, Stopping threads took: 0.0000798 seconds
2019-10-25T17:51:09.686+0530: 817.995: [GC pause (G1 Evacuation Pause) (young), 0.0115416 secs]
   [Parallel Time: 5.5 ms, GC Workers: 8]
      [GC Worker Start (ms): Min: 817995.1, Avg: 817995.2, Max: 817995.2, Diff: 0.1]
      [Ext Root Scanning (ms): Min: 0.5, Avg: 0.6, Max: 0.7, Diff: 0.2, Sum: 4.4]
      [Update RS (ms): Min: 3.2, Avg: 3.2, Max: 3.3, Diff: 0.1, Sum: 25.7]
         [Processed Buffers: Min: 38, Avg: 40.2, Max: 43, Diff: 5, Sum: 322]
      [Scan RS (ms): Min: 0.0, Avg: 0.0, Max: 0.0, Diff: 0.0, Sum: 0.1]
      [Code Root Scanning (ms): Min: 0.0, Avg: 0.0, Max: 0.0, Diff: 0.0, Sum: 0.0]
      [Object Copy (ms): Min: 1.4, Avg: 1.6, Max: 1.6, Diff: 0.2, Sum: 12.5]
      [Termination (ms): Min: 0.0, Avg: 0.0, Max: 0.0, Diff: 0.0, Sum: 0.0]
         [Termination Attempts: Min: 1, Avg: 1.5, Max: 3, Diff: 2, Sum: 12]
      [GC Worker Other (ms): Min: 0.0, Avg: 0.0, Max: 0.1, Diff: 0.1, Sum: 0.3]
      [GC Worker Total (ms): Min: 5.3, Avg: 5.4, Max: 5.5, Diff: 0.2, Sum: 43.1]
      [GC Worker End (ms): Min: 818000.5, Avg: 818000.6, Max: 818000.6, Diff: 0.1]
   [Code Root Fixup: 0.0 ms]
   [Code Root Purge: 0.0 ms]
   [Clear CT: 0.2 ms]
   [Other: 5.8 ms]
      [Choose CSet: 0.0 ms]
      [Ref Proc: 4.9 ms]
      [Ref Enq: 0.0 ms]
      [Redirty Cards: 0.1 ms]
      [Humongous Register: 0.1 ms]
      [Humongous Reclaim: 0.0 ms]
      [Free CSet: 0.1 ms]
   [Eden: 240.0M(240.0M)->0.0B(244.0M) Survivors: 16.0M->12.0M Heap: 284.5M(4096.0M)->40.5M(4096.0M)]
 [Times: user=0.04 sys=0.01, real=0.02 secs] 
2019-10-25T17:51:09.698+0530: 818.006: Total time for which application threads were stopped: 0.0124773 seconds, Stopping threads took: 0.0000971 seconds
2019-10-25T17:51:26.456+0530: 834.764: [GC pause (G1 Evacuation Pause) (young), 0.0118636 secs]
   [Parallel Time: 5.8 ms, GC Workers: 8]
      [GC Worker Start (ms): Min: 834764.7, Avg: 834764.7, Max: 834764.8, Diff: 0.1]
      [Ext Root Scanning (ms): Min: 0.5, Avg: 0.6, Max: 0.7, Diff: 0.2, Sum: 4.4]
      [Update RS (ms): Min: 3.2, Avg: 3.3, Max: 3.3, Diff: 0.1, Sum: 26.2]
         [Processed Buffers: Min: 37, Avg: 40.1, Max: 43, Diff: 6, Sum: 321]
      [Scan RS (ms): Min: 0.0, Avg: 0.0, Max: 0.0, Diff: 0.0, Sum: 0.1]
      [Code Root Scanning (ms): Min: 0.0, Avg: 0.0, Max: 0.0, Diff: 0.0, Sum: 0.0]
      [Object Copy (ms): Min: 1.6, Avg: 1.8, Max: 1.8, Diff: 0.2, Sum: 14.0]
      [Termination (ms): Min: 0.0, Avg: 0.0, Max: 0.0, Diff: 0.0, Sum: 0.0]
         [Termination Attempts: Min: 1, Avg: 2.1, Max: 3, Diff: 2, Sum: 17]
      [GC Worker Other (ms): Min: 0.0, Avg: 0.0, Max: 0.0, Diff: 0.0, Sum: 0.2]
      [GC Worker Total (ms): Min: 5.6, Avg: 5.6, Max: 5.7, Diff: 0.1, Sum: 44.9]
      [GC Worker End (ms): Min: 834770.3, Avg: 834770.3, Max: 834770.4, Diff: 0.0]
   [Code Root Fixup: 0.0 ms]
   [Code Root Purge: 0.0 ms]
   [Clear CT: 0.1 ms]
   [Other: 5.9 ms]
      [Choose CSet: 0.0 ms]
      [Ref Proc: 5.0 ms]
      [Ref Enq: 0.0 ms]
      [Redirty Cards: 0.1 ms]
      [Humongous Register: 0.1 ms]
      [Humongous Reclaim: 0.0 ms]
      [Free CSet: 0.1 ms]
   [Eden: 244.0M(244.0M)->0.0B(244.0M) Survivors: 12.0M->12.0M Heap: 284.5M(4096.0M)->41.5M(4096.0M)]
 [Times: user=0.05 sys=0.00, real=0.01 secs] 
2019-10-25T17:51:26.468+0530: 834.776: Total time for which application threads were stopped: 0.0128026 seconds, Stopping threads took: 0.0001048 seconds
2019-10-25T17:51:39.548+0530: 847.857: [GC pause (G1 Evacuation Pause) (young), 0.0118547 secs]
   [Parallel Time: 5.8 ms, GC Workers: 8]
      [GC Worker Start (ms): Min: 847857.4, Avg: 847857.4, Max: 847857.5, Diff: 0.1]
      [Ext Root Scanning (ms): Min: 0.5, Avg: 0.6, Max: 0.7, Diff: 0.3, Sum: 4.6]
      [Update RS (ms): Min: 3.2, Avg: 3.2, Max: 3.2, Diff: 0.1, Sum: 25.5]
         [Processed Buffers: Min: 38, Avg: 40.1, Max: 43, Diff: 5, Sum: 321]
      [Scan RS (ms): Min: 0.0, Avg: 0.0, Max: 0.0, Diff: 0.0, Sum: 0.2]
      [Code Root Scanning (ms): Min: 0.0, Avg: 0.0, Max: 0.0, Diff: 0.0, Sum: 0.0]
      [Object Copy (ms): Min: 1.7, Avg: 1.8, Max: 1.9, Diff: 0.2, Sum: 14.4]
      [Termination (ms): Min: 0.0, Avg: 0.0, Max: 0.0, Diff: 0.0, Sum: 0.0]
         [Termination Attempts: Min: 1, Avg: 1.4, Max: 2, Diff: 1, Sum: 11]
      [GC Worker Other (ms): Min: 0.0, Avg: 0.0, Max: 0.1, Diff: 0.1, Sum: 0.3]
      [GC Worker Total (ms): Min: 5.6, Avg: 5.6, Max: 5.7, Diff: 0.1, Sum: 45.0]
      [GC Worker End (ms): Min: 847863.0, Avg: 847863.0, Max: 847863.1, Diff: 0.1]
   [Code Root Fixup: 0.0 ms]
   [Code Root Purge: 0.0 ms]
   [Clear CT: 0.1 ms]
   [Other: 5.9 ms]
      [Choose CSet: 0.0 ms]
      [Ref Proc: 5.0 ms]
      [Ref Enq: 0.0 ms]
      [Redirty Cards: 0.1 ms]
      [Humongous Register: 0.1 ms]
      [Humongous Reclaim: 0.0 ms]
      [Free CSet: 0.1 ms]
   [Eden: 244.0M(244.0M)->0.0B(244.0M) Survivors: 12.0M->12.0M Heap: 285.5M(4096.0M)->40.5M(4096.0M)]
 [Times: user=0.05 sys=0.00, real=0.02 secs] 
2019-10-25T17:51:39.560+0530: 847.869: Total time for which application threads were stopped: 0.0127986 seconds, Stopping threads took: 0.0000946 seconds
2019-10-25T17:51:51.732+0530: 860.041: [GC pause (G1 Evacuation Pause) (young), 0.0115811 secs]
   [Parallel Time: 5.5 ms, GC Workers: 8]
      [GC Worker Start (ms): Min: 860040.9, Avg: 860040.9, Max: 860041.0, Diff: 0.1]
      [Ext Root Scanning (ms): Min: 0.5, Avg: 0.5, Max: 0.6, Diff: 0.2, Sum: 4.1]
      [Update RS (ms): Min: 3.2, Avg: 3.2, Max: 3.3, Diff: 0.1, Sum: 25.8]
         [Processed Buffers: Min: 38, Avg: 40.4, Max: 43, Diff: 5, Sum: 323]
      [Scan RS (ms): Min: 0.0, Avg: 0.0, Max: 0.0, Diff: 0.0, Sum: 0.2]
      [Code Root Scanning (ms): Min: 0.0, Avg: 0.0, Max: 0.0, Diff: 0.0, Sum: 0.0]
      [Object Copy (ms): Min: 1.5, Avg: 1.6, Max: 1.6, Diff: 0.2, Sum: 12.6]
      [Termination (ms): Min: 0.0, Avg: 0.0, Max: 0.0, Diff: 0.0, Sum: 0.1]
         [Termination Attempts: Min: 1, Avg: 7.9, Max: 11, Diff: 10, Sum: 63]
      [GC Worker Other (ms): Min: 0.0, Avg: 0.0, Max: 0.1, Diff: 0.0, Sum: 0.2]
      [GC Worker Total (ms): Min: 5.3, Avg: 5.4, Max: 5.4, Diff: 0.1, Sum: 42.9]
      [GC Worker End (ms): Min: 860046.3, Avg: 860046.3, Max: 860046.3, Diff: 0.0]
   [Code Root Fixup: 0.0 ms]
   [Code Root Purge: 0.0 ms]
   [Clear CT: 0.1 ms]
   [Other: 5.9 ms]
      [Choose CSet: 0.0 ms]
      [Ref Proc: 5.0 ms]
      [Ref Enq: 0.0 ms]
      [Redirty Cards: 0.1 ms]
      [Humongous Register: 0.1 ms]
      [Humongous Reclaim: 0.0 ms]
      [Free CSet: 0.1 ms]
   [Eden: 244.0M(244.0M)->0.0B(246.0M) Survivors: 12.0M->10.0M Heap: 284.5M(4096.0M)->39.5M(4096.0M)]
 [Times: user=0.05 sys=0.00, real=0.01 secs] 
2019-10-25T17:51:51.744+0530: 860.052: Total time for which application threads were stopped: 0.0124326 seconds, Stopping threads took: 0.0000896 seconds
2019-10-25T17:52:05.628+0530: 873.937: [GC pause (G1 Evacuation Pause) (young), 0.0115551 secs]
   [Parallel Time: 5.3 ms, GC Workers: 8]
      [GC Worker Start (ms): Min: 873937.3, Avg: 873937.3, Max: 873937.4, Diff: 0.1]
      [Ext Root Scanning (ms): Min: 0.4, Avg: 0.5, Max: 0.6, Diff: 0.2, Sum: 4.1]
      [Update RS (ms): Min: 3.2, Avg: 3.2, Max: 3.3, Diff: 0.1, Sum: 25.7]
         [Processed Buffers: Min: 36, Avg: 40.1, Max: 46, Diff: 10, Sum: 321]
      [Scan RS (ms): Min: 0.0, Avg: 0.0, Max: 0.0, Diff: 0.0, Sum: 0.2]
      [Code Root Scanning (ms): Min: 0.0, Avg: 0.0, Max: 0.0, Diff: 0.0, Sum: 0.0]
      [Object Copy (ms): Min: 1.3, Avg: 1.4, Max: 1.4, Diff: 0.2, Sum: 10.9]
      [Termination (ms): Min: 0.0, Avg: 0.0, Max: 0.0, Diff: 0.0, Sum: 0.0]
         [Termination Attempts: Min: 1, Avg: 7.2, Max: 11, Diff: 10, Sum: 58]
      [GC Worker Other (ms): Min: 0.0, Avg: 0.0, Max: 0.1, Diff: 0.0, Sum: 0.3]
      [GC Worker Total (ms): Min: 5.1, Avg: 5.1, Max: 5.2, Diff: 0.1, Sum: 41.1]
      [GC Worker End (ms): Min: 873942.5, Avg: 873942.5, Max: 873942.5, Diff: 0.0]
   [Code Root Fixup: 0.1 ms]
   [Code Root Purge: 0.0 ms]
   [Clear CT: 0.2 ms]
   [Other: 6.1 ms]
      [Choose CSet: 0.0 ms]
      [Ref Proc: 5.1 ms]
      [Ref Enq: 0.0 ms]
      [Redirty Cards: 0.1 ms]
      [Humongous Register: 0.1 ms]
      [Humongous Reclaim: 0.0 ms]
      [Free CSet: 0.1 ms]
   [Eden: 246.0M(246.0M)->0.0B(244.0M) Survivors: 10.0M->12.0M Heap: 285.5M(4096.0M)->40.4M(4096.0M)]
 [Times: user=0.05 sys=0.00, real=0.02 secs] 
2019-10-25T17:52:05.640+0530: 873.949: Total time for which application threads were stopped: 0.0123778 seconds, Stopping threads took: 0.0000972 seconds
2019-10-25T17:52:16.924+0530: 885.232: [GC pause (G1 Evacuation Pause) (young), 0.0116827 secs]
   [Parallel Time: 5.6 ms, GC Workers: 8]
      [GC Worker Start (ms): Min: 885232.9, Avg: 885232.9, Max: 885233.0, Diff: 0.1]
      [Ext Root Scanning (ms): Min: 0.5, Avg: 0.6, Max: 0.7, Diff: 0.3, Sum: 4.5]
      [Update RS (ms): Min: 3.1, Avg: 3.2, Max: 3.3, Diff: 0.1, Sum: 25.8]
         [Processed Buffers: Min: 38, Avg: 40.1, Max: 45, Diff: 7, Sum: 321]
      [Scan RS (ms): Min: 0.0, Avg: 0.0, Max: 0.0, Diff: 0.0, Sum: 0.2]
      [Code Root Scanning (ms): Min: 0.0, Avg: 0.0, Max: 0.0, Diff: 0.0, Sum: 0.0]
      [Object Copy (ms): Min: 1.5, Avg: 1.6, Max: 1.7, Diff: 0.2, Sum: 13.1]
      [Termination (ms): Min: 0.0, Avg: 0.0, Max: 0.0, Diff: 0.0, Sum: 0.0]
         [Termination Attempts: Min: 1, Avg: 4.9, Max: 7, Diff: 6, Sum: 39]
      [GC Worker Other (ms): Min: 0.0, Avg: 0.0, Max: 0.1, Diff: 0.0, Sum: 0.3]
      [GC Worker Total (ms): Min: 5.4, Avg: 5.5, Max: 5.5, Diff: 0.1, Sum: 43.9]
      [GC Worker End (ms): Min: 885238.4, Avg: 885238.4, Max: 885238.4, Diff: 0.0]
   [Code Root Fixup: 0.0 ms]
   [Code Root Purge: 0.0 ms]
   [Clear CT: 0.2 ms]
   [Other: 5.9 ms]
      [Choose CSet: 0.0 ms]
      [Ref Proc: 4.9 ms]
      [Ref Enq: 0.0 ms]
      [Redirty Cards: 0.1 ms]
      [Humongous Register: 0.1 ms]
      [Humongous Reclaim: 0.0 ms]
      [Free CSet: 0.1 ms]
   [Eden: 244.0M(244.0M)->0.0B(244.0M) Survivors: 12.0M->12.0M Heap: 284.4M(4096.0M)->41.0M(4096.0M)]
 [Times: user=0.05 sys=0.00, real=0.01 secs] 
2019-10-25T17:52:16.936+0530: 885.244: Total time for which application threads were stopped: 0.0126831 seconds, Stopping threads took: 0.0001113 seconds
2019-10-25T17:52:34.230+0530: 902.539: [GC pause (G1 Evacuation Pause) (young), 0.0120913 secs]
   [Parallel Time: 5.9 ms, GC Workers: 8]
      [GC Worker Start (ms): Min: 902539.2, Avg: 902539.3, Max: 902539.3, Diff: 0.1]
      [Ext Root Scanning (ms): Min: 0.5, Avg: 0.6, Max: 0.8, Diff: 0.3, Sum: 4.8]
      [Update RS (ms): Min: 3.2, Avg: 3.3, Max: 3.3, Diff: 0.1, Sum: 26.0]
         [Processed Buffers: Min: 38, Avg: 40.1, Max: 45, Diff: 7, Sum: 321]
      [Scan RS (ms): Min: 0.0, Avg: 0.0, Max: 0.0, Diff: 0.0, Sum: 0.2]
      [Code Root Scanning (ms): Min: 0.0, Avg: 0.0, Max: 0.0, Diff: 0.0, Sum: 0.0]
      [Object Copy (ms): Min: 1.7, Avg: 1.9, Max: 1.9, Diff: 0.2, Sum: 14.9]
      [Termination (ms): Min: 0.0, Avg: 0.0, Max: 0.0, Diff: 0.0, Sum: 0.0]
         [Termination Attempts: Min: 1, Avg: 1.8, Max: 4, Diff: 3, Sum: 14]
      [GC Worker Other (ms): Min: 0.0, Avg: 0.0, Max: 0.1, Diff: 0.1, Sum: 0.4]
      [GC Worker Total (ms): Min: 5.7, Avg: 5.8, Max: 5.8, Diff: 0.1, Sum: 46.2]
      [GC Worker End (ms): Min: 902545.0, Avg: 902545.1, Max: 902545.1, Diff: 0.1]
   [Code Root Fixup: 0.0 ms]
   [Code Root Purge: 0.0 ms]
   [Clear CT: 0.1 ms]
   [Other: 6.0 ms]
      [Choose CSet: 0.0 ms]
      [Ref Proc: 5.0 ms]
      [Ref Enq: 0.0 ms]
      [Redirty Cards: 0.1 ms]
      [Humongous Register: 0.1 ms]
      [Humongous Reclaim: 0.0 ms]
      [Free CSet: 0.1 ms]
   [Eden: 244.0M(244.0M)->0.0B(240.0M) Survivors: 12.0M->16.0M Heap: 285.0M(4096.0M)->44.5M(4096.0M)]
 [Times: user=0.05 sys=0.01, real=0.01 secs] 
2019-10-25T17:52:34.242+0530: 902.551: Total time for which application threads were stopped: 0.0131307 seconds, Stopping threads took: 0.0001335 seconds
2019-10-25T17:52:47.880+0530: 916.188: [GC pause (G1 Evacuation Pause) (young), 0.0116954 secs]
   [Parallel Time: 5.8 ms, GC Workers: 8]
      [GC Worker Start (ms): Min: 916188.7, Avg: 916188.7, Max: 916188.8, Diff: 0.1]
      [Ext Root Scanning (ms): Min: 0.5, Avg: 0.6, Max: 0.8, Diff: 0.2, Sum: 4.5]
      [Update RS (ms): Min: 3.2, Avg: 3.2, Max: 3.3, Diff: 0.1, Sum: 26.0]
         [Processed Buffers: Min: 38, Avg: 40.2, Max: 43, Diff: 5, Sum: 322]
      [Scan RS (ms): Min: 0.0, Avg: 0.0, Max: 0.0, Diff: 0.0, Sum: 0.2]
      [Code Root Scanning (ms): Min: 0.0, Avg: 0.0, Max: 0.0, Diff: 0.0, Sum: 0.0]
      [Object Copy (ms): Min: 1.6, Avg: 1.8, Max: 1.8, Diff: 0.2, Sum: 14.4]
      [Termination (ms): Min: 0.0, Avg: 0.0, Max: 0.0, Diff: 0.0, Sum: 0.0]
         [Termination Attempts: Min: 1, Avg: 2.6, Max: 7, Diff: 6, Sum: 21]
      [GC Worker Other (ms): Min: 0.0, Avg: 0.0, Max: 0.1, Diff: 0.1, Sum: 0.3]
      [GC Worker Total (ms): Min: 5.7, Avg: 5.7, Max: 5.7, Diff: 0.1, Sum: 45.5]
      [GC Worker End (ms): Min: 916194.4, Avg: 916194.4, Max: 916194.5, Diff: 0.1]
   [Code Root Fixup: 0.0 ms]
   [Code Root Purge: 0.0 ms]
   [Clear CT: 0.1 ms]
   [Other: 5.7 ms]
      [Choose CSet: 0.0 ms]
      [Ref Proc: 4.8 ms]
      [Ref Enq: 0.0 ms]
      [Redirty Cards: 0.1 ms]
      [Humongous Register: 0.1 ms]
      [Humongous Reclaim: 0.0 ms]
      [Free CSet: 0.1 ms]
   [Eden: 240.0M(240.0M)->0.0B(240.0M) Survivors: 16.0M->16.0M Heap: 284.5M(4096.0M)->44.6M(4096.0M)]
 [Times: user=0.05 sys=0.00, real=0.01 secs] 
2019-10-25T17:52:47.891+0530: 916.200: Total time for which application threads were stopped: 0.0126679 seconds, Stopping threads took: 0.0001135 seconds
2019-10-25T17:53:08.405+0530: 936.714: [GC pause (G1 Evacuation Pause) (young), 0.0116070 secs]
   [Parallel Time: 5.8 ms, GC Workers: 8]
      [GC Worker Start (ms): Min: 936714.5, Avg: 936714.5, Max: 936714.6, Diff: 0.1]
      [Ext Root Scanning (ms): Min: 0.5, Avg: 0.6, Max: 0.8, Diff: 0.3, Sum: 4.8]
      [Update RS (ms): Min: 3.2, Avg: 3.3, Max: 3.3, Diff: 0.1, Sum: 26.1]
         [Processed Buffers: Min: 37, Avg: 40.2, Max: 42, Diff: 5, Sum: 322]
      [Scan RS (ms): Min: 0.0, Avg: 0.0, Max: 0.0, Diff: 0.0, Sum: 0.1]
      [Code Root Scanning (ms): Min: 0.0, Avg: 0.0, Max: 0.0, Diff: 0.0, Sum: 0.0]
      [Object Copy (ms): Min: 1.6, Avg: 1.8, Max: 1.8, Diff: 0.2, Sum: 14.1]
      [Termination (ms): Min: 0.0, Avg: 0.0, Max: 0.0, Diff: 0.0, Sum: 0.0]
         [Termination Attempts: Min: 1, Avg: 1.9, Max: 3, Diff: 2, Sum: 15]
      [GC Worker Other (ms): Min: 0.0, Avg: 0.0, Max: 0.1, Diff: 0.1, Sum: 0.3]
      [GC Worker Total (ms): Min: 5.6, Avg: 5.7, Max: 5.7, Diff: 0.1, Sum: 45.3]
      [GC Worker End (ms): Min: 936720.2, Avg: 936720.2, Max: 936720.2, Diff: 0.1]
   [Code Root Fixup: 0.0 ms]
   [Code Root Purge: 0.0 ms]
   [Clear CT: 0.1 ms]
   [Other: 5.6 ms]
      [Choose CSet: 0.0 ms]
      [Ref Proc: 4.8 ms]
      [Ref Enq: 0.0 ms]
      [Redirty Cards: 0.1 ms]
      [Humongous Register: 0.1 ms]
      [Humongous Reclaim: 0.0 ms]
      [Free CSet: 0.1 ms]
   [Eden: 240.0M(240.0M)->0.0B(240.0M) Survivors: 16.0M->16.0M Heap: 284.6M(4096.0M)->45.6M(4096.0M)]
 [Times: user=0.05 sys=0.00, real=0.01 secs] 
2019-10-25T17:53:08.417+0530: 936.726: Total time for which application threads were stopped: 0.0126838 seconds, Stopping threads took: 0.0001139 seconds
2019-10-25T17:53:26.397+0530: 954.705: [GC pause (G1 Evacuation Pause) (young), 0.0120105 secs]
   [Parallel Time: 6.1 ms, GC Workers: 8]
      [GC Worker Start (ms): Min: 954705.6, Avg: 954705.7, Max: 954705.7, Diff: 0.1]
      [Ext Root Scanning (ms): Min: 0.5, Avg: 0.6, Max: 0.9, Diff: 0.3, Sum: 5.0]
      [Update RS (ms): Min: 3.2, Avg: 3.2, Max: 3.3, Diff: 0.1, Sum: 25.7]
         [Processed Buffers: Min: 38, Avg: 40.2, Max: 43, Diff: 5, Sum: 322]
      [Scan RS (ms): Min: 0.0, Avg: 0.0, Max: 0.0, Diff: 0.0, Sum: 0.1]
      [Code Root Scanning (ms): Min: 0.0, Avg: 0.0, Max: 0.0, Diff: 0.0, Sum: 0.0]
      [Object Copy (ms): Min: 1.9, Avg: 2.1, Max: 2.2, Diff: 0.3, Sum: 16.9]
      [Termination (ms): Min: 0.0, Avg: 0.0, Max: 0.0, Diff: 0.0, Sum: 0.0]
         [Termination Attempts: Min: 1, Avg: 1.8, Max: 3, Diff: 2, Sum: 14]
      [GC Worker Other (ms): Min: 0.0, Avg: 0.0, Max: 0.1, Diff: 0.1, Sum: 0.3]
      [GC Worker Total (ms): Min: 6.0, Avg: 6.0, Max: 6.1, Diff: 0.1, Sum: 48.0]
      [GC Worker End (ms): Min: 954711.6, Avg: 954711.7, Max: 954711.7, Diff: 0.1]
   [Code Root Fixup: 0.1 ms]
   [Code Root Purge: 0.0 ms]
   [Clear CT: 0.1 ms]
   [Other: 5.7 ms]
      [Choose CSet: 0.0 ms]
      [Ref Proc: 4.8 ms]
      [Ref Enq: 0.0 ms]
      [Redirty Cards: 0.1 ms]
      [Humongous Register: 0.1 ms]
      [Humongous Reclaim: 0.0 ms]
      [Free CSet: 0.1 ms]
   [Eden: 240.0M(240.0M)->0.0B(240.0M) Survivors: 16.0M->16.0M Heap: 285.6M(4096.0M)->44.6M(4096.0M)]
 [Times: user=0.05 sys=0.00, real=0.01 secs] 
2019-10-25T17:53:26.409+0530: 954.717: Total time for which application threads were stopped: 0.0131355 seconds, Stopping threads took: 0.0001378 seconds
2019-10-25T17:53:30.410+0530: 958.718: Total time for which application threads were stopped: 0.0006383 seconds, Stopping threads took: 0.0000855 seconds
2019-10-25T17:53:41.953+0530: 970.262: [GC pause (G1 Evacuation Pause) (young), 0.0115557 secs]
   [Parallel Time: 5.5 ms, GC Workers: 8]
      [GC Worker Start (ms): Min: 970262.6, Avg: 970262.6, Max: 970262.6, Diff: 0.1]
      [Ext Root Scanning (ms): Min: 0.5, Avg: 0.5, Max: 0.7, Diff: 0.2, Sum: 4.2]
      [Update RS (ms): Min: 3.2, Avg: 3.2, Max: 3.3, Diff: 0.1, Sum: 25.8]
         [Processed Buffers: Min: 37, Avg: 40.2, Max: 42, Diff: 5, Sum: 322]
      [Scan RS (ms): Min: 0.0, Avg: 0.0, Max: 0.0, Diff: 0.0, Sum: 0.2]
      [Code Root Scanning (ms): Min: 0.0, Avg: 0.0, Max: 0.0, Diff: 0.0, Sum: 0.0]
      [Object Copy (ms): Min: 1.4, Avg: 1.6, Max: 1.6, Diff: 0.2, Sum: 12.5]
      [Termination (ms): Min: 0.0, Avg: 0.0, Max: 0.0, Diff: 0.0, Sum: 0.0]
         [Termination Attempts: Min: 1, Avg: 3.8, Max: 5, Diff: 4, Sum: 30]
      [GC Worker Other (ms): Min: 0.0, Avg: 0.0, Max: 0.1, Diff: 0.1, Sum: 0.3]
      [GC Worker Total (ms): Min: 5.3, Avg: 5.4, Max: 5.5, Diff: 0.1, Sum: 43.0]
      [GC Worker End (ms): Min: 970267.9, Avg: 970268.0, Max: 970268.0, Diff: 0.1]
   [Code Root Fixup: 0.0 ms]
   [Code Root Purge: 0.0 ms]
   [Clear CT: 0.1 ms]
   [Other: 5.9 ms]
      [Choose CSet: 0.0 ms]
      [Ref Proc: 5.0 ms]
      [Ref Enq: 0.0 ms]
      [Redirty Cards: 0.1 ms]
      [Humongous Register: 0.1 ms]
      [Humongous Reclaim: 0.0 ms]
      [Free CSet: 0.1 ms]
   [Eden: 240.0M(240.0M)->0.0B(246.0M) Survivors: 16.0M->10.0M Heap: 284.6M(4096.0M)->39.6M(4096.0M)]
 [Times: user=0.05 sys=0.00, real=0.01 secs] 
2019-10-25T17:53:41.965+0530: 970.274: Total time for which application threads were stopped: 0.0125248 seconds, Stopping threads took: 0.0000898 seconds
2019-10-25T17:53:53.901+0530: 982.210: [GC pause (G1 Evacuation Pause) (young), 0.0119329 secs]
   [Parallel Time: 5.9 ms, GC Workers: 8]
      [GC Worker Start (ms): Min: 982210.2, Avg: 982210.2, Max: 982210.3, Diff: 0.1]
      [Ext Root Scanning (ms): Min: 0.5, Avg: 0.6, Max: 0.8, Diff: 0.3, Sum: 4.7]
      [Update RS (ms): Min: 3.2, Avg: 3.2, Max: 3.3, Diff: 0.1, Sum: 25.9]
         [Processed Buffers: Min: 38, Avg: 40.0, Max: 43, Diff: 5, Sum: 320]
      [Scan RS (ms): Min: 0.0, Avg: 0.0, Max: 0.0, Diff: 0.0, Sum: 0.1]
      [Code Root Scanning (ms): Min: 0.0, Avg: 0.0, Max: 0.0, Diff: 0.0, Sum: 0.0]
      [Object Copy (ms): Min: 1.6, Avg: 1.8, Max: 1.9, Diff: 0.2, Sum: 14.4]
      [Termination (ms): Min: 0.0, Avg: 0.0, Max: 0.0, Diff: 0.0, Sum: 0.0]
         [Termination Attempts: Min: 1, Avg: 1.1, Max: 2, Diff: 1, Sum: 9]
      [GC Worker Other (ms): Min: 0.0, Avg: 0.0, Max: 0.1, Diff: 0.1, Sum: 0.3]
      [GC Worker Total (ms): Min: 5.6, Avg: 5.7, Max: 5.7, Diff: 0.1, Sum: 45.4]
      [GC Worker End (ms): Min: 982215.9, Avg: 982215.9, Max: 982215.9, Diff: 0.1]
   [Code Root Fixup: 0.0 ms]
   [Code Root Purge: 0.0 ms]
   [Clear CT: 0.2 ms]
   [Other: 5.9 ms]
      [Choose CSet: 0.0 ms]
      [Ref Proc: 5.0 ms]
      [Ref Enq: 0.0 ms]
      [Redirty Cards: 0.1 ms]
      [Humongous Register: 0.1 ms]
      [Humongous Reclaim: 0.0 ms]
      [Free CSet: 0.1 ms]
   [Eden: 246.0M(246.0M)->0.0B(242.0M) Survivors: 10.0M->14.0M Heap: 285.6M(4096.0M)->43.6M(4096.0M)]
 [Times: user=0.05 sys=0.01, real=0.01 secs] 
2019-10-25T17:53:53.913+0530: 982.222: Total time for which application threads were stopped: 0.0129806 seconds, Stopping threads took: 0.0001338 seconds
2019-10-25T17:54:06.438+0530: 994.747: [GC pause (G1 Evacuation Pause) (young), 0.0116493 secs]
   [Parallel Time: 5.6 ms, GC Workers: 8]
      [GC Worker Start (ms): Min: 994747.5, Avg: 994747.5, Max: 994747.5, Diff: 0.1]
      [Ext Root Scanning (ms): Min: 0.5, Avg: 0.5, Max: 0.6, Diff: 0.2, Sum: 4.2]
      [Update RS (ms): Min: 3.2, Avg: 3.3, Max: 3.3, Diff: 0.1, Sum: 26.1]
         [Processed Buffers: Min: 38, Avg: 40.2, Max: 42, Diff: 4, Sum: 322]
      [Scan RS (ms): Min: 0.0, Avg: 0.0, Max: 0.0, Diff: 0.0, Sum: 0.2]
      [Code Root Scanning (ms): Min: 0.0, Avg: 0.0, Max: 0.0, Diff: 0.0, Sum: 0.0]
      [Object Copy (ms): Min: 1.5, Avg: 1.7, Max: 1.7, Diff: 0.2, Sum: 13.4]
      [Termination (ms): Min: 0.0, Avg: 0.0, Max: 0.0, Diff: 0.0, Sum: 0.0]
         [Termination Attempts: Min: 1, Avg: 5.6, Max: 9, Diff: 8, Sum: 45]
      [GC Worker Other (ms): Min: 0.0, Avg: 0.0, Max: 0.1, Diff: 0.0, Sum: 0.2]
      [GC Worker Total (ms): Min: 5.5, Avg: 5.5, Max: 5.6, Diff: 0.1, Sum: 44.1]
      [GC Worker End (ms): Min: 994753.0, Avg: 994753.0, Max: 994753.0, Diff: 0.0]
   [Code Root Fixup: 0.0 ms]
   [Code Root Purge: 0.0 ms]
   [Clear CT: 0.1 ms]
   [Other: 5.9 ms]
      [Choose CSet: 0.0 ms]
      [Ref Proc: 5.0 ms]
      [Ref Enq: 0.0 ms]
      [Redirty Cards: 0.1 ms]
      [Humongous Register: 0.1 ms]
      [Humongous Reclaim: 0.0 ms]
      [Free CSet: 0.1 ms]
   [Eden: 242.0M(242.0M)->0.0B(246.0M) Survivors: 14.0M->10.0M Heap: 285.6M(4096.0M)->39.7M(4096.0M)]
 [Times: user=0.05 sys=0.01, real=0.01 secs] 
2019-10-25T17:54:06.450+0530: 994.759: Total time for which application threads were stopped: 0.0125134 seconds, Stopping threads took: 0.0000871 seconds
2019-10-25T17:54:20.431+0530: 1008.740: [GC pause (G1 Evacuation Pause) (young), 0.0113114 secs]
   [Parallel Time: 5.3 ms, GC Workers: 8]
      [GC Worker Start (ms): Min: 1008740.2, Avg: 1008740.2, Max: 1008740.3, Diff: 0.1]
      [Ext Root Scanning (ms): Min: 0.4, Avg: 0.5, Max: 0.6, Diff: 0.2, Sum: 3.8]
      [Update RS (ms): Min: 3.2, Avg: 3.2, Max: 3.3, Diff: 0.1, Sum: 25.9]
         [Processed Buffers: Min: 39, Avg: 40.2, Max: 44, Diff: 5, Sum: 322]
      [Scan RS (ms): Min: 0.0, Avg: 0.0, Max: 0.0, Diff: 0.0, Sum: 0.2]
      [Code Root Scanning (ms): Min: 0.0, Avg: 0.0, Max: 0.0, Diff: 0.0, Sum: 0.0]
      [Object Copy (ms): Min: 1.3, Avg: 1.4, Max: 1.4, Diff: 0.1, Sum: 10.9]
      [Termination (ms): Min: 0.0, Avg: 0.0, Max: 0.0, Diff: 0.0, Sum: 0.1]
         [Termination Attempts: Min: 1, Avg: 16.0, Max: 21, Diff: 20, Sum: 128]
      [GC Worker Other (ms): Min: 0.0, Avg: 0.0, Max: 0.1, Diff: 0.0, Sum: 0.2]
      [GC Worker Total (ms): Min: 5.1, Avg: 5.1, Max: 5.2, Diff: 0.1, Sum: 41.0]
      [GC Worker End (ms): Min: 1008745.3, Avg: 1008745.4, Max: 1008745.4, Diff: 0.0]
   [Code Root Fixup: 0.0 ms]
   [Code Root Purge: 0.0 ms]
   [Clear CT: 0.2 ms]
   [Other: 5.8 ms]
      [Choose CSet: 0.0 ms]
      [Ref Proc: 5.0 ms]
      [Ref Enq: 0.0 ms]
      [Redirty Cards: 0.1 ms]
      [Humongous Register: 0.1 ms]
      [Humongous Reclaim: 0.0 ms]
      [Free CSet: 0.1 ms]
   [Eden: 246.0M(246.0M)->0.0B(244.0M) Survivors: 10.0M->12.0M Heap: 285.7M(4096.0M)->40.6M(4096.0M)]
 [Times: user=0.05 sys=0.00, real=0.01 secs] 
2019-10-25T17:54:20.443+0530: 1008.751: Total time for which application threads were stopped: 0.0121010 seconds, Stopping threads took: 0.0001247 seconds
2019-10-25T17:54:33.308+0530: 1021.617: [GC pause (G1 Evacuation Pause) (young), 0.0112971 secs]
   [Parallel Time: 5.2 ms, GC Workers: 8]
      [GC Worker Start (ms): Min: 1021617.2, Avg: 1021617.3, Max: 1021617.3, Diff: 0.1]
      [Ext Root Scanning (ms): Min: 0.4, Avg: 0.5, Max: 0.6, Diff: 0.2, Sum: 4.0]
      [Update RS (ms): Min: 3.2, Avg: 3.2, Max: 3.3, Diff: 0.1, Sum: 25.7]
         [Processed Buffers: Min: 37, Avg: 40.0, Max: 44, Diff: 7, Sum: 320]
      [Scan RS (ms): Min: 0.0, Avg: 0.0, Max: 0.0, Diff: 0.0, Sum: 0.1]
      [Code Root Scanning (ms): Min: 0.0, Avg: 0.0, Max: 0.0, Diff: 0.0, Sum: 0.0]
      [Object Copy (ms): Min: 1.2, Avg: 1.3, Max: 1.3, Diff: 0.1, Sum: 10.3]
      [Termination (ms): Min: 0.0, Avg: 0.0, Max: 0.0, Diff: 0.0, Sum: 0.0]
         [Termination Attempts: Min: 1, Avg: 8.8, Max: 14, Diff: 13, Sum: 70]
      [GC Worker Other (ms): Min: 0.0, Avg: 0.0, Max: 0.1, Diff: 0.1, Sum: 0.3]
      [GC Worker Total (ms): Min: 5.0, Avg: 5.1, Max: 5.1, Diff: 0.1, Sum: 40.5]
      [GC Worker End (ms): Min: 1021622.3, Avg: 1021622.3, Max: 1021622.4, Diff: 0.1]
   [Code Root Fixup: 0.0 ms]
   [Code Root Purge: 0.0 ms]
   [Clear CT: 0.2 ms]
   [Other: 5.9 ms]
      [Choose CSet: 0.0 ms]
      [Ref Proc: 5.0 ms]
      [Ref Enq: 0.0 ms]
      [Redirty Cards: 0.1 ms]
      [Humongous Register: 0.1 ms]
      [Humongous Reclaim: 0.0 ms]
      [Free CSet: 0.1 ms]
   [Eden: 244.0M(244.0M)->0.0B(248.0M) Survivors: 12.0M->8192.0K Heap: 284.6M(4096.0M)->37.4M(4096.0M)]
 [Times: user=0.05 sys=0.00, real=0.02 secs] 
2019-10-25T17:54:33.320+0530: 1021.628: Total time for which application threads were stopped: 0.0121067 seconds, Stopping threads took: 0.0000857 seconds
2019-10-25T17:54:45.595+0530: 1033.904: [GC pause (G1 Evacuation Pause) (young), 0.0118473 secs]
   [Parallel Time: 5.9 ms, GC Workers: 8]
      [GC Worker Start (ms): Min: 1033903.9, Avg: 1033903.9, Max: 1033904.0, Diff: 0.1]
      [Ext Root Scanning (ms): Min: 0.5, Avg: 0.6, Max: 0.8, Diff: 0.3, Sum: 4.6]
      [Update RS (ms): Min: 3.2, Avg: 3.2, Max: 3.3, Diff: 0.1, Sum: 25.8]
         [Processed Buffers: Min: 37, Avg: 40.0, Max: 44, Diff: 7, Sum: 320]
      [Scan RS (ms): Min: 0.0, Avg: 0.0, Max: 0.0, Diff: 0.0, Sum: 0.2]
      [Code Root Scanning (ms): Min: 0.0, Avg: 0.0, Max: 0.0, Diff: 0.0, Sum: 0.0]
      [Object Copy (ms): Min: 1.7, Avg: 1.8, Max: 1.9, Diff: 0.2, Sum: 14.8]
      [Termination (ms): Min: 0.0, Avg: 0.0, Max: 0.0, Diff: 0.0, Sum: 0.0]
         [Termination Attempts: Min: 1, Avg: 1.8, Max: 4, Diff: 3, Sum: 14]
      [GC Worker Other (ms): Min: 0.0, Avg: 0.0, Max: 0.1, Diff: 0.1, Sum: 0.3]
      [GC Worker Total (ms): Min: 5.6, Avg: 5.7, Max: 5.8, Diff: 0.1, Sum: 45.7]
      [GC Worker End (ms): Min: 1033909.6, Avg: 1033909.6, Max: 1033909.7, Diff: 0.1]
   [Code Root Fixup: 0.1 ms]
   [Code Root Purge: 0.0 ms]
   [Clear CT: 0.1 ms]
   [Other: 5.8 ms]
      [Choose CSet: 0.0 ms]
      [Ref Proc: 4.9 ms]
      [Ref Enq: 0.0 ms]
      [Redirty Cards: 0.1 ms]
      [Humongous Register: 0.1 ms]
      [Humongous Reclaim: 0.0 ms]
      [Free CSet: 0.1 ms]
   [Eden: 248.0M(248.0M)->0.0B(240.0M) Survivors: 8192.0K->16.0M Heap: 285.4M(4096.0M)->44.2M(4096.0M)]
 [Times: user=0.05 sys=0.00, real=0.01 secs] 
2019-10-25T17:54:45.607+0530: 1033.916: Total time for which application threads were stopped: 0.0128250 seconds, Stopping threads took: 0.0001061 seconds
2019-10-25T17:54:58.025+0530: 1046.334: [GC pause (G1 Evacuation Pause) (young), 0.0111841 secs]
   [Parallel Time: 5.2 ms, GC Workers: 8]
      [GC Worker Start (ms): Min: 1046334.3, Avg: 1046334.3, Max: 1046334.4, Diff: 0.1]
      [Ext Root Scanning (ms): Min: 0.4, Avg: 0.5, Max: 0.6, Diff: 0.2, Sum: 3.8]
      [Update RS (ms): Min: 3.2, Avg: 3.2, Max: 3.3, Diff: 0.1, Sum: 25.8]
         [Processed Buffers: Min: 39, Avg: 40.1, Max: 41, Diff: 2, Sum: 321]
      [Scan RS (ms): Min: 0.0, Avg: 0.0, Max: 0.0, Diff: 0.0, Sum: 0.2]
      [Code Root Scanning (ms): Min: 0.0, Avg: 0.0, Max: 0.0, Diff: 0.0, Sum: 0.0]
      [Object Copy (ms): Min: 1.2, Avg: 1.3, Max: 1.3, Diff: 0.1, Sum: 10.2]
      [Termination (ms): Min: 0.0, Avg: 0.0, Max: 0.0, Diff: 0.0, Sum: 0.1]
         [Termination Attempts: Min: 1, Avg: 15.6, Max: 20, Diff: 19, Sum: 125]
      [GC Worker Other (ms): Min: 0.0, Avg: 0.0, Max: 0.1, Diff: 0.1, Sum: 0.3]
      [GC Worker Total (ms): Min: 5.0, Avg: 5.0, Max: 5.1, Diff: 0.1, Sum: 40.3]
      [GC Worker End (ms): Min: 1046339.4, Avg: 1046339.4, Max: 1046339.4, Diff: 0.1]
   [Code Root Fixup: 0.0 ms]
   [Code Root Purge: 0.0 ms]
   [Clear CT: 0.1 ms]
   [Other: 5.8 ms]
      [Choose CSet: 0.0 ms]
      [Ref Proc: 5.0 ms]
      [Ref Enq: 0.0 ms]
      [Redirty Cards: 0.1 ms]
      [Humongous Register: 0.1 ms]
      [Humongous Reclaim: 0.0 ms]
      [Free CSet: 0.1 ms]
   [Eden: 240.0M(240.0M)->0.0B(246.0M) Survivors: 16.0M->10.0M Heap: 284.2M(4096.0M)->39.7M(4096.0M)]
 [Times: user=0.04 sys=0.00, real=0.01 secs] 
2019-10-25T17:54:58.037+0530: 1046.345: Total time for which application threads were stopped: 0.0119613 seconds, Stopping threads took: 0.0000985 seconds
2019-10-25T17:55:11.716+0530: 1060.024: [GC pause (G1 Evacuation Pause) (young), 0.0112100 secs]
   [Parallel Time: 5.1 ms, GC Workers: 8]
      [GC Worker Start (ms): Min: 1060024.6, Avg: 1060024.7, Max: 1060024.7, Diff: 0.1]
      [Ext Root Scanning (ms): Min: 0.4, Avg: 0.5, Max: 0.6, Diff: 0.2, Sum: 3.7]
      [Update RS (ms): Min: 3.1, Avg: 3.2, Max: 3.2, Diff: 0.1, Sum: 25.5]
         [Processed Buffers: Min: 36, Avg: 39.9, Max: 44, Diff: 8, Sum: 319]
      [Scan RS (ms): Min: 0.0, Avg: 0.0, Max: 0.0, Diff: 0.0, Sum: 0.2]
      [Code Root Scanning (ms): Min: 0.0, Avg: 0.0, Max: 0.0, Diff: 0.0, Sum: 0.0]
      [Object Copy (ms): Min: 1.2, Avg: 1.2, Max: 1.2, Diff: 0.1, Sum: 9.6]
      [Termination (ms): Min: 0.0, Avg: 0.0, Max: 0.0, Diff: 0.0, Sum: 0.1]
         [Termination Attempts: Min: 1, Avg: 12.4, Max: 17, Diff: 16, Sum: 99]
      [GC Worker Other (ms): Min: 0.0, Avg: 0.0, Max: 0.1, Diff: 0.0, Sum: 0.2]
      [GC Worker Total (ms): Min: 4.8, Avg: 4.9, Max: 4.9, Diff: 0.1, Sum: 39.2]
      [GC Worker End (ms): Min: 1060029.5, Avg: 1060029.6, Max: 1060029.6, Diff: 0.0]
   [Code Root Fixup: 0.0 ms]
   [Code Root Purge: 0.0 ms]
   [Clear CT: 0.1 ms]
   [Other: 6.0 ms]
      [Choose CSet: 0.0 ms]
      [Ref Proc: 5.0 ms]
      [Ref Enq: 0.0 ms]
      [Redirty Cards: 0.2 ms]
      [Humongous Register: 0.1 ms]
      [Humongous Reclaim: 0.0 ms]
      [Free CSet: 0.1 ms]
   [Eden: 246.0M(246.0M)->0.0B(248.0M) Survivors: 10.0M->8192.0K Heap: 285.7M(4096.0M)->36.2M(4096.0M)]
 [Times: user=0.04 sys=0.00, real=0.01 secs] 
2019-10-25T17:55:11.727+0530: 1060.036: Total time for which application threads were stopped: 0.0119822 seconds, Stopping threads took: 0.0001283 seconds
2019-10-25T17:55:32.403+0530: 1080.712: [GC pause (G1 Evacuation Pause) (young), 0.0115617 secs]
   [Parallel Time: 5.6 ms, GC Workers: 8]
      [GC Worker Start (ms): Min: 1080712.5, Avg: 1080712.6, Max: 1080712.6, Diff: 0.1]
      [Ext Root Scanning (ms): Min: 0.5, Avg: 0.5, Max: 0.7, Diff: 0.2, Sum: 4.3]
      [Update RS (ms): Min: 3.2, Avg: 3.2, Max: 3.3, Diff: 0.1, Sum: 26.0]
         [Processed Buffers: Min: 38, Avg: 40.0, Max: 44, Diff: 6, Sum: 320]
      [Scan RS (ms): Min: 0.0, Avg: 0.0, Max: 0.0, Diff: 0.0, Sum: 0.1]
      [Code Root Scanning (ms): Min: 0.0, Avg: 0.0, Max: 0.0, Diff: 0.0, Sum: 0.0]
      [Object Copy (ms): Min: 1.5, Avg: 1.7, Max: 1.7, Diff: 0.2, Sum: 13.3]
      [Termination (ms): Min: 0.0, Avg: 0.0, Max: 0.0, Diff: 0.0, Sum: 0.0]
         [Termination Attempts: Min: 1, Avg: 1.0, Max: 1, Diff: 0, Sum: 8]
      [GC Worker Other (ms): Min: 0.0, Avg: 0.0, Max: 0.1, Diff: 0.1, Sum: 0.3]
      [GC Worker Total (ms): Min: 5.5, Avg: 5.5, Max: 5.6, Diff: 0.1, Sum: 44.1]
      [GC Worker End (ms): Min: 1080718.1, Avg: 1080718.1, Max: 1080718.1, Diff: 0.1]
   [Code Root Fixup: 0.1 ms]
   [Code Root Purge: 0.0 ms]
   [Clear CT: 0.2 ms]
   [Other: 5.7 ms]
      [Choose CSet: 0.0 ms]
      [Ref Proc: 4.8 ms]
      [Ref Enq: 0.0 ms]
      [Redirty Cards: 0.1 ms]
      [Humongous Register: 0.1 ms]
      [Humongous Reclaim: 0.0 ms]
      [Free CSet: 0.1 ms]
   [Eden: 248.0M(248.0M)->0.0B(244.0M) Survivors: 8192.0K->12.0M Heap: 284.2M(4096.0M)->40.2M(4096.0M)]
 [Times: user=0.05 sys=0.00, real=0.01 secs] 
2019-10-25T17:55:32.415+0530: 1080.724: Total time for which application threads were stopped: 0.0125191 seconds, Stopping threads took: 0.0001474 seconds
2019-10-25T17:55:45.549+0530: 1093.858: [GC pause (G1 Evacuation Pause) (young), 0.0115821 secs]
   [Parallel Time: 5.6 ms, GC Workers: 8]
      [GC Worker Start (ms): Min: 1093858.4, Avg: 1093858.4, Max: 1093858.5, Diff: 0.1]
      [Ext Root Scanning (ms): Min: 0.5, Avg: 0.6, Max: 0.7, Diff: 0.3, Sum: 4.5]
      [Update RS (ms): Min: 3.2, Avg: 3.2, Max: 3.3, Diff: 0.1, Sum: 25.9]
         [Processed Buffers: Min: 39, Avg: 40.2, Max: 42, Diff: 3, Sum: 322]
      [Scan RS (ms): Min: 0.0, Avg: 0.0, Max: 0.0, Diff: 0.0, Sum: 0.1]
      [Code Root Scanning (ms): Min: 0.0, Avg: 0.0, Max: 0.0, Diff: 0.0, Sum: 0.0]
      [Object Copy (ms): Min: 1.5, Avg: 1.6, Max: 1.7, Diff: 0.2, Sum: 13.1]
      [Termination (ms): Min: 0.0, Avg: 0.0, Max: 0.0, Diff: 0.0, Sum: 0.0]
         [Termination Attempts: Min: 1, Avg: 2.5, Max: 4, Diff: 3, Sum: 20]
      [GC Worker Other (ms): Min: 0.0, Avg: 0.0, Max: 0.1, Diff: 0.0, Sum: 0.2]
      [GC Worker Total (ms): Min: 5.4, Avg: 5.5, Max: 5.6, Diff: 0.1, Sum: 43.9]
      [GC Worker End (ms): Min: 1093863.9, Avg: 1093863.9, Max: 1093863.9, Diff: 0.0]
   [Code Root Fixup: 0.0 ms]
   [Code Root Purge: 0.0 ms]
   [Clear CT: 0.1 ms]
   [Other: 5.8 ms]
      [Choose CSet: 0.0 ms]
      [Ref Proc: 5.0 ms]
      [Ref Enq: 0.0 ms]
      [Redirty Cards: 0.1 ms]
      [Humongous Register: 0.1 ms]
      [Humongous Reclaim: 0.0 ms]
      [Free CSet: 0.1 ms]
   [Eden: 244.0M(244.0M)->0.0B(240.0M) Survivors: 12.0M->16.0M Heap: 284.2M(4096.0M)->44.5M(4096.0M)]
 [Times: user=0.05 sys=0.01, real=0.01 secs] 
2019-10-25T17:55:45.561+0530: 1093.870: Total time for which application threads were stopped: 0.0125386 seconds, Stopping threads took: 0.0000988 seconds
2019-10-25T17:55:58.779+0530: 1107.087: [GC pause (G1 Evacuation Pause) (young), 0.0112120 secs]
   [Parallel Time: 5.2 ms, GC Workers: 8]
      [GC Worker Start (ms): Min: 1107087.7, Avg: 1107087.7, Max: 1107087.8, Diff: 0.1]
      [Ext Root Scanning (ms): Min: 0.4, Avg: 0.5, Max: 0.6, Diff: 0.2, Sum: 4.0]
      [Update RS (ms): Min: 3.2, Avg: 3.2, Max: 3.3, Diff: 0.0, Sum: 25.8]
         [Processed Buffers: Min: 38, Avg: 40.2, Max: 44, Diff: 6, Sum: 322]
      [Scan RS (ms): Min: 0.0, Avg: 0.0, Max: 0.0, Diff: 0.0, Sum: 0.2]
      [Code Root Scanning (ms): Min: 0.0, Avg: 0.0, Max: 0.0, Diff: 0.0, Sum: 0.0]
      [Object Copy (ms): Min: 1.3, Avg: 1.3, Max: 1.4, Diff: 0.1, Sum: 10.6]
      [Termination (ms): Min: 0.0, Avg: 0.0, Max: 0.0, Diff: 0.0, Sum: 0.0]
         [Termination Attempts: Min: 1, Avg: 1.0, Max: 1, Diff: 0, Sum: 8]
      [GC Worker Other (ms): Min: 0.0, Avg: 0.0, Max: 0.1, Diff: 0.0, Sum: 0.3]
      [GC Worker Total (ms): Min: 5.0, Avg: 5.1, Max: 5.1, Diff: 0.1, Sum: 40.8]
      [GC Worker End (ms): Min: 1107092.8, Avg: 1107092.8, Max: 1107092.8, Diff: 0.0]
   [Code Root Fixup: 0.1 ms]
   [Code Root Purge: 0.0 ms]
   [Clear CT: 0.1 ms]
   [Other: 5.8 ms]
      [Choose CSet: 0.0 ms]
      [Ref Proc: 4.9 ms]
      [Ref Enq: 0.0 ms]
      [Redirty Cards: 0.1 ms]
      [Humongous Register: 0.1 ms]
      [Humongous Reclaim: 0.0 ms]
      [Free CSet: 0.1 ms]
   [Eden: 240.0M(240.0M)->0.0B(246.0M) Survivors: 16.0M->10.0M Heap: 284.5M(4096.0M)->39.6M(4096.0M)]
 [Times: user=0.04 sys=0.00, real=0.01 secs] 
2019-10-25T17:55:58.790+0530: 1107.099: Total time for which application threads were stopped: 0.0120044 seconds, Stopping threads took: 0.0001071 seconds
2019-10-25T17:56:11.189+0530: 1119.498: [GC pause (G1 Evacuation Pause) (young), 0.0115290 secs]
   [Parallel Time: 5.4 ms, GC Workers: 8]
      [GC Worker Start (ms): Min: 1119498.0, Avg: 1119498.0, Max: 1119498.0, Diff: 0.1]
      [Ext Root Scanning (ms): Min: 0.5, Avg: 0.5, Max: 0.6, Diff: 0.2, Sum: 4.1]
      [Update RS (ms): Min: 3.1, Avg: 3.2, Max: 3.2, Diff: 0.1, Sum: 25.4]
         [Processed Buffers: Min: 38, Avg: 40.2, Max: 45, Diff: 7, Sum: 322]
      [Scan RS (ms): Min: 0.0, Avg: 0.0, Max: 0.0, Diff: 0.0, Sum: 0.1]
      [Code Root Scanning (ms): Min: 0.0, Avg: 0.0, Max: 0.0, Diff: 0.0, Sum: 0.0]
      [Object Copy (ms): Min: 1.4, Avg: 1.5, Max: 1.6, Diff: 0.1, Sum: 12.4]
      [Termination (ms): Min: 0.0, Avg: 0.0, Max: 0.0, Diff: 0.0, Sum: 0.0]
         [Termination Attempts: Min: 1, Avg: 2.0, Max: 3, Diff: 2, Sum: 16]
      [GC Worker Other (ms): Min: 0.0, Avg: 0.0, Max: 0.1, Diff: 0.1, Sum: 0.3]
      [GC Worker Total (ms): Min: 5.2, Avg: 5.3, Max: 5.3, Diff: 0.1, Sum: 42.4]
      [GC Worker End (ms): Min: 1119503.3, Avg: 1119503.3, Max: 1119503.3, Diff: 0.1]
   [Code Root Fixup: 0.0 ms]
   [Code Root Purge: 0.0 ms]
   [Clear CT: 0.1 ms]
   [Other: 5.9 ms]
      [Choose CSet: 0.0 ms]
      [Ref Proc: 5.0 ms]
      [Ref Enq: 0.0 ms]
      [Redirty Cards: 0.1 ms]
      [Humongous Register: 0.1 ms]
      [Humongous Reclaim: 0.0 ms]
      [Free CSet: 0.1 ms]
   [Eden: 246.0M(246.0M)->0.0B(246.0M) Survivors: 10.0M->10.0M Heap: 285.6M(4096.0M)->38.6M(4096.0M)]
 [Times: user=0.05 sys=0.00, real=0.02 secs] 
2019-10-25T17:56:11.201+0530: 1119.509: Total time for which application threads were stopped: 0.0124006 seconds, Stopping threads took: 0.0001135 seconds
2019-10-25T17:56:24.777+0530: 1133.086: [GC pause (G1 Evacuation Pause) (young), 0.0120735 secs]
   [Parallel Time: 6.1 ms, GC Workers: 8]
      [GC Worker Start (ms): Min: 1133086.0, Avg: 1133086.1, Max: 1133086.1, Diff: 0.1]
      [Ext Root Scanning (ms): Min: 0.5, Avg: 0.6, Max: 0.8, Diff: 0.3, Sum: 4.9]
      [Update RS (ms): Min: 3.2, Avg: 3.2, Max: 3.3, Diff: 0.1, Sum: 25.9]
         [Processed Buffers: Min: 38, Avg: 40.0, Max: 43, Diff: 5, Sum: 320]
      [Scan RS (ms): Min: 0.0, Avg: 0.0, Max: 0.0, Diff: 0.0, Sum: 0.1]
      [Code Root Scanning (ms): Min: 0.0, Avg: 0.0, Max: 0.0, Diff: 0.0, Sum: 0.0]
      [Object Copy (ms): Min: 1.9, Avg: 2.1, Max: 2.2, Diff: 0.2, Sum: 16.8]
      [Termination (ms): Min: 0.0, Avg: 0.0, Max: 0.0, Diff: 0.0, Sum: 0.0]
         [Termination Attempts: Min: 1, Avg: 1.8, Max: 3, Diff: 2, Sum: 14]
      [GC Worker Other (ms): Min: 0.0, Avg: 0.0, Max: 0.1, Diff: 0.1, Sum: 0.3]
      [GC Worker Total (ms): Min: 5.9, Avg: 6.0, Max: 6.1, Diff: 0.1, Sum: 48.0]
      [GC Worker End (ms): Min: 1133092.0, Avg: 1133092.1, Max: 1133092.1, Diff: 0.1]
   [Code Root Fixup: 0.0 ms]
   [Code Root Purge: 0.0 ms]
   [Clear CT: 0.1 ms]
   [Other: 5.7 ms]
      [Choose CSet: 0.0 ms]
      [Ref Proc: 4.9 ms]
      [Ref Enq: 0.0 ms]
      [Redirty Cards: 0.1 ms]
      [Humongous Register: 0.1 ms]
      [Humongous Reclaim: 0.0 ms]
      [Free CSet: 0.1 ms]
   [Eden: 246.0M(246.0M)->0.0B(242.0M) Survivors: 10.0M->14.0M Heap: 284.6M(4096.0M)->42.4M(4096.0M)]
 [Times: user=0.05 sys=0.00, real=0.01 secs] 
2019-10-25T17:56:24.789+0530: 1133.098: Total time for which application threads were stopped: 0.0130829 seconds, Stopping threads took: 0.0001097 seconds
2019-10-25T17:56:36.375+0530: 1144.683: [GC pause (G1 Evacuation Pause) (young), 0.0121138 secs]
   [Parallel Time: 5.9 ms, GC Workers: 8]
      [GC Worker Start (ms): Min: 1144683.7, Avg: 1144683.8, Max: 1144683.8, Diff: 0.1]
      [Ext Root Scanning (ms): Min: 0.5, Avg: 0.6, Max: 0.8, Diff: 0.3, Sum: 4.7]
      [Update RS (ms): Min: 3.2, Avg: 3.2, Max: 3.3, Diff: 0.1, Sum: 26.0]
         [Processed Buffers: Min: 39, Avg: 40.4, Max: 44, Diff: 5, Sum: 323]
      [Scan RS (ms): Min: 0.0, Avg: 0.0, Max: 0.0, Diff: 0.0, Sum: 0.1]
      [Code Root Scanning (ms): Min: 0.0, Avg: 0.0, Max: 0.0, Diff: 0.0, Sum: 0.0]
      [Object Copy (ms): Min: 1.6, Avg: 1.8, Max: 1.9, Diff: 0.2, Sum: 14.6]
      [Termination (ms): Min: 0.0, Avg: 0.0, Max: 0.0, Diff: 0.0, Sum: 0.0]
         [Termination Attempts: Min: 1, Avg: 1.0, Max: 1, Diff: 0, Sum: 8]
      [GC Worker Other (ms): Min: 0.0, Avg: 0.0, Max: 0.1, Diff: 0.1, Sum: 0.3]
      [GC Worker Total (ms): Min: 5.6, Avg: 5.7, Max: 5.8, Diff: 0.1, Sum: 45.8]
      [GC Worker End (ms): Min: 1144689.5, Avg: 1144689.5, Max: 1144689.5, Diff: 0.1]
   [Code Root Fixup: 0.1 ms]
   [Code Root Purge: 0.0 ms]
   [Clear CT: 0.2 ms]
   [Other: 6.0 ms]
      [Choose CSet: 0.0 ms]
      [Ref Proc: 5.1 ms]
      [Ref Enq: 0.0 ms]
      [Redirty Cards: 0.1 ms]
      [Humongous Register: 0.1 ms]
      [Humongous Reclaim: 0.0 ms]
      [Free CSet: 0.1 ms]
   [Eden: 242.0M(242.0M)->0.0B(240.0M) Survivors: 14.0M->16.0M Heap: 284.4M(4096.0M)->44.8M(4096.0M)]
 [Times: user=0.05 sys=0.00, real=0.01 secs] 
2019-10-25T17:56:36.387+0530: 1144.696: Total time for which application threads were stopped: 0.0131361 seconds, Stopping threads took: 0.0001193 seconds
2019-10-25T17:56:50.158+0530: 1158.466: [GC pause (G1 Evacuation Pause) (young), 0.0118843 secs]
   [Parallel Time: 5.9 ms, GC Workers: 8]
      [GC Worker Start (ms): Min: 1158466.6, Avg: 1158466.7, Max: 1158466.7, Diff: 0.1]
      [Ext Root Scanning (ms): Min: 0.5, Avg: 0.6, Max: 0.8, Diff: 0.3, Sum: 4.6]
      [Update RS (ms): Min: 3.2, Avg: 3.3, Max: 3.3, Diff: 0.0, Sum: 26.0]
         [Processed Buffers: Min: 38, Avg: 40.2, Max: 42, Diff: 4, Sum: 322]
      [Scan RS (ms): Min: 0.0, Avg: 0.0, Max: 0.0, Diff: 0.0, Sum: 0.2]
      [Code Root Scanning (ms): Min: 0.0, Avg: 0.0, Max: 0.0, Diff: 0.0, Sum: 0.0]
      [Object Copy (ms): Min: 1.7, Avg: 1.9, Max: 1.9, Diff: 0.2, Sum: 15.0]
      [Termination (ms): Min: 0.0, Avg: 0.0, Max: 0.0, Diff: 0.0, Sum: 0.0]
         [Termination Attempts: Min: 1, Avg: 1.2, Max: 2, Diff: 1, Sum: 10]
      [GC Worker Other (ms): Min: 0.0, Avg: 0.0, Max: 0.1, Diff: 0.1, Sum: 0.3]
      [GC Worker Total (ms): Min: 5.7, Avg: 5.8, Max: 5.8, Diff: 0.1, Sum: 46.1]
      [GC Worker End (ms): Min: 1158472.4, Avg: 1158472.4, Max: 1158472.5, Diff: 0.1]
   [Code Root Fixup: 0.1 ms]
   [Code Root Purge: 0.0 ms]
   [Clear CT: 0.1 ms]
   [Other: 5.8 ms]
      [Choose CSet: 0.0 ms]
      [Ref Proc: 4.9 ms]
      [Ref Enq: 0.0 ms]
      [Redirty Cards: 0.1 ms]
      [Humongous Register: 0.1 ms]
      [Humongous Reclaim: 0.0 ms]
      [Free CSet: 0.1 ms]
   [Eden: 240.0M(240.0M)->0.0B(240.0M) Survivors: 16.0M->16.0M Heap: 284.8M(4096.0M)->44.8M(4096.0M)]
 [Times: user=0.05 sys=0.00, real=0.01 secs] 
2019-10-25T17:56:50.170+0530: 1158.478: Total time for which application threads were stopped: 0.0129473 seconds, Stopping threads took: 0.0001101 seconds
2019-10-25T17:57:00.171+0530: 1168.480: Total time for which application threads were stopped: 0.0005760 seconds, Stopping threads took: 0.0000800 seconds
2019-10-25T17:57:05.316+0530: 1173.625: [GC pause (G1 Evacuation Pause) (young), 0.0112731 secs]
   [Parallel Time: 5.4 ms, GC Workers: 8]
      [GC Worker Start (ms): Min: 1173625.5, Avg: 1173625.6, Max: 1173625.6, Diff: 0.1]
      [Ext Root Scanning (ms): Min: 0.5, Avg: 0.5, Max: 0.6, Diff: 0.2, Sum: 4.1]
      [Update RS (ms): Min: 3.2, Avg: 3.2, Max: 3.2, Diff: 0.1, Sum: 25.7]
         [Processed Buffers: Min: 37, Avg: 40.1, Max: 43, Diff: 6, Sum: 321]
      [Scan RS (ms): Min: 0.0, Avg: 0.0, Max: 0.0, Diff: 0.0, Sum: 0.2]
      [Code Root Scanning (ms): Min: 0.0, Avg: 0.0, Max: 0.0, Diff: 0.0, Sum: 0.0]
      [Object Copy (ms): Min: 1.4, Avg: 1.5, Max: 1.5, Diff: 0.1, Sum: 11.7]
      [Termination (ms): Min: 0.0, Avg: 0.0, Max: 0.0, Diff: 0.0, Sum: 0.1]
         [Termination Attempts: Min: 1, Avg: 18.6, Max: 25, Diff: 24, Sum: 149]
      [GC Worker Other (ms): Min: 0.0, Avg: 0.0, Max: 0.1, Diff: 0.1, Sum: 0.3]
      [GC Worker Total (ms): Min: 5.2, Avg: 5.3, Max: 5.3, Diff: 0.1, Sum: 42.0]
      [GC Worker End (ms): Min: 1173630.8, Avg: 1173630.8, Max: 1173630.8, Diff: 0.1]
   [Code Root Fixup: 0.0 ms]
   [Code Root Purge: 0.0 ms]
   [Clear CT: 0.1 ms]
   [Other: 5.7 ms]
      [Choose CSet: 0.0 ms]
      [Ref Proc: 4.9 ms]
      [Ref Enq: 0.0 ms]
      [Redirty Cards: 0.1 ms]
      [Humongous Register: 0.1 ms]
      [Humongous Reclaim: 0.0 ms]
      [Free CSet: 0.1 ms]
   [Eden: 240.0M(240.0M)->0.0B(246.0M) Survivors: 16.0M->10.0M Heap: 284.8M(4096.0M)->39.8M(4096.0M)]
 [Times: user=0.05 sys=0.00, real=0.01 secs] 
2019-10-25T17:57:05.328+0530: 1173.637: Total time for which application threads were stopped: 0.0120453 seconds, Stopping threads took: 0.0000789 seconds
2019-10-25T17:57:17.171+0530: 1185.480: [GC pause (G1 Evacuation Pause) (young), 0.0117027 secs]
   [Parallel Time: 5.7 ms, GC Workers: 8]
      [GC Worker Start (ms): Min: 1185479.9, Avg: 1185479.9, Max: 1185480.0, Diff: 0.1]
      [Ext Root Scanning (ms): Min: 0.5, Avg: 0.5, Max: 0.6, Diff: 0.2, Sum: 4.2]
      [Update RS (ms): Min: 3.3, Avg: 3.3, Max: 3.4, Diff: 0.1, Sum: 26.6]
         [Processed Buffers: Min: 38, Avg: 40.1, Max: 44, Diff: 6, Sum: 321]
      [Scan RS (ms): Min: 0.0, Avg: 0.0, Max: 0.0, Diff: 0.0, Sum: 0.2]
      [Code Root Scanning (ms): Min: 0.0, Avg: 0.0, Max: 0.0, Diff: 0.0, Sum: 0.0]
      [Object Copy (ms): Min: 1.6, Avg: 1.7, Max: 1.7, Diff: 0.2, Sum: 13.4]
      [Termination (ms): Min: 0.0, Avg: 0.0, Max: 0.0, Diff: 0.0, Sum: 0.0]
         [Termination Attempts: Min: 1, Avg: 2.9, Max: 5, Diff: 4, Sum: 23]
      [GC Worker Other (ms): Min: 0.0, Avg: 0.0, Max: 0.1, Diff: 0.1, Sum: 0.4]
      [GC Worker Total (ms): Min: 5.5, Avg: 5.6, Max: 5.6, Diff: 0.1, Sum: 44.8]
      [GC Worker End (ms): Min: 1185485.5, Avg: 1185485.5, Max: 1185485.6, Diff: 0.1]
   [Code Root Fixup: 0.0 ms]
   [Code Root Purge: 0.0 ms]
   [Clear CT: 0.1 ms]
   [Other: 5.8 ms]
      [Choose CSet: 0.0 ms]
      [Ref Proc: 4.9 ms]
      [Ref Enq: 0.0 ms]
      [Redirty Cards: 0.1 ms]
      [Humongous Register: 0.1 ms]
      [Humongous Reclaim: 0.0 ms]
      [Free CSet: 0.1 ms]
   [Eden: 246.0M(246.0M)->0.0B(244.0M) Survivors: 10.0M->12.0M Heap: 285.8M(4096.0M)->41.4M(4096.0M)]
 [Times: user=0.05 sys=0.00, real=0.01 secs] 
2019-10-25T17:57:17.183+0530: 1185.491: Total time for which application threads were stopped: 0.0125901 seconds, Stopping threads took: 0.0000983 seconds
2019-10-25T17:57:34.047+0530: 1202.356: [GC pause (G1 Evacuation Pause) (young), 0.0117646 secs]
   [Parallel Time: 5.8 ms, GC Workers: 8]
      [GC Worker Start (ms): Min: 1202356.5, Avg: 1202356.6, Max: 1202356.6, Diff: 0.1]
      [Ext Root Scanning (ms): Min: 0.5, Avg: 0.6, Max: 0.7, Diff: 0.2, Sum: 4.6]
      [Update RS (ms): Min: 3.2, Avg: 3.2, Max: 3.3, Diff: 0.1, Sum: 26.0]
         [Processed Buffers: Min: 38, Avg: 40.4, Max: 43, Diff: 5, Sum: 323]
      [Scan RS (ms): Min: 0.0, Avg: 0.0, Max: 0.0, Diff: 0.0, Sum: 0.2]
      [Code Root Scanning (ms): Min: 0.0, Avg: 0.0, Max: 0.0, Diff: 0.0, Sum: 0.0]
      [Object Copy (ms): Min: 1.6, Avg: 1.7, Max: 1.8, Diff: 0.2, Sum: 13.8]
      [Termination (ms): Min: 0.0, Avg: 0.0, Max: 0.0, Diff: 0.0, Sum: 0.0]
         [Termination Attempts: Min: 1, Avg: 1.2, Max: 3, Diff: 2, Sum: 10]
      [GC Worker Other (ms): Min: 0.0, Avg: 0.0, Max: 0.1, Diff: 0.0, Sum: 0.2]
      [GC Worker Total (ms): Min: 5.5, Avg: 5.6, Max: 5.7, Diff: 0.1, Sum: 44.8]
      [GC Worker End (ms): Min: 1202362.2, Avg: 1202362.2, Max: 1202362.2, Diff: 0.0]
   [Code Root Fixup: 0.1 ms]
   [Code Root Purge: 0.0 ms]
   [Clear CT: 0.1 ms]
   [Other: 5.8 ms]
      [Choose CSet: 0.0 ms]
      [Ref Proc: 4.9 ms]
      [Ref Enq: 0.0 ms]
      [Redirty Cards: 0.1 ms]
      [Humongous Register: 0.1 ms]
      [Humongous Reclaim: 0.0 ms]
      [Free CSet: 0.1 ms]
   [Eden: 244.0M(244.0M)->0.0B(240.0M) Survivors: 12.0M->16.0M Heap: 285.4M(4096.0M)->45.4M(4096.0M)]
 [Times: user=0.05 sys=0.00, real=0.02 secs] 
2019-10-25T17:57:34.059+0530: 1202.368: Total time for which application threads were stopped: 0.0127395 seconds, Stopping threads took: 0.0001368 seconds
2019-10-25T17:57:56.773+0530: 1225.082: [GC pause (G1 Evacuation Pause) (young), 0.0114866 secs]
   [Parallel Time: 5.4 ms, GC Workers: 8]
      [GC Worker Start (ms): Min: 1225082.1, Avg: 1225082.2, Max: 1225082.2, Diff: 0.1]
      [Ext Root Scanning (ms): Min: 0.5, Avg: 0.5, Max: 0.7, Diff: 0.2, Sum: 4.3]
      [Update RS (ms): Min: 3.3, Avg: 3.3, Max: 3.3, Diff: 0.0, Sum: 26.3]
         [Processed Buffers: Min: 39, Avg: 40.2, Max: 42, Diff: 3, Sum: 322]
      [Scan RS (ms): Min: 0.0, Avg: 0.0, Max: 0.0, Diff: 0.0, Sum: 0.1]
      [Code Root Scanning (ms): Min: 0.0, Avg: 0.0, Max: 0.0, Diff: 0.0, Sum: 0.0]
      [Object Copy (ms): Min: 1.3, Avg: 1.4, Max: 1.4, Diff: 0.1, Sum: 11.2]
      [Termination (ms): Min: 0.0, Avg: 0.0, Max: 0.0, Diff: 0.0, Sum: 0.1]
         [Termination Attempts: Min: 1, Avg: 7.5, Max: 11, Diff: 10, Sum: 60]
      [GC Worker Other (ms): Min: 0.0, Avg: 0.0, Max: 0.1, Diff: 0.1, Sum: 0.2]
      [GC Worker Total (ms): Min: 5.2, Avg: 5.3, Max: 5.3, Diff: 0.1, Sum: 42.3]
      [GC Worker End (ms): Min: 1225087.4, Avg: 1225087.4, Max: 1225087.5, Diff: 0.0]
   [Code Root Fixup: 0.0 ms]
   [Code Root Purge: 0.0 ms]
   [Clear CT: 0.1 ms]
   [Other: 5.9 ms]
      [Choose CSet: 0.0 ms]
      [Ref Proc: 5.0 ms]
      [Ref Enq: 0.0 ms]
      [Redirty Cards: 0.1 ms]
      [Humongous Register: 0.1 ms]
      [Humongous Reclaim: 0.0 ms]
      [Free CSet: 0.1 ms]
   [Eden: 240.0M(240.0M)->0.0B(246.0M) Survivors: 16.0M->10.0M Heap: 285.4M(4096.0M)->39.8M(4096.0M)]
 [Times: user=0.05 sys=0.00, real=0.01 secs] 
2019-10-25T17:57:56.785+0530: 1225.093: Total time for which application threads were stopped: 0.0123029 seconds, Stopping threads took: 0.0000857 seconds
2019-10-25T17:58:12.016+0530: 1240.324: [GC pause (G1 Evacuation Pause) (young), 0.0120973 secs]
   [Parallel Time: 6.1 ms, GC Workers: 8]
      [GC Worker Start (ms): Min: 1240324.8, Avg: 1240324.9, Max: 1240324.9, Diff: 0.1]
      [Ext Root Scanning (ms): Min: 0.5, Avg: 0.6, Max: 0.8, Diff: 0.3, Sum: 4.9]
      [Update RS (ms): Min: 3.2, Avg: 3.2, Max: 3.3, Diff: 0.1, Sum: 26.0]
         [Processed Buffers: Min: 38, Avg: 40.1, Max: 45, Diff: 7, Sum: 321]
      [Scan RS (ms): Min: 0.0, Avg: 0.0, Max: 0.0, Diff: 0.0, Sum: 0.1]
      [Code Root Scanning (ms): Min: 0.0, Avg: 0.0, Max: 0.0, Diff: 0.0, Sum: 0.0]
      [Object Copy (ms): Min: 1.9, Avg: 2.1, Max: 2.1, Diff: 0.2, Sum: 16.5]
      [Termination (ms): Min: 0.0, Avg: 0.0, Max: 0.0, Diff: 0.0, Sum: 0.0]
         [Termination Attempts: Min: 1, Avg: 1.1, Max: 2, Diff: 1, Sum: 9]
      [GC Worker Other (ms): Min: 0.0, Avg: 0.0, Max: 0.1, Diff: 0.1, Sum: 0.3]
      [GC Worker Total (ms): Min: 5.9, Avg: 6.0, Max: 6.1, Diff: 0.1, Sum: 47.9]
      [GC Worker End (ms): Min: 1240330.8, Avg: 1240330.9, Max: 1240330.9, Diff: 0.1]
   [Code Root Fixup: 0.0 ms]
   [Code Root Purge: 0.0 ms]
   [Clear CT: 0.2 ms]
   [Other: 5.8 ms]
      [Choose CSet: 0.0 ms]
      [Ref Proc: 4.9 ms]
      [Ref Enq: 0.0 ms]
      [Redirty Cards: 0.1 ms]
      [Humongous Register: 0.1 ms]
      [Humongous Reclaim: 0.0 ms]
      [Free CSet: 0.1 ms]
   [Eden: 246.0M(246.0M)->0.0B(238.0M) Survivors: 10.0M->18.0M Heap: 285.8M(4096.0M)->46.3M(4096.0M)]
 [Times: user=0.06 sys=0.00, real=0.01 secs] 
2019-10-25T17:58:12.028+0530: 1240.337: Total time for which application threads were stopped: 0.0131940 seconds, Stopping threads took: 0.0001325 seconds
2019-10-25T17:58:22.666+0530: 1250.974: [GC pause (G1 Evacuation Pause) (young), 0.0113522 secs]
   [Parallel Time: 5.2 ms, GC Workers: 8]
      [GC Worker Start (ms): Min: 1250974.6, Avg: 1250974.6, Max: 1250974.7, Diff: 0.1]
      [Ext Root Scanning (ms): Min: 0.4, Avg: 0.5, Max: 0.6, Diff: 0.2, Sum: 3.9]
      [Update RS (ms): Min: 3.2, Avg: 3.2, Max: 3.2, Diff: 0.1, Sum: 25.7]
         [Processed Buffers: Min: 39, Avg: 40.6, Max: 42, Diff: 3, Sum: 325]
      [Scan RS (ms): Min: 0.0, Avg: 0.0, Max: 0.0, Diff: 0.0, Sum: 0.1]
      [Code Root Scanning (ms): Min: 0.0, Avg: 0.0, Max: 0.0, Diff: 0.0, Sum: 0.0]
      [Object Copy (ms): Min: 1.3, Avg: 1.3, Max: 1.3, Diff: 0.0, Sum: 10.7]
      [Termination (ms): Min: 0.0, Avg: 0.0, Max: 0.0, Diff: 0.0, Sum: 0.1]
         [Termination Attempts: Min: 1, Avg: 20.8, Max: 26, Diff: 25, Sum: 166]
      [GC Worker Other (ms): Min: 0.0, Avg: 0.0, Max: 0.1, Diff: 0.0, Sum: 0.2]
      [GC Worker Total (ms): Min: 5.0, Avg: 5.1, Max: 5.1, Diff: 0.1, Sum: 40.8]
      [GC Worker End (ms): Min: 1250979.7, Avg: 1250979.7, Max: 1250979.7, Diff: 0.1]
   [Code Root Fixup: 0.0 ms]
   [Code Root Purge: 0.0 ms]
   [Clear CT: 0.1 ms]
   [Other: 5.9 ms]
      [Choose CSet: 0.0 ms]
      [Ref Proc: 5.1 ms]
      [Ref Enq: 0.0 ms]
      [Redirty Cards: 0.1 ms]
      [Humongous Register: 0.1 ms]
      [Humongous Reclaim: 0.0 ms]
      [Free CSet: 0.1 ms]
   [Eden: 238.0M(238.0M)->0.0B(246.0M) Survivors: 18.0M->10.0M Heap: 284.3M(4096.0M)->39.8M(4096.0M)]
 [Times: user=0.05 sys=0.01, real=0.01 secs] 
2019-10-25T17:58:22.677+0530: 1250.986: Total time for which application threads were stopped: 0.0121467 seconds, Stopping threads took: 0.0000857 seconds
2019-10-25T17:58:34.911+0530: 1263.219: [GC pause (G1 Evacuation Pause) (young), 0.0122359 secs]
   [Parallel Time: 6.3 ms, GC Workers: 8]
      [GC Worker Start (ms): Min: 1263219.7, Avg: 1263219.7, Max: 1263219.8, Diff: 0.1]
      [Ext Root Scanning (ms): Min: 0.6, Avg: 0.6, Max: 0.8, Diff: 0.3, Sum: 4.9]
      [Update RS (ms): Min: 3.3, Avg: 3.3, Max: 3.4, Diff: 0.1, Sum: 26.5]
         [Processed Buffers: Min: 38, Avg: 39.9, Max: 43, Diff: 5, Sum: 319]
      [Scan RS (ms): Min: 0.0, Avg: 0.0, Max: 0.0, Diff: 0.0, Sum: 0.1]
      [Code Root Scanning (ms): Min: 0.0, Avg: 0.0, Max: 0.0, Diff: 0.0, Sum: 0.0]
      [Object Copy (ms): Min: 2.0, Avg: 2.2, Max: 2.2, Diff: 0.2, Sum: 17.2]
      [Termination (ms): Min: 0.0, Avg: 0.0, Max: 0.0, Diff: 0.0, Sum: 0.0]
         [Termination Attempts: Min: 1, Avg: 1.5, Max: 3, Diff: 2, Sum: 12]
      [GC Worker Other (ms): Min: 0.0, Avg: 0.0, Max: 0.1, Diff: 0.0, Sum: 0.2]
      [GC Worker Total (ms): Min: 6.1, Avg: 6.1, Max: 6.2, Diff: 0.1, Sum: 49.0]
      [GC Worker End (ms): Min: 1263225.8, Avg: 1263225.8, Max: 1263225.9, Diff: 0.0]
   [Code Root Fixup: 0.0 ms]
   [Code Root Purge: 0.0 ms]
   [Clear CT: 0.2 ms]
   [Other: 5.7 ms]
      [Choose CSet: 0.0 ms]
      [Ref Proc: 4.9 ms]
      [Ref Enq: 0.0 ms]
      [Redirty Cards: 0.1 ms]
      [Humongous Register: 0.1 ms]
      [Humongous Reclaim: 0.0 ms]
      [Free CSet: 0.1 ms]
   [Eden: 246.0M(246.0M)->0.0B(242.0M) Survivors: 10.0M->14.0M Heap: 285.8M(4096.0M)->43.3M(4096.0M)]
 [Times: user=0.05 sys=0.00, real=0.01 secs] 
2019-10-25T17:58:34.923+0530: 1263.232: Total time for which application threads were stopped: 0.0133209 seconds, Stopping threads took: 0.0001270 seconds
2019-10-25T17:58:48.102+0530: 1276.411: [GC pause (G1 Evacuation Pause) (young), 0.0117253 secs]
   [Parallel Time: 5.5 ms, GC Workers: 8]
      [GC Worker Start (ms): Min: 1276411.5, Avg: 1276411.5, Max: 1276411.5, Diff: 0.1]
      [Ext Root Scanning (ms): Min: 0.5, Avg: 0.5, Max: 0.6, Diff: 0.2, Sum: 4.1]
      [Update RS (ms): Min: 3.2, Avg: 3.3, Max: 3.3, Diff: 0.1, Sum: 26.1]
         [Processed Buffers: Min: 38, Avg: 40.4, Max: 45, Diff: 7, Sum: 323]
      [Scan RS (ms): Min: 0.0, Avg: 0.0, Max: 0.0, Diff: 0.0, Sum: 0.2]
      [Code Root Scanning (ms): Min: 0.0, Avg: 0.0, Max: 0.0, Diff: 0.0, Sum: 0.0]
      [Object Copy (ms): Min: 1.4, Avg: 1.5, Max: 1.5, Diff: 0.1, Sum: 12.0]
      [Termination (ms): Min: 0.0, Avg: 0.0, Max: 0.0, Diff: 0.0, Sum: 0.1]
         [Termination Attempts: Min: 1, Avg: 13.5, Max: 18, Diff: 17, Sum: 108]
      [GC Worker Other (ms): Min: 0.0, Avg: 0.0, Max: 0.1, Diff: 0.1, Sum: 0.3]
      [GC Worker Total (ms): Min: 5.3, Avg: 5.3, Max: 5.4, Diff: 0.1, Sum: 42.7]
      [GC Worker End (ms): Min: 1276416.8, Avg: 1276416.8, Max: 1276416.9, Diff: 0.1]
   [Code Root Fixup: 0.1 ms]
   [Code Root Purge: 0.0 ms]
   [Clear CT: 0.1 ms]
   [Other: 6.1 ms]
      [Choose CSet: 0.0 ms]
      [Ref Proc: 5.2 ms]
      [Ref Enq: 0.0 ms]
      [Redirty Cards: 0.1 ms]
      [Humongous Register: 0.1 ms]
      [Humongous Reclaim: 0.0 ms]
      [Free CSet: 0.1 ms]
   [Eden: 242.0M(242.0M)->0.0B(246.0M) Survivors: 14.0M->10.0M Heap: 285.3M(4096.0M)->39.8M(4096.0M)]
 [Times: user=0.05 sys=0.00, real=0.01 secs] 
2019-10-25T17:58:48.114+0530: 1276.423: Total time for which application threads were stopped: 0.0125501 seconds, Stopping threads took: 0.0000846 seconds
2019-10-25T17:59:00.139+0530: 1288.448: [GC pause (G1 Evacuation Pause) (young), 0.0122124 secs]
   [Parallel Time: 6.3 ms, GC Workers: 8]
      [GC Worker Start (ms): Min: 1288448.3, Avg: 1288448.4, Max: 1288448.4, Diff: 0.1]
      [Ext Root Scanning (ms): Min: 0.5, Avg: 0.6, Max: 0.9, Diff: 0.3, Sum: 5.0]
      [Update RS (ms): Min: 3.2, Avg: 3.3, Max: 3.3, Diff: 0.1, Sum: 26.0]
         [Processed Buffers: Min: 38, Avg: 40.2, Max: 44, Diff: 6, Sum: 322]
      [Scan RS (ms): Min: 0.0, Avg: 0.0, Max: 0.0, Diff: 0.0, Sum: 0.1]
      [Code Root Scanning (ms): Min: 0.0, Avg: 0.0, Max: 0.0, Diff: 0.0, Sum: 0.0]
      [Object Copy (ms): Min: 2.0, Avg: 2.2, Max: 2.3, Diff: 0.3, Sum: 17.6]
      [Termination (ms): Min: 0.0, Avg: 0.0, Max: 0.0, Diff: 0.0, Sum: 0.0]
         [Termination Attempts: Min: 1, Avg: 2.5, Max: 4, Diff: 3, Sum: 20]
      [GC Worker Other (ms): Min: 0.0, Avg: 0.0, Max: 0.1, Diff: 0.0, Sum: 0.3]
      [GC Worker Total (ms): Min: 6.1, Avg: 6.1, Max: 6.2, Diff: 0.1, Sum: 49.1]
      [GC Worker End (ms): Min: 1288454.5, Avg: 1288454.5, Max: 1288454.5, Diff: 0.0]
   [Code Root Fixup: 0.0 ms]
   [Code Root Purge: 0.0 ms]
   [Clear CT: 0.2 ms]
   [Other: 5.7 ms]
      [Choose CSet: 0.0 ms]
      [Ref Proc: 4.8 ms]
      [Ref Enq: 0.0 ms]
      [Redirty Cards: 0.1 ms]
      [Humongous Register: 0.1 ms]
      [Humongous Reclaim: 0.0 ms]
      [Free CSet: 0.1 ms]
   [Eden: 246.0M(246.0M)->0.0B(238.0M) Survivors: 10.0M->18.0M Heap: 285.8M(4096.0M)->46.9M(4096.0M)]
 [Times: user=0.05 sys=0.00, real=0.01 secs] 
2019-10-25T17:59:00.152+0530: 1288.461: Total time for which application threads were stopped: 0.0140127 seconds, Stopping threads took: 0.0001192 seconds
2019-10-25T17:59:12.880+0530: 1301.188: [GC pause (G1 Evacuation Pause) (young), 0.0110064 secs]
   [Parallel Time: 5.2 ms, GC Workers: 8]
      [GC Worker Start (ms): Min: 1301188.7, Avg: 1301188.8, Max: 1301188.8, Diff: 0.1]
      [Ext Root Scanning (ms): Min: 0.4, Avg: 0.5, Max: 0.6, Diff: 0.1, Sum: 3.8]
      [Update RS (ms): Min: 3.2, Avg: 3.2, Max: 3.3, Diff: 0.1, Sum: 25.8]
         [Processed Buffers: Min: 34, Avg: 40.5, Max: 44, Diff: 10, Sum: 324]
      [Scan RS (ms): Min: 0.0, Avg: 0.0, Max: 0.0, Diff: 0.0, Sum: 0.1]
      [Code Root Scanning (ms): Min: 0.0, Avg: 0.0, Max: 0.0, Diff: 0.0, Sum: 0.0]
      [Object Copy (ms): Min: 1.2, Avg: 1.3, Max: 1.3, Diff: 0.1, Sum: 10.1]
      [Termination (ms): Min: 0.0, Avg: 0.0, Max: 0.0, Diff: 0.0, Sum: 0.1]
         [Termination Attempts: Min: 1, Avg: 13.9, Max: 18, Diff: 17, Sum: 111]
      [GC Worker Other (ms): Min: 0.0, Avg: 0.0, Max: 0.1, Diff: 0.0, Sum: 0.2]
      [GC Worker Total (ms): Min: 5.0, Avg: 5.0, Max: 5.1, Diff: 0.1, Sum: 40.2]
      [GC Worker End (ms): Min: 1301193.8, Avg: 1301193.8, Max: 1301193.8, Diff: 0.0]
   [Code Root Fixup: 0.1 ms]
   [Code Root Purge: 0.0 ms]
   [Clear CT: 0.1 ms]
   [Other: 5.6 ms]
      [Choose CSet: 0.0 ms]
      [Ref Proc: 4.8 ms]
      [Ref Enq: 0.0 ms]
      [Redirty Cards: 0.1 ms]
      [Humongous Register: 0.1 ms]
      [Humongous Reclaim: 0.0 ms]
      [Free CSet: 0.1 ms]
   [Eden: 238.0M(238.0M)->0.0B(246.0M) Survivors: 18.0M->10.0M Heap: 284.9M(4096.0M)->39.8M(4096.0M)]
 [Times: user=0.05 sys=0.00, real=0.01 secs] 
2019-10-25T17:59:12.891+0530: 1301.200: Total time for which application threads were stopped: 0.0117435 seconds, Stopping threads took: 0.0001013 seconds
2019-10-25T17:59:24.695+0530: 1313.004: [GC pause (G1 Evacuation Pause) (young), 0.0115381 secs]
   [Parallel Time: 5.5 ms, GC Workers: 8]
      [GC Worker Start (ms): Min: 1313004.5, Avg: 1313004.5, Max: 1313004.6, Diff: 0.1]
      [Ext Root Scanning (ms): Min: 0.5, Avg: 0.5, Max: 0.7, Diff: 0.2, Sum: 4.2]
      [Update RS (ms): Min: 3.2, Avg: 3.2, Max: 3.3, Diff: 0.1, Sum: 25.9]
         [Processed Buffers: Min: 37, Avg: 40.1, Max: 45, Diff: 8, Sum: 321]
      [Scan RS (ms): Min: 0.0, Avg: 0.0, Max: 0.0, Diff: 0.0, Sum: 0.2]
      [Code Root Scanning (ms): Min: 0.0, Avg: 0.0, Max: 0.0, Diff: 0.0, Sum: 0.0]
      [Object Copy (ms): Min: 1.4, Avg: 1.5, Max: 1.5, Diff: 0.1, Sum: 12.0]
      [Termination (ms): Min: 0.0, Avg: 0.0, Max: 0.0, Diff: 0.0, Sum: 0.0]
         [Termination Attempts: Min: 1, Avg: 2.2, Max: 4, Diff: 3, Sum: 18]
      [GC Worker Other (ms): Min: 0.0, Avg: 0.0, Max: 0.1, Diff: 0.1, Sum: 0.3]
      [GC Worker Total (ms): Min: 5.3, Avg: 5.3, Max: 5.4, Diff: 0.1, Sum: 42.6]
      [GC Worker End (ms): Min: 1313009.8, Avg: 1313009.8, Max: 1313009.9, Diff: 0.1]
   [Code Root Fixup: 0.0 ms]
   [Code Root Purge: 0.0 ms]
   [Clear CT: 0.1 ms]
   [Other: 5.9 ms]
      [Choose CSet: 0.0 ms]
      [Ref Proc: 5.0 ms]
      [Ref Enq: 0.0 ms]
      [Redirty Cards: 0.1 ms]
      [Humongous Register: 0.1 ms]
      [Humongous Reclaim: 0.0 ms]
      [Free CSet: 0.1 ms]
   [Eden: 246.0M(246.0M)->0.0B(246.0M) Survivors: 10.0M->10.0M Heap: 285.8M(4096.0M)->39.5M(4096.0M)]
 [Times: user=0.05 sys=0.01, real=0.01 secs] 
2019-10-25T17:59:24.707+0530: 1313.016: Total time for which application threads were stopped: 0.0124063 seconds, Stopping threads took: 0.0000930 seconds
2019-10-25T17:59:40.007+0530: 1328.315: [GC pause (G1 Evacuation Pause) (young), 0.0113925 secs]
   [Parallel Time: 5.3 ms, GC Workers: 8]
      [GC Worker Start (ms): Min: 1328315.9, Avg: 1328315.9, Max: 1328315.9, Diff: 0.1]
      [Ext Root Scanning (ms): Min: 0.4, Avg: 0.5, Max: 0.6, Diff: 0.2, Sum: 3.6]
      [Update RS (ms): Min: 3.2, Avg: 3.2, Max: 3.2, Diff: 0.1, Sum: 25.6]
         [Processed Buffers: Min: 38, Avg: 40.2, Max: 43, Diff: 5, Sum: 322]
      [Scan RS (ms): Min: 0.0, Avg: 0.0, Max: 0.0, Diff: 0.0, Sum: 0.1]
      [Code Root Scanning (ms): Min: 0.0, Avg: 0.0, Max: 0.0, Diff: 0.0, Sum: 0.0]
      [Object Copy (ms): Min: 1.4, Avg: 1.4, Max: 1.5, Diff: 0.1, Sum: 11.5]
      [Termination (ms): Min: 0.0, Avg: 0.0, Max: 0.0, Diff: 0.0, Sum: 0.1]
         [Termination Attempts: Min: 10, Avg: 16.9, Max: 25, Diff: 15, Sum: 135]
      [GC Worker Other (ms): Min: 0.0, Avg: 0.0, Max: 0.1, Diff: 0.0, Sum: 0.2]
      [GC Worker Total (ms): Min: 5.1, Avg: 5.2, Max: 5.2, Diff: 0.1, Sum: 41.2]
      [GC Worker End (ms): Min: 1328321.0, Avg: 1328321.1, Max: 1328321.1, Diff: 0.0]
   [Code Root Fixup: 0.0 ms]
   [Code Root Purge: 0.0 ms]
   [Clear CT: 0.1 ms]
   [Other: 5.9 ms]
      [Choose CSet: 0.0 ms]
      [Ref Proc: 5.0 ms]
      [Ref Enq: 0.0 ms]
      [Redirty Cards: 0.1 ms]
      [Humongous Register: 0.1 ms]
      [Humongous Reclaim: 0.0 ms]
      [Free CSet: 0.1 ms]
   [Eden: 246.0M(246.0M)->0.0B(244.0M) Survivors: 10.0M->12.0M Heap: 285.5M(4096.0M)->40.6M(4096.0M)]
 [Times: user=0.05 sys=0.00, real=0.02 secs] 
2019-10-25T17:59:40.018+0530: 1328.327: Total time for which application threads were stopped: 0.0121315 seconds, Stopping threads took: 0.0000999 seconds
2019-10-25T17:59:55.966+0530: 1344.275: [GC pause (G1 Evacuation Pause) (young), 0.0114015 secs]
   [Parallel Time: 5.4 ms, GC Workers: 8]
      [GC Worker Start (ms): Min: 1344274.9, Avg: 1344275.0, Max: 1344275.0, Diff: 0.1]
      [Ext Root Scanning (ms): Min: 0.5, Avg: 0.5, Max: 0.6, Diff: 0.2, Sum: 4.2]
      [Update RS (ms): Min: 3.2, Avg: 3.2, Max: 3.3, Diff: 0.1, Sum: 26.0]
         [Processed Buffers: Min: 37, Avg: 39.9, Max: 44, Diff: 7, Sum: 319]
      [Scan RS (ms): Min: 0.0, Avg: 0.0, Max: 0.0, Diff: 0.0, Sum: 0.1]
      [Code Root Scanning (ms): Min: 0.0, Avg: 0.0, Max: 0.0, Diff: 0.0, Sum: 0.0]
      [Object Copy (ms): Min: 1.4, Avg: 1.4, Max: 1.5, Diff: 0.1, Sum: 11.6]
      [Termination (ms): Min: 0.0, Avg: 0.0, Max: 0.0, Diff: 0.0, Sum: 0.0]
         [Termination Attempts: Min: 1, Avg: 7.5, Max: 12, Diff: 11, Sum: 60]
      [GC Worker Other (ms): Min: 0.0, Avg: 0.0, Max: 0.1, Diff: 0.1, Sum: 0.3]
      [GC Worker Total (ms): Min: 5.2, Avg: 5.3, Max: 5.3, Diff: 0.1, Sum: 42.2]
      [GC Worker End (ms): Min: 1344280.2, Avg: 1344280.3, Max: 1344280.3, Diff: 0.1]
   [Code Root Fixup: 0.1 ms]
   [Code Root Purge: 0.0 ms]
   [Clear CT: 0.2 ms]
   [Other: 5.8 ms]
      [Choose CSet: 0.0 ms]
      [Ref Proc: 4.8 ms]
      [Ref Enq: 0.0 ms]
      [Redirty Cards: 0.1 ms]
      [Humongous Register: 0.1 ms]
      [Humongous Reclaim: 0.0 ms]
      [Free CSet: 0.1 ms]
   [Eden: 244.0M(244.0M)->0.0B(248.0M) Survivors: 12.0M->8192.0K Heap: 284.6M(4096.0M)->36.9M(4096.0M)]
 [Times: user=0.05 sys=0.00, real=0.02 secs] 
2019-10-25T17:59:55.977+0530: 1344.286: Total time for which application threads were stopped: 0.0123031 seconds, Stopping threads took: 0.0001476 seconds
2019-10-25T18:00:08.641+0530: 1356.950: [GC pause (G1 Evacuation Pause) (young), 0.0123225 secs]
   [Parallel Time: 6.3 ms, GC Workers: 8]
      [GC Worker Start (ms): Min: 1356950.4, Avg: 1356950.5, Max: 1356950.5, Diff: 0.1]
      [Ext Root Scanning (ms): Min: 0.5, Avg: 0.6, Max: 0.8, Diff: 0.3, Sum: 5.0]
      [Update RS (ms): Min: 3.2, Avg: 3.3, Max: 3.4, Diff: 0.1, Sum: 26.3]
         [Processed Buffers: Min: 38, Avg: 40.1, Max: 42, Diff: 4, Sum: 321]
      [Scan RS (ms): Min: 0.0, Avg: 0.0, Max: 0.0, Diff: 0.0, Sum: 0.2]
      [Code Root Scanning (ms): Min: 0.0, Avg: 0.0, Max: 0.0, Diff: 0.0, Sum: 0.0]
      [Object Copy (ms): Min: 2.0, Avg: 2.2, Max: 2.2, Diff: 0.3, Sum: 17.3]
      [Termination (ms): Min: 0.0, Avg: 0.0, Max: 0.0, Diff: 0.0, Sum: 0.0]
         [Termination Attempts: Min: 1, Avg: 1.0, Max: 1, Diff: 0, Sum: 8]
      [GC Worker Other (ms): Min: 0.0, Avg: 0.0, Max: 0.1, Diff: 0.1, Sum: 0.3]
      [GC Worker Total (ms): Min: 6.1, Avg: 6.1, Max: 6.2, Diff: 0.2, Sum: 49.1]
      [GC Worker End (ms): Min: 1356956.6, Avg: 1356956.6, Max: 1356956.6, Diff: 0.1]
   [Code Root Fixup: 0.0 ms]
   [Code Root Purge: 0.0 ms]
   [Clear CT: 0.2 ms]
   [Other: 5.8 ms]
      [Choose CSet: 0.0 ms]
      [Ref Proc: 4.8 ms]
      [Ref Enq: 0.0 ms]
      [Redirty Cards: 0.1 ms]
      [Humongous Register: 0.1 ms]
      [Humongous Reclaim: 0.0 ms]
      [Free CSet: 0.1 ms]
   [Eden: 248.0M(248.0M)->0.0B(240.0M) Survivors: 8192.0K->16.0M Heap: 284.9M(4096.0M)->45.7M(4096.0M)]
 [Times: user=0.05 sys=0.01, real=0.01 secs] 
2019-10-25T18:00:08.654+0530: 1356.963: Total time for which application threads were stopped: 0.0134666 seconds, Stopping threads took: 0.0001196 seconds
2019-10-25T18:00:22.368+0530: 1370.677: [GC pause (G1 Evacuation Pause) (young), 0.0114810 secs]
   [Parallel Time: 5.3 ms, GC Workers: 8]
      [GC Worker Start (ms): Min: 1370677.5, Avg: 1370677.5, Max: 1370677.5, Diff: 0.1]
      [Ext Root Scanning (ms): Min: 0.5, Avg: 0.5, Max: 0.6, Diff: 0.2, Sum: 4.0]
      [Update RS (ms): Min: 3.1, Avg: 3.2, Max: 3.2, Diff: 0.1, Sum: 25.5]
         [Processed Buffers: Min: 38, Avg: 40.4, Max: 42, Diff: 4, Sum: 323]
      [Scan RS (ms): Min: 0.0, Avg: 0.0, Max: 0.0, Diff: 0.0, Sum: 0.2]
      [Code Root Scanning (ms): Min: 0.0, Avg: 0.0, Max: 0.0, Diff: 0.0, Sum: 0.0]
      [Object Copy (ms): Min: 1.4, Avg: 1.4, Max: 1.5, Diff: 0.1, Sum: 11.5]
      [Termination (ms): Min: 0.0, Avg: 0.0, Max: 0.0, Diff: 0.0, Sum: 0.1]
         [Termination Attempts: Min: 1, Avg: 14.9, Max: 26, Diff: 25, Sum: 119]
      [GC Worker Other (ms): Min: 0.0, Avg: 0.0, Max: 0.0, Diff: 0.0, Sum: 0.2]
      [GC Worker Total (ms): Min: 5.1, Avg: 5.2, Max: 5.2, Diff: 0.1, Sum: 41.4]
      [GC Worker End (ms): Min: 1370682.7, Avg: 1370682.7, Max: 1370682.7, Diff: 0.0]
   [Code Root Fixup: 0.0 ms]
   [Code Root Purge: 0.0 ms]
   [Clear CT: 0.1 ms]
   [Other: 6.0 ms]
      [Choose CSet: 0.0 ms]
      [Ref Proc: 5.1 ms]
      [Ref Enq: 0.0 ms]
      [Redirty Cards: 0.1 ms]
      [Humongous Register: 0.1 ms]
      [Humongous Reclaim: 0.0 ms]
      [Free CSet: 0.1 ms]
   [Eden: 240.0M(240.0M)->0.0B(246.0M) Survivors: 16.0M->10.0M Heap: 285.7M(4096.0M)->39.9M(4096.0M)]
 [Times: user=0.05 sys=0.00, real=0.02 secs] 
2019-10-25T18:00:22.380+0530: 1370.689: Total time for which application threads were stopped: 0.0122052 seconds, Stopping threads took: 0.0000870 seconds
2019-10-25T18:00:35.983+0530: 1384.292: [GC pause (G1 Evacuation Pause) (young), 0.0118680 secs]
   [Parallel Time: 5.9 ms, GC Workers: 8]
      [GC Worker Start (ms): Min: 1384292.1, Avg: 1384292.2, Max: 1384292.2, Diff: 0.1]
      [Ext Root Scanning (ms): Min: 0.5, Avg: 0.6, Max: 0.8, Diff: 0.3, Sum: 4.8]
      [Update RS (ms): Min: 3.2, Avg: 3.2, Max: 3.3, Diff: 0.1, Sum: 25.8]
         [Processed Buffers: Min: 37, Avg: 40.1, Max: 45, Diff: 8, Sum: 321]
      [Scan RS (ms): Min: 0.0, Avg: 0.0, Max: 0.0, Diff: 0.0, Sum: 0.1]
      [Code Root Scanning (ms): Min: 0.0, Avg: 0.0, Max: 0.0, Diff: 0.0, Sum: 0.0]
      [Object Copy (ms): Min: 1.7, Avg: 1.9, Max: 1.9, Diff: 0.2, Sum: 15.2]
      [Termination (ms): Min: 0.0, Avg: 0.0, Max: 0.0, Diff: 0.0, Sum: 0.0]
         [Termination Attempts: Min: 1, Avg: 1.0, Max: 1, Diff: 0, Sum: 8]
      [GC Worker Other (ms): Min: 0.0, Avg: 0.0, Max: 0.1, Diff: 0.0, Sum: 0.2]
      [GC Worker Total (ms): Min: 5.7, Avg: 5.8, Max: 5.8, Diff: 0.1, Sum: 46.2]
      [GC Worker End (ms): Min: 1384297.9, Avg: 1384297.9, Max: 1384298.0, Diff: 0.0]
   [Code Root Fixup: 0.1 ms]
   [Code Root Purge: 0.0 ms]
   [Clear CT: 0.2 ms]
   [Other: 5.8 ms]
      [Choose CSet: 0.0 ms]
      [Ref Proc: 4.9 ms]
      [Ref Enq: 0.0 ms]
      [Redirty Cards: 0.1 ms]
      [Humongous Register: 0.1 ms]
      [Humongous Reclaim: 0.0 ms]
      [Free CSet: 0.1 ms]
   [Eden: 246.0M(246.0M)->0.0B(242.0M) Survivors: 10.0M->14.0M Heap: 285.9M(4096.0M)->42.7M(4096.0M)]
 [Times: user=0.05 sys=0.00, real=0.01 secs] 
2019-10-25T18:00:35.995+0530: 1384.304: Total time for which application threads were stopped: 0.0128493 seconds, Stopping threads took: 0.0001133 seconds
2019-10-25T18:00:46.447+0530: 1394.756: [GC pause (G1 Evacuation Pause) (young), 0.0112960 secs]
   [Parallel Time: 5.2 ms, GC Workers: 8]
      [GC Worker Start (ms): Min: 1394756.0, Avg: 1394756.0, Max: 1394756.1, Diff: 0.1]
      [Ext Root Scanning (ms): Min: 0.4, Avg: 0.5, Max: 0.6, Diff: 0.2, Sum: 4.0]
      [Update RS (ms): Min: 3.2, Avg: 3.2, Max: 3.3, Diff: 0.1, Sum: 25.8]
         [Processed Buffers: Min: 39, Avg: 40.4, Max: 42, Diff: 3, Sum: 323]
      [Scan RS (ms): Min: 0.0, Avg: 0.0, Max: 0.0, Diff: 0.0, Sum: 0.1]
      [Code Root Scanning (ms): Min: 0.0, Avg: 0.0, Max: 0.0, Diff: 0.0, Sum: 0.0]
      [Object Copy (ms): Min: 1.2, Avg: 1.3, Max: 1.4, Diff: 0.1, Sum: 10.5]
      [Termination (ms): Min: 0.0, Avg: 0.0, Max: 0.0, Diff: 0.0, Sum: 0.3]
         [Termination Attempts: Min: 1, Avg: 3.1, Max: 6, Diff: 5, Sum: 25]
      [GC Worker Other (ms): Min: 0.0, Avg: 0.0, Max: 0.0, Diff: 0.0, Sum: 0.1]
      [GC Worker Total (ms): Min: 5.1, Avg: 5.1, Max: 5.2, Diff: 0.1, Sum: 40.9]
      [GC Worker End (ms): Min: 1394761.1, Avg: 1394761.1, Max: 1394761.1, Diff: 0.0]
   [Code Root Fixup: 0.1 ms]
   [Code Root Purge: 0.0 ms]
   [Clear CT: 0.1 ms]
   [Other: 5.9 ms]
      [Choose CSet: 0.0 ms]
      [Ref Proc: 5.0 ms]
      [Ref Enq: 0.0 ms]
      [Redirty Cards: 0.1 ms]
      [Humongous Register: 0.1 ms]
      [Humongous Reclaim: 0.0 ms]
      [Free CSet: 0.1 ms]
   [Eden: 242.0M(242.0M)->0.0B(246.0M) Survivors: 14.0M->10.0M Heap: 284.7M(4096.0M)->39.8M(4096.0M)]
 [Times: user=0.05 sys=0.00, real=0.02 secs] 
2019-10-25T18:00:46.458+0530: 1394.767: Total time for which application threads were stopped: 0.0121388 seconds, Stopping threads took: 0.0001245 seconds
2019-10-25T18:01:00.808+0530: 1409.117: [GC pause (G1 Evacuation Pause) (young), 0.0115110 secs]
   [Parallel Time: 5.4 ms, GC Workers: 8]
      [GC Worker Start (ms): Min: 1409117.2, Avg: 1409117.2, Max: 1409117.2, Diff: 0.1]
      [Ext Root Scanning (ms): Min: 0.4, Avg: 0.5, Max: 0.6, Diff: 0.1, Sum: 3.9]
      [Update RS (ms): Min: 3.3, Avg: 3.3, Max: 3.3, Diff: 0.1, Sum: 26.3]
         [Processed Buffers: Min: 38, Avg: 40.1, Max: 45, Diff: 7, Sum: 321]
      [Scan RS (ms): Min: 0.0, Avg: 0.0, Max: 0.0, Diff: 0.0, Sum: 0.1]
      [Code Root Scanning (ms): Min: 0.0, Avg: 0.0, Max: 0.0, Diff: 0.0, Sum: 0.0]
      [Object Copy (ms): Min: 1.4, Avg: 1.4, Max: 1.5, Diff: 0.1, Sum: 11.5]
      [Termination (ms): Min: 0.0, Avg: 0.0, Max: 0.0, Diff: 0.0, Sum: 0.2]
         [Termination Attempts: Min: 1, Avg: 12.1, Max: 18, Diff: 17, Sum: 97]
      [GC Worker Other (ms): Min: 0.0, Avg: 0.0, Max: 0.0, Diff: 0.0, Sum: 0.2]
      [GC Worker Total (ms): Min: 5.2, Avg: 5.3, Max: 5.3, Diff: 0.1, Sum: 42.3]
      [GC Worker End (ms): Min: 1409122.5, Avg: 1409122.5, Max: 1409122.5, Diff: 0.0]
   [Code Root Fixup: 0.1 ms]
   [Code Root Purge: 0.0 ms]
   [Clear CT: 0.1 ms]
   [Other: 5.9 ms]
      [Choose CSet: 0.0 ms]
      [Ref Proc: 5.0 ms]
      [Ref Enq: 0.0 ms]
      [Redirty Cards: 0.1 ms]
      [Humongous Register: 0.1 ms]
      [Humongous Reclaim: 0.0 ms]
      [Free CSet: 0.1 ms]
   [Eden: 246.0M(246.0M)->0.0B(248.0M) Survivors: 10.0M->8192.0K Heap: 285.8M(4096.0M)->36.4M(4096.0M)]
 [Times: user=0.05 sys=0.00, real=0.02 secs] 
2019-10-25T18:01:00.820+0530: 1409.128: Total time for which application threads were stopped: 0.0123199 seconds, Stopping threads took: 0.0000884 seconds
2019-10-25T18:01:12.743+0530: 1421.051: [GC pause (G1 Evacuation Pause) (young), 0.0115924 secs]
   [Parallel Time: 5.4 ms, GC Workers: 8]
      [GC Worker Start (ms): Min: 1421051.7, Avg: 1421051.7, Max: 1421051.7, Diff: 0.1]
      [Ext Root Scanning (ms): Min: 0.5, Avg: 0.5, Max: 0.6, Diff: 0.2, Sum: 4.1]
      [Update RS (ms): Min: 3.3, Avg: 3.3, Max: 3.3, Diff: 0.1, Sum: 26.4]
         [Processed Buffers: Min: 38, Avg: 40.0, Max: 42, Diff: 4, Sum: 320]
      [Scan RS (ms): Min: 0.0, Avg: 0.0, Max: 0.0, Diff: 0.0, Sum: 0.2]
      [Code Root Scanning (ms): Min: 0.0, Avg: 0.0, Max: 0.0, Diff: 0.0, Sum: 0.0]
      [Object Copy (ms): Min: 1.3, Avg: 1.4, Max: 1.5, Diff: 0.2, Sum: 11.2]
      [Termination (ms): Min: 0.0, Avg: 0.0, Max: 0.0, Diff: 0.0, Sum: 0.2]
         [Termination Attempts: Min: 1, Avg: 2.0, Max: 4, Diff: 3, Sum: 16]
      [GC Worker Other (ms): Min: 0.0, Avg: 0.0, Max: 0.0, Diff: 0.0, Sum: 0.1]
      [GC Worker Total (ms): Min: 5.2, Avg: 5.3, Max: 5.3, Diff: 0.1, Sum: 42.1]
      [GC Worker End (ms): Min: 1421057.0, Avg: 1421057.0, Max: 1421057.0, Diff: 0.0]
   [Code Root Fixup: 0.1 ms]
   [Code Root Purge: 0.0 ms]
   [Clear CT: 0.1 ms]
   [Other: 6.0 ms]
      [Choose CSet: 0.0 ms]
      [Ref Proc: 5.1 ms]
      [Ref Enq: 0.0 ms]
      [Redirty Cards: 0.1 ms]
      [Humongous Register: 0.1 ms]
      [Humongous Reclaim: 0.0 ms]
      [Free CSet: 0.1 ms]
   [Eden: 248.0M(248.0M)->0.0B(244.0M) Survivors: 8192.0K->12.0M Heap: 284.4M(4096.0M)->41.0M(4096.0M)]
 [Times: user=0.05 sys=0.01, real=0.01 secs] 
2019-10-25T18:01:12.754+0530: 1421.063: Total time for which application threads were stopped: 0.0124843 seconds, Stopping threads took: 0.0001341 seconds
2019-10-25T18:01:26.655+0530: 1434.963: [GC pause (G1 Evacuation Pause) (young), 0.0117584 secs]
   [Parallel Time: 5.7 ms, GC Workers: 8]
      [GC Worker Start (ms): Min: 1434963.5, Avg: 1434963.6, Max: 1434963.6, Diff: 0.1]
      [Ext Root Scanning (ms): Min: 0.5, Avg: 0.5, Max: 0.7, Diff: 0.2, Sum: 4.3]
      [Update RS (ms): Min: 3.3, Avg: 3.3, Max: 3.3, Diff: 0.1, Sum: 26.3]
         [Processed Buffers: Min: 38, Avg: 40.2, Max: 45, Diff: 7, Sum: 322]
      [Scan RS (ms): Min: 0.0, Avg: 0.0, Max: 0.0, Diff: 0.0, Sum: 0.2]
      [Code Root Scanning (ms): Min: 0.0, Avg: 0.0, Max: 0.0, Diff: 0.0, Sum: 0.0]
      [Object Copy (ms): Min: 1.5, Avg: 1.7, Max: 1.7, Diff: 0.2, Sum: 13.3]
      [Termination (ms): Min: 0.0, Avg: 0.0, Max: 0.0, Diff: 0.0, Sum: 0.1]
         [Termination Attempts: Min: 1, Avg: 8.8, Max: 14, Diff: 13, Sum: 70]
      [GC Worker Other (ms): Min: 0.0, Avg: 0.0, Max: 0.1, Diff: 0.1, Sum: 0.3]
      [GC Worker Total (ms): Min: 5.5, Avg: 5.6, Max: 5.6, Diff: 0.1, Sum: 44.4]
      [GC Worker End (ms): Min: 1434969.1, Avg: 1434969.1, Max: 1434969.2, Diff: 0.0]
   [Code Root Fixup: 0.0 ms]
   [Code Root Purge: 0.0 ms]
   [Clear CT: 0.1 ms]
   [Other: 5.9 ms]
      [Choose CSet: 0.0 ms]
      [Ref Proc: 5.0 ms]
      [Ref Enq: 0.0 ms]
      [Redirty Cards: 0.1 ms]
      [Humongous Register: 0.1 ms]
      [Humongous Reclaim: 0.0 ms]
      [Free CSet: 0.1 ms]
   [Eden: 244.0M(244.0M)->0.0B(240.0M) Survivors: 12.0M->16.0M Heap: 285.0M(4096.0M)->44.6M(4096.0M)]
 [Times: user=0.05 sys=0.00, real=0.01 secs] 
2019-10-25T18:01:26.666+0530: 1434.975: Total time for which application threads were stopped: 0.0126437 seconds, Stopping threads took: 0.0000923 seconds
2019-10-25T18:01:40.113+0530: 1448.422: [GC pause (G1 Evacuation Pause) (young), 0.0115659 secs]
   [Parallel Time: 5.4 ms, GC Workers: 8]
      [GC Worker Start (ms): Min: 1448422.5, Avg: 1448422.5, Max: 1448422.6, Diff: 0.1]
      [Ext Root Scanning (ms): Min: 0.4, Avg: 0.5, Max: 0.6, Diff: 0.2, Sum: 4.1]
      [Update RS (ms): Min: 3.2, Avg: 3.2, Max: 3.3, Diff: 0.1, Sum: 25.8]
         [Processed Buffers: Min: 38, Avg: 40.2, Max: 45, Diff: 7, Sum: 322]
      [Scan RS (ms): Min: 0.0, Avg: 0.0, Max: 0.0, Diff: 0.0, Sum: 0.1]
      [Code Root Scanning (ms): Min: 0.0, Avg: 0.0, Max: 0.0, Diff: 0.0, Sum: 0.0]
      [Object Copy (ms): Min: 1.4, Avg: 1.5, Max: 1.5, Diff: 0.1, Sum: 11.7]
      [Termination (ms): Min: 0.0, Avg: 0.0, Max: 0.0, Diff: 0.0, Sum: 0.1]
         [Termination Attempts: Min: 1, Avg: 12.9, Max: 20, Diff: 19, Sum: 103]
      [GC Worker Other (ms): Min: 0.0, Avg: 0.0, Max: 0.1, Diff: 0.0, Sum: 0.3]
      [GC Worker Total (ms): Min: 5.2, Avg: 5.3, Max: 5.3, Diff: 0.1, Sum: 42.2]
      [GC Worker End (ms): Min: 1448427.8, Avg: 1448427.8, Max: 1448427.8, Diff: 0.1]
   [Code Root Fixup: 0.0 ms]
   [Code Root Purge: 0.0 ms]
   [Clear CT: 0.2 ms]
   [Other: 5.9 ms]
      [Choose CSet: 0.0 ms]
      [Ref Proc: 5.0 ms]
      [Ref Enq: 0.0 ms]
      [Redirty Cards: 0.1 ms]
      [Humongous Register: 0.1 ms]
      [Humongous Reclaim: 0.0 ms]
      [Free CSet: 0.1 ms]
   [Eden: 240.0M(240.0M)->0.0B(244.0M) Survivors: 16.0M->12.0M Heap: 284.6M(4096.0M)->40.7M(4096.0M)]
 [Times: user=0.05 sys=0.01, real=0.01 secs] 
2019-10-25T18:01:40.125+0530: 1448.434: Total time for which application threads were stopped: 0.0123821 seconds, Stopping threads took: 0.0000949 seconds
2019-10-25T18:01:55.519+0530: 1463.827: [GC pause (G1 Evacuation Pause) (young), 0.0120682 secs]
   [Parallel Time: 6.3 ms, GC Workers: 8]
      [GC Worker Start (ms): Min: 1463827.7, Avg: 1463827.7, Max: 1463827.8, Diff: 0.1]
      [Ext Root Scanning (ms): Min: 0.5, Avg: 0.6, Max: 0.8, Diff: 0.3, Sum: 4.9]
      [Update RS (ms): Min: 3.2, Avg: 3.3, Max: 3.3, Diff: 0.1, Sum: 26.0]
         [Processed Buffers: Min: 37, Avg: 39.9, Max: 44, Diff: 7, Sum: 319]
      [Scan RS (ms): Min: 0.0, Avg: 0.0, Max: 0.0, Diff: 0.0, Sum: 0.1]
      [Code Root Scanning (ms): Min: 0.0, Avg: 0.0, Max: 0.0, Diff: 0.0, Sum: 0.0]
      [Object Copy (ms): Min: 1.9, Avg: 2.2, Max: 2.2, Diff: 0.3, Sum: 17.2]
      [Termination (ms): Min: 0.0, Avg: 0.0, Max: 0.0, Diff: 0.0, Sum: 0.0]
         [Termination Attempts: Min: 1, Avg: 1.0, Max: 1, Diff: 0, Sum: 8]
      [GC Worker Other (ms): Min: 0.0, Avg: 0.0, Max: 0.1, Diff: 0.1, Sum: 0.3]
      [GC Worker Total (ms): Min: 6.0, Avg: 6.1, Max: 6.1, Diff: 0.1, Sum: 48.6]
      [GC Worker End (ms): Min: 1463833.8, Avg: 1463833.8, Max: 1463833.8, Diff: 0.1]
   [Code Root Fixup: 0.0 ms]
   [Code Root Purge: 0.0 ms]
   [Clear CT: 0.2 ms]
   [Other: 5.6 ms]
      [Choose CSet: 0.0 ms]
      [Ref Proc: 4.7 ms]
      [Ref Enq: 0.0 ms]
      [Redirty Cards: 0.1 ms]
      [Humongous Register: 0.1 ms]
      [Humongous Reclaim: 0.0 ms]
      [Free CSet: 0.1 ms]
   [Eden: 244.0M(244.0M)->0.0B(238.0M) Survivors: 12.0M->18.0M Heap: 284.7M(4096.0M)->46.4M(4096.0M)]
 [Times: user=0.05 sys=0.01, real=0.01 secs] 
2019-10-25T18:01:55.531+0530: 1463.840: Total time for which application threads were stopped: 0.0131507 seconds, Stopping threads took: 0.0001158 seconds
2019-10-25T18:02:07.709+0530: 1476.018: [GC pause (G1 Evacuation Pause) (young), 0.0118789 secs]
   [Parallel Time: 5.9 ms, GC Workers: 8]
      [GC Worker Start (ms): Min: 1476017.9, Avg: 1476018.0, Max: 1476018.0, Diff: 0.1]
      [Ext Root Scanning (ms): Min: 0.5, Avg: 0.6, Max: 0.7, Diff: 0.2, Sum: 4.6]
      [Update RS (ms): Min: 3.2, Avg: 3.2, Max: 3.3, Diff: 0.1, Sum: 25.9]
         [Processed Buffers: Min: 36, Avg: 40.2, Max: 42, Diff: 6, Sum: 322]
      [Scan RS (ms): Min: 0.0, Avg: 0.0, Max: 0.0, Diff: 0.0, Sum: 0.2]
      [Code Root Scanning (ms): Min: 0.0, Avg: 0.0, Max: 0.0, Diff: 0.0, Sum: 0.0]
      [Object Copy (ms): Min: 1.8, Avg: 1.9, Max: 1.9, Diff: 0.2, Sum: 15.3]
      [Termination (ms): Min: 0.0, Avg: 0.0, Max: 0.0, Diff: 0.0, Sum: 0.0]
         [Termination Attempts: Min: 1, Avg: 1.1, Max: 2, Diff: 1, Sum: 9]
      [GC Worker Other (ms): Min: 0.0, Avg: 0.0, Max: 0.1, Diff: 0.1, Sum: 0.3]
      [GC Worker Total (ms): Min: 5.7, Avg: 5.8, Max: 5.9, Diff: 0.1, Sum: 46.3]
      [GC Worker End (ms): Min: 1476023.7, Avg: 1476023.8, Max: 1476023.8, Diff: 0.1]
   [Code Root Fixup: 0.0 ms]
   [Code Root Purge: 0.0 ms]
   [Clear CT: 0.1 ms]
   [Other: 5.8 ms]
      [Choose CSet: 0.0 ms]
      [Ref Proc: 4.9 ms]
      [Ref Enq: 0.0 ms]
      [Redirty Cards: 0.1 ms]
      [Humongous Register: 0.1 ms]
      [Humongous Reclaim: 0.0 ms]
      [Free CSet: 0.1 ms]
   [Eden: 238.0M(238.0M)->0.0B(242.0M) Survivors: 18.0M->14.0M Heap: 284.4M(4096.0M)->43.0M(4096.0M)]
 [Times: user=0.05 sys=0.00, real=0.02 secs] 
2019-10-25T18:02:07.721+0530: 1476.030: Total time for which application threads were stopped: 0.0128597 seconds, Stopping threads took: 0.0001024 seconds
2019-10-25T18:02:33.045+0530: 1501.353: [GC pause (G1 Evacuation Pause) (young), 0.0118176 secs]
   [Parallel Time: 5.8 ms, GC Workers: 8]
      [GC Worker Start (ms): Min: 1501353.8, Avg: 1501353.9, Max: 1501353.9, Diff: 0.1]
      [Ext Root Scanning (ms): Min: 0.5, Avg: 0.6, Max: 0.7, Diff: 0.2, Sum: 4.6]
      [Update RS (ms): Min: 3.2, Avg: 3.2, Max: 3.3, Diff: 0.1, Sum: 25.9]
         [Processed Buffers: Min: 39, Avg: 40.4, Max: 44, Diff: 5, Sum: 323]
      [Scan RS (ms): Min: 0.0, Avg: 0.0, Max: 0.0, Diff: 0.0, Sum: 0.2]
      [Code Root Scanning (ms): Min: 0.0, Avg: 0.0, Max: 0.0, Diff: 0.0, Sum: 0.0]
      [Object Copy (ms): Min: 1.6, Avg: 1.8, Max: 1.8, Diff: 0.2, Sum: 14.2]
      [Termination (ms): Min: 0.0, Avg: 0.0, Max: 0.0, Diff: 0.0, Sum: 0.0]
         [Termination Attempts: Min: 1, Avg: 6.2, Max: 11, Diff: 10, Sum: 50]
      [GC Worker Other (ms): Min: 0.0, Avg: 0.0, Max: 0.1, Diff: 0.0, Sum: 0.3]
      [GC Worker Total (ms): Min: 5.6, Avg: 5.7, Max: 5.7, Diff: 0.1, Sum: 45.2]
      [GC Worker End (ms): Min: 1501359.5, Avg: 1501359.5, Max: 1501359.5, Diff: 0.0]
   [Code Root Fixup: 0.1 ms]
   [Code Root Purge: 0.0 ms]
   [Clear CT: 0.1 ms]
   [Other: 5.9 ms]
      [Choose CSet: 0.0 ms]
      [Ref Proc: 5.0 ms]
      [Ref Enq: 0.0 ms]
      [Redirty Cards: 0.1 ms]
      [Humongous Register: 0.1 ms]
      [Humongous Reclaim: 0.0 ms]
      [Free CSet: 0.1 ms]
   [Eden: 242.0M(242.0M)->0.0B(246.0M) Survivors: 14.0M->10.0M Heap: 285.0M(4096.0M)->40.0M(4096.0M)]
 [Times: user=0.05 sys=0.00, real=0.01 secs] 
2019-10-25T18:02:33.057+0530: 1501.365: Total time for which application threads were stopped: 0.0127553 seconds, Stopping threads took: 0.0001086 seconds
2019-10-25T18:02:55.166+0530: 1523.474: [GC pause (G1 Evacuation Pause) (young), 0.0119179 secs]
   [Parallel Time: 5.8 ms, GC Workers: 8]
      [GC Worker Start (ms): Min: 1523474.6, Avg: 1523474.6, Max: 1523474.7, Diff: 0.1]
      [Ext Root Scanning (ms): Min: 0.5, Avg: 0.6, Max: 0.7, Diff: 0.2, Sum: 4.4]
      [Update RS (ms): Min: 3.3, Avg: 3.3, Max: 3.4, Diff: 0.1, Sum: 26.6]
         [Processed Buffers: Min: 38, Avg: 40.4, Max: 45, Diff: 7, Sum: 323]
      [Scan RS (ms): Min: 0.0, Avg: 0.0, Max: 0.0, Diff: 0.0, Sum: 0.1]
      [Code Root Scanning (ms): Min: 0.0, Avg: 0.0, Max: 0.0, Diff: 0.0, Sum: 0.0]
      [Object Copy (ms): Min: 1.6, Avg: 1.7, Max: 1.7, Diff: 0.1, Sum: 13.4]
      [Termination (ms): Min: 0.0, Avg: 0.0, Max: 0.0, Diff: 0.0, Sum: 0.0]
         [Termination Attempts: Min: 1, Avg: 1.0, Max: 1, Diff: 0, Sum: 8]
      [GC Worker Other (ms): Min: 0.0, Avg: 0.0, Max: 0.1, Diff: 0.1, Sum: 0.3]
      [GC Worker Total (ms): Min: 5.6, Avg: 5.6, Max: 5.6, Diff: 0.1, Sum: 44.9]
      [GC Worker End (ms): Min: 1523480.2, Avg: 1523480.2, Max: 1523480.3, Diff: 0.1]
   [Code Root Fixup: 0.0 ms]
   [Code Root Purge: 0.0 ms]
   [Clear CT: 0.1 ms]
   [Other: 6.0 ms]
      [Choose CSet: 0.0 ms]
      [Ref Proc: 5.0 ms]
      [Ref Enq: 0.0 ms]
      [Redirty Cards: 0.1 ms]
      [Humongous Register: 0.1 ms]
      [Humongous Reclaim: 0.0 ms]
      [Free CSet: 0.1 ms]
   [Eden: 246.0M(246.0M)->0.0B(246.0M) Survivors: 10.0M->10.0M Heap: 286.0M(4096.0M)->39.9M(4096.0M)]
 [Times: user=0.05 sys=0.01, real=0.02 secs] 
2019-10-25T18:02:55.178+0530: 1523.486: Total time for which application threads were stopped: 0.0128830 seconds, Stopping threads took: 0.0000987 seconds
2019-10-25T18:03:04.739+0530: 1533.047: [GC pause (G1 Evacuation Pause) (young), 0.0122109 secs]
   [Parallel Time: 6.3 ms, GC Workers: 8]
      [GC Worker Start (ms): Min: 1533047.6, Avg: 1533047.6, Max: 1533047.7, Diff: 0.1]
      [Ext Root Scanning (ms): Min: 0.5, Avg: 0.6, Max: 0.9, Diff: 0.3, Sum: 5.1]
      [Update RS (ms): Min: 3.2, Avg: 3.3, Max: 3.3, Diff: 0.1, Sum: 26.1]
         [Processed Buffers: Min: 39, Avg: 40.2, Max: 44, Diff: 5, Sum: 322]
      [Scan RS (ms): Min: 0.0, Avg: 0.0, Max: 0.0, Diff: 0.0, Sum: 0.2]
      [Code Root Scanning (ms): Min: 0.0, Avg: 0.0, Max: 0.0, Diff: 0.0, Sum: 0.0]
      [Object Copy (ms): Min: 2.0, Avg: 2.2, Max: 2.3, Diff: 0.3, Sum: 17.5]
      [Termination (ms): Min: 0.0, Avg: 0.0, Max: 0.0, Diff: 0.0, Sum: 0.0]
         [Termination Attempts: Min: 1, Avg: 1.8, Max: 3, Diff: 2, Sum: 14]
      [GC Worker Other (ms): Min: 0.0, Avg: 0.0, Max: 0.1, Diff: 0.1, Sum: 0.3]
      [GC Worker Total (ms): Min: 6.1, Avg: 6.2, Max: 6.2, Diff: 0.1, Sum: 49.2]
      [GC Worker End (ms): Min: 1533053.7, Avg: 1533053.8, Max: 1533053.8, Diff: 0.1]
   [Code Root Fixup: 0.1 ms]
   [Code Root Purge: 0.0 ms]
   [Clear CT: 0.2 ms]
   [Other: 5.7 ms]
      [Choose CSet: 0.0 ms]
      [Ref Proc: 4.8 ms]
      [Ref Enq: 0.0 ms]
      [Redirty Cards: 0.1 ms]
      [Humongous Register: 0.1 ms]
      [Humongous Reclaim: 0.0 ms]
      [Free CSet: 0.1 ms]
   [Eden: 246.0M(246.0M)->0.0B(238.0M) Survivors: 10.0M->18.0M Heap: 285.9M(4096.0M)->46.8M(4096.0M)]
 [Times: user=0.05 sys=0.00, real=0.01 secs] 
2019-10-25T18:03:04.751+0530: 1533.060: Total time for which application threads were stopped: 0.0133293 seconds, Stopping threads took: 0.0001464 seconds
2019-10-25T18:03:16.494+0530: 1544.803: [GC pause (G1 Evacuation Pause) (young), 0.0122593 secs]
   [Parallel Time: 6.0 ms, GC Workers: 8]
      [GC Worker Start (ms): Min: 1544803.0, Avg: 1544803.0, Max: 1544803.1, Diff: 0.1]
      [Ext Root Scanning (ms): Min: 0.5, Avg: 0.5, Max: 0.6, Diff: 0.1, Sum: 4.2]
      [Update RS (ms): Min: 3.3, Avg: 3.3, Max: 3.3, Diff: 0.0, Sum: 26.6]
         [Processed Buffers: Min: 39, Avg: 40.5, Max: 43, Diff: 4, Sum: 324]
      [Scan RS (ms): Min: 0.0, Avg: 0.0, Max: 0.0, Diff: 0.0, Sum: 0.2]
      [Code Root Scanning (ms): Min: 0.0, Avg: 0.0, Max: 0.0, Diff: 0.0, Sum: 0.0]
      [Object Copy (ms): Min: 1.9, Avg: 2.0, Max: 2.0, Diff: 0.1, Sum: 15.8]
      [Termination (ms): Min: 0.0, Avg: 0.0, Max: 0.0, Diff: 0.0, Sum: 0.1]
         [Termination Attempts: Min: 1, Avg: 24.4, Max: 33, Diff: 32, Sum: 195]
      [GC Worker Other (ms): Min: 0.0, Avg: 0.0, Max: 0.1, Diff: 0.1, Sum: 0.3]
      [GC Worker Total (ms): Min: 5.8, Avg: 5.9, Max: 6.0, Diff: 0.1, Sum: 47.1]
      [GC Worker End (ms): Min: 1544808.9, Avg: 1544808.9, Max: 1544808.9, Diff: 0.1]
   [Code Root Fixup: 0.1 ms]
   [Code Root Purge: 0.0 ms]
   [Clear CT: 0.1 ms]
   [Other: 6.1 ms]
      [Choose CSet: 0.0 ms]
      [Ref Proc: 5.1 ms]
      [Ref Enq: 0.0 ms]
      [Redirty Cards: 0.1 ms]
      [Humongous Register: 0.1 ms]
      [Humongous Reclaim: 0.0 ms]
      [Free CSet: 0.1 ms]
   [Eden: 238.0M(238.0M)->0.0B(246.0M) Survivors: 18.0M->10.0M Heap: 284.8M(4096.0M)->40.0M(4096.0M)]
 [Times: user=0.05 sys=0.01, real=0.01 secs] 
2019-10-25T18:03:16.506+0530: 1544.815: Total time for which application threads were stopped: 0.0131802 seconds, Stopping threads took: 0.0001663 seconds
2019-10-25T18:03:28.456+0530: 1556.765: [GC pause (G1 Evacuation Pause) (young), 0.0113206 secs]
   [Parallel Time: 5.3 ms, GC Workers: 8]
      [GC Worker Start (ms): Min: 1556765.0, Avg: 1556765.1, Max: 1556765.2, Diff: 0.1]
      [Ext Root Scanning (ms): Min: 0.4, Avg: 0.5, Max: 0.6, Diff: 0.2, Sum: 3.6]
      [Update RS (ms): Min: 3.2, Avg: 3.2, Max: 3.3, Diff: 0.1, Sum: 25.7]
         [Processed Buffers: Min: 39, Avg: 40.2, Max: 45, Diff: 6, Sum: 322]
      [Scan RS (ms): Min: 0.0, Avg: 0.0, Max: 0.0, Diff: 0.0, Sum: 0.1]
      [Code Root Scanning (ms): Min: 0.0, Avg: 0.0, Max: 0.0, Diff: 0.0, Sum: 0.0]
      [Object Copy (ms): Min: 1.4, Avg: 1.4, Max: 1.4, Diff: 0.1, Sum: 11.2]
      [Termination (ms): Min: 0.0, Avg: 0.0, Max: 0.0, Diff: 0.0, Sum: 0.1]
         [Termination Attempts: Min: 1, Avg: 10.9, Max: 16, Diff: 15, Sum: 87]
      [GC Worker Other (ms): Min: 0.0, Avg: 0.0, Max: 0.1, Diff: 0.1, Sum: 0.3]
      [GC Worker Total (ms): Min: 5.1, Avg: 5.1, Max: 5.2, Diff: 0.1, Sum: 41.1]
      [GC Worker End (ms): Min: 1556770.2, Avg: 1556770.2, Max: 1556770.3, Diff: 0.1]
   [Code Root Fixup: 0.0 ms]
   [Code Root Purge: 0.0 ms]
   [Clear CT: 0.2 ms]
   [Other: 5.9 ms]
      [Choose CSet: 0.0 ms]
      [Ref Proc: 5.0 ms]
      [Ref Enq: 0.0 ms]
      [Redirty Cards: 0.1 ms]
      [Humongous Register: 0.1 ms]
      [Humongous Reclaim: 0.0 ms]
      [Free CSet: 0.1 ms]
   [Eden: 246.0M(246.0M)->0.0B(248.0M) Survivors: 10.0M->8192.0K Heap: 286.0M(4096.0M)->37.2M(4096.0M)]
 [Times: user=0.05 sys=0.00, real=0.01 secs] 
2019-10-25T18:03:28.467+0530: 1556.776: Total time for which application threads were stopped: 0.0120770 seconds, Stopping threads took: 0.0001051 seconds
2019-10-25T18:03:39.724+0530: 1568.033: [GC pause (G1 Evacuation Pause) (young), 0.0114545 secs]
   [Parallel Time: 5.3 ms, GC Workers: 8]
      [GC Worker Start (ms): Min: 1568033.3, Avg: 1568033.4, Max: 1568033.4, Diff: 0.1]
      [Ext Root Scanning (ms): Min: 0.5, Avg: 0.5, Max: 0.7, Diff: 0.2, Sum: 4.3]
      [Update RS (ms): Min: 3.2, Avg: 3.2, Max: 3.3, Diff: 0.1, Sum: 25.9]
         [Processed Buffers: Min: 36, Avg: 40.0, Max: 45, Diff: 9, Sum: 320]
      [Scan RS (ms): Min: 0.0, Avg: 0.0, Max: 0.0, Diff: 0.0, Sum: 0.2]
      [Code Root Scanning (ms): Min: 0.0, Avg: 0.0, Max: 0.0, Diff: 0.0, Sum: 0.0]
      [Object Copy (ms): Min: 1.2, Avg: 1.3, Max: 1.4, Diff: 0.1, Sum: 10.7]
      [Termination (ms): Min: 0.0, Avg: 0.0, Max: 0.0, Diff: 0.0, Sum: 0.0]
         [Termination Attempts: Min: 1, Avg: 1.2, Max: 2, Diff: 1, Sum: 10]
      [GC Worker Other (ms): Min: 0.0, Avg: 0.0, Max: 0.1, Diff: 0.1, Sum: 0.3]
      [GC Worker Total (ms): Min: 5.1, Avg: 5.2, Max: 5.2, Diff: 0.1, Sum: 41.3]
      [GC Worker End (ms): Min: 1568038.5, Avg: 1568038.5, Max: 1568038.6, Diff: 0.1]
   [Code Root Fixup: 0.0 ms]
   [Code Root Purge: 0.0 ms]
   [Clear CT: 0.2 ms]
   [Other: 5.9 ms]
      [Choose CSet: 0.0 ms]
      [Ref Proc: 5.0 ms]
      [Ref Enq: 0.0 ms]
      [Redirty Cards: 0.1 ms]
      [Humongous Register: 0.1 ms]
      [Humongous Reclaim: 0.0 ms]
      [Free CSet: 0.1 ms]
   [Eden: 248.0M(248.0M)->0.0B(248.0M) Survivors: 8192.0K->8192.0K Heap: 285.2M(4096.0M)->36.9M(4096.0M)]
 [Times: user=0.05 sys=0.00, real=0.01 secs] 
2019-10-25T18:03:39.736+0530: 1568.045: Total time for which application threads were stopped: 0.0122915 seconds, Stopping threads took: 0.0000914 seconds
2019-10-25T18:03:56.849+0530: 1585.158: [GC pause (G1 Evacuation Pause) (young), 0.0117270 secs]
   [Parallel Time: 5.6 ms, GC Workers: 8]
      [GC Worker Start (ms): Min: 1585157.9, Avg: 1585158.0, Max: 1585158.0, Diff: 0.1]
      [Ext Root Scanning (ms): Min: 0.5, Avg: 0.5, Max: 0.7, Diff: 0.2, Sum: 4.4]
      [Update RS (ms): Min: 3.2, Avg: 3.3, Max: 3.3, Diff: 0.1, Sum: 26.3]
         [Processed Buffers: Min: 38, Avg: 40.2, Max: 43, Diff: 5, Sum: 322]
      [Scan RS (ms): Min: 0.0, Avg: 0.0, Max: 0.1, Diff: 0.1, Sum: 0.2]
      [Code Root Scanning (ms): Min: 0.0, Avg: 0.0, Max: 0.0, Diff: 0.0, Sum: 0.0]
      [Object Copy (ms): Min: 1.4, Avg: 1.5, Max: 1.5, Diff: 0.2, Sum: 11.8]
      [Termination (ms): Min: 0.0, Avg: 0.0, Max: 0.0, Diff: 0.0, Sum: 0.0]
         [Termination Attempts: Min: 1, Avg: 2.5, Max: 4, Diff: 3, Sum: 20]
      [GC Worker Other (ms): Min: 0.0, Avg: 0.0, Max: 0.1, Diff: 0.1, Sum: 0.3]
      [GC Worker Total (ms): Min: 5.3, Avg: 5.4, Max: 5.5, Diff: 0.1, Sum: 43.1]
      [GC Worker End (ms): Min: 1585163.3, Avg: 1585163.3, Max: 1585163.4, Diff: 0.1]
   [Code Root Fixup: 0.1 ms]
   [Code Root Purge: 0.0 ms]
   [Clear CT: 0.1 ms]
   [Other: 6.0 ms]
      [Choose CSet: 0.0 ms]
      [Ref Proc: 5.0 ms]
      [Ref Enq: 0.0 ms]
      [Redirty Cards: 0.1 ms]
      [Humongous Register: 0.1 ms]
      [Humongous Reclaim: 0.0 ms]
      [Free CSet: 0.1 ms]
   [Eden: 248.0M(248.0M)->0.0B(244.0M) Survivors: 8192.0K->12.0M Heap: 284.9M(4096.0M)->41.2M(4096.0M)]
 [Times: user=0.04 sys=0.01, real=0.02 secs] 
2019-10-25T18:03:56.861+0530: 1585.169: Total time for which application threads were stopped: 0.0126262 seconds, Stopping threads took: 0.0000953 seconds
2019-10-25T18:04:10.823+0530: 1599.132: [GC pause (G1 Evacuation Pause) (young), 0.0115653 secs]
   [Parallel Time: 5.5 ms, GC Workers: 8]
      [GC Worker Start (ms): Min: 1599132.3, Avg: 1599132.3, Max: 1599132.3, Diff: 0.1]
      [Ext Root Scanning (ms): Min: 0.5, Avg: 0.5, Max: 0.6, Diff: 0.1, Sum: 4.4]
      [Update RS (ms): Min: 3.2, Avg: 3.2, Max: 3.3, Diff: 0.1, Sum: 26.0]
         [Processed Buffers: Min: 39, Avg: 40.4, Max: 43, Diff: 4, Sum: 323]
      [Scan RS (ms): Min: 0.0, Avg: 0.0, Max: 0.0, Diff: 0.0, Sum: 0.2]
      [Code Root Scanning (ms): Min: 0.0, Avg: 0.0, Max: 0.0, Diff: 0.0, Sum: 0.0]
      [Object Copy (ms): Min: 1.4, Avg: 1.5, Max: 1.6, Diff: 0.2, Sum: 12.0]
      [Termination (ms): Min: 0.0, Avg: 0.0, Max: 0.0, Diff: 0.0, Sum: 0.0]
         [Termination Attempts: Min: 1, Avg: 1.9, Max: 3, Diff: 2, Sum: 15]
      [GC Worker Other (ms): Min: 0.0, Avg: 0.0, Max: 0.1, Diff: 0.0, Sum: 0.3]
      [GC Worker Total (ms): Min: 5.3, Avg: 5.4, Max: 5.4, Diff: 0.1, Sum: 42.9]
      [GC Worker End (ms): Min: 1599137.6, Avg: 1599137.7, Max: 1599137.7, Diff: 0.0]
   [Code Root Fixup: 0.1 ms]
   [Code Root Purge: 0.0 ms]
   [Clear CT: 0.1 ms]
   [Other: 5.9 ms]
      [Choose CSet: 0.0 ms]
      [Ref Proc: 5.0 ms]
      [Ref Enq: 0.0 ms]
      [Redirty Cards: 0.1 ms]
      [Humongous Register: 0.1 ms]
      [Humongous Reclaim: 0.0 ms]
      [Free CSet: 0.1 ms]
   [Eden: 244.0M(244.0M)->0.0B(242.0M) Survivors: 12.0M->14.0M Heap: 285.2M(4096.0M)->42.8M(4096.0M)]
 [Times: user=0.04 sys=0.00, real=0.01 secs] 
2019-10-25T18:04:10.835+0530: 1599.144: Total time for which application threads were stopped: 0.0124549 seconds, Stopping threads took: 0.0001105 seconds
2019-10-25T18:04:22.382+0530: 1610.690: [GC pause (G1 Evacuation Pause) (young), 0.0121943 secs]
   [Parallel Time: 6.2 ms, GC Workers: 8]
      [GC Worker Start (ms): Min: 1610690.6, Avg: 1610690.7, Max: 1610690.7, Diff: 0.1]
      [Ext Root Scanning (ms): Min: 0.5, Avg: 0.6, Max: 0.8, Diff: 0.3, Sum: 4.7]
      [Update RS (ms): Min: 3.3, Avg: 3.3, Max: 3.4, Diff: 0.1, Sum: 26.5]
         [Processed Buffers: Min: 38, Avg: 40.2, Max: 45, Diff: 7, Sum: 322]
      [Scan RS (ms): Min: 0.0, Avg: 0.0, Max: 0.0, Diff: 0.0, Sum: 0.1]
      [Code Root Scanning (ms): Min: 0.0, Avg: 0.0, Max: 0.0, Diff: 0.0, Sum: 0.0]
      [Object Copy (ms): Min: 1.9, Avg: 2.1, Max: 2.2, Diff: 0.2, Sum: 16.9]
      [Termination (ms): Min: 0.0, Avg: 0.0, Max: 0.0, Diff: 0.0, Sum: 0.0]
         [Termination Attempts: Min: 1, Avg: 3.5, Max: 8, Diff: 7, Sum: 28]
      [GC Worker Other (ms): Min: 0.0, Avg: 0.0, Max: 0.1, Diff: 0.1, Sum: 0.3]
      [GC Worker Total (ms): Min: 6.0, Avg: 6.1, Max: 6.1, Diff: 0.1, Sum: 48.6]
      [GC Worker End (ms): Min: 1610696.7, Avg: 1610696.8, Max: 1610696.8, Diff: 0.1]
   [Code Root Fixup: 0.0 ms]
   [Code Root Purge: 0.0 ms]
   [Clear CT: 0.1 ms]
   [Other: 5.8 ms]
      [Choose CSet: 0.0 ms]
      [Ref Proc: 4.9 ms]
      [Ref Enq: 0.0 ms]
      [Redirty Cards: 0.1 ms]
      [Humongous Register: 0.1 ms]
      [Humongous Reclaim: 0.0 ms]
      [Free CSet: 0.1 ms]
   [Eden: 242.0M(242.0M)->0.0B(238.0M) Survivors: 14.0M->18.0M Heap: 284.8M(4096.0M)->46.8M(4096.0M)]
 [Times: user=0.06 sys=0.01, real=0.01 secs] 
2019-10-25T18:04:22.394+0530: 1610.703: Total time for which application threads were stopped: 0.0132190 seconds, Stopping threads took: 0.0001074 seconds
2019-10-25T18:04:35.287+0530: 1623.596: [GC pause (G1 Evacuation Pause) (young), 0.0115579 secs]
   [Parallel Time: 5.4 ms, GC Workers: 8]
      [GC Worker Start (ms): Min: 1623596.3, Avg: 1623596.4, Max: 1623596.4, Diff: 0.1]
      [Ext Root Scanning (ms): Min: 0.4, Avg: 0.5, Max: 0.6, Diff: 0.2, Sum: 3.8]
      [Update RS (ms): Min: 3.3, Avg: 3.3, Max: 3.3, Diff: 0.1, Sum: 26.3]
         [Processed Buffers: Min: 39, Avg: 40.5, Max: 43, Diff: 4, Sum: 324]
      [Scan RS (ms): Min: 0.0, Avg: 0.0, Max: 0.0, Diff: 0.0, Sum: 0.1]
      [Code Root Scanning (ms): Min: 0.0, Avg: 0.0, Max: 0.0, Diff: 0.0, Sum: 0.0]
      [Object Copy (ms): Min: 1.3, Avg: 1.4, Max: 1.4, Diff: 0.1, Sum: 10.9]
      [Termination (ms): Min: 0.0, Avg: 0.0, Max: 0.0, Diff: 0.0, Sum: 0.1]
         [Termination Attempts: Min: 1, Avg: 9.8, Max: 14, Diff: 13, Sum: 78]
      [GC Worker Other (ms): Min: 0.0, Avg: 0.0, Max: 0.1, Diff: 0.1, Sum: 0.4]
      [GC Worker Total (ms): Min: 5.1, Avg: 5.2, Max: 5.2, Diff: 0.1, Sum: 41.6]
      [GC Worker End (ms): Min: 1623601.5, Avg: 1623601.6, Max: 1623601.6, Diff: 0.1]
   [Code Root Fixup: 0.0 ms]
   [Code Root Purge: 0.0 ms]
   [Clear CT: 0.1 ms]
   [Other: 6.0 ms]
      [Choose CSet: 0.0 ms]
      [Ref Proc: 5.1 ms]
      [Ref Enq: 0.0 ms]
      [Redirty Cards: 0.1 ms]
      [Humongous Register: 0.1 ms]
      [Humongous Reclaim: 0.0 ms]
      [Free CSet: 0.1 ms]
   [Eden: 238.0M(238.0M)->0.0B(246.0M) Survivors: 18.0M->10.0M Heap: 284.8M(4096.0M)->40.0M(4096.0M)]
 [Times: user=0.05 sys=0.00, real=0.02 secs] 
2019-10-25T18:04:35.299+0530: 1623.608: Total time for which application threads were stopped: 0.0123735 seconds, Stopping threads took: 0.0000968 seconds
2019-10-25T18:04:47.043+0530: 1635.351: [GC pause (G1 Evacuation Pause) (young), 0.0115995 secs]
   [Parallel Time: 5.6 ms, GC Workers: 8]
      [GC Worker Start (ms): Min: 1635351.6, Avg: 1635351.7, Max: 1635351.7, Diff: 0.1]
      [Ext Root Scanning (ms): Min: 0.4, Avg: 0.5, Max: 0.7, Diff: 0.2, Sum: 4.3]
      [Update RS (ms): Min: 3.2, Avg: 3.3, Max: 3.3, Diff: 0.1, Sum: 26.1]
         [Processed Buffers: Min: 37, Avg: 40.1, Max: 44, Diff: 7, Sum: 321]
      [Scan RS (ms): Min: 0.0, Avg: 0.0, Max: 0.0, Diff: 0.0, Sum: 0.2]
      [Code Root Scanning (ms): Min: 0.0, Avg: 0.0, Max: 0.0, Diff: 0.0, Sum: 0.0]
      [Object Copy (ms): Min: 1.5, Avg: 1.6, Max: 1.6, Diff: 0.2, Sum: 12.9]
      [Termination (ms): Min: 0.0, Avg: 0.0, Max: 0.0, Diff: 0.0, Sum: 0.0]
         [Termination Attempts: Min: 1, Avg: 1.8, Max: 3, Diff: 2, Sum: 14]
      [GC Worker Other (ms): Min: 0.0, Avg: 0.0, Max: 0.1, Diff: 0.1, Sum: 0.3]
      [GC Worker Total (ms): Min: 5.4, Avg: 5.5, Max: 5.5, Diff: 0.1, Sum: 43.7]
      [GC Worker End (ms): Min: 1635357.1, Avg: 1635357.1, Max: 1635357.2, Diff: 0.1]
   [Code Root Fixup: 0.1 ms]
   [Code Root Purge: 0.0 ms]
   [Clear CT: 0.1 ms]
   [Other: 5.8 ms]
      [Choose CSet: 0.0 ms]
      [Ref Proc: 5.0 ms]
      [Ref Enq: 0.0 ms]
      [Redirty Cards: 0.1 ms]
      [Humongous Register: 0.1 ms]
      [Humongous Reclaim: 0.0 ms]
      [Free CSet: 0.1 ms]
   [Eden: 246.0M(246.0M)->0.0B(246.0M) Survivors: 10.0M->10.0M Heap: 286.0M(4096.0M)->39.5M(4096.0M)]
 [Times: user=0.05 sys=0.00, real=0.01 secs] 
2019-10-25T18:04:47.054+0530: 1635.363: Total time for which application threads were stopped: 0.0125278 seconds, Stopping threads took: 0.0001244 seconds
2019-10-25T18:04:59.352+0530: 1647.661: [GC pause (G1 Evacuation Pause) (young), 0.0122384 secs]
   [Parallel Time: 6.1 ms, GC Workers: 8]
      [GC Worker Start (ms): Min: 1647661.3, Avg: 1647661.4, Max: 1647661.4, Diff: 0.1]
      [Ext Root Scanning (ms): Min: 0.5, Avg: 0.6, Max: 0.8, Diff: 0.3, Sum: 4.9]
      [Update RS (ms): Min: 3.2, Avg: 3.2, Max: 3.3, Diff: 0.1, Sum: 25.9]
         [Processed Buffers: Min: 37, Avg: 40.5, Max: 45, Diff: 8, Sum: 324]
      [Scan RS (ms): Min: 0.0, Avg: 0.0, Max: 0.0, Diff: 0.0, Sum: 0.1]
      [Code Root Scanning (ms): Min: 0.0, Avg: 0.0, Max: 0.0, Diff: 0.0, Sum: 0.0]
      [Object Copy (ms): Min: 1.8, Avg: 2.0, Max: 2.0, Diff: 0.2, Sum: 15.9]
      [Termination (ms): Min: 0.0, Avg: 0.0, Max: 0.0, Diff: 0.0, Sum: 0.0]
         [Termination Attempts: Min: 1, Avg: 4.1, Max: 7, Diff: 6, Sum: 33]
      [GC Worker Other (ms): Min: 0.0, Avg: 0.1, Max: 0.1, Diff: 0.1, Sum: 0.5]
      [GC Worker Total (ms): Min: 5.9, Avg: 5.9, Max: 6.0, Diff: 0.1, Sum: 47.4]
      [GC Worker End (ms): Min: 1647667.3, Avg: 1647667.3, Max: 1647667.4, Diff: 0.1]
   [Code Root Fixup: 0.0 ms]
   [Code Root Purge: 0.0 ms]
   [Clear CT: 0.2 ms]
   [Other: 5.9 ms]
      [Choose CSet: 0.0 ms]
      [Ref Proc: 5.0 ms]
      [Ref Enq: 0.0 ms]
      [Redirty Cards: 0.1 ms]
      [Humongous Register: 0.1 ms]
      [Humongous Reclaim: 0.0 ms]
      [Free CSet: 0.1 ms]
   [Eden: 246.0M(246.0M)->0.0B(240.0M) Survivors: 10.0M->16.0M Heap: 285.5M(4096.0M)->45.7M(4096.0M)]
 [Times: user=0.05 sys=0.00, real=0.01 secs] 
2019-10-25T18:04:59.365+0530: 1647.673: Total time for which application threads were stopped: 0.0132473 seconds, Stopping threads took: 0.0001116 seconds
2019-10-25T18:05:11.419+0530: 1659.728: [GC pause (G1 Evacuation Pause) (young), 0.0124101 secs]
   [Parallel Time: 6.3 ms, GC Workers: 8]
      [GC Worker Start (ms): Min: 1659728.5, Avg: 1659728.5, Max: 1659728.6, Diff: 0.1]
      [Ext Root Scanning (ms): Min: 0.5, Avg: 0.6, Max: 0.8, Diff: 0.3, Sum: 4.9]
      [Update RS (ms): Min: 3.2, Avg: 3.3, Max: 3.3, Diff: 0.1, Sum: 26.4]
         [Processed Buffers: Min: 39, Avg: 40.4, Max: 42, Diff: 3, Sum: 323]
      [Scan RS (ms): Min: 0.0, Avg: 0.0, Max: 0.0, Diff: 0.0, Sum: 0.2]
      [Code Root Scanning (ms): Min: 0.0, Avg: 0.0, Max: 0.0, Diff: 0.0, Sum: 0.0]
      [Object Copy (ms): Min: 2.0, Avg: 2.2, Max: 2.2, Diff: 0.3, Sum: 17.2]
      [Termination (ms): Min: 0.0, Avg: 0.0, Max: 0.0, Diff: 0.0, Sum: 0.0]
         [Termination Attempts: Min: 1, Avg: 2.2, Max: 3, Diff: 2, Sum: 18]
      [GC Worker Other (ms): Min: 0.0, Avg: 0.0, Max: 0.1, Diff: 0.1, Sum: 0.3]
      [GC Worker Total (ms): Min: 6.1, Avg: 6.1, Max: 6.2, Diff: 0.1, Sum: 49.1]
      [GC Worker End (ms): Min: 1659734.6, Avg: 1659734.7, Max: 1659734.7, Diff: 0.1]
   [Code Root Fixup: 0.0 ms]
   [Code Root Purge: 0.0 ms]
   [Clear CT: 0.2 ms]
   [Other: 5.9 ms]
      [Choose CSet: 0.0 ms]
      [Ref Proc: 4.9 ms]
      [Ref Enq: 0.0 ms]
      [Redirty Cards: 0.1 ms]
      [Humongous Register: 0.1 ms]
      [Humongous Reclaim: 0.0 ms]
      [Free CSet: 0.1 ms]
   [Eden: 240.0M(240.0M)->0.0B(240.0M) Survivors: 16.0M->16.0M Heap: 285.7M(4096.0M)->45.0M(4096.0M)]
 [Times: user=0.06 sys=0.00, real=0.01 secs] 
2019-10-25T18:05:11.432+0530: 1659.741: Total time for which application threads were stopped: 0.0135364 seconds, Stopping threads took: 0.0001158 seconds
2019-10-25T18:05:23.518+0530: 1671.827: [GC pause (G1 Evacuation Pause) (young), 0.0116046 secs]
   [Parallel Time: 5.6 ms, GC Workers: 8]
      [GC Worker Start (ms): Min: 1671827.0, Avg: 1671827.0, Max: 1671827.1, Diff: 0.1]
      [Ext Root Scanning (ms): Min: 0.5, Avg: 0.6, Max: 0.7, Diff: 0.2, Sum: 4.4]
      [Update RS (ms): Min: 3.2, Avg: 3.2, Max: 3.3, Diff: 0.1, Sum: 25.9]
         [Processed Buffers: Min: 35, Avg: 40.6, Max: 44, Diff: 9, Sum: 325]
      [Scan RS (ms): Min: 0.0, Avg: 0.0, Max: 0.0, Diff: 0.0, Sum: 0.1]
      [Code Root Scanning (ms): Min: 0.0, Avg: 0.0, Max: 0.0, Diff: 0.0, Sum: 0.0]
      [Object Copy (ms): Min: 1.4, Avg: 1.6, Max: 1.6, Diff: 0.2, Sum: 12.4]
      [Termination (ms): Min: 0.0, Avg: 0.0, Max: 0.0, Diff: 0.0, Sum: 0.2]
         [Termination Attempts: Min: 1, Avg: 2.2, Max: 3, Diff: 2, Sum: 18]
      [GC Worker Other (ms): Min: 0.0, Avg: 0.0, Max: 0.0, Diff: 0.0, Sum: 0.2]
      [GC Worker Total (ms): Min: 5.4, Avg: 5.4, Max: 5.4, Diff: 0.1, Sum: 43.3]
      [GC Worker End (ms): Min: 1671832.4, Avg: 1671832.5, Max: 1671832.5, Diff: 0.0]
   [Code Root Fixup: 0.0 ms]
   [Code Root Purge: 0.0 ms]
   [Clear CT: 0.2 ms]
   [Other: 5.8 ms]
      [Choose CSet: 0.0 ms]
      [Ref Proc: 4.9 ms]
      [Ref Enq: 0.0 ms]
      [Redirty Cards: 0.1 ms]
      [Humongous Register: 0.1 ms]
      [Humongous Reclaim: 0.0 ms]
      [Free CSet: 0.1 ms]
   [Eden: 240.0M(240.0M)->0.0B(246.0M) Survivors: 16.0M->10.0M Heap: 285.0M(4096.0M)->40.0M(4096.0M)]
 [Times: user=0.05 sys=0.00, real=0.01 secs] 
2019-10-25T18:05:23.530+0530: 1671.838: Total time for which application threads were stopped: 0.0125642 seconds, Stopping threads took: 0.0001352 seconds
2019-10-25T18:05:35.942+0530: 1684.251: [GC pause (G1 Evacuation Pause) (young), 0.0122949 secs]
   [Parallel Time: 6.3 ms, GC Workers: 8]
      [GC Worker Start (ms): Min: 1684250.9, Avg: 1684251.0, Max: 1684251.0, Diff: 0.1]
      [Ext Root Scanning (ms): Min: 0.5, Avg: 0.6, Max: 0.8, Diff: 0.3, Sum: 5.0]
      [Update RS (ms): Min: 3.2, Avg: 3.3, Max: 3.4, Diff: 0.1, Sum: 26.3]
         [Processed Buffers: Min: 38, Avg: 40.4, Max: 43, Diff: 5, Sum: 323]
      [Scan RS (ms): Min: 0.0, Avg: 0.0, Max: 0.0, Diff: 0.0, Sum: 0.1]
      [Code Root Scanning (ms): Min: 0.0, Avg: 0.0, Max: 0.0, Diff: 0.0, Sum: 0.0]
      [Object Copy (ms): Min: 1.9, Avg: 2.1, Max: 2.2, Diff: 0.3, Sum: 17.0]
      [Termination (ms): Min: 0.0, Avg: 0.0, Max: 0.0, Diff: 0.0, Sum: 0.0]
         [Termination Attempts: Min: 1, Avg: 1.1, Max: 2, Diff: 1, Sum: 9]
      [GC Worker Other (ms): Min: 0.0, Avg: 0.0, Max: 0.1, Diff: 0.1, Sum: 0.3]
      [GC Worker Total (ms): Min: 6.0, Avg: 6.1, Max: 6.2, Diff: 0.1, Sum: 48.7]
      [GC Worker End (ms): Min: 1684257.1, Avg: 1684257.1, Max: 1684257.1, Diff: 0.1]
   [Code Root Fixup: 0.0 ms]
   [Code Root Purge: 0.0 ms]
   [Clear CT: 0.2 ms]
   [Other: 5.8 ms]
      [Choose CSet: 0.0 ms]
      [Ref Proc: 4.9 ms]
      [Ref Enq: 0.0 ms]
      [Redirty Cards: 0.1 ms]
      [Humongous Register: 0.1 ms]
      [Humongous Reclaim: 0.0 ms]
      [Free CSet: 0.1 ms]
   [Eden: 246.0M(246.0M)->0.0B(240.0M) Survivors: 10.0M->16.0M Heap: 286.0M(4096.0M)->45.0M(4096.0M)]
 [Times: user=0.05 sys=0.00, real=0.01 secs] 
2019-10-25T18:05:35.954+0530: 1684.263: Total time for which application threads were stopped: 0.0134351 seconds, Stopping threads took: 0.0001164 seconds
2019-10-25T18:05:48.419+0530: 1696.728: [GC pause (G1 Evacuation Pause) (young), 0.0110896 secs]
   [Parallel Time: 5.0 ms, GC Workers: 8]
      [GC Worker Start (ms): Min: 1696728.6, Avg: 1696728.6, Max: 1696728.6, Diff: 0.1]
      [Ext Root Scanning (ms): Min: 0.4, Avg: 0.5, Max: 0.6, Diff: 0.2, Sum: 3.6]
      [Update RS (ms): Min: 3.1, Avg: 3.2, Max: 3.3, Diff: 0.1, Sum: 25.7]
         [Processed Buffers: Min: 38, Avg: 40.2, Max: 41, Diff: 3, Sum: 322]
      [Scan RS (ms): Min: 0.0, Avg: 0.0, Max: 0.0, Diff: 0.0, Sum: 0.1]
      [Code Root Scanning (ms): Min: 0.0, Avg: 0.0, Max: 0.0, Diff: 0.0, Sum: 0.0]
      [Object Copy (ms): Min: 1.2, Avg: 1.2, Max: 1.2, Diff: 0.0, Sum: 9.4]
      [Termination (ms): Min: 0.0, Avg: 0.0, Max: 0.0, Diff: 0.0, Sum: 0.1]
         [Termination Attempts: Min: 1, Avg: 14.9, Max: 23, Diff: 22, Sum: 119]
      [GC Worker Other (ms): Min: 0.0, Avg: 0.0, Max: 0.1, Diff: 0.0, Sum: 0.3]
      [GC Worker Total (ms): Min: 4.9, Avg: 4.9, Max: 4.9, Diff: 0.1, Sum: 39.2]
      [GC Worker End (ms): Min: 1696733.5, Avg: 1696733.5, Max: 1696733.5, Diff: 0.0]
   [Code Root Fixup: 0.0 ms]
   [Code Root Purge: 0.0 ms]
   [Clear CT: 0.1 ms]
   [Other: 5.9 ms]
      [Choose CSet: 0.0 ms]
      [Ref Proc: 5.0 ms]
      [Ref Enq: 0.0 ms]
      [Redirty Cards: 0.1 ms]
      [Humongous Register: 0.1 ms]
      [Humongous Reclaim: 0.0 ms]
      [Free CSet: 0.1 ms]
   [Eden: 240.0M(240.0M)->0.0B(246.0M) Survivors: 16.0M->10.0M Heap: 285.0M(4096.0M)->40.1M(4096.0M)]
 [Times: user=0.05 sys=0.00, real=0.01 secs] 
2019-10-25T18:05:48.431+0530: 1696.739: Total time for which application threads were stopped: 0.0118301 seconds, Stopping threads took: 0.0000991 seconds
2019-10-25T18:06:03.487+0530: 1711.796: [GC pause (G1 Evacuation Pause) (young), 0.0114719 secs]
   [Parallel Time: 5.3 ms, GC Workers: 8]
      [GC Worker Start (ms): Min: 1711796.0, Avg: 1711796.1, Max: 1711796.1, Diff: 0.1]
      [Ext Root Scanning (ms): Min: 0.5, Avg: 0.5, Max: 0.6, Diff: 0.2, Sum: 4.3]
      [Update RS (ms): Min: 3.2, Avg: 3.3, Max: 3.3, Diff: 0.1, Sum: 26.0]
         [Processed Buffers: Min: 38, Avg: 40.2, Max: 44, Diff: 6, Sum: 322]
      [Scan RS (ms): Min: 0.0, Avg: 0.0, Max: 0.0, Diff: 0.0, Sum: 0.1]
      [Code Root Scanning (ms): Min: 0.0, Avg: 0.0, Max: 0.0, Diff: 0.0, Sum: 0.0]
      [Object Copy (ms): Min: 1.3, Avg: 1.3, Max: 1.4, Diff: 0.1, Sum: 10.8]
      [Termination (ms): Min: 0.0, Avg: 0.0, Max: 0.0, Diff: 0.0, Sum: 0.0]
         [Termination Attempts: Min: 1, Avg: 1.0, Max: 1, Diff: 0, Sum: 8]
      [GC Worker Other (ms): Min: 0.0, Avg: 0.0, Max: 0.1, Diff: 0.1, Sum: 0.3]
      [GC Worker Total (ms): Min: 5.2, Avg: 5.2, Max: 5.2, Diff: 0.1, Sum: 41.6]
      [GC Worker End (ms): Min: 1711801.2, Avg: 1711801.3, Max: 1711801.3, Diff: 0.1]
   [Code Root Fixup: 0.1 ms]
   [Code Root Purge: 0.0 ms]
   [Clear CT: 0.1 ms]
   [Other: 6.0 ms]
      [Choose CSet: 0.0 ms]
      [Ref Proc: 5.0 ms]
      [Ref Enq: 0.0 ms]
      [Redirty Cards: 0.1 ms]
      [Humongous Register: 0.1 ms]
      [Humongous Reclaim: 0.0 ms]
      [Free CSet: 0.1 ms]
   [Eden: 246.0M(246.0M)->0.0B(246.0M) Survivors: 10.0M->10.0M Heap: 286.1M(4096.0M)->38.6M(4096.0M)]
 [Times: user=0.04 sys=0.00, real=0.02 secs] 
2019-10-25T18:06:03.499+0530: 1711.807: Total time for which application threads were stopped: 0.0123210 seconds, Stopping threads took: 0.0000936 seconds
2019-10-25T18:06:17.748+0530: 1726.057: [GC pause (G1 Evacuation Pause) (young), 0.0113919 secs]
   [Parallel Time: 5.3 ms, GC Workers: 8]
      [GC Worker Start (ms): Min: 1726057.0, Avg: 1726057.0, Max: 1726057.0, Diff: 0.1]
      [Ext Root Scanning (ms): Min: 0.4, Avg: 0.5, Max: 0.6, Diff: 0.2, Sum: 4.0]
      [Update RS (ms): Min: 3.3, Avg: 3.3, Max: 3.3, Diff: 0.1, Sum: 26.3]
         [Processed Buffers: Min: 38, Avg: 40.2, Max: 44, Diff: 6, Sum: 322]
      [Scan RS (ms): Min: 0.0, Avg: 0.0, Max: 0.0, Diff: 0.0, Sum: 0.1]
      [Code Root Scanning (ms): Min: 0.0, Avg: 0.0, Max: 0.0, Diff: 0.0, Sum: 0.0]
      [Object Copy (ms): Min: 1.3, Avg: 1.3, Max: 1.4, Diff: 0.1, Sum: 10.7]
      [Termination (ms): Min: 0.0, Avg: 0.0, Max: 0.0, Diff: 0.0, Sum: 0.1]
         [Termination Attempts: Min: 1, Avg: 12.4, Max: 19, Diff: 18, Sum: 99]
      [GC Worker Other (ms): Min: 0.0, Avg: 0.0, Max: 0.1, Diff: 0.0, Sum: 0.2]
      [GC Worker Total (ms): Min: 5.1, Avg: 5.2, Max: 5.2, Diff: 0.1, Sum: 41.4]
      [GC Worker End (ms): Min: 1726062.2, Avg: 1726062.2, Max: 1726062.2, Diff: 0.0]
   [Code Root Fixup: 0.0 ms]
   [Code Root Purge: 0.0 ms]
   [Clear CT: 0.1 ms]
   [Other: 5.9 ms]
      [Choose CSet: 0.0 ms]
      [Ref Proc: 5.0 ms]
      [Ref Enq: 0.0 ms]
      [Redirty Cards: 0.1 ms]
      [Humongous Register: 0.1 ms]
      [Humongous Reclaim: 0.0 ms]
      [Free CSet: 0.1 ms]
   [Eden: 246.0M(246.0M)->0.0B(248.0M) Survivors: 10.0M->8192.0K Heap: 284.6M(4096.0M)->37.4M(4096.0M)]
 [Times: user=0.05 sys=0.00, real=0.02 secs] 
2019-10-25T18:06:17.759+0530: 1726.068: Total time for which application threads were stopped: 0.0122553 seconds, Stopping threads took: 0.0001181 seconds
2019-10-25T18:06:36.666+0530: 1744.975: [GC pause (G1 Evacuation Pause) (young), 0.0120525 secs]
   [Parallel Time: 5.9 ms, GC Workers: 8]
      [GC Worker Start (ms): Min: 1744974.9, Avg: 1744975.0, Max: 1744975.0, Diff: 0.1]
      [Ext Root Scanning (ms): Min: 0.5, Avg: 0.6, Max: 0.8, Diff: 0.3, Sum: 4.7]
      [Update RS (ms): Min: 3.2, Avg: 3.3, Max: 3.3, Diff: 0.1, Sum: 26.0]
         [Processed Buffers: Min: 38, Avg: 39.9, Max: 44, Diff: 6, Sum: 319]
      [Scan RS (ms): Min: 0.0, Avg: 0.0, Max: 0.0, Diff: 0.0, Sum: 0.1]
      [Code Root Scanning (ms): Min: 0.0, Avg: 0.0, Max: 0.0, Diff: 0.0, Sum: 0.0]
      [Object Copy (ms): Min: 1.6, Avg: 1.8, Max: 1.9, Diff: 0.2, Sum: 14.5]
      [Termination (ms): Min: 0.0, Avg: 0.0, Max: 0.0, Diff: 0.0, Sum: 0.0]
         [Termination Attempts: Min: 1, Avg: 2.1, Max: 4, Diff: 3, Sum: 17]
      [GC Worker Other (ms): Min: 0.0, Avg: 0.0, Max: 0.1, Diff: 0.1, Sum: 0.3]
      [GC Worker Total (ms): Min: 5.6, Avg: 5.7, Max: 5.8, Diff: 0.1, Sum: 45.7]
      [GC Worker End (ms): Min: 1744980.7, Avg: 1744980.7, Max: 1744980.7, Diff: 0.1]
   [Code Root Fixup: 0.0 ms]
   [Code Root Purge: 0.0 ms]
   [Clear CT: 0.1 ms]
   [Other: 6.0 ms]
      [Choose CSet: 0.0 ms]
      [Ref Proc: 5.1 ms]
      [Ref Enq: 0.0 ms]
      [Redirty Cards: 0.1 ms]
      [Humongous Register: 0.1 ms]
      [Humongous Reclaim: 0.0 ms]
      [Free CSet: 0.1 ms]
   [Eden: 248.0M(248.0M)->0.0B(242.0M) Survivors: 8192.0K->14.0M Heap: 285.4M(4096.0M)->42.7M(4096.0M)]
 [Times: user=0.05 sys=0.00, real=0.02 secs] 
2019-10-25T18:06:36.678+0530: 1744.987: Total time for which application threads were stopped: 0.0131661 seconds, Stopping threads took: 0.0001092 seconds
2019-10-25T18:06:51.281+0530: 1759.590: [GC pause (G1 Evacuation Pause) (young), 0.0114874 secs]
   [Parallel Time: 5.3 ms, GC Workers: 8]
      [GC Worker Start (ms): Min: 1759590.0, Avg: 1759590.0, Max: 1759590.1, Diff: 0.1]
      [Ext Root Scanning (ms): Min: 0.5, Avg: 0.5, Max: 0.6, Diff: 0.2, Sum: 4.0]
      [Update RS (ms): Min: 3.2, Avg: 3.3, Max: 3.3, Diff: 0.1, Sum: 26.2]
         [Processed Buffers: Min: 38, Avg: 40.2, Max: 42, Diff: 4, Sum: 322]
      [Scan RS (ms): Min: 0.0, Avg: 0.0, Max: 0.1, Diff: 0.1, Sum: 0.3]
      [Code Root Scanning (ms): Min: 0.0, Avg: 0.0, Max: 0.0, Diff: 0.0, Sum: 0.0]
      [Object Copy (ms): Min: 1.3, Avg: 1.3, Max: 1.4, Diff: 0.1, Sum: 10.7]
      [Termination (ms): Min: 0.0, Avg: 0.0, Max: 0.0, Diff: 0.0, Sum: 0.2]
         [Termination Attempts: Min: 1, Avg: 19.5, Max: 29, Diff: 28, Sum: 156]
      [GC Worker Other (ms): Min: 0.0, Avg: 0.0, Max: 0.1, Diff: 0.1, Sum: 0.3]
      [GC Worker Total (ms): Min: 5.1, Avg: 5.2, Max: 5.3, Diff: 0.1, Sum: 41.6]
      [GC Worker End (ms): Min: 1759595.2, Avg: 1759595.2, Max: 1759595.3, Diff: 0.1]
   [Code Root Fixup: 0.1 ms]
   [Code Root Purge: 0.0 ms]
   [Clear CT: 0.1 ms]
   [Other: 6.0 ms]
      [Choose CSet: 0.0 ms]
      [Ref Proc: 5.0 ms]
      [Ref Enq: 0.0 ms]
      [Redirty Cards: 0.1 ms]
      [Humongous Register: 0.1 ms]
      [Humongous Reclaim: 0.0 ms]
      [Free CSet: 0.1 ms]
   [Eden: 242.0M(242.0M)->0.0B(246.0M) Survivors: 14.0M->10.0M Heap: 284.7M(4096.0M)->40.1M(4096.0M)]
 [Times: user=0.05 sys=0.00, real=0.01 secs] 
2019-10-25T18:06:51.293+0530: 1759.601: Total time for which application threads were stopped: 0.0123272 seconds, Stopping threads took: 0.0001214 seconds
2019-10-25T18:07:02.567+0530: 1770.876: [GC pause (G1 Evacuation Pause) (young), 0.0122338 secs]
   [Parallel Time: 6.4 ms, GC Workers: 8]
      [GC Worker Start (ms): Min: 1770876.2, Avg: 1770876.2, Max: 1770876.3, Diff: 0.1]
      [Ext Root Scanning (ms): Min: 0.5, Avg: 0.6, Max: 0.9, Diff: 0.3, Sum: 5.1]
      [Update RS (ms): Min: 3.2, Avg: 3.3, Max: 3.3, Diff: 0.1, Sum: 26.1]
         [Processed Buffers: Min: 37, Avg: 40.0, Max: 43, Diff: 6, Sum: 320]
      [Scan RS (ms): Min: 0.0, Avg: 0.0, Max: 0.0, Diff: 0.0, Sum: 0.1]
      [Code Root Scanning (ms): Min: 0.0, Avg: 0.0, Max: 0.0, Diff: 0.0, Sum: 0.0]
      [Object Copy (ms): Min: 2.1, Avg: 2.3, Max: 2.3, Diff: 0.3, Sum: 18.5]
      [Termination (ms): Min: 0.0, Avg: 0.0, Max: 0.0, Diff: 0.0, Sum: 0.0]
         [Termination Attempts: Min: 1, Avg: 1.2, Max: 2, Diff: 1, Sum: 10]
      [GC Worker Other (ms): Min: 0.0, Avg: 0.0, Max: 0.1, Diff: 0.1, Sum: 0.3]
      [GC Worker Total (ms): Min: 6.2, Avg: 6.3, Max: 6.3, Diff: 0.1, Sum: 50.2]
      [GC Worker End (ms): Min: 1770882.5, Avg: 1770882.5, Max: 1770882.5, Diff: 0.1]
   [Code Root Fixup: 0.0 ms]
   [Code Root Purge: 0.0 ms]
   [Clear CT: 0.1 ms]
   [Other: 5.6 ms]
      [Choose CSet: 0.0 ms]
      [Ref Proc: 4.7 ms]
      [Ref Enq: 0.0 ms]
      [Redirty Cards: 0.1 ms]
      [Humongous Register: 0.1 ms]
      [Humongous Reclaim: 0.0 ms]
      [Free CSet: 0.1 ms]
   [Eden: 246.0M(246.0M)->0.0B(240.0M) Survivors: 10.0M->16.0M Heap: 286.1M(4096.0M)->45.5M(4096.0M)]
 [Times: user=0.06 sys=0.00, real=0.02 secs] 
2019-10-25T18:07:02.580+0530: 1770.888: Total time for which application threads were stopped: 0.0133970 seconds, Stopping threads took: 0.0001138 seconds
2019-10-25T18:07:15.176+0530: 1783.484: [GC pause (G1 Evacuation Pause) (young), 0.0116511 secs]
   [Parallel Time: 5.3 ms, GC Workers: 8]
      [GC Worker Start (ms): Min: 1783484.7, Avg: 1783484.8, Max: 1783484.8, Diff: 0.1]
      [Ext Root Scanning (ms): Min: 0.4, Avg: 0.5, Max: 0.6, Diff: 0.2, Sum: 3.9]
      [Update RS (ms): Min: 3.2, Avg: 3.2, Max: 3.2, Diff: 0.0, Sum: 25.8]
         [Processed Buffers: Min: 38, Avg: 40.4, Max: 41, Diff: 3, Sum: 323]
      [Scan RS (ms): Min: 0.0, Avg: 0.0, Max: 0.0, Diff: 0.0, Sum: 0.2]
      [Code Root Scanning (ms): Min: 0.0, Avg: 0.0, Max: 0.0, Diff: 0.0, Sum: 0.0]
      [Object Copy (ms): Min: 1.3, Avg: 1.4, Max: 1.4, Diff: 0.1, Sum: 10.9]
      [Termination (ms): Min: 0.0, Avg: 0.0, Max: 0.0, Diff: 0.0, Sum: 0.1]
         [Termination Attempts: Min: 1, Avg: 16.8, Max: 25, Diff: 24, Sum: 134]
      [GC Worker Other (ms): Min: 0.0, Avg: 0.0, Max: 0.1, Diff: 0.1, Sum: 0.3]
      [GC Worker Total (ms): Min: 5.1, Avg: 5.1, Max: 5.2, Diff: 0.1, Sum: 41.2]
      [GC Worker End (ms): Min: 1783489.9, Avg: 1783489.9, Max: 1783489.9, Diff: 0.1]
   [Code Root Fixup: 0.0 ms]
   [Code Root Purge: 0.0 ms]
   [Clear CT: 0.1 ms]
   [Other: 6.2 ms]
      [Choose CSet: 0.0 ms]
      [Ref Proc: 5.3 ms]
      [Ref Enq: 0.0 ms]
      [Redirty Cards: 0.1 ms]
      [Humongous Register: 0.1 ms]
      [Humongous Reclaim: 0.0 ms]
      [Free CSet: 0.1 ms]
   [Eden: 240.0M(240.0M)->0.0B(246.0M) Survivors: 16.0M->10.0M Heap: 285.5M(4096.0M)->40.2M(4096.0M)]
 [Times: user=0.04 sys=0.01, real=0.01 secs] 
2019-10-25T18:07:15.187+0530: 1783.496: Total time for which application threads were stopped: 0.0124234 seconds, Stopping threads took: 0.0000891 seconds
2019-10-25T18:07:27.299+0530: 1795.608: [GC pause (G1 Evacuation Pause) (young), 0.0115237 secs]
   [Parallel Time: 5.4 ms, GC Workers: 8]
      [GC Worker Start (ms): Min: 1795607.9, Avg: 1795607.9, Max: 1795608.0, Diff: 0.1]
      [Ext Root Scanning (ms): Min: 0.5, Avg: 0.5, Max: 0.6, Diff: 0.2, Sum: 4.1]
      [Update RS (ms): Min: 3.2, Avg: 3.2, Max: 3.3, Diff: 0.1, Sum: 26.0]
         [Processed Buffers: Min: 38, Avg: 40.1, Max: 45, Diff: 7, Sum: 321]
      [Scan RS (ms): Min: 0.0, Avg: 0.0, Max: 0.0, Diff: 0.0, Sum: 0.2]
      [Code Root Scanning (ms): Min: 0.0, Avg: 0.0, Max: 0.0, Diff: 0.0, Sum: 0.0]
      [Object Copy (ms): Min: 1.3, Avg: 1.4, Max: 1.5, Diff: 0.1, Sum: 11.3]
      [Termination (ms): Min: 0.0, Avg: 0.0, Max: 0.0, Diff: 0.0, Sum: 0.1]
         [Termination Attempts: Min: 1, Avg: 14.4, Max: 19, Diff: 18, Sum: 115]
      [GC Worker Other (ms): Min: 0.0, Avg: 0.0, Max: 0.1, Diff: 0.1, Sum: 0.3]
      [GC Worker Total (ms): Min: 5.2, Avg: 5.2, Max: 5.3, Diff: 0.1, Sum: 41.9]
      [GC Worker End (ms): Min: 1795613.1, Avg: 1795613.2, Max: 1795613.2, Diff: 0.1]
   [Code Root Fixup: 0.0 ms]
   [Code Root Purge: 0.0 ms]
   [Clear CT: 0.1 ms]
   [Other: 5.9 ms]
      [Choose CSet: 0.0 ms]
      [Ref Proc: 5.0 ms]
      [Ref Enq: 0.0 ms]
      [Redirty Cards: 0.1 ms]
      [Humongous Register: 0.1 ms]
      [Humongous Reclaim: 0.0 ms]
      [Free CSet: 0.1 ms]
   [Eden: 246.0M(246.0M)->0.0B(248.0M) Survivors: 10.0M->8192.0K Heap: 286.2M(4096.0M)->37.7M(4096.0M)]
 [Times: user=0.04 sys=0.00, real=0.01 secs] 
2019-10-25T18:07:27.311+0530: 1795.619: Total time for which application threads were stopped: 0.0123573 seconds, Stopping threads took: 0.0001009 seconds
2019-10-25T18:07:39.311+0530: 1807.619: [GC pause (G1 Evacuation Pause) (young), 0.0122944 secs]
   [Parallel Time: 6.0 ms, GC Workers: 8]
      [GC Worker Start (ms): Min: 1807619.6, Avg: 1807619.6, Max: 1807619.7, Diff: 0.1]
      [Ext Root Scanning (ms): Min: 0.5, Avg: 0.6, Max: 0.8, Diff: 0.2, Sum: 4.7]
      [Update RS (ms): Min: 3.3, Avg: 3.3, Max: 3.4, Diff: 0.1, Sum: 26.8]
         [Processed Buffers: Min: 36, Avg: 40.1, Max: 44, Diff: 8, Sum: 321]
      [Scan RS (ms): Min: 0.0, Avg: 0.0, Max: 0.0, Diff: 0.0, Sum: 0.2]
      [Code Root Scanning (ms): Min: 0.0, Avg: 0.0, Max: 0.0, Diff: 0.0, Sum: 0.0]
      [Object Copy (ms): Min: 1.7, Avg: 1.8, Max: 1.9, Diff: 0.2, Sum: 14.7]
      [Termination (ms): Min: 0.0, Avg: 0.0, Max: 0.0, Diff: 0.0, Sum: 0.0]
         [Termination Attempts: Min: 1, Avg: 2.1, Max: 3, Diff: 2, Sum: 17]
      [GC Worker Other (ms): Min: 0.0, Avg: 0.1, Max: 0.1, Diff: 0.1, Sum: 0.4]
      [GC Worker Total (ms): Min: 5.8, Avg: 5.8, Max: 5.9, Diff: 0.1, Sum: 46.8]
      [GC Worker End (ms): Min: 1807625.4, Avg: 1807625.5, Max: 1807625.5, Diff: 0.1]
   [Code Root Fixup: 0.1 ms]
   [Code Root Purge: 0.0 ms]
   [Clear CT: 0.2 ms]
   [Other: 6.1 ms]
      [Choose CSet: 0.0 ms]
      [Ref Proc: 5.2 ms]
      [Ref Enq: 0.0 ms]
      [Redirty Cards: 0.1 ms]
      [Humongous Register: 0.1 ms]
      [Humongous Reclaim: 0.0 ms]
      [Free CSet: 0.1 ms]
   [Eden: 248.0M(248.0M)->0.0B(244.0M) Survivors: 8192.0K->12.0M Heap: 285.7M(4096.0M)->41.3M(4096.0M)]
 [Times: user=0.05 sys=0.00, real=0.01 secs] 
2019-10-25T18:07:39.323+0530: 1807.632: Total time for which application threads were stopped: 0.0133016 seconds, Stopping threads took: 0.0001134 seconds
2019-10-25T18:08:02.423+0530: 1830.732: [GC pause (G1 Evacuation Pause) (young), 0.0113772 secs]
   [Parallel Time: 5.5 ms, GC Workers: 8]
      [GC Worker Start (ms): Min: 1830732.1, Avg: 1830732.2, Max: 1830732.2, Diff: 0.1]
      [Ext Root Scanning (ms): Min: 0.5, Avg: 0.6, Max: 0.7, Diff: 0.2, Sum: 4.5]
      [Update RS (ms): Min: 3.2, Avg: 3.3, Max: 3.3, Diff: 0.1, Sum: 26.1]
         [Processed Buffers: Min: 37, Avg: 40.2, Max: 42, Diff: 5, Sum: 322]
      [Scan RS (ms): Min: 0.0, Avg: 0.0, Max: 0.0, Diff: 0.0, Sum: 0.1]
      [Code Root Scanning (ms): Min: 0.0, Avg: 0.0, Max: 0.0, Diff: 0.0, Sum: 0.0]
      [Object Copy (ms): Min: 1.4, Avg: 1.5, Max: 1.5, Diff: 0.2, Sum: 11.8]
      [Termination (ms): Min: 0.0, Avg: 0.0, Max: 0.0, Diff: 0.0, Sum: 0.0]
         [Termination Attempts: Min: 1, Avg: 1.5, Max: 3, Diff: 2, Sum: 12]
      [GC Worker Other (ms): Min: 0.0, Avg: 0.0, Max: 0.1, Diff: 0.0, Sum: 0.2]
      [GC Worker Total (ms): Min: 5.3, Avg: 5.4, Max: 5.4, Diff: 0.1, Sum: 42.8]
      [GC Worker End (ms): Min: 1830737.5, Avg: 1830737.5, Max: 1830737.6, Diff: 0.0]
   [Code Root Fixup: 0.0 ms]
   [Code Root Purge: 0.0 ms]
   [Clear CT: 0.1 ms]
   [Other: 5.7 ms]
      [Choose CSet: 0.0 ms]
      [Ref Proc: 4.8 ms]
      [Ref Enq: 0.0 ms]
      [Redirty Cards: 0.1 ms]
      [Humongous Register: 0.1 ms]
      [Humongous Reclaim: 0.0 ms]
      [Free CSet: 0.1 ms]
   [Eden: 244.0M(244.0M)->0.0B(244.0M) Survivors: 12.0M->12.0M Heap: 285.3M(4096.0M)->42.1M(4096.0M)]
 [Times: user=0.05 sys=0.00, real=0.01 secs] 
2019-10-25T18:08:02.435+0530: 1830.743: Total time for which application threads were stopped: 0.0123575 seconds, Stopping threads took: 0.0001365 seconds
2019-10-25T18:08:19.015+0530: 1847.324: [GC pause (G1 Evacuation Pause) (young), 0.0113932 secs]
   [Parallel Time: 5.3 ms, GC Workers: 8]
      [GC Worker Start (ms): Min: 1847324.5, Avg: 1847324.6, Max: 1847324.6, Diff: 0.1]
      [Ext Root Scanning (ms): Min: 0.5, Avg: 0.5, Max: 0.6, Diff: 0.1, Sum: 4.0]
      [Update RS (ms): Min: 3.2, Avg: 3.2, Max: 3.3, Diff: 0.1, Sum: 25.9]
         [Processed Buffers: Min: 39, Avg: 40.5, Max: 44, Diff: 5, Sum: 324]
      [Scan RS (ms): Min: 0.0, Avg: 0.0, Max: 0.0, Diff: 0.0, Sum: 0.2]
      [Code Root Scanning (ms): Min: 0.0, Avg: 0.0, Max: 0.0, Diff: 0.0, Sum: 0.0]
      [Object Copy (ms): Min: 1.3, Avg: 1.4, Max: 1.4, Diff: 0.1, Sum: 10.8]
      [Termination (ms): Min: 0.0, Avg: 0.0, Max: 0.0, Diff: 0.0, Sum: 0.1]
         [Termination Attempts: Min: 1, Avg: 10.9, Max: 16, Diff: 15, Sum: 87]
      [GC Worker Other (ms): Min: 0.0, Avg: 0.0, Max: 0.1, Diff: 0.0, Sum: 0.3]
      [GC Worker Total (ms): Min: 5.1, Avg: 5.2, Max: 5.2, Diff: 0.1, Sum: 41.2]
      [GC Worker End (ms): Min: 1847329.7, Avg: 1847329.7, Max: 1847329.8, Diff: 0.1]
   [Code Root Fixup: 0.0 ms]
   [Code Root Purge: 0.0 ms]
   [Clear CT: 0.1 ms]
   [Other: 5.9 ms]
      [Choose CSet: 0.0 ms]
      [Ref Proc: 5.0 ms]
      [Ref Enq: 0.0 ms]
      [Redirty Cards: 0.1 ms]
      [Humongous Register: 0.1 ms]
      [Humongous Reclaim: 0.0 ms]
      [Free CSet: 0.1 ms]
   [Eden: 244.0M(244.0M)->0.0B(246.0M) Survivors: 12.0M->10.0M Heap: 286.1M(4096.0M)->40.1M(4096.0M)]
 [Times: user=0.05 sys=0.00, real=0.01 secs] 
2019-10-25T18:08:19.027+0530: 1847.336: Total time for which application threads were stopped: 0.0121580 seconds, Stopping threads took: 0.0000937 seconds
2019-10-25T18:08:29.705+0530: 1858.013: [GC pause (G1 Evacuation Pause) (young), 0.0113890 secs]
   [Parallel Time: 5.3 ms, GC Workers: 8]
      [GC Worker Start (ms): Min: 1858013.6, Avg: 1858013.7, Max: 1858013.7, Diff: 0.1]
      [Ext Root Scanning (ms): Min: 0.4, Avg: 0.5, Max: 0.6, Diff: 0.2, Sum: 3.9]
      [Update RS (ms): Min: 3.2, Avg: 3.2, Max: 3.2, Diff: 0.1, Sum: 25.7]
         [Processed Buffers: Min: 38, Avg: 40.2, Max: 44, Diff: 6, Sum: 322]
      [Scan RS (ms): Min: 0.0, Avg: 0.0, Max: 0.0, Diff: 0.0, Sum: 0.2]
      [Code Root Scanning (ms): Min: 0.0, Avg: 0.0, Max: 0.0, Diff: 0.0, Sum: 0.0]
      [Object Copy (ms): Min: 1.3, Avg: 1.4, Max: 1.4, Diff: 0.1, Sum: 10.9]
      [Termination (ms): Min: 0.0, Avg: 0.0, Max: 0.0, Diff: 0.0, Sum: 0.1]
         [Termination Attempts: Min: 1, Avg: 18.1, Max: 27, Diff: 26, Sum: 145]
      [GC Worker Other (ms): Min: 0.0, Avg: 0.0, Max: 0.1, Diff: 0.1, Sum: 0.3]
      [GC Worker Total (ms): Min: 5.1, Avg: 5.1, Max: 5.2, Diff: 0.1, Sum: 41.0]
      [GC Worker End (ms): Min: 1858018.8, Avg: 1858018.8, Max: 1858018.8, Diff: 0.1]
   [Code Root Fixup: 0.0 ms]
   [Code Root Purge: 0.0 ms]
   [Clear CT: 0.2 ms]
   [Other: 5.9 ms]
      [Choose CSet: 0.0 ms]
      [Ref Proc: 5.0 ms]
      [Ref Enq: 0.0 ms]
      [Redirty Cards: 0.2 ms]
      [Humongous Register: 0.1 ms]
      [Humongous Reclaim: 0.0 ms]
      [Free CSet: 0.1 ms]
   [Eden: 246.0M(246.0M)->0.0B(248.0M) Survivors: 10.0M->8192.0K Heap: 286.1M(4096.0M)->37.0M(4096.0M)]
 [Times: user=0.05 sys=0.00, real=0.01 secs] 
2019-10-25T18:08:29.716+0530: 1858.025: Total time for which application threads were stopped: 0.0121634 seconds, Stopping threads took: 0.0000806 seconds
2019-10-25T18:08:42.582+0530: 1870.890: [GC pause (G1 Evacuation Pause) (young), 0.0115410 secs]
   [Parallel Time: 5.4 ms, GC Workers: 8]
      [GC Worker Start (ms): Min: 1870890.6, Avg: 1870890.6, Max: 1870890.6, Diff: 0.1]
      [Ext Root Scanning (ms): Min: 0.5, Avg: 0.5, Max: 0.6, Diff: 0.2, Sum: 4.2]
      [Update RS (ms): Min: 3.3, Avg: 3.3, Max: 3.4, Diff: 0.1, Sum: 26.4]
         [Processed Buffers: Min: 38, Avg: 40.1, Max: 43, Diff: 5, Sum: 321]
      [Scan RS (ms): Min: 0.0, Avg: 0.0, Max: 0.0, Diff: 0.0, Sum: 0.1]
      [Code Root Scanning (ms): Min: 0.0, Avg: 0.0, Max: 0.0, Diff: 0.0, Sum: 0.0]
      [Object Copy (ms): Min: 1.3, Avg: 1.4, Max: 1.4, Diff: 0.1, Sum: 11.3]
      [Termination (ms): Min: 0.0, Avg: 0.0, Max: 0.0, Diff: 0.0, Sum: 0.0]
         [Termination Attempts: Min: 1, Avg: 1.0, Max: 1, Diff: 0, Sum: 8]
      [GC Worker Other (ms): Min: 0.0, Avg: 0.0, Max: 0.1, Diff: 0.1, Sum: 0.3]
      [GC Worker Total (ms): Min: 5.3, Avg: 5.3, Max: 5.3, Diff: 0.0, Sum: 42.3]
      [GC Worker End (ms): Min: 1870895.9, Avg: 1870895.9, Max: 1870895.9, Diff: 0.1]
   [Code Root Fixup: 0.0 ms]
   [Code Root Purge: 0.0 ms]
   [Clear CT: 0.1 ms]
   [Other: 5.9 ms]
      [Choose CSet: 0.0 ms]
      [Ref Proc: 5.0 ms]
      [Ref Enq: 0.1 ms]
      [Redirty Cards: 0.1 ms]
      [Humongous Register: 0.1 ms]
      [Humongous Reclaim: 0.0 ms]
      [Free CSet: 0.1 ms]
   [Eden: 248.0M(248.0M)->0.0B(244.0M) Survivors: 8192.0K->12.0M Heap: 285.0M(4096.0M)->41.2M(4096.0M)]
 [Times: user=0.05 sys=0.00, real=0.01 secs] 
2019-10-25T18:08:42.593+0530: 1870.902: Total time for which application threads were stopped: 0.0124899 seconds, Stopping threads took: 0.0000962 seconds
2019-10-25T18:08:59.578+0530: 1887.887: [GC pause (G1 Evacuation Pause) (young), 0.0117575 secs]
   [Parallel Time: 5.8 ms, GC Workers: 8]
      [GC Worker Start (ms): Min: 1887887.5, Avg: 1887887.5, Max: 1887887.5, Diff: 0.1]
      [Ext Root Scanning (ms): Min: 0.5, Avg: 0.6, Max: 0.7, Diff: 0.2, Sum: 4.6]
      [Update RS (ms): Min: 3.3, Avg: 3.3, Max: 3.4, Diff: 0.1, Sum: 26.5]
         [Processed Buffers: Min: 39, Avg: 40.2, Max: 42, Diff: 3, Sum: 322]
      [Scan RS (ms): Min: 0.0, Avg: 0.0, Max: 0.0, Diff: 0.0, Sum: 0.1]
      [Code Root Scanning (ms): Min: 0.0, Avg: 0.0, Max: 0.0, Diff: 0.0, Sum: 0.0]
      [Object Copy (ms): Min: 1.6, Avg: 1.8, Max: 1.8, Diff: 0.2, Sum: 14.2]
      [Termination (ms): Min: 0.0, Avg: 0.0, Max: 0.0, Diff: 0.0, Sum: 0.0]
         [Termination Attempts: Min: 1, Avg: 2.4, Max: 6, Diff: 5, Sum: 19]
      [GC Worker Other (ms): Min: 0.0, Avg: 0.0, Max: 0.1, Diff: 0.1, Sum: 0.3]
      [GC Worker Total (ms): Min: 5.7, Avg: 5.7, Max: 5.8, Diff: 0.1, Sum: 45.7]
      [GC Worker End (ms): Min: 1887893.2, Avg: 1887893.2, Max: 1887893.3, Diff: 0.0]
   [Code Root Fixup: 0.1 ms]
   [Code Root Purge: 0.0 ms]
   [Clear CT: 0.1 ms]
   [Other: 5.7 ms]
      [Choose CSet: 0.0 ms]
      [Ref Proc: 4.9 ms]
      [Ref Enq: 0.0 ms]
      [Redirty Cards: 0.1 ms]
      [Humongous Register: 0.1 ms]
      [Humongous Reclaim: 0.0 ms]
      [Free CSet: 0.1 ms]
   [Eden: 244.0M(244.0M)->0.0B(238.0M) Survivors: 12.0M->18.0M Heap: 285.2M(4096.0M)->46.9M(4096.0M)]
 [Times: user=0.05 sys=0.00, real=0.01 secs] 
2019-10-25T18:08:59.590+0530: 1887.899: Total time for which application threads were stopped: 0.0127179 seconds, Stopping threads took: 0.0001194 seconds
2019-10-25T18:09:10.907+0530: 1899.215: [GC pause (G1 Evacuation Pause) (young), 0.0118064 secs]
   [Parallel Time: 5.8 ms, GC Workers: 8]
      [GC Worker Start (ms): Min: 1899215.7, Avg: 1899215.7, Max: 1899215.8, Diff: 0.1]
      [Ext Root Scanning (ms): Min: 0.5, Avg: 0.6, Max: 0.7, Diff: 0.3, Sum: 4.6]
      [Update RS (ms): Min: 3.2, Avg: 3.3, Max: 3.3, Diff: 0.1, Sum: 26.1]
         [Processed Buffers: Min: 38, Avg: 40.2, Max: 42, Diff: 4, Sum: 322]
      [Scan RS (ms): Min: 0.0, Avg: 0.0, Max: 0.0, Diff: 0.0, Sum: 0.2]
      [Code Root Scanning (ms): Min: 0.0, Avg: 0.0, Max: 0.0, Diff: 0.0, Sum: 0.0]
      [Object Copy (ms): Min: 1.6, Avg: 1.7, Max: 1.7, Diff: 0.2, Sum: 13.6]
      [Termination (ms): Min: 0.0, Avg: 0.0, Max: 0.0, Diff: 0.0, Sum: 0.0]
         [Termination Attempts: Min: 1, Avg: 1.4, Max: 3, Diff: 2, Sum: 11]
      [GC Worker Other (ms): Min: 0.0, Avg: 0.0, Max: 0.1, Diff: 0.1, Sum: 0.2]
      [GC Worker Total (ms): Min: 5.5, Avg: 5.6, Max: 5.7, Diff: 0.1, Sum: 44.7]
      [GC Worker End (ms): Min: 1899221.3, Avg: 1899221.3, Max: 1899221.4, Diff: 0.1]
   [Code Root Fixup: 0.0 ms]
   [Code Root Purge: 0.0 ms]
   [Clear CT: 0.2 ms]
   [Other: 5.8 ms]
      [Choose CSet: 0.0 ms]
      [Ref Proc: 4.9 ms]
      [Ref Enq: 0.0 ms]
      [Redirty Cards: 0.1 ms]
      [Humongous Register: 0.1 ms]
      [Humongous Reclaim: 0.0 ms]
      [Free CSet: 0.1 ms]
   [Eden: 238.0M(238.0M)->0.0B(242.0M) Survivors: 18.0M->14.0M Heap: 284.9M(4096.0M)->44.0M(4096.0M)]
 [Times: user=0.05 sys=0.01, real=0.02 secs] 
2019-10-25T18:09:10.919+0530: 1899.227: Total time for which application threads were stopped: 0.0127681 seconds, Stopping threads took: 0.0001050 seconds
2019-10-25T18:09:21.995+0530: 1910.303: [GC pause (G1 Evacuation Pause) (young), 0.0122134 secs]
   [Parallel Time: 6.3 ms, GC Workers: 8]
      [GC Worker Start (ms): Min: 1910303.6, Avg: 1910303.6, Max: 1910303.7, Diff: 0.1]
      [Ext Root Scanning (ms): Min: 0.5, Avg: 0.6, Max: 0.9, Diff: 0.3, Sum: 5.0]
      [Update RS (ms): Min: 3.2, Avg: 3.3, Max: 3.3, Diff: 0.1, Sum: 26.2]
         [Processed Buffers: Min: 39, Avg: 40.1, Max: 42, Diff: 3, Sum: 321]
      [Scan RS (ms): Min: 0.0, Avg: 0.0, Max: 0.0, Diff: 0.0, Sum: 0.1]
      [Code Root Scanning (ms): Min: 0.0, Avg: 0.0, Max: 0.0, Diff: 0.0, Sum: 0.0]
      [Object Copy (ms): Min: 1.9, Avg: 2.2, Max: 2.2, Diff: 0.3, Sum: 17.2]
      [Termination (ms): Min: 0.0, Avg: 0.0, Max: 0.0, Diff: 0.0, Sum: 0.0]
         [Termination Attempts: Min: 1, Avg: 3.1, Max: 6, Diff: 5, Sum: 25]
      [GC Worker Other (ms): Min: 0.0, Avg: 0.0, Max: 0.1, Diff: 0.1, Sum: 0.3]
      [GC Worker Total (ms): Min: 6.1, Avg: 6.1, Max: 6.1, Diff: 0.1, Sum: 48.9]
      [GC Worker End (ms): Min: 1910309.7, Avg: 1910309.8, Max: 1910309.8, Diff: 0.1]
   [Code Root Fixup: 0.1 ms]
   [Code Root Purge: 0.0 ms]
   [Clear CT: 0.1 ms]
   [Other: 5.7 ms]
      [Choose CSet: 0.0 ms]
      [Ref Proc: 4.8 ms]
      [Ref Enq: 0.0 ms]
      [Redirty Cards: 0.1 ms]
      [Humongous Register: 0.1 ms]
      [Humongous Reclaim: 0.0 ms]
      [Free CSet: 0.1 ms]
   [Eden: 242.0M(242.0M)->0.0B(240.0M) Survivors: 14.0M->16.0M Heap: 286.0M(4096.0M)->46.1M(4096.0M)]
 [Times: user=0.05 sys=0.00, real=0.01 secs] 
2019-10-25T18:09:22.007+0530: 1910.316: Total time for which application threads were stopped: 0.0133114 seconds, Stopping threads took: 0.0001158 seconds
2019-10-25T18:09:33.833+0530: 1922.142: [GC pause (G1 Evacuation Pause) (young), 0.0111864 secs]
   [Parallel Time: 5.2 ms, GC Workers: 8]
      [GC Worker Start (ms): Min: 1922142.2, Avg: 1922142.2, Max: 1922142.3, Diff: 0.1]
      [Ext Root Scanning (ms): Min: 0.4, Avg: 0.5, Max: 0.6, Diff: 0.1, Sum: 4.0]
      [Update RS (ms): Min: 3.2, Avg: 3.3, Max: 3.3, Diff: 0.1, Sum: 26.0]
         [Processed Buffers: Min: 37, Avg: 40.6, Max: 43, Diff: 6, Sum: 325]
      [Scan RS (ms): Min: 0.0, Avg: 0.0, Max: 0.0, Diff: 0.0, Sum: 0.1]
      [Code Root Scanning (ms): Min: 0.0, Avg: 0.0, Max: 0.0, Diff: 0.0, Sum: 0.0]
      [Object Copy (ms): Min: 1.2, Avg: 1.2, Max: 1.3, Diff: 0.1, Sum: 9.9]
      [Termination (ms): Min: 0.0, Avg: 0.0, Max: 0.0, Diff: 0.0, Sum: 0.0]
         [Termination Attempts: Min: 1, Avg: 3.1, Max: 6, Diff: 5, Sum: 25]
      [GC Worker Other (ms): Min: 0.0, Avg: 0.0, Max: 0.1, Diff: 0.1, Sum: 0.3]
      [GC Worker Total (ms): Min: 5.0, Avg: 5.0, Max: 5.1, Diff: 0.1, Sum: 40.4]
      [GC Worker End (ms): Min: 1922147.3, Avg: 1922147.3, Max: 1922147.3, Diff: 0.1]
   [Code Root Fixup: 0.0 ms]
   [Code Root Purge: 0.0 ms]
   [Clear CT: 0.1 ms]
   [Other: 5.8 ms]
      [Choose CSet: 0.0 ms]
      [Ref Proc: 5.0 ms]
      [Ref Enq: 0.0 ms]
      [Redirty Cards: 0.1 ms]
      [Humongous Register: 0.1 ms]
      [Humongous Reclaim: 0.0 ms]
      [Free CSet: 0.1 ms]
   [Eden: 240.0M(240.0M)->0.0B(246.0M) Survivors: 16.0M->10.0M Heap: 286.1M(4096.0M)->40.2M(4096.0M)]
 [Times: user=0.05 sys=0.01, real=0.01 secs] 
2019-10-25T18:09:33.844+0530: 1922.153: Total time for which application threads were stopped: 0.0119494 seconds, Stopping threads took: 0.0000779 seconds
2019-10-25T18:09:50.288+0530: 1938.597: [GC pause (G1 Evacuation Pause) (young), 0.0114034 secs]
   [Parallel Time: 5.5 ms, GC Workers: 8]
      [GC Worker Start (ms): Min: 1938597.2, Avg: 1938597.2, Max: 1938597.2, Diff: 0.1]
      [Ext Root Scanning (ms): Min: 0.5, Avg: 0.5, Max: 0.6, Diff: 0.2, Sum: 4.2]
      [Update RS (ms): Min: 3.2, Avg: 3.2, Max: 3.3, Diff: 0.1, Sum: 26.0]
         [Processed Buffers: Min: 38, Avg: 40.2, Max: 45, Diff: 7, Sum: 322]
      [Scan RS (ms): Min: 0.0, Avg: 0.0, Max: 0.0, Diff: 0.0, Sum: 0.1]
      [Code Root Scanning (ms): Min: 0.0, Avg: 0.0, Max: 0.0, Diff: 0.0, Sum: 0.0]
      [Object Copy (ms): Min: 1.4, Avg: 1.5, Max: 1.6, Diff: 0.1, Sum: 12.2]
      [Termination (ms): Min: 0.0, Avg: 0.0, Max: 0.0, Diff: 0.0, Sum: 0.0]
         [Termination Attempts: Min: 1, Avg: 1.0, Max: 1, Diff: 0, Sum: 8]
      [GC Worker Other (ms): Min: 0.0, Avg: 0.0, Max: 0.1, Diff: 0.1, Sum: 0.3]
      [GC Worker Total (ms): Min: 5.3, Avg: 5.4, Max: 5.4, Diff: 0.1, Sum: 42.8]
      [GC Worker End (ms): Min: 1938602.5, Avg: 1938602.5, Max: 1938602.6, Diff: 0.1]
   [Code Root Fixup: 0.0 ms]
   [Code Root Purge: 0.0 ms]
   [Clear CT: 0.1 ms]
   [Other: 5.7 ms]
      [Choose CSet: 0.0 ms]
      [Ref Proc: 4.9 ms]
      [Ref Enq: 0.0 ms]
      [Redirty Cards: 0.1 ms]
      [Humongous Register: 0.1 ms]
      [Humongous Reclaim: 0.0 ms]
      [Free CSet: 0.1 ms]
   [Eden: 246.0M(246.0M)->0.0B(244.0M) Survivors: 10.0M->12.0M Heap: 286.2M(4096.0M)->41.9M(4096.0M)]
 [Times: user=0.05 sys=0.00, real=0.02 secs] 
2019-10-25T18:09:50.300+0530: 1938.608: Total time for which application threads were stopped: 0.0122866 seconds, Stopping threads took: 0.0000959 seconds
2019-10-25T18:10:00.301+0530: 1948.610: Total time for which application threads were stopped: 0.0007169 seconds, Stopping threads took: 0.0000967 seconds
2019-10-25T18:10:05.807+0530: 1954.116: [GC pause (G1 Evacuation Pause) (young), 0.0124406 secs]
   [Parallel Time: 6.4 ms, GC Workers: 8]
      [GC Worker Start (ms): Min: 1954116.3, Avg: 1954116.3, Max: 1954116.4, Diff: 0.1]
      [Ext Root Scanning (ms): Min: 0.6, Avg: 0.6, Max: 0.8, Diff: 0.3, Sum: 5.0]
      [Update RS (ms): Min: 3.2, Avg: 3.3, Max: 3.3, Diff: 0.1, Sum: 26.4]
         [Processed Buffers: Min: 38, Avg: 40.4, Max: 45, Diff: 7, Sum: 323]
      [Scan RS (ms): Min: 0.0, Avg: 0.0, Max: 0.0, Diff: 0.0, Sum: 0.2]
      [Code Root Scanning (ms): Min: 0.0, Avg: 0.0, Max: 0.0, Diff: 0.0, Sum: 0.0]
      [Object Copy (ms): Min: 2.0, Avg: 2.2, Max: 2.2, Diff: 0.3, Sum: 17.6]
      [Termination (ms): Min: 0.0, Avg: 0.0, Max: 0.0, Diff: 0.0, Sum: 0.0]
         [Termination Attempts: Min: 1, Avg: 1.2, Max: 2, Diff: 1, Sum: 10]
      [GC Worker Other (ms): Min: 0.0, Avg: 0.0, Max: 0.1, Diff: 0.1, Sum: 0.3]
      [GC Worker Total (ms): Min: 6.1, Avg: 6.2, Max: 6.3, Diff: 0.1, Sum: 49.5]
      [GC Worker End (ms): Min: 1954122.5, Avg: 1954122.5, Max: 1954122.5, Diff: 0.1]
   [Code Root Fixup: 0.0 ms]
   [Code Root Purge: 0.0 ms]
   [Clear CT: 0.2 ms]
   [Other: 5.8 ms]
      [Choose CSet: 0.0 ms]
      [Ref Proc: 4.9 ms]
      [Ref Enq: 0.0 ms]
      [Redirty Cards: 0.1 ms]
      [Humongous Register: 0.1 ms]
      [Humongous Reclaim: 0.0 ms]
      [Free CSet: 0.1 ms]
   [Eden: 244.0M(244.0M)->0.0B(238.0M) Survivors: 12.0M->18.0M Heap: 285.9M(4096.0M)->47.8M(4096.0M)]
 [Times: user=0.05 sys=0.00, real=0.02 secs] 
2019-10-25T18:10:05.820+0530: 1954.129: Total time for which application threads were stopped: 0.0135496 seconds, Stopping threads took: 0.0001261 seconds
2019-10-25T18:10:15.562+0530: 1963.871: [GC pause (G1 Evacuation Pause) (young), 0.0112406 secs]
   [Parallel Time: 5.2 ms, GC Workers: 8]
      [GC Worker Start (ms): Min: 1963871.2, Avg: 1963871.2, Max: 1963871.3, Diff: 0.1]
      [Ext Root Scanning (ms): Min: 0.4, Avg: 0.5, Max: 0.6, Diff: 0.1, Sum: 4.0]
      [Update RS (ms): Min: 3.2, Avg: 3.3, Max: 3.3, Diff: 0.1, Sum: 26.1]
         [Processed Buffers: Min: 38, Avg: 40.6, Max: 43, Diff: 5, Sum: 325]
      [Scan RS (ms): Min: 0.0, Avg: 0.0, Max: 0.0, Diff: 0.0, Sum: 0.2]
      [Code Root Scanning (ms): Min: 0.0, Avg: 0.0, Max: 0.0, Diff: 0.0, Sum: 0.0]
      [Object Copy (ms): Min: 1.2, Avg: 1.3, Max: 1.3, Diff: 0.1, Sum: 10.2]
      [Termination (ms): Min: 0.0, Avg: 0.0, Max: 0.0, Diff: 0.0, Sum: 0.0]
         [Termination Attempts: Min: 1, Avg: 7.2, Max: 10, Diff: 9, Sum: 58]
      [GC Worker Other (ms): Min: 0.0, Avg: 0.0, Max: 0.1, Diff: 0.0, Sum: 0.3]
      [GC Worker Total (ms): Min: 5.1, Avg: 5.1, Max: 5.1, Diff: 0.1, Sum: 40.8]
      [GC Worker End (ms): Min: 1963876.3, Avg: 1963876.3, Max: 1963876.4, Diff: 0.0]
   [Code Root Fixup: 0.1 ms]
   [Code Root Purge: 0.0 ms]
   [Clear CT: 0.1 ms]
   [Other: 5.8 ms]
      [Choose CSet: 0.0 ms]
      [Ref Proc: 5.0 ms]
      [Ref Enq: 0.0 ms]
      [Redirty Cards: 0.1 ms]
      [Humongous Register: 0.1 ms]
      [Humongous Reclaim: 0.0 ms]
      [Free CSet: 0.1 ms]
   [Eden: 238.0M(238.0M)->0.0B(246.0M) Survivors: 18.0M->10.0M Heap: 285.8M(4096.0M)->40.2M(4096.0M)]
 [Times: user=0.05 sys=0.00, real=0.01 secs] 
2019-10-25T18:10:15.574+0530: 1963.882: Total time for which application threads were stopped: 0.0119996 seconds, Stopping threads took: 0.0000872 seconds
2019-10-25T18:10:28.081+0530: 1976.390: [GC pause (G1 Evacuation Pause) (young), 0.0111713 secs]
   [Parallel Time: 5.1 ms, GC Workers: 8]
      [GC Worker Start (ms): Min: 1976390.0, Avg: 1976390.0, Max: 1976390.0, Diff: 0.1]
      [Ext Root Scanning (ms): Min: 0.4, Avg: 0.5, Max: 0.6, Diff: 0.2, Sum: 3.8]
      [Update RS (ms): Min: 3.2, Avg: 3.2, Max: 3.3, Diff: 0.0, Sum: 25.8]
         [Processed Buffers: Min: 38, Avg: 40.1, Max: 43, Diff: 5, Sum: 321]
      [Scan RS (ms): Min: 0.0, Avg: 0.0, Max: 0.0, Diff: 0.0, Sum: 0.1]
      [Code Root Scanning (ms): Min: 0.0, Avg: 0.0, Max: 0.0, Diff: 0.0, Sum: 0.0]
      [Object Copy (ms): Min: 1.2, Avg: 1.2, Max: 1.2, Diff: 0.1, Sum: 9.6]
      [Termination (ms): Min: 0.0, Avg: 0.0, Max: 0.0, Diff: 0.0, Sum: 0.1]
         [Termination Attempts: Min: 1, Avg: 13.0, Max: 18, Diff: 17, Sum: 104]
      [GC Worker Other (ms): Min: 0.0, Avg: 0.0, Max: 0.1, Diff: 0.1, Sum: 0.3]
      [GC Worker Total (ms): Min: 4.9, Avg: 5.0, Max: 5.0, Diff: 0.1, Sum: 39.8]
      [GC Worker End (ms): Min: 1976394.9, Avg: 1976395.0, Max: 1976395.0, Diff: 0.1]
   [Code Root Fixup: 0.0 ms]
   [Code Root Purge: 0.0 ms]
   [Clear CT: 0.1 ms]
   [Other: 5.9 ms]
      [Choose CSet: 0.0 ms]
      [Ref Proc: 5.0 ms]
      [Ref Enq: 0.0 ms]
      [Redirty Cards: 0.1 ms]
      [Humongous Register: 0.1 ms]
      [Humongous Reclaim: 0.0 ms]
      [Free CSet: 0.1 ms]
   [Eden: 246.0M(246.0M)->0.0B(248.0M) Survivors: 10.0M->8192.0K Heap: 286.2M(4096.0M)->37.8M(4096.0M)]
 [Times: user=0.04 sys=0.00, real=0.01 secs] 
2019-10-25T18:10:28.092+0530: 1976.401: Total time for which application threads were stopped: 0.0119220 seconds, Stopping threads took: 0.0000786 seconds
2019-10-25T18:10:40.557+0530: 1988.865: [GC pause (G1 Evacuation Pause) (young), 0.0115785 secs]
   [Parallel Time: 5.6 ms, GC Workers: 8]
      [GC Worker Start (ms): Min: 1988865.8, Avg: 1988865.9, Max: 1988866.0, Diff: 0.1]
      [Ext Root Scanning (ms): Min: 0.5, Avg: 0.6, Max: 0.7, Diff: 0.2, Sum: 4.5]
      [Update RS (ms): Min: 3.2, Avg: 3.2, Max: 3.3, Diff: 0.1, Sum: 25.7]
         [Processed Buffers: Min: 38, Avg: 40.0, Max: 43, Diff: 5, Sum: 320]
      [Scan RS (ms): Min: 0.0, Avg: 0.0, Max: 0.0, Diff: 0.0, Sum: 0.2]
      [Code Root Scanning (ms): Min: 0.0, Avg: 0.0, Max: 0.0, Diff: 0.0, Sum: 0.0]
      [Object Copy (ms): Min: 1.5, Avg: 1.6, Max: 1.7, Diff: 0.2, Sum: 12.9]
      [Termination (ms): Min: 0.0, Avg: 0.0, Max: 0.0, Diff: 0.0, Sum: 0.0]
         [Termination Attempts: Min: 1, Avg: 1.8, Max: 3, Diff: 2, Sum: 14]
      [GC Worker Other (ms): Min: 0.0, Avg: 0.0, Max: 0.1, Diff: 0.0, Sum: 0.2]
      [GC Worker Total (ms): Min: 5.4, Avg: 5.4, Max: 5.5, Diff: 0.1, Sum: 43.4]
      [GC Worker End (ms): Min: 1988871.3, Avg: 1988871.3, Max: 1988871.4, Diff: 0.0]
   [Code Root Fixup: 0.0 ms]
   [Code Root Purge: 0.0 ms]
   [Clear CT: 0.2 ms]
   [Other: 5.8 ms]
      [Choose CSet: 0.0 ms]
      [Ref Proc: 4.9 ms]
      [Ref Enq: 0.0 ms]
      [Redirty Cards: 0.1 ms]
      [Humongous Register: 0.1 ms]
      [Humongous Reclaim: 0.0 ms]
      [Free CSet: 0.1 ms]
   [Eden: 248.0M(248.0M)->0.0B(244.0M) Survivors: 8192.0K->12.0M Heap: 285.8M(4096.0M)->41.7M(4096.0M)]
 [Times: user=0.04 sys=0.01, real=0.01 secs] 
2019-10-25T18:10:40.569+0530: 1988.877: Total time for which application threads were stopped: 0.0125064 seconds, Stopping threads took: 0.0000966 seconds
2019-10-25T18:10:51.628+0530: 1999.937: [GC pause (G1 Evacuation Pause) (young), 0.0114913 secs]
   [Parallel Time: 5.4 ms, GC Workers: 8]
      [GC Worker Start (ms): Min: 1999937.2, Avg: 1999937.3, Max: 1999937.3, Diff: 0.1]
      [Ext Root Scanning (ms): Min: 0.5, Avg: 0.5, Max: 0.6, Diff: 0.2, Sum: 4.1]
      [Update RS (ms): Min: 3.2, Avg: 3.2, Max: 3.3, Diff: 0.1, Sum: 26.0]
         [Processed Buffers: Min: 39, Avg: 40.4, Max: 43, Diff: 4, Sum: 323]
      [Scan RS (ms): Min: 0.0, Avg: 0.0, Max: 0.0, Diff: 0.0, Sum: 0.1]
      [Code Root Scanning (ms): Min: 0.0, Avg: 0.0, Max: 0.0, Diff: 0.0, Sum: 0.0]
      [Object Copy (ms): Min: 1.3, Avg: 1.4, Max: 1.4, Diff: 0.1, Sum: 10.9]
      [Termination (ms): Min: 0.0, Avg: 0.0, Max: 0.0, Diff: 0.0, Sum: 0.1]
         [Termination Attempts: Min: 1, Avg: 11.6, Max: 16, Diff: 15, Sum: 93]
      [GC Worker Other (ms): Min: 0.0, Avg: 0.0, Max: 0.1, Diff: 0.1, Sum: 0.2]
      [GC Worker Total (ms): Min: 5.1, Avg: 5.2, Max: 5.2, Diff: 0.1, Sum: 41.5]
      [GC Worker End (ms): Min: 1999942.4, Avg: 1999942.5, Max: 1999942.5, Diff: 0.1]
   [Code Root Fixup: 0.0 ms]
   [Code Root Purge: 0.0 ms]
   [Clear CT: 0.1 ms]
   [Other: 6.0 ms]
      [Choose CSet: 0.0 ms]
      [Ref Proc: 5.1 ms]
      [Ref Enq: 0.0 ms]
      [Redirty Cards: 0.1 ms]
      [Humongous Register: 0.1 ms]
      [Humongous Reclaim: 0.0 ms]
      [Free CSet: 0.1 ms]
   [Eden: 244.0M(244.0M)->0.0B(244.0M) Survivors: 12.0M->12.0M Heap: 285.7M(4096.0M)->41.0M(4096.0M)]
 [Times: user=0.05 sys=0.00, real=0.02 secs] 
2019-10-25T18:10:51.640+0530: 1999.949: Total time for which application threads were stopped: 0.0122789 seconds, Stopping threads took: 0.0000818 seconds
2019-10-25T18:11:04.387+0530: 2012.696: [GC pause (G1 Evacuation Pause) (young), 0.0111835 secs]
   [Parallel Time: 5.3 ms, GC Workers: 8]
      [GC Worker Start (ms): Min: 2012696.2, Avg: 2012696.2, Max: 2012696.3, Diff: 0.1]
      [Ext Root Scanning (ms): Min: 0.4, Avg: 0.5, Max: 0.6, Diff: 0.1, Sum: 3.8]
      [Update RS (ms): Min: 3.2, Avg: 3.2, Max: 3.2, Diff: 0.1, Sum: 25.6]
         [Processed Buffers: Min: 38, Avg: 40.1, Max: 44, Diff: 6, Sum: 321]
      [Scan RS (ms): Min: 0.0, Avg: 0.0, Max: 0.0, Diff: 0.0, Sum: 0.1]
      [Code Root Scanning (ms): Min: 0.0, Avg: 0.0, Max: 0.0, Diff: 0.0, Sum: 0.0]
      [Object Copy (ms): Min: 1.3, Avg: 1.4, Max: 1.4, Diff: 0.1, Sum: 11.0]
      [Termination (ms): Min: 0.0, Avg: 0.0, Max: 0.0, Diff: 0.0, Sum: 0.1]
         [Termination Attempts: Min: 1, Avg: 9.8, Max: 16, Diff: 15, Sum: 78]
      [GC Worker Other (ms): Min: 0.0, Avg: 0.0, Max: 0.1, Diff: 0.0, Sum: 0.2]
      [GC Worker Total (ms): Min: 5.1, Avg: 5.1, Max: 5.2, Diff: 0.1, Sum: 40.8]
      [GC Worker End (ms): Min: 2012701.3, Avg: 2012701.3, Max: 2012701.4, Diff: 0.0]
   [Code Root Fixup: 0.0 ms]
   [Code Root Purge: 0.0 ms]
   [Clear CT: 0.1 ms]
   [Other: 5.8 ms]
      [Choose CSet: 0.0 ms]
      [Ref Proc: 4.9 ms]
      [Ref Enq: 0.0 ms]
      [Redirty Cards: 0.1 ms]
      [Humongous Register: 0.1 ms]
      [Humongous Reclaim: 0.0 ms]
      [Free CSet: 0.1 ms]
   [Eden: 244.0M(244.0M)->0.0B(250.0M) Survivors: 12.0M->6144.0K Heap: 285.0M(4096.0M)->36.0M(4096.0M)]
 [Times: user=0.05 sys=0.00, real=0.02 secs] 
2019-10-25T18:11:04.398+0530: 2012.707: Total time for which application threads were stopped: 0.0119119 seconds, Stopping threads took: 0.0000952 seconds
2019-10-25T18:11:16.851+0530: 2025.159: [GC pause (G1 Evacuation Pause) (young), 0.0119826 secs]
   [Parallel Time: 6.0 ms, GC Workers: 8]
      [GC Worker Start (ms): Min: 2025159.6, Avg: 2025159.7, Max: 2025159.7, Diff: 0.1]
      [Ext Root Scanning (ms): Min: 0.5, Avg: 0.6, Max: 0.8, Diff: 0.3, Sum: 4.6]
      [Update RS (ms): Min: 3.3, Avg: 3.3, Max: 3.3, Diff: 0.1, Sum: 26.3]
         [Processed Buffers: Min: 37, Avg: 40.1, Max: 45, Diff: 8, Sum: 321]
      [Scan RS (ms): Min: 0.0, Avg: 0.0, Max: 0.0, Diff: 0.0, Sum: 0.2]
      [Code Root Scanning (ms): Min: 0.0, Avg: 0.0, Max: 0.0, Diff: 0.0, Sum: 0.0]
      [Object Copy (ms): Min: 1.8, Avg: 1.9, Max: 2.0, Diff: 0.2, Sum: 15.4]
      [Termination (ms): Min: 0.0, Avg: 0.0, Max: 0.0, Diff: 0.0, Sum: 0.0]
         [Termination Attempts: Min: 1, Avg: 1.4, Max: 3, Diff: 2, Sum: 11]
      [GC Worker Other (ms): Min: 0.0, Avg: 0.0, Max: 0.1, Diff: 0.1, Sum: 0.4]
      [GC Worker Total (ms): Min: 5.8, Avg: 5.9, Max: 5.9, Diff: 0.1, Sum: 46.9]
      [GC Worker End (ms): Min: 2025165.5, Avg: 2025165.6, Max: 2025165.6, Diff: 0.1]
   [Code Root Fixup: 0.0 ms]
   [Code Root Purge: 0.0 ms]
   [Clear CT: 0.1 ms]
   [Other: 5.8 ms]
      [Choose CSet: 0.0 ms]
      [Ref Proc: 4.9 ms]
      [Ref Enq: 0.0 ms]
      [Redirty Cards: 0.1 ms]
      [Humongous Register: 0.1 ms]
      [Humongous Reclaim: 0.0 ms]
      [Free CSet: 0.1 ms]
   [Eden: 250.0M(250.0M)->0.0B(242.0M) Survivors: 6144.0K->14.0M Heap: 286.0M(4096.0M)->43.1M(4096.0M)]
 [Times: user=0.05 sys=0.00, real=0.01 secs] 
2019-10-25T18:11:16.863+0530: 2025.171: Total time for which application threads were stopped: 0.0129664 seconds, Stopping threads took: 0.0001054 seconds
2019-10-25T18:11:30.551+0530: 2038.860: [GC pause (G1 Evacuation Pause) (young), 0.0119630 secs]
   [Parallel Time: 5.9 ms, GC Workers: 8]
      [GC Worker Start (ms): Min: 2038860.2, Avg: 2038860.2, Max: 2038860.3, Diff: 0.1]
      [Ext Root Scanning (ms): Min: 0.5, Avg: 0.6, Max: 0.7, Diff: 0.2, Sum: 4.4]
      [Update RS (ms): Min: 3.2, Avg: 3.3, Max: 3.4, Diff: 0.2, Sum: 26.4]
         [Processed Buffers: Min: 38, Avg: 40.2, Max: 43, Diff: 5, Sum: 322]
      [Scan RS (ms): Min: 0.0, Avg: 0.0, Max: 0.0, Diff: 0.0, Sum: 0.1]
      [Code Root Scanning (ms): Min: 0.0, Avg: 0.0, Max: 0.0, Diff: 0.0, Sum: 0.0]
      [Object Copy (ms): Min: 1.7, Avg: 1.8, Max: 1.9, Diff: 0.2, Sum: 14.6]
      [Termination (ms): Min: 0.0, Avg: 0.0, Max: 0.0, Diff: 0.0, Sum: 0.0]
         [Termination Attempts: Min: 1, Avg: 2.9, Max: 4, Diff: 3, Sum: 23]
      [GC Worker Other (ms): Min: 0.0, Avg: 0.0, Max: 0.1, Diff: 0.0, Sum: 0.3]
      [GC Worker Total (ms): Min: 5.7, Avg: 5.7, Max: 5.8, Diff: 0.1, Sum: 45.8]
      [GC Worker End (ms): Min: 2038865.9, Avg: 2038865.9, Max: 2038866.0, Diff: 0.0]
   [Code Root Fixup: 0.0 ms]
   [Code Root Purge: 0.0 ms]
   [Clear CT: 0.1 ms]
   [Other: 5.9 ms]
      [Choose CSet: 0.0 ms]
      [Ref Proc: 5.0 ms]
      [Ref Enq: 0.0 ms]
      [Redirty Cards: 0.1 ms]
      [Humongous Register: 0.1 ms]
      [Humongous Reclaim: 0.0 ms]
      [Free CSet: 0.1 ms]
   [Eden: 242.0M(242.0M)->0.0B(244.0M) Survivors: 14.0M->12.0M Heap: 285.1M(4096.0M)->42.2M(4096.0M)]
 [Times: user=0.06 sys=0.00, real=0.01 secs] 
2019-10-25T18:11:30.563+0530: 2038.872: Total time for which application threads were stopped: 0.0128829 seconds, Stopping threads took: 0.0001010 seconds
2019-10-25T18:11:52.505+0530: 2060.814: [GC pause (G1 Evacuation Pause) (young), 0.0114365 secs]
   [Parallel Time: 5.3 ms, GC Workers: 8]
      [GC Worker Start (ms): Min: 2060814.5, Avg: 2060814.6, Max: 2060814.6, Diff: 0.1]
      [Ext Root Scanning (ms): Min: 0.4, Avg: 0.5, Max: 0.6, Diff: 0.2, Sum: 3.9]
      [Update RS (ms): Min: 3.2, Avg: 3.2, Max: 3.3, Diff: 0.1, Sum: 25.9]
         [Processed Buffers: Min: 38, Avg: 40.1, Max: 43, Diff: 5, Sum: 321]
      [Scan RS (ms): Min: 0.0, Avg: 0.0, Max: 0.0, Diff: 0.0, Sum: 0.1]
      [Code Root Scanning (ms): Min: 0.0, Avg: 0.0, Max: 0.0, Diff: 0.0, Sum: 0.0]
      [Object Copy (ms): Min: 1.3, Avg: 1.3, Max: 1.3, Diff: 0.1, Sum: 10.3]
      [Termination (ms): Min: 0.0, Avg: 0.0, Max: 0.0, Diff: 0.0, Sum: 0.1]
         [Termination Attempts: Min: 1, Avg: 11.0, Max: 14, Diff: 13, Sum: 88]
      [GC Worker Other (ms): Min: 0.0, Avg: 0.1, Max: 0.1, Diff: 0.1, Sum: 0.5]
      [GC Worker Total (ms): Min: 5.0, Avg: 5.1, Max: 5.1, Diff: 0.1, Sum: 40.8]
      [GC Worker End (ms): Min: 2060819.6, Avg: 2060819.7, Max: 2060819.7, Diff: 0.1]
   [Code Root Fixup: 0.0 ms]
   [Code Root Purge: 0.0 ms]
   [Clear CT: 0.1 ms]
   [Other: 6.0 ms]
      [Choose CSet: 0.0 ms]
      [Ref Proc: 5.1 ms]
      [Ref Enq: 0.0 ms]
      [Redirty Cards: 0.1 ms]
      [Humongous Register: 0.1 ms]
      [Humongous Reclaim: 0.0 ms]
      [Free CSet: 0.1 ms]
   [Eden: 244.0M(244.0M)->0.0B(246.0M) Survivors: 12.0M->10.0M Heap: 286.2M(4096.0M)->40.2M(4096.0M)]
 [Times: user=0.05 sys=0.00, real=0.01 secs] 
2019-10-25T18:11:52.517+0530: 2060.826: Total time for which application threads were stopped: 0.0122381 seconds, Stopping threads took: 0.0000895 seconds
2019-10-25T18:12:04.032+0530: 2072.341: [GC pause (G1 Evacuation Pause) (young), 0.0121195 secs]
   [Parallel Time: 6.1 ms, GC Workers: 8]
      [GC Worker Start (ms): Min: 2072341.6, Avg: 2072341.6, Max: 2072341.6, Diff: 0.1]
      [Ext Root Scanning (ms): Min: 0.6, Avg: 0.6, Max: 0.8, Diff: 0.2, Sum: 5.0]
      [Update RS (ms): Min: 3.3, Avg: 3.3, Max: 3.3, Diff: 0.1, Sum: 26.3]
         [Processed Buffers: Min: 38, Avg: 40.0, Max: 45, Diff: 7, Sum: 320]
      [Scan RS (ms): Min: 0.0, Avg: 0.0, Max: 0.0, Diff: 0.0, Sum: 0.2]
      [Code Root Scanning (ms): Min: 0.0, Avg: 0.0, Max: 0.0, Diff: 0.0, Sum: 0.0]
      [Object Copy (ms): Min: 1.8, Avg: 2.0, Max: 2.0, Diff: 0.2, Sum: 15.9]
      [Termination (ms): Min: 0.0, Avg: 0.0, Max: 0.0, Diff: 0.0, Sum: 0.2]
         [Termination Attempts: Min: 1, Avg: 2.6, Max: 4, Diff: 3, Sum: 21]
      [GC Worker Other (ms): Min: 0.0, Avg: 0.0, Max: 0.0, Diff: 0.0, Sum: 0.1]
      [GC Worker Total (ms): Min: 5.9, Avg: 6.0, Max: 6.0, Diff: 0.1, Sum: 47.7]
      [GC Worker End (ms): Min: 2072347.5, Avg: 2072347.6, Max: 2072347.6, Diff: 0.0]
   [Code Root Fixup: 0.1 ms]
   [Code Root Purge: 0.0 ms]
   [Clear CT: 0.1 ms]
   [Other: 5.9 ms]
      [Choose CSet: 0.0 ms]
      [Ref Proc: 4.9 ms]
      [Ref Enq: 0.0 ms]
      [Redirty Cards: 0.1 ms]
      [Humongous Register: 0.1 ms]
      [Humongous Reclaim: 0.0 ms]
      [Free CSet: 0.1 ms]
   [Eden: 246.0M(246.0M)->0.0B(242.0M) Survivors: 10.0M->14.0M Heap: 286.2M(4096.0M)->43.0M(4096.0M)]
 [Times: user=0.06 sys=0.00, real=0.01 secs] 
2019-10-25T18:12:04.045+0530: 2072.353: Total time for which application threads were stopped: 0.0131627 seconds, Stopping threads took: 0.0001158 seconds
2019-10-25T18:12:18.352+0530: 2086.661: [GC pause (G1 Evacuation Pause) (young), 0.0115410 secs]
   [Parallel Time: 5.4 ms, GC Workers: 8]
      [GC Worker Start (ms): Min: 2086661.0, Avg: 2086661.1, Max: 2086661.1, Diff: 0.1]
      [Ext Root Scanning (ms): Min: 0.4, Avg: 0.5, Max: 0.6, Diff: 0.1, Sum: 4.0]
      [Update RS (ms): Min: 3.2, Avg: 3.2, Max: 3.3, Diff: 0.1, Sum: 25.9]
         [Processed Buffers: Min: 40, Avg: 40.2, Max: 41, Diff: 1, Sum: 322]
      [Scan RS (ms): Min: 0.0, Avg: 0.0, Max: 0.0, Diff: 0.0, Sum: 0.2]
      [Code Root Scanning (ms): Min: 0.0, Avg: 0.0, Max: 0.0, Diff: 0.0, Sum: 0.0]
      [Object Copy (ms): Min: 1.4, Avg: 1.4, Max: 1.5, Diff: 0.1, Sum: 11.5]
      [Termination (ms): Min: 0.0, Avg: 0.0, Max: 0.0, Diff: 0.0, Sum: 0.1]
         [Termination Attempts: Min: 1, Avg: 12.4, Max: 20, Diff: 19, Sum: 99]
      [GC Worker Other (ms): Min: 0.0, Avg: 0.0, Max: 0.1, Diff: 0.1, Sum: 0.3]
      [GC Worker Total (ms): Min: 5.2, Avg: 5.2, Max: 5.3, Diff: 0.1, Sum: 41.8]
      [GC Worker End (ms): Min: 2086666.3, Avg: 2086666.3, Max: 2086666.3, Diff: 0.1]
   [Code Root Fixup: 0.1 ms]
   [Code Root Purge: 0.0 ms]
   [Clear CT: 0.1 ms]
   [Other: 6.0 ms]
      [Choose CSet: 0.0 ms]
      [Ref Proc: 5.1 ms]
      [Ref Enq: 0.0 ms]
      [Redirty Cards: 0.1 ms]
      [Humongous Register: 0.1 ms]
      [Humongous Reclaim: 0.0 ms]
      [Free CSet: 0.1 ms]
   [Eden: 242.0M(242.0M)->0.0B(246.0M) Survivors: 14.0M->10.0M Heap: 285.0M(4096.0M)->40.3M(4096.0M)]
 [Times: user=0.05 sys=0.00, real=0.01 secs] 
2019-10-25T18:12:18.364+0530: 2086.672: Total time for which application threads were stopped: 0.0123188 seconds, Stopping threads took: 0.0000861 seconds
2019-10-25T18:12:29.848+0530: 2098.157: [GC pause (G1 Evacuation Pause) (young), 0.0115320 secs]
   [Parallel Time: 5.5 ms, GC Workers: 8]
      [GC Worker Start (ms): Min: 2098157.2, Avg: 2098157.3, Max: 2098157.3, Diff: 0.1]
      [Ext Root Scanning (ms): Min: 0.5, Avg: 0.6, Max: 0.7, Diff: 0.1, Sum: 4.6]
      [Update RS (ms): Min: 3.2, Avg: 3.2, Max: 3.3, Diff: 0.1, Sum: 25.9]
         [Processed Buffers: Min: 38, Avg: 40.0, Max: 44, Diff: 6, Sum: 320]
      [Scan RS (ms): Min: 0.0, Avg: 0.0, Max: 0.0, Diff: 0.0, Sum: 0.1]
      [Code Root Scanning (ms): Min: 0.0, Avg: 0.0, Max: 0.0, Diff: 0.0, Sum: 0.0]
      [Object Copy (ms): Min: 1.4, Avg: 1.5, Max: 1.5, Diff: 0.2, Sum: 11.8]
      [Termination (ms): Min: 0.0, Avg: 0.0, Max: 0.0, Diff: 0.0, Sum: 0.0]
         [Termination Attempts: Min: 1, Avg: 1.0, Max: 1, Diff: 0, Sum: 8]
      [GC Worker Other (ms): Min: 0.0, Avg: 0.0, Max: 0.1, Diff: 0.0, Sum: 0.3]
      [GC Worker Total (ms): Min: 5.3, Avg: 5.3, Max: 5.4, Diff: 0.1, Sum: 42.7]
      [GC Worker End (ms): Min: 2098162.6, Avg: 2098162.6, Max: 2098162.6, Diff: 0.0]
   [Code Root Fixup: 0.0 ms]
   [Code Root Purge: 0.0 ms]
   [Clear CT: 0.1 ms]
   [Other: 5.9 ms]
      [Choose CSet: 0.0 ms]
      [Ref Proc: 5.0 ms]
      [Ref Enq: 0.0 ms]
      [Redirty Cards: 0.1 ms]
      [Humongous Register: 0.1 ms]
      [Humongous Reclaim: 0.0 ms]
      [Free CSet: 0.1 ms]
   [Eden: 246.0M(246.0M)->0.0B(246.0M) Survivors: 10.0M->10.0M Heap: 286.3M(4096.0M)->39.3M(4096.0M)]
 [Times: user=0.05 sys=0.00, real=0.02 secs] 
2019-10-25T18:12:29.860+0530: 2098.169: Total time for which application threads were stopped: 0.0124052 seconds, Stopping threads took: 0.0001097 seconds
2019-10-25T18:12:41.791+0530: 2110.099: [GC pause (G1 Evacuation Pause) (young), 0.0118387 secs]
   [Parallel Time: 5.7 ms, GC Workers: 8]
      [GC Worker Start (ms): Min: 2110099.8, Avg: 2110099.9, Max: 2110099.9, Diff: 0.1]
      [Ext Root Scanning (ms): Min: 0.5, Avg: 0.6, Max: 0.7, Diff: 0.2, Sum: 4.5]
      [Update RS (ms): Min: 3.2, Avg: 3.3, Max: 3.3, Diff: 0.1, Sum: 26.3]
         [Processed Buffers: Min: 38, Avg: 40.2, Max: 44, Diff: 6, Sum: 322]
      [Scan RS (ms): Min: 0.0, Avg: 0.0, Max: 0.0, Diff: 0.0, Sum: 0.2]
      [Code Root Scanning (ms): Min: 0.0, Avg: 0.0, Max: 0.0, Diff: 0.0, Sum: 0.0]
      [Object Copy (ms): Min: 1.5, Avg: 1.6, Max: 1.7, Diff: 0.2, Sum: 13.1]
      [Termination (ms): Min: 0.0, Avg: 0.0, Max: 0.0, Diff: 0.0, Sum: 0.0]
         [Termination Attempts: Min: 1, Avg: 1.0, Max: 1, Diff: 0, Sum: 8]
      [GC Worker Other (ms): Min: 0.0, Avg: 0.0, Max: 0.1, Diff: 0.1, Sum: 0.3]
      [GC Worker Total (ms): Min: 5.5, Avg: 5.6, Max: 5.6, Diff: 0.1, Sum: 44.5]
      [GC Worker End (ms): Min: 2110105.4, Avg: 2110105.4, Max: 2110105.5, Diff: 0.1]
   [Code Root Fixup: 0.1 ms]
   [Code Root Purge: 0.0 ms]
   [Clear CT: 0.1 ms]
   [Other: 6.0 ms]
      [Choose CSet: 0.0 ms]
      [Ref Proc: 5.1 ms]
      [Ref Enq: 0.0 ms]
      [Redirty Cards: 0.1 ms]
      [Humongous Register: 0.1 ms]
      [Humongous Reclaim: 0.0 ms]
      [Free CSet: 0.1 ms]
   [Eden: 246.0M(246.0M)->0.0B(240.0M) Survivors: 10.0M->16.0M Heap: 285.3M(4096.0M)->45.8M(4096.0M)]
 [Times: user=0.05 sys=0.00, real=0.01 secs] 
2019-10-25T18:12:41.803+0530: 2110.111: Total time for which application threads were stopped: 0.0127705 seconds, Stopping threads took: 0.0001043 seconds
2019-10-25T18:13:05.113+0530: 2133.422: [GC pause (G1 Evacuation Pause) (young), 0.0114478 secs]
   [Parallel Time: 5.4 ms, GC Workers: 8]
      [GC Worker Start (ms): Min: 2133422.2, Avg: 2133422.2, Max: 2133422.3, Diff: 0.1]
      [Ext Root Scanning (ms): Min: 0.5, Avg: 0.5, Max: 0.6, Diff: 0.1, Sum: 4.3]
      [Update RS (ms): Min: 3.2, Avg: 3.3, Max: 3.3, Diff: 0.1, Sum: 26.2]
         [Processed Buffers: Min: 39, Avg: 40.4, Max: 44, Diff: 5, Sum: 323]
      [Scan RS (ms): Min: 0.0, Avg: 0.0, Max: 0.0, Diff: 0.0, Sum: 0.1]
      [Code Root Scanning (ms): Min: 0.0, Avg: 0.0, Max: 0.0, Diff: 0.0, Sum: 0.0]
      [Object Copy (ms): Min: 1.3, Avg: 1.4, Max: 1.4, Diff: 0.1, Sum: 11.2]
      [Termination (ms): Min: 0.0, Avg: 0.0, Max: 0.0, Diff: 0.0, Sum: 0.0]
         [Termination Attempts: Min: 1, Avg: 7.0, Max: 9, Diff: 8, Sum: 56]
      [GC Worker Other (ms): Min: 0.0, Avg: 0.0, Max: 0.1, Diff: 0.1, Sum: 0.3]
      [GC Worker Total (ms): Min: 5.2, Avg: 5.3, Max: 5.3, Diff: 0.1, Sum: 42.3]
      [GC Worker End (ms): Min: 2133427.5, Avg: 2133427.5, Max: 2133427.6, Diff: 0.1]
   [Code Root Fixup: 0.1 ms]
   [Code Root Purge: 0.0 ms]
   [Clear CT: 0.1 ms]
   [Other: 5.9 ms]
      [Choose CSet: 0.0 ms]
      [Ref Proc: 4.9 ms]
      [Ref Enq: 0.0 ms]
      [Redirty Cards: 0.1 ms]
      [Humongous Register: 0.1 ms]
      [Humongous Reclaim: 0.0 ms]
      [Free CSet: 0.1 ms]
   [Eden: 240.0M(240.0M)->0.0B(246.0M) Survivors: 16.0M->10.0M Heap: 285.8M(4096.0M)->40.2M(4096.0M)]
 [Times: user=0.05 sys=0.00, real=0.01 secs] 
2019-10-25T18:13:05.125+0530: 2133.433: Total time for which application threads were stopped: 0.0123204 seconds, Stopping threads took: 0.0001105 seconds
2019-10-25T18:13:20.805+0530: 2149.114: [GC pause (G1 Evacuation Pause) (young), 0.0125601 secs]
   [Parallel Time: 6.5 ms, GC Workers: 8]
      [GC Worker Start (ms): Min: 2149114.4, Avg: 2149114.4, Max: 2149114.5, Diff: 0.1]
      [Ext Root Scanning (ms): Min: 0.6, Avg: 0.6, Max: 0.8, Diff: 0.3, Sum: 5.0]
      [Update RS (ms): Min: 3.3, Avg: 3.3, Max: 3.4, Diff: 0.1, Sum: 26.5]
         [Processed Buffers: Min: 36, Avg: 40.2, Max: 45, Diff: 9, Sum: 322]
      [Scan RS (ms): Min: 0.0, Avg: 0.0, Max: 0.0, Diff: 0.0, Sum: 0.1]
      [Code Root Scanning (ms): Min: 0.0, Avg: 0.0, Max: 0.0, Diff: 0.0, Sum: 0.0]
      [Object Copy (ms): Min: 2.1, Avg: 2.4, Max: 2.4, Diff: 0.3, Sum: 18.9]
      [Termination (ms): Min: 0.0, Avg: 0.0, Max: 0.0, Diff: 0.0, Sum: 0.0]
         [Termination Attempts: Min: 1, Avg: 1.0, Max: 1, Diff: 0, Sum: 8]
      [GC Worker Other (ms): Min: 0.0, Avg: 0.0, Max: 0.1, Diff: 0.1, Sum: 0.3]
      [GC Worker Total (ms): Min: 6.3, Avg: 6.4, Max: 6.4, Diff: 0.1, Sum: 50.9]
      [GC Worker End (ms): Min: 2149120.8, Avg: 2149120.8, Max: 2149120.8, Diff: 0.1]
   [Code Root Fixup: 0.0 ms]
   [Code Root Purge: 0.0 ms]
   [Clear CT: 0.1 ms]
   [Other: 5.8 ms]
      [Choose CSet: 0.0 ms]
      [Ref Proc: 4.9 ms]
      [Ref Enq: 0.0 ms]
      [Redirty Cards: 0.1 ms]
      [Humongous Register: 0.1 ms]
      [Humongous Reclaim: 0.0 ms]
      [Free CSet: 0.1 ms]
   [Eden: 246.0M(246.0M)->0.0B(236.0M) Survivors: 10.0M->20.0M Heap: 286.2M(4096.0M)->49.9M(4096.0M)]
 [Times: user=0.05 sys=0.00, real=0.02 secs] 
2019-10-25T18:13:20.818+0530: 2149.127: Total time for which application threads were stopped: 0.0137359 seconds, Stopping threads took: 0.0001582 seconds
2019-10-25T18:13:34.487+0530: 2162.796: [GC pause (G1 Evacuation Pause) (young), 0.0115663 secs]
   [Parallel Time: 5.5 ms, GC Workers: 8]
      [GC Worker Start (ms): Min: 2162796.3, Avg: 2162796.4, Max: 2162796.4, Diff: 0.1]
      [Ext Root Scanning (ms): Min: 0.4, Avg: 0.5, Max: 0.6, Diff: 0.1, Sum: 3.8]
      [Update RS (ms): Min: 3.2, Avg: 3.3, Max: 3.3, Diff: 0.1, Sum: 26.1]
         [Processed Buffers: Min: 36, Avg: 40.2, Max: 43, Diff: 7, Sum: 322]
      [Scan RS (ms): Min: 0.0, Avg: 0.0, Max: 0.0, Diff: 0.0, Sum: 0.2]
      [Code Root Scanning (ms): Min: 0.0, Avg: 0.0, Max: 0.0, Diff: 0.0, Sum: 0.0]
      [Object Copy (ms): Min: 1.5, Avg: 1.5, Max: 1.5, Diff: 0.1, Sum: 12.0]
      [Termination (ms): Min: 0.0, Avg: 0.0, Max: 0.0, Diff: 0.0, Sum: 0.1]
         [Termination Attempts: Min: 1, Avg: 16.9, Max: 25, Diff: 24, Sum: 135]
      [GC Worker Other (ms): Min: 0.0, Avg: 0.0, Max: 0.1, Diff: 0.1, Sum: 0.3]
      [GC Worker Total (ms): Min: 5.2, Avg: 5.3, Max: 5.4, Diff: 0.1, Sum: 42.4]
      [GC Worker End (ms): Min: 2162801.6, Avg: 2162801.7, Max: 2162801.7, Diff: 0.1]
   [Code Root Fixup: 0.1 ms]
   [Code Root Purge: 0.0 ms]
   [Clear CT: 0.2 ms]
   [Other: 5.9 ms]
      [Choose CSet: 0.0 ms]
      [Ref Proc: 5.0 ms]
      [Ref Enq: 0.0 ms]
      [Redirty Cards: 0.1 ms]
      [Humongous Register: 0.1 ms]
      [Humongous Reclaim: 0.0 ms]
      [Free CSet: 0.1 ms]
   [Eden: 236.0M(236.0M)->0.0B(246.0M) Survivors: 20.0M->10.0M Heap: 285.9M(4096.0M)->40.4M(4096.0M)]
 [Times: user=0.03 sys=0.01, real=0.02 secs] 
2019-10-25T18:13:34.499+0530: 2162.808: Total time for which application threads were stopped: 0.0123557 seconds, Stopping threads took: 0.0001020 seconds
2019-10-25T18:13:47.186+0530: 2175.495: [GC pause (G1 Evacuation Pause) (young), 0.0116482 secs]
   [Parallel Time: 5.4 ms, GC Workers: 8]
      [GC Worker Start (ms): Min: 2175495.3, Avg: 2175495.4, Max: 2175495.4, Diff: 0.1]
      [Ext Root Scanning (ms): Min: 0.5, Avg: 0.6, Max: 0.7, Diff: 0.1, Sum: 4.5]
      [Update RS (ms): Min: 3.2, Avg: 3.3, Max: 3.3, Diff: 0.1, Sum: 26.1]
         [Processed Buffers: Min: 38, Avg: 40.0, Max: 45, Diff: 7, Sum: 320]
      [Scan RS (ms): Min: 0.0, Avg: 0.0, Max: 0.0, Diff: 0.0, Sum: 0.2]
      [Code Root Scanning (ms): Min: 0.0, Avg: 0.0, Max: 0.0, Diff: 0.0, Sum: 0.0]
      [Object Copy (ms): Min: 1.3, Avg: 1.4, Max: 1.4, Diff: 0.1, Sum: 11.2]
      [Termination (ms): Min: 0.0, Avg: 0.0, Max: 0.0, Diff: 0.0, Sum: 0.0]
         [Termination Attempts: Min: 1, Avg: 3.0, Max: 6, Diff: 5, Sum: 24]
      [GC Worker Other (ms): Min: 0.0, Avg: 0.0, Max: 0.1, Diff: 0.1, Sum: 0.3]
      [GC Worker Total (ms): Min: 5.2, Avg: 5.3, Max: 5.3, Diff: 0.1, Sum: 42.2]
      [GC Worker End (ms): Min: 2175500.6, Avg: 2175500.7, Max: 2175500.7, Diff: 0.1]
   [Code Root Fixup: 0.1 ms]
   [Code Root Purge: 0.0 ms]
   [Clear CT: 0.2 ms]
   [Other: 6.1 ms]
      [Choose CSet: 0.0 ms]
      [Ref Proc: 5.2 ms]
      [Ref Enq: 0.0 ms]
      [Redirty Cards: 0.1 ms]
      [Humongous Register: 0.1 ms]
      [Humongous Reclaim: 0.0 ms]
      [Free CSet: 0.1 ms]
   [Eden: 246.0M(246.0M)->0.0B(246.0M) Survivors: 10.0M->10.0M Heap: 286.4M(4096.0M)->39.7M(4096.0M)]
 [Times: user=0.04 sys=0.00, real=0.02 secs] 
2019-10-25T18:13:47.198+0530: 2175.507: Total time for which application threads were stopped: 0.0125314 seconds, Stopping threads took: 0.0001277 seconds
2019-10-25T18:14:00.536+0530: 2188.845: [GC pause (G1 Evacuation Pause) (young), 0.0113992 secs]
   [Parallel Time: 5.3 ms, GC Workers: 8]
      [GC Worker Start (ms): Min: 2188845.1, Avg: 2188845.1, Max: 2188845.1, Diff: 0.1]
      [Ext Root Scanning (ms): Min: 0.4, Avg: 0.5, Max: 0.6, Diff: 0.1, Sum: 4.0]
      [Update RS (ms): Min: 3.2, Avg: 3.2, Max: 3.2, Diff: 0.0, Sum: 25.6]
         [Processed Buffers: Min: 38, Avg: 40.2, Max: 43, Diff: 5, Sum: 322]
      [Scan RS (ms): Min: 0.0, Avg: 0.0, Max: 0.0, Diff: 0.0, Sum: 0.1]
      [Code Root Scanning (ms): Min: 0.0, Avg: 0.0, Max: 0.0, Diff: 0.0, Sum: 0.0]
      [Object Copy (ms): Min: 1.4, Avg: 1.4, Max: 1.5, Diff: 0.1, Sum: 11.5]
      [Termination (ms): Min: 0.0, Avg: 0.0, Max: 0.0, Diff: 0.0, Sum: 0.1]
         [Termination Attempts: Min: 1, Avg: 15.6, Max: 20, Diff: 19, Sum: 125]
      [GC Worker Other (ms): Min: 0.0, Avg: 0.0, Max: 0.1, Diff: 0.1, Sum: 0.3]
      [GC Worker Total (ms): Min: 5.1, Avg: 5.2, Max: 5.3, Diff: 0.1, Sum: 41.7]
      [GC Worker End (ms): Min: 2188850.3, Avg: 2188850.3, Max: 2188850.3, Diff: 0.0]
   [Code Root Fixup: 0.1 ms]
   [Code Root Purge: 0.0 ms]
   [Clear CT: 0.1 ms]
   [Other: 5.9 ms]
      [Choose CSet: 0.0 ms]
      [Ref Proc: 5.0 ms]
      [Ref Enq: 0.0 ms]
      [Redirty Cards: 0.1 ms]
      [Humongous Register: 0.1 ms]
      [Humongous Reclaim: 0.0 ms]
      [Free CSet: 0.1 ms]
   [Eden: 246.0M(246.0M)->0.0B(248.0M) Survivors: 10.0M->8192.0K Heap: 285.7M(4096.0M)->37.6M(4096.0M)]
 [Times: user=0.05 sys=0.00, real=0.01 secs] 
2019-10-25T18:14:00.548+0530: 2188.856: Total time for which application threads were stopped: 0.0121806 seconds, Stopping threads took: 0.0000837 seconds
2019-10-25T18:14:30.550+0530: 2218.859: Total time for which application threads were stopped: 0.0005662 seconds, Stopping threads took: 0.0000834 seconds
2019-10-25T18:14:30.708+0530: 2219.017: [GC pause (G1 Evacuation Pause) (young), 0.0108189 secs]
   [Parallel Time: 5.2 ms, GC Workers: 8]
      [GC Worker Start (ms): Min: 2219017.5, Avg: 2219017.5, Max: 2219017.6, Diff: 0.1]
      [Ext Root Scanning (ms): Min: 0.5, Avg: 0.5, Max: 0.6, Diff: 0.1, Sum: 4.1]
      [Update RS (ms): Min: 3.2, Avg: 3.2, Max: 3.2, Diff: 0.1, Sum: 25.7]
         [Processed Buffers: Min: 37, Avg: 40.1, Max: 44, Diff: 7, Sum: 321]
      [Scan RS (ms): Min: 0.0, Avg: 0.0, Max: 0.0, Diff: 0.0, Sum: 0.1]
      [Code Root Scanning (ms): Min: 0.0, Avg: 0.0, Max: 0.0, Diff: 0.0, Sum: 0.0]
      [Object Copy (ms): Min: 1.2, Avg: 1.3, Max: 1.3, Diff: 0.1, Sum: 10.2]
      [Termination (ms): Min: 0.0, Avg: 0.0, Max: 0.0, Diff: 0.0, Sum: 0.1]
         [Termination Attempts: Min: 1, Avg: 14.6, Max: 20, Diff: 19, Sum: 117]
      [GC Worker Other (ms): Min: 0.0, Avg: 0.0, Max: 0.1, Diff: 0.0, Sum: 0.2]
      [GC Worker Total (ms): Min: 5.0, Avg: 5.1, Max: 5.1, Diff: 0.1, Sum: 40.5]
      [GC Worker End (ms): Min: 2219022.6, Avg: 2219022.6, Max: 2219022.6, Diff: 0.0]
   [Code Root Fixup: 0.0 ms]
   [Code Root Purge: 0.0 ms]
   [Clear CT: 0.1 ms]
   [Other: 5.4 ms]
      [Choose CSet: 0.0 ms]
      [Ref Proc: 4.6 ms]
      [Ref Enq: 0.0 ms]
      [Redirty Cards: 0.1 ms]
      [Humongous Register: 0.1 ms]
      [Humongous Reclaim: 0.0 ms]
      [Free CSet: 0.1 ms]
   [Eden: 248.0M(248.0M)->0.0B(248.0M) Survivors: 8192.0K->8192.0K Heap: 285.6M(4096.0M)->37.6M(4096.0M)]
 [Times: user=0.05 sys=0.00, real=0.02 secs] 
2019-10-25T18:14:30.719+0530: 2219.028: Total time for which application threads were stopped: 0.0115941 seconds, Stopping threads took: 0.0000787 seconds
2019-10-25T18:14:42.104+0530: 2230.413: [GC pause (G1 Evacuation Pause) (young), 0.0118961 secs]
   [Parallel Time: 5.9 ms, GC Workers: 8]
      [GC Worker Start (ms): Min: 2230413.1, Avg: 2230413.2, Max: 2230413.2, Diff: 0.1]
      [Ext Root Scanning (ms): Min: 0.5, Avg: 0.6, Max: 0.8, Diff: 0.3, Sum: 4.9]
      [Update RS (ms): Min: 3.2, Avg: 3.2, Max: 3.3, Diff: 0.1, Sum: 25.8]
         [Processed Buffers: Min: 38, Avg: 40.0, Max: 44, Diff: 6, Sum: 320]
      [Scan RS (ms): Min: 0.0, Avg: 0.0, Max: 0.0, Diff: 0.0, Sum: 0.1]
      [Code Root Scanning (ms): Min: 0.0, Avg: 0.0, Max: 0.0, Diff: 0.0, Sum: 0.0]
      [Object Copy (ms): Min: 1.7, Avg: 1.8, Max: 1.9, Diff: 0.2, Sum: 14.7]
      [Termination (ms): Min: 0.0, Avg: 0.0, Max: 0.0, Diff: 0.0, Sum: 0.0]
         [Termination Attempts: Min: 1, Avg: 1.0, Max: 1, Diff: 0, Sum: 8]
      [GC Worker Other (ms): Min: 0.0, Avg: 0.0, Max: 0.1, Diff: 0.1, Sum: 0.3]
      [GC Worker Total (ms): Min: 5.7, Avg: 5.7, Max: 5.8, Diff: 0.1, Sum: 45.8]
      [GC Worker End (ms): Min: 2230418.9, Avg: 2230418.9, Max: 2230418.9, Diff: 0.1]
   [Code Root Fixup: 0.0 ms]
   [Code Root Purge: 0.0 ms]
   [Clear CT: 0.2 ms]
   [Other: 5.8 ms]
      [Choose CSet: 0.0 ms]
      [Ref Proc: 4.9 ms]
      [Ref Enq: 0.0 ms]
      [Redirty Cards: 0.1 ms]
      [Humongous Register: 0.1 ms]
      [Humongous Reclaim: 0.0 ms]
      [Free CSet: 0.1 ms]
   [Eden: 248.0M(248.0M)->0.0B(242.0M) Survivors: 8192.0K->14.0M Heap: 285.6M(4096.0M)->44.1M(4096.0M)]
 [Times: user=0.06 sys=0.00, real=0.01 secs] 
2019-10-25T18:14:42.116+0530: 2230.425: Total time for which application threads were stopped: 0.0128810 seconds, Stopping threads took: 0.0001043 seconds
2019-10-25T18:14:54.047+0530: 2242.355: [GC pause (G1 Evacuation Pause) (young), 0.0114842 secs]
   [Parallel Time: 5.5 ms, GC Workers: 8]
      [GC Worker Start (ms): Min: 2242355.7, Avg: 2242355.7, Max: 2242355.8, Diff: 0.1]
      [Ext Root Scanning (ms): Min: 0.5, Avg: 0.5, Max: 0.7, Diff: 0.2, Sum: 4.4]
      [Update RS (ms): Min: 3.2, Avg: 3.2, Max: 3.3, Diff: 0.0, Sum: 25.9]
         [Processed Buffers: Min: 39, Avg: 40.1, Max: 41, Diff: 2, Sum: 321]
      [Scan RS (ms): Min: 0.0, Avg: 0.0, Max: 0.0, Diff: 0.0, Sum: 0.2]
      [Code Root Scanning (ms): Min: 0.0, Avg: 0.0, Max: 0.0, Diff: 0.0, Sum: 0.0]
      [Object Copy (ms): Min: 1.4, Avg: 1.5, Max: 1.5, Diff: 0.1, Sum: 11.9]
      [Termination (ms): Min: 0.0, Avg: 0.0, Max: 0.0, Diff: 0.0, Sum: 0.0]
         [Termination Attempts: Min: 1, Avg: 1.2, Max: 2, Diff: 1, Sum: 10]
      [GC Worker Other (ms): Min: 0.0, Avg: 0.0, Max: 0.1, Diff: 0.1, Sum: 0.3]
      [GC Worker Total (ms): Min: 5.3, Avg: 5.3, Max: 5.4, Diff: 0.1, Sum: 42.7]
      [GC Worker End (ms): Min: 2242361.0, Avg: 2242361.1, Max: 2242361.1, Diff: 0.1]
   [Code Root Fixup: 0.1 ms]
   [Code Root Purge: 0.0 ms]
   [Clear CT: 0.1 ms]
   [Other: 5.8 ms]
      [Choose CSet: 0.0 ms]
      [Ref Proc: 5.0 ms]
      [Ref Enq: 0.0 ms]
      [Redirty Cards: 0.1 ms]
      [Humongous Register: 0.1 ms]
      [Humongous Reclaim: 0.0 ms]
      [Free CSet: 0.1 ms]
   [Eden: 242.0M(242.0M)->0.0B(246.0M) Survivors: 14.0M->10.0M Heap: 286.1M(4096.0M)->40.4M(4096.0M)]
 [Times: user=0.05 sys=0.00, real=0.02 secs] 
2019-10-25T18:14:54.058+0530: 2242.367: Total time for which application threads were stopped: 0.0123772 seconds, Stopping threads took: 0.0000881 seconds
2019-10-25T18:15:09.741+0530: 2258.049: [GC pause (G1 Evacuation Pause) (young), 0.0121898 secs]
   [Parallel Time: 5.9 ms, GC Workers: 8]
      [GC Worker Start (ms): Min: 2258049.8, Avg: 2258049.9, Max: 2258049.9, Diff: 0.1]
      [Ext Root Scanning (ms): Min: 0.5, Avg: 0.6, Max: 0.8, Diff: 0.3, Sum: 4.7]
      [Update RS (ms): Min: 3.2, Avg: 3.2, Max: 3.3, Diff: 0.1, Sum: 25.8]
         [Processed Buffers: Min: 38, Avg: 40.1, Max: 42, Diff: 4, Sum: 321]
      [Scan RS (ms): Min: 0.0, Avg: 0.0, Max: 0.0, Diff: 0.0, Sum: 0.2]
      [Code Root Scanning (ms): Min: 0.0, Avg: 0.0, Max: 0.0, Diff: 0.0, Sum: 0.0]
      [Object Copy (ms): Min: 1.7, Avg: 1.9, Max: 1.9, Diff: 0.2, Sum: 14.9]
      [Termination (ms): Min: 0.0, Avg: 0.0, Max: 0.0, Diff: 0.0, Sum: 0.0]
         [Termination Attempts: Min: 1, Avg: 1.5, Max: 2, Diff: 1, Sum: 12]
      [GC Worker Other (ms): Min: 0.0, Avg: 0.0, Max: 0.1, Diff: 0.1, Sum: 0.3]
      [GC Worker Total (ms): Min: 5.6, Avg: 5.7, Max: 5.8, Diff: 0.1, Sum: 45.9]
      [GC Worker End (ms): Min: 2258055.6, Avg: 2258055.6, Max: 2258055.6, Diff: 0.1]
   [Code Root Fixup: 0.0 ms]
   [Code Root Purge: 0.0 ms]
   [Clear CT: 0.2 ms]
   [Other: 6.1 ms]
      [Choose CSet: 0.0 ms]
      [Ref Proc: 5.2 ms]
      [Ref Enq: 0.0 ms]
      [Redirty Cards: 0.1 ms]
      [Humongous Register: 0.1 ms]
      [Humongous Reclaim: 0.0 ms]
      [Free CSet: 0.1 ms]
   [Eden: 246.0M(246.0M)->0.0B(240.0M) Survivors: 10.0M->16.0M Heap: 286.4M(4096.0M)->45.3M(4096.0M)]
 [Times: user=0.05 sys=0.00, real=0.01 secs] 
2019-10-25T18:15:09.753+0530: 2258.062: Total time for which application threads were stopped: 0.0131825 seconds, Stopping threads took: 0.0001069 seconds
2019-10-25T18:15:27.487+0530: 2275.796: [GC pause (G1 Evacuation Pause) (young), 0.0115201 secs]
   [Parallel Time: 5.6 ms, GC Workers: 8]
      [GC Worker Start (ms): Min: 2275796.4, Avg: 2275796.5, Max: 2275796.5, Diff: 0.1]
      [Ext Root Scanning (ms): Min: 0.5, Avg: 0.6, Max: 0.7, Diff: 0.2, Sum: 4.4]
      [Update RS (ms): Min: 3.2, Avg: 3.2, Max: 3.3, Diff: 0.1, Sum: 26.0]
         [Processed Buffers: Min: 35, Avg: 40.2, Max: 44, Diff: 9, Sum: 322]
      [Scan RS (ms): Min: 0.0, Avg: 0.0, Max: 0.0, Diff: 0.0, Sum: 0.2]
      [Code Root Scanning (ms): Min: 0.0, Avg: 0.0, Max: 0.0, Diff: 0.0, Sum: 0.0]
      [Object Copy (ms): Min: 1.4, Avg: 1.5, Max: 1.6, Diff: 0.2, Sum: 12.3]
      [Termination (ms): Min: 0.0, Avg: 0.0, Max: 0.0, Diff: 0.0, Sum: 0.0]
         [Termination Attempts: Min: 1, Avg: 2.1, Max: 5, Diff: 4, Sum: 17]
      [GC Worker Other (ms): Min: 0.0, Avg: 0.0, Max: 0.1, Diff: 0.1, Sum: 0.3]
      [GC Worker Total (ms): Min: 5.3, Avg: 5.4, Max: 5.5, Diff: 0.1, Sum: 43.3]
      [GC Worker End (ms): Min: 2275801.8, Avg: 2275801.9, Max: 2275801.9, Diff: 0.1]
   [Code Root Fixup: 0.0 ms]
   [Code Root Purge: 0.0 ms]
   [Clear CT: 0.1 ms]
   [Other: 5.8 ms]
      [Choose CSet: 0.0 ms]
      [Ref Proc: 4.9 ms]
      [Ref Enq: 0.0 ms]
      [Redirty Cards: 0.1 ms]
      [Humongous Register: 0.1 ms]
      [Humongous Reclaim: 0.0 ms]
      [Free CSet: 0.1 ms]
   [Eden: 240.0M(240.0M)->0.0B(244.0M) Survivors: 16.0M->12.0M Heap: 285.3M(4096.0M)->41.4M(4096.0M)]
 [Times: user=0.05 sys=0.01, real=0.02 secs] 
2019-10-25T18:15:27.499+0530: 2275.808: Total time for which application threads were stopped: 0.0124162 seconds, Stopping threads took: 0.0000891 seconds
2019-10-25T18:15:41.160+0530: 2289.468: [GC pause (G1 Evacuation Pause) (young), 0.0118489 secs]
   [Parallel Time: 5.8 ms, GC Workers: 8]
      [GC Worker Start (ms): Min: 2289468.6, Avg: 2289468.7, Max: 2289468.7, Diff: 0.1]
      [Ext Root Scanning (ms): Min: 0.5, Avg: 0.6, Max: 0.8, Diff: 0.3, Sum: 4.6]
      [Update RS (ms): Min: 3.2, Avg: 3.3, Max: 3.3, Diff: 0.1, Sum: 26.3]
         [Processed Buffers: Min: 39, Avg: 40.4, Max: 45, Diff: 6, Sum: 323]
      [Scan RS (ms): Min: 0.0, Avg: 0.0, Max: 0.0, Diff: 0.0, Sum: 0.2]
      [Code Root Scanning (ms): Min: 0.0, Avg: 0.0, Max: 0.0, Diff: 0.0, Sum: 0.0]
      [Object Copy (ms): Min: 1.6, Avg: 1.7, Max: 1.8, Diff: 0.2, Sum: 13.7]
      [Termination (ms): Min: 0.0, Avg: 0.0, Max: 0.0, Diff: 0.0, Sum: 0.0]
         [Termination Attempts: Min: 1, Avg: 3.6, Max: 6, Diff: 5, Sum: 29]
      [GC Worker Other (ms): Min: 0.0, Avg: 0.0, Max: 0.1, Diff: 0.1, Sum: 0.4]
      [GC Worker Total (ms): Min: 5.6, Avg: 5.6, Max: 5.7, Diff: 0.1, Sum: 45.1]
      [GC Worker End (ms): Min: 2289474.3, Avg: 2289474.3, Max: 2289474.3, Diff: 0.1]
   [Code Root Fixup: 0.1 ms]
   [Code Root Purge: 0.0 ms]
   [Clear CT: 0.1 ms]
   [Other: 5.9 ms]
      [Choose CSet: 0.0 ms]
      [Ref Proc: 5.0 ms]
      [Ref Enq: 0.0 ms]
      [Redirty Cards: 0.1 ms]
      [Humongous Register: 0.1 ms]
      [Humongous Reclaim: 0.0 ms]
      [Free CSet: 0.1 ms]
   [Eden: 244.0M(244.0M)->0.0B(242.0M) Survivors: 12.0M->14.0M Heap: 285.4M(4096.0M)->43.4M(4096.0M)]
 [Times: user=0.05 sys=0.00, real=0.01 secs] 
2019-10-25T18:15:41.172+0530: 2289.480: Total time for which application threads were stopped: 0.0128228 seconds, Stopping threads took: 0.0001229 seconds
2019-10-25T18:15:52.724+0530: 2301.033: [GC pause (G1 Evacuation Pause) (young), 0.0123393 secs]
   [Parallel Time: 6.3 ms, GC Workers: 8]
      [GC Worker Start (ms): Min: 2301033.5, Avg: 2301033.6, Max: 2301033.6, Diff: 0.1]
      [Ext Root Scanning (ms): Min: 0.6, Avg: 0.6, Max: 0.8, Diff: 0.3, Sum: 5.0]
      [Update RS (ms): Min: 3.2, Avg: 3.2, Max: 3.3, Diff: 0.1, Sum: 25.9]
         [Processed Buffers: Min: 39, Avg: 40.4, Max: 41, Diff: 2, Sum: 323]
      [Scan RS (ms): Min: 0.0, Avg: 0.0, Max: 0.0, Diff: 0.0, Sum: 0.1]
      [Code Root Scanning (ms): Min: 0.0, Avg: 0.0, Max: 0.0, Diff: 0.0, Sum: 0.0]
      [Object Copy (ms): Min: 2.0, Avg: 2.2, Max: 2.3, Diff: 0.3, Sum: 17.6]
      [Termination (ms): Min: 0.0, Avg: 0.0, Max: 0.0, Diff: 0.0, Sum: 0.0]
         [Termination Attempts: Min: 1, Avg: 3.9, Max: 7, Diff: 6, Sum: 31]
      [GC Worker Other (ms): Min: 0.0, Avg: 0.0, Max: 0.1, Diff: 0.1, Sum: 0.3]
      [GC Worker Total (ms): Min: 6.0, Avg: 6.1, Max: 6.2, Diff: 0.1, Sum: 49.0]
      [GC Worker End (ms): Min: 2301039.6, Avg: 2301039.7, Max: 2301039.7, Diff: 0.1]
   [Code Root Fixup: 0.0 ms]
   [Code Root Purge: 0.0 ms]
   [Clear CT: 0.2 ms]
   [Other: 5.8 ms]
      [Choose CSet: 0.0 ms]
      [Ref Proc: 4.9 ms]
      [Ref Enq: 0.0 ms]
      [Redirty Cards: 0.1 ms]
      [Humongous Register: 0.1 ms]
      [Humongous Reclaim: 0.0 ms]
      [Free CSet: 0.1 ms]
   [Eden: 242.0M(242.0M)->0.0B(240.0M) Survivors: 14.0M->16.0M Heap: 285.4M(4096.0M)->45.4M(4096.0M)]
 [Times: user=0.05 sys=0.00, real=0.01 secs] 
2019-10-25T18:15:52.737+0530: 2301.046: Total time for which application threads were stopped: 0.0134239 seconds, Stopping threads took: 0.0001159 seconds
2019-10-25T18:16:06.936+0530: 2315.244: [GC pause (G1 Evacuation Pause) (young), 0.0125851 secs]
   [Parallel Time: 6.6 ms, GC Workers: 8]
      [GC Worker Start (ms): Min: 2315244.7, Avg: 2315244.8, Max: 2315244.8, Diff: 0.1]
      [Ext Root Scanning (ms): Min: 0.5, Avg: 0.6, Max: 0.9, Diff: 0.4, Sum: 5.1]
      [Update RS (ms): Min: 3.2, Avg: 3.3, Max: 3.3, Diff: 0.1, Sum: 26.2]
         [Processed Buffers: Min: 40, Avg: 40.5, Max: 41, Diff: 1, Sum: 324]
      [Scan RS (ms): Min: 0.0, Avg: 0.0, Max: 0.0, Diff: 0.0, Sum: 0.2]
      [Code Root Scanning (ms): Min: 0.0, Avg: 0.0, Max: 0.0, Diff: 0.0, Sum: 0.0]
      [Object Copy (ms): Min: 2.2, Avg: 2.4, Max: 2.5, Diff: 0.3, Sum: 19.2]
      [Termination (ms): Min: 0.0, Avg: 0.0, Max: 0.0, Diff: 0.0, Sum: 0.0]
         [Termination Attempts: Min: 1, Avg: 1.0, Max: 1, Diff: 0, Sum: 8]
      [GC Worker Other (ms): Min: 0.0, Avg: 0.0, Max: 0.1, Diff: 0.1, Sum: 0.3]
      [GC Worker Total (ms): Min: 6.3, Avg: 6.4, Max: 6.4, Diff: 0.1, Sum: 50.9]
      [GC Worker End (ms): Min: 2315251.1, Avg: 2315251.2, Max: 2315251.2, Diff: 0.1]
   [Code Root Fixup: 0.0 ms]
   [Code Root Purge: 0.0 ms]
   [Clear CT: 0.2 ms]
   [Other: 5.8 ms]
      [Choose CSet: 0.0 ms]
      [Ref Proc: 4.9 ms]
      [Ref Enq: 0.0 ms]
      [Redirty Cards: 0.1 ms]
      [Humongous Register: 0.1 ms]
      [Humongous Reclaim: 0.0 ms]
      [Free CSet: 0.1 ms]
   [Eden: 240.0M(240.0M)->0.0B(240.0M) Survivors: 16.0M->16.0M Heap: 285.4M(4096.0M)->46.4M(4096.0M)]
 [Times: user=0.06 sys=0.00, real=0.01 secs] 
2019-10-25T18:16:06.948+0530: 2315.257: Total time for which application threads were stopped: 0.0137244 seconds, Stopping threads took: 0.0001220 seconds
2019-10-25T18:16:21.886+0530: 2330.195: [GC pause (G1 Evacuation Pause) (young), 0.0127016 secs]
   [Parallel Time: 6.6 ms, GC Workers: 8]
      [GC Worker Start (ms): Min: 2330195.1, Avg: 2330195.2, Max: 2330195.3, Diff: 0.1]
      [Ext Root Scanning (ms): Min: 0.6, Avg: 0.7, Max: 0.9, Diff: 0.3, Sum: 5.4]
      [Update RS (ms): Min: 3.2, Avg: 3.3, Max: 3.3, Diff: 0.1, Sum: 26.3]
         [Processed Buffers: Min: 36, Avg: 40.8, Max: 43, Diff: 7, Sum: 326]
      [Scan RS (ms): Min: 0.0, Avg: 0.0, Max: 0.0, Diff: 0.0, Sum: 0.1]
      [Code Root Scanning (ms): Min: 0.0, Avg: 0.0, Max: 0.0, Diff: 0.0, Sum: 0.0]
      [Object Copy (ms): Min: 2.2, Avg: 2.4, Max: 2.5, Diff: 0.3, Sum: 19.4]
      [Termination (ms): Min: 0.0, Avg: 0.0, Max: 0.0, Diff: 0.0, Sum: 0.0]
         [Termination Attempts: Min: 1, Avg: 1.6, Max: 3, Diff: 2, Sum: 13]
      [GC Worker Other (ms): Min: 0.0, Avg: 0.0, Max: 0.1, Diff: 0.1, Sum: 0.3]
      [GC Worker Total (ms): Min: 6.4, Avg: 6.4, Max: 6.5, Diff: 0.1, Sum: 51.6]
      [GC Worker End (ms): Min: 2330201.6, Avg: 2330201.6, Max: 2330201.7, Diff: 0.1]
   [Code Root Fixup: 0.1 ms]
   [Code Root Purge: 0.0 ms]
   [Clear CT: 0.2 ms]
   [Other: 5.9 ms]
      [Choose CSet: 0.0 ms]
      [Ref Proc: 4.9 ms]
      [Ref Enq: 0.0 ms]
      [Redirty Cards: 0.1 ms]
      [Humongous Register: 0.1 ms]
      [Humongous Reclaim: 0.0 ms]
      [Free CSet: 0.1 ms]
   [Eden: 240.0M(240.0M)->0.0B(240.0M) Survivors: 16.0M->16.0M Heap: 286.4M(4096.0M)->46.4M(4096.0M)]
 [Times: user=0.06 sys=0.01, real=0.02 secs] 
2019-10-25T18:16:21.899+0530: 2330.208: Total time for which application threads were stopped: 0.0138855 seconds, Stopping threads took: 0.0001231 seconds
2019-10-25T18:16:36.485+0530: 2344.794: [GC pause (G1 Evacuation Pause) (young), 0.0117501 secs]
   [Parallel Time: 5.7 ms, GC Workers: 8]
      [GC Worker Start (ms): Min: 2344794.2, Avg: 2344794.2, Max: 2344794.3, Diff: 0.1]
      [Ext Root Scanning (ms): Min: 0.5, Avg: 0.5, Max: 0.7, Diff: 0.2, Sum: 4.3]
      [Update RS (ms): Min: 3.2, Avg: 3.3, Max: 3.3, Diff: 0.1, Sum: 26.1]
         [Processed Buffers: Min: 39, Avg: 40.8, Max: 42, Diff: 3, Sum: 326]
      [Scan RS (ms): Min: 0.0, Avg: 0.0, Max: 0.0, Diff: 0.0, Sum: 0.1]
      [Code Root Scanning (ms): Min: 0.0, Avg: 0.0, Max: 0.0, Diff: 0.0, Sum: 0.0]
      [Object Copy (ms): Min: 1.6, Avg: 1.7, Max: 1.7, Diff: 0.2, Sum: 13.6]
      [Termination (ms): Min: 0.0, Avg: 0.0, Max: 0.0, Diff: 0.0, Sum: 0.0]
         [Termination Attempts: Min: 1, Avg: 2.1, Max: 4, Diff: 3, Sum: 17]
      [GC Worker Other (ms): Min: 0.0, Avg: 0.0, Max: 0.1, Diff: 0.1, Sum: 0.3]
      [GC Worker Total (ms): Min: 5.5, Avg: 5.6, Max: 5.6, Diff: 0.1, Sum: 44.5]
      [GC Worker End (ms): Min: 2344799.8, Avg: 2344799.8, Max: 2344799.8, Diff: 0.1]
   [Code Root Fixup: 0.0 ms]
   [Code Root Purge: 0.0 ms]
   [Clear CT: 0.1 ms]
   [Other: 5.9 ms]
      [Choose CSet: 0.0 ms]
      [Ref Proc: 5.0 ms]
      [Ref Enq: 0.0 ms]
      [Redirty Cards: 0.1 ms]
      [Humongous Register: 0.1 ms]
      [Humongous Reclaim: 0.0 ms]
      [Free CSet: 0.1 ms]
   [Eden: 240.0M(240.0M)->0.0B(244.0M) Survivors: 16.0M->12.0M Heap: 286.4M(4096.0M)->41.4M(4096.0M)]
 [Times: user=0.04 sys=0.01, real=0.01 secs] 
2019-10-25T18:16:36.497+0530: 2344.806: Total time for which application threads were stopped: 0.0126799 seconds, Stopping threads took: 0.0000990 seconds
2019-10-25T18:17:06.926+0530: 2375.235: [GC pause (G1 Evacuation Pause) (young), 0.0121894 secs]
   [Parallel Time: 6.2 ms, GC Workers: 8]
      [GC Worker Start (ms): Min: 2375235.4, Avg: 2375235.5, Max: 2375235.5, Diff: 0.1]
      [Ext Root Scanning (ms): Min: 0.5, Avg: 0.6, Max: 0.8, Diff: 0.3, Sum: 5.0]
      [Update RS (ms): Min: 3.2, Avg: 3.3, Max: 3.3, Diff: 0.1, Sum: 26.2]
         [Processed Buffers: Min: 39, Avg: 40.2, Max: 43, Diff: 4, Sum: 322]
      [Scan RS (ms): Min: 0.0, Avg: 0.0, Max: 0.0, Diff: 0.0, Sum: 0.1]
      [Code Root Scanning (ms): Min: 0.0, Avg: 0.0, Max: 0.0, Diff: 0.0, Sum: 0.0]
      [Object Copy (ms): Min: 1.9, Avg: 2.1, Max: 2.1, Diff: 0.2, Sum: 16.6]
      [Termination (ms): Min: 0.0, Avg: 0.0, Max: 0.0, Diff: 0.0, Sum: 0.0]
         [Termination Attempts: Min: 1, Avg: 1.0, Max: 1, Diff: 0, Sum: 8]
      [GC Worker Other (ms): Min: 0.0, Avg: 0.0, Max: 0.1, Diff: 0.1, Sum: 0.3]
      [GC Worker Total (ms): Min: 6.0, Avg: 6.0, Max: 6.1, Diff: 0.1, Sum: 48.3]
      [GC Worker End (ms): Min: 2375241.5, Avg: 2375241.5, Max: 2375241.5, Diff: 0.1]
   [Code Root Fixup: 0.1 ms]
   [Code Root Purge: 0.0 ms]
   [Clear CT: 0.2 ms]
   [Other: 5.8 ms]
      [Choose CSet: 0.0 ms]
      [Ref Proc: 4.8 ms]
      [Ref Enq: 0.0 ms]
      [Redirty Cards: 0.1 ms]
      [Humongous Register: 0.1 ms]
      [Humongous Reclaim: 0.0 ms]
      [Free CSet: 0.1 ms]
   [Eden: 244.0M(244.0M)->0.0B(240.0M) Survivors: 12.0M->16.0M Heap: 285.4M(4096.0M)->45.4M(4096.0M)]
 [Times: user=0.05 sys=0.01, real=0.02 secs] 
2019-10-25T18:17:06.939+0530: 2375.247: Total time for which application threads were stopped: 0.0132767 seconds, Stopping threads took: 0.0001212 seconds
2019-10-25T18:17:25.014+0530: 2393.322: [GC pause (G1 Evacuation Pause) (young), 0.0119254 secs]
   [Parallel Time: 5.8 ms, GC Workers: 8]
      [GC Worker Start (ms): Min: 2393322.7, Avg: 2393322.7, Max: 2393322.7, Diff: 0.1]
      [Ext Root Scanning (ms): Min: 0.5, Avg: 0.6, Max: 0.7, Diff: 0.2, Sum: 4.6]
      [Update RS (ms): Min: 3.2, Avg: 3.3, Max: 3.3, Diff: 0.1, Sum: 26.2]
         [Processed Buffers: Min: 39, Avg: 40.5, Max: 43, Diff: 4, Sum: 324]
      [Scan RS (ms): Min: 0.0, Avg: 0.0, Max: 0.0, Diff: 0.0, Sum: 0.2]
      [Code Root Scanning (ms): Min: 0.0, Avg: 0.0, Max: 0.0, Diff: 0.0, Sum: 0.0]
      [Object Copy (ms): Min: 1.6, Avg: 1.7, Max: 1.7, Diff: 0.2, Sum: 13.5]
      [Termination (ms): Min: 0.0, Avg: 0.0, Max: 0.0, Diff: 0.0, Sum: 0.0]
         [Termination Attempts: Min: 1, Avg: 2.2, Max: 4, Diff: 3, Sum: 18]
      [GC Worker Other (ms): Min: 0.0, Avg: 0.0, Max: 0.1, Diff: 0.1, Sum: 0.3]
      [GC Worker Total (ms): Min: 5.5, Avg: 5.6, Max: 5.7, Diff: 0.1, Sum: 44.8]
      [GC Worker End (ms): Min: 2393328.3, Avg: 2393328.3, Max: 2393328.3, Diff: 0.0]
   [Code Root Fixup: 0.1 ms]
   [Code Root Purge: 0.0 ms]
   [Clear CT: 0.2 ms]
   [Other: 6.0 ms]
      [Choose CSet: 0.0 ms]
      [Ref Proc: 5.0 ms]
      [Ref Enq: 0.0 ms]
      [Redirty Cards: 0.1 ms]
      [Humongous Register: 0.1 ms]
      [Humongous Reclaim: 0.0 ms]
      [Free CSet: 0.1 ms]
   [Eden: 240.0M(240.0M)->0.0B(244.0M) Survivors: 16.0M->12.0M Heap: 285.4M(4096.0M)->42.5M(4096.0M)]
 [Times: user=0.05 sys=0.00, real=0.01 secs] 
2019-10-25T18:17:25.026+0530: 2393.334: Total time for which application threads were stopped: 0.0128909 seconds, Stopping threads took: 0.0000983 seconds
2019-10-25T18:17:38.022+0530: 2406.331: [GC pause (G1 Evacuation Pause) (young), 0.0121608 secs]
   [Parallel Time: 6.2 ms, GC Workers: 8]
      [GC Worker Start (ms): Min: 2406331.5, Avg: 2406331.6, Max: 2406331.6, Diff: 0.1]
      [Ext Root Scanning (ms): Min: 0.6, Avg: 0.6, Max: 0.9, Diff: 0.3, Sum: 5.2]
      [Update RS (ms): Min: 3.2, Avg: 3.3, Max: 3.4, Diff: 0.1, Sum: 26.3]
         [Processed Buffers: Min: 38, Avg: 40.2, Max: 43, Diff: 5, Sum: 322]
      [Scan RS (ms): Min: 0.0, Avg: 0.0, Max: 0.0, Diff: 0.0, Sum: 0.1]
      [Code Root Scanning (ms): Min: 0.0, Avg: 0.0, Max: 0.0, Diff: 0.0, Sum: 0.0]
      [Object Copy (ms): Min: 1.8, Avg: 2.1, Max: 2.1, Diff: 0.3, Sum: 16.5]
      [Termination (ms): Min: 0.0, Avg: 0.0, Max: 0.0, Diff: 0.0, Sum: 0.0]
         [Termination Attempts: Min: 1, Avg: 3.0, Max: 6, Diff: 5, Sum: 24]
      [GC Worker Other (ms): Min: 0.0, Avg: 0.0, Max: 0.1, Diff: 0.1, Sum: 0.3]
      [GC Worker Total (ms): Min: 6.0, Avg: 6.1, Max: 6.1, Diff: 0.1, Sum: 48.4]
      [GC Worker End (ms): Min: 2406337.6, Avg: 2406337.6, Max: 2406337.7, Diff: 0.1]
   [Code Root Fixup: 0.1 ms]
   [Code Root Purge: 0.0 ms]
   [Clear CT: 0.1 ms]
   [Other: 5.8 ms]
      [Choose CSet: 0.0 ms]
      [Ref Proc: 4.9 ms]
      [Ref Enq: 0.0 ms]
      [Redirty Cards: 0.1 ms]
      [Humongous Register: 0.1 ms]
      [Humongous Reclaim: 0.0 ms]
      [Free CSet: 0.1 ms]
   [Eden: 244.0M(244.0M)->0.0B(240.0M) Survivors: 12.0M->16.0M Heap: 286.5M(4096.0M)->46.5M(4096.0M)]
 [Times: user=0.04 sys=0.01, real=0.01 secs] 
2019-10-25T18:17:38.035+0530: 2406.343: Total time for which application threads were stopped: 0.0132767 seconds, Stopping threads took: 0.0001134 seconds
2019-10-25T18:17:51.041+0530: 2419.350: [GC pause (G1 Evacuation Pause) (young), 0.0116802 secs]
   [Parallel Time: 5.8 ms, GC Workers: 8]
      [GC Worker Start (ms): Min: 2419350.4, Avg: 2419350.5, Max: 2419350.5, Diff: 0.1]
      [Ext Root Scanning (ms): Min: 0.5, Avg: 0.6, Max: 0.7, Diff: 0.2, Sum: 4.5]
      [Update RS (ms): Min: 3.2, Avg: 3.2, Max: 3.3, Diff: 0.1, Sum: 25.9]
         [Processed Buffers: Min: 38, Avg: 40.4, Max: 42, Diff: 4, Sum: 323]
      [Scan RS (ms): Min: 0.0, Avg: 0.0, Max: 0.0, Diff: 0.0, Sum: 0.2]
      [Code Root Scanning (ms): Min: 0.0, Avg: 0.0, Max: 0.0, Diff: 0.0, Sum: 0.0]
      [Object Copy (ms): Min: 1.7, Avg: 1.8, Max: 1.8, Diff: 0.2, Sum: 14.3]
      [Termination (ms): Min: 0.0, Avg: 0.0, Max: 0.0, Diff: 0.0, Sum: 0.0]
         [Termination Attempts: Min: 1, Avg: 3.1, Max: 5, Diff: 4, Sum: 25]
      [GC Worker Other (ms): Min: 0.0, Avg: 0.0, Max: 0.1, Diff: 0.1, Sum: 0.3]
      [GC Worker Total (ms): Min: 5.6, Avg: 5.6, Max: 5.7, Diff: 0.1, Sum: 45.2]
      [GC Worker End (ms): Min: 2419356.1, Avg: 2419356.1, Max: 2419356.1, Diff: 0.1]
   [Code Root Fixup: 0.0 ms]
   [Code Root Purge: 0.0 ms]
   [Clear CT: 0.1 ms]
   [Other: 5.7 ms]
      [Choose CSet: 0.0 ms]
      [Ref Proc: 4.8 ms]
      [Ref Enq: 0.0 ms]
      [Redirty Cards: 0.1 ms]
      [Humongous Register: 0.1 ms]
      [Humongous Reclaim: 0.0 ms]
      [Free CSet: 0.1 ms]
   [Eden: 240.0M(240.0M)->0.0B(244.0M) Survivors: 16.0M->12.0M Heap: 286.5M(4096.0M)->41.5M(4096.0M)]
 [Times: user=0.05 sys=0.01, real=0.01 secs] 
2019-10-25T18:17:51.053+0530: 2419.362: Total time for which application threads were stopped: 0.0126224 seconds, Stopping threads took: 0.0001004 seconds
2019-10-25T18:18:05.758+0530: 2434.066: [GC pause (G1 Evacuation Pause) (young), 0.0119452 secs]
   [Parallel Time: 5.9 ms, GC Workers: 8]
      [GC Worker Start (ms): Min: 2434066.8, Avg: 2434066.9, Max: 2434066.9, Diff: 0.1]
      [Ext Root Scanning (ms): Min: 0.5, Avg: 0.6, Max: 0.7, Diff: 0.2, Sum: 4.6]
      [Update RS (ms): Min: 3.2, Avg: 3.3, Max: 3.3, Diff: 0.1, Sum: 26.2]
         [Processed Buffers: Min: 38, Avg: 40.1, Max: 42, Diff: 4, Sum: 321]
      [Scan RS (ms): Min: 0.0, Avg: 0.0, Max: 0.0, Diff: 0.0, Sum: 0.1]
      [Code Root Scanning (ms): Min: 0.0, Avg: 0.0, Max: 0.0, Diff: 0.0, Sum: 0.0]
      [Object Copy (ms): Min: 1.7, Avg: 1.8, Max: 1.9, Diff: 0.2, Sum: 14.4]
      [Termination (ms): Min: 0.0, Avg: 0.0, Max: 0.0, Diff: 0.0, Sum: 0.1]
         [Termination Attempts: Min: 1, Avg: 8.8, Max: 12, Diff: 11, Sum: 70]
      [GC Worker Other (ms): Min: 0.0, Avg: 0.0, Max: 0.0, Diff: 0.0, Sum: 0.2]
      [GC Worker Total (ms): Min: 5.7, Avg: 5.7, Max: 5.7, Diff: 0.1, Sum: 45.6]
      [GC Worker End (ms): Min: 2434072.6, Avg: 2434072.6, Max: 2434072.6, Diff: 0.0]
   [Code Root Fixup: 0.0 ms]
   [Code Root Purge: 0.0 ms]
   [Clear CT: 0.1 ms]
   [Other: 5.9 ms]
      [Choose CSet: 0.0 ms]
      [Ref Proc: 5.0 ms]
      [Ref Enq: 0.1 ms]
      [Redirty Cards: 0.1 ms]
      [Humongous Register: 0.1 ms]
      [Humongous Reclaim: 0.0 ms]
      [Free CSet: 0.1 ms]
   [Eden: 244.0M(244.0M)->0.0B(246.0M) Survivors: 12.0M->10.0M Heap: 285.5M(4096.0M)->40.5M(4096.0M)]
 [Times: user=0.05 sys=0.01, real=0.01 secs] 
2019-10-25T18:18:05.770+0530: 2434.079: Total time for which application threads were stopped: 0.0129084 seconds, Stopping threads took: 0.0001253 seconds
2019-10-25T18:18:20.648+0530: 2448.956: [GC pause (G1 Evacuation Pause) (young), 0.0120487 secs]
   [Parallel Time: 6.0 ms, GC Workers: 8]
      [GC Worker Start (ms): Min: 2448956.6, Avg: 2448956.7, Max: 2448956.7, Diff: 0.1]
      [Ext Root Scanning (ms): Min: 0.5, Avg: 0.6, Max: 0.8, Diff: 0.2, Sum: 4.8]
      [Update RS (ms): Min: 3.2, Avg: 3.2, Max: 3.3, Diff: 0.1, Sum: 26.0]
         [Processed Buffers: Min: 39, Avg: 40.1, Max: 43, Diff: 4, Sum: 321]
      [Scan RS (ms): Min: 0.0, Avg: 0.0, Max: 0.0, Diff: 0.0, Sum: 0.2]
      [Code Root Scanning (ms): Min: 0.0, Avg: 0.0, Max: 0.0, Diff: 0.0, Sum: 0.0]
      [Object Copy (ms): Min: 1.7, Avg: 1.9, Max: 2.0, Diff: 0.2, Sum: 15.3]
      [Termination (ms): Min: 0.0, Avg: 0.0, Max: 0.0, Diff: 0.0, Sum: 0.0]
         [Termination Attempts: Min: 1, Avg: 1.0, Max: 1, Diff: 0, Sum: 8]
      [GC Worker Other (ms): Min: 0.0, Avg: 0.0, Max: 0.1, Diff: 0.0, Sum: 0.2]
      [GC Worker Total (ms): Min: 5.8, Avg: 5.8, Max: 5.9, Diff: 0.1, Sum: 46.4]
      [GC Worker End (ms): Min: 2448962.5, Avg: 2448962.5, Max: 2448962.5, Diff: 0.0]
   [Code Root Fixup: 0.1 ms]
   [Code Root Purge: 0.0 ms]
   [Clear CT: 0.1 ms]
   [Other: 5.9 ms]
      [Choose CSet: 0.0 ms]
      [Ref Proc: 5.0 ms]
      [Ref Enq: 0.0 ms]
      [Redirty Cards: 0.1 ms]
      [Humongous Register: 0.1 ms]
      [Humongous Reclaim: 0.0 ms]
      [Free CSet: 0.1 ms]
   [Eden: 246.0M(246.0M)->0.0B(240.0M) Survivors: 10.0M->16.0M Heap: 286.5M(4096.0M)->45.5M(4096.0M)]
 [Times: user=0.05 sys=0.00, real=0.02 secs] 
2019-10-25T18:18:20.660+0530: 2448.968: Total time for which application threads were stopped: 0.0131067 seconds, Stopping threads took: 0.0001260 seconds
2019-10-25T18:18:34.113+0530: 2462.422: [GC pause (G1 Evacuation Pause) (young), 0.0114832 secs]
   [Parallel Time: 5.3 ms, GC Workers: 8]
      [GC Worker Start (ms): Min: 2462422.0, Avg: 2462422.1, Max: 2462422.1, Diff: 0.1]
      [Ext Root Scanning (ms): Min: 0.5, Avg: 0.5, Max: 0.6, Diff: 0.2, Sum: 4.2]
      [Update RS (ms): Min: 3.2, Avg: 3.2, Max: 3.3, Diff: 0.1, Sum: 25.9]
         [Processed Buffers: Min: 38, Avg: 40.2, Max: 42, Diff: 4, Sum: 322]
      [Scan RS (ms): Min: 0.0, Avg: 0.0, Max: 0.1, Diff: 0.1, Sum: 0.2]
      [Code Root Scanning (ms): Min: 0.0, Avg: 0.0, Max: 0.0, Diff: 0.0, Sum: 0.0]
      [Object Copy (ms): Min: 1.2, Avg: 1.3, Max: 1.3, Diff: 0.1, Sum: 10.4]
      [Termination (ms): Min: 0.0, Avg: 0.0, Max: 0.0, Diff: 0.0, Sum: 0.0]
         [Termination Attempts: Min: 1, Avg: 6.1, Max: 10, Diff: 9, Sum: 49]
      [GC Worker Other (ms): Min: 0.0, Avg: 0.0, Max: 0.1, Diff: 0.0, Sum: 0.3]
      [GC Worker Total (ms): Min: 5.1, Avg: 5.1, Max: 5.2, Diff: 0.1, Sum: 41.1]
      [GC Worker End (ms): Min: 2462427.2, Avg: 2462427.2, Max: 2462427.2, Diff: 0.0]
   [Code Root Fixup: 0.1 ms]
   [Code Root Purge: 0.0 ms]
   [Clear CT: 0.1 ms]
   [Other: 6.0 ms]
      [Choose CSet: 0.0 ms]
      [Ref Proc: 5.1 ms]
      [Ref Enq: 0.0 ms]
      [Redirty Cards: 0.1 ms]
      [Humongous Register: 0.1 ms]
      [Humongous Reclaim: 0.0 ms]
      [Free CSet: 0.1 ms]
   [Eden: 240.0M(240.0M)->0.0B(246.0M) Survivors: 16.0M->10.0M Heap: 285.5M(4096.0M)->40.6M(4096.0M)]
 [Times: user=0.04 sys=0.00, real=0.01 secs] 
2019-10-25T18:18:34.125+0530: 2462.433: Total time for which application threads were stopped: 0.0123268 seconds, Stopping threads took: 0.0001024 seconds
2019-10-25T18:18:47.540+0530: 2475.849: [GC pause (G1 Evacuation Pause) (young), 0.0117724 secs]
   [Parallel Time: 5.8 ms, GC Workers: 8]
      [GC Worker Start (ms): Min: 2475848.9, Avg: 2475848.9, Max: 2475849.0, Diff: 0.1]
      [Ext Root Scanning (ms): Min: 0.5, Avg: 0.6, Max: 0.8, Diff: 0.3, Sum: 4.6]
      [Update RS (ms): Min: 3.2, Avg: 3.2, Max: 3.3, Diff: 0.1, Sum: 25.8]
         [Processed Buffers: Min: 37, Avg: 39.9, Max: 43, Diff: 6, Sum: 319]
      [Scan RS (ms): Min: 0.0, Avg: 0.0, Max: 0.0, Diff: 0.0, Sum: 0.2]
      [Code Root Scanning (ms): Min: 0.0, Avg: 0.0, Max: 0.0, Diff: 0.0, Sum: 0.0]
      [Object Copy (ms): Min: 1.7, Avg: 1.8, Max: 1.9, Diff: 0.2, Sum: 14.5]
      [Termination (ms): Min: 0.0, Avg: 0.0, Max: 0.0, Diff: 0.0, Sum: 0.0]
         [Termination Attempts: Min: 1, Avg: 4.1, Max: 7, Diff: 6, Sum: 33]
      [GC Worker Other (ms): Min: 0.0, Avg: 0.0, Max: 0.1, Diff: 0.1, Sum: 0.3]
      [GC Worker Total (ms): Min: 5.6, Avg: 5.7, Max: 5.7, Diff: 0.1, Sum: 45.5]
      [GC Worker End (ms): Min: 2475854.6, Avg: 2475854.6, Max: 2475854.7, Diff: 0.1]
   [Code Root Fixup: 0.0 ms]
   [Code Root Purge: 0.0 ms]
   [Clear CT: 0.2 ms]
   [Other: 5.8 ms]
      [Choose CSet: 0.0 ms]
      [Ref Proc: 4.9 ms]
      [Ref Enq: 0.0 ms]
      [Redirty Cards: 0.1 ms]
      [Humongous Register: 0.1 ms]
      [Humongous Reclaim: 0.0 ms]
      [Free CSet: 0.1 ms]
   [Eden: 246.0M(246.0M)->0.0B(240.0M) Survivors: 10.0M->16.0M Heap: 286.6M(4096.0M)->46.1M(4096.0M)]
 [Times: user=0.05 sys=0.00, real=0.01 secs] 
2019-10-25T18:18:47.552+0530: 2475.860: Total time for which application threads were stopped: 0.0127962 seconds, Stopping threads took: 0.0001102 seconds
2019-10-25T18:19:01.237+0530: 2489.546: [GC pause (G1 Evacuation Pause) (young), 0.0119473 secs]
   [Parallel Time: 5.7 ms, GC Workers: 8]
      [GC Worker Start (ms): Min: 2489546.1, Avg: 2489546.1, Max: 2489546.2, Diff: 0.1]
      [Ext Root Scanning (ms): Min: 0.5, Avg: 0.5, Max: 0.7, Diff: 0.2, Sum: 4.4]
      [Update RS (ms): Min: 3.2, Avg: 3.3, Max: 3.3, Diff: 0.1, Sum: 26.0]
         [Processed Buffers: Min: 39, Avg: 40.4, Max: 43, Diff: 4, Sum: 323]
      [Scan RS (ms): Min: 0.0, Avg: 0.0, Max: 0.0, Diff: 0.0, Sum: 0.2]
      [Code Root Scanning (ms): Min: 0.0, Avg: 0.0, Max: 0.0, Diff: 0.0, Sum: 0.0]
      [Object Copy (ms): Min: 1.5, Avg: 1.7, Max: 1.8, Diff: 0.2, Sum: 13.6]
      [Termination (ms): Min: 0.0, Avg: 0.0, Max: 0.0, Diff: 0.0, Sum: 0.1]
         [Termination Attempts: Min: 1, Avg: 10.9, Max: 15, Diff: 14, Sum: 87]
      [GC Worker Other (ms): Min: 0.0, Avg: 0.0, Max: 0.1, Diff: 0.1, Sum: 0.3]
      [GC Worker Total (ms): Min: 5.5, Avg: 5.6, Max: 5.6, Diff: 0.1, Sum: 44.5]
      [GC Worker End (ms): Min: 2489551.7, Avg: 2489551.7, Max: 2489551.7, Diff: 0.0]
   [Code Root Fixup: 0.1 ms]
   [Code Root Purge: 0.0 ms]
   [Clear CT: 0.2 ms]
   [Other: 6.0 ms]
      [Choose CSet: 0.0 ms]
      [Ref Proc: 5.1 ms]
      [Ref Enq: 0.0 ms]
      [Redirty Cards: 0.1 ms]
      [Humongous Register: 0.1 ms]
      [Humongous Reclaim: 0.0 ms]
      [Free CSet: 0.1 ms]
   [Eden: 240.0M(240.0M)->0.0B(246.0M) Survivors: 16.0M->10.0M Heap: 286.1M(4096.0M)->40.6M(4096.0M)]
 [Times: user=0.05 sys=0.00, real=0.01 secs] 
2019-10-25T18:19:01.249+0530: 2489.558: Total time for which application threads were stopped: 0.0129069 seconds, Stopping threads took: 0.0001040 seconds
2019-10-25T18:19:14.255+0530: 2502.564: [GC pause (G1 Evacuation Pause) (young), 0.0119552 secs]
   [Parallel Time: 5.7 ms, GC Workers: 8]
      [GC Worker Start (ms): Min: 2502564.4, Avg: 2502564.5, Max: 2502564.5, Diff: 0.1]
      [Ext Root Scanning (ms): Min: 0.4, Avg: 0.5, Max: 0.7, Diff: 0.2, Sum: 4.4]
      [Update RS (ms): Min: 3.2, Avg: 3.2, Max: 3.3, Diff: 0.1, Sum: 25.9]
         [Processed Buffers: Min: 38, Avg: 40.4, Max: 46, Diff: 8, Sum: 323]
      [Scan RS (ms): Min: 0.0, Avg: 0.0, Max: 0.0, Diff: 0.0, Sum: 0.2]
      [Code Root Scanning (ms): Min: 0.0, Avg: 0.0, Max: 0.0, Diff: 0.0, Sum: 0.0]
      [Object Copy (ms): Min: 1.6, Avg: 1.7, Max: 1.7, Diff: 0.2, Sum: 13.6]
      [Termination (ms): Min: 0.0, Avg: 0.0, Max: 0.0, Diff: 0.0, Sum: 0.0]
         [Termination Attempts: Min: 1, Avg: 1.6, Max: 3, Diff: 2, Sum: 13]
      [GC Worker Other (ms): Min: 0.0, Avg: 0.0, Max: 0.1, Diff: 0.1, Sum: 0.3]
      [GC Worker Total (ms): Min: 5.5, Avg: 5.5, Max: 5.6, Diff: 0.1, Sum: 44.3]
      [GC Worker End (ms): Min: 2502570.0, Avg: 2502570.0, Max: 2502570.0, Diff: 0.1]
   [Code Root Fixup: 0.0 ms]
   [Code Root Purge: 0.0 ms]
   [Clear CT: 0.2 ms]
   [Other: 6.1 ms]
      [Choose CSet: 0.0 ms]
      [Ref Proc: 5.1 ms]
      [Ref Enq: 0.0 ms]
      [Redirty Cards: 0.1 ms]
      [Humongous Register: 0.1 ms]
      [Humongous Reclaim: 0.0 ms]
      [Free CSet: 0.1 ms]
   [Eden: 246.0M(246.0M)->0.0B(244.0M) Survivors: 10.0M->12.0M Heap: 286.6M(4096.0M)->42.4M(4096.0M)]
 [Times: user=0.05 sys=0.00, real=0.01 secs] 
2019-10-25T18:19:14.267+0530: 2502.576: Total time for which application threads were stopped: 0.0129166 seconds, Stopping threads took: 0.0001006 seconds
2019-10-25T18:19:27.121+0530: 2515.430: [GC pause (G1 Evacuation Pause) (young), 0.0119928 secs]
   [Parallel Time: 6.1 ms, GC Workers: 8]
      [GC Worker Start (ms): Min: 2515429.8, Avg: 2515429.9, Max: 2515429.9, Diff: 0.1]
      [Ext Root Scanning (ms): Min: 0.6, Avg: 0.6, Max: 0.8, Diff: 0.3, Sum: 4.9]
      [Update RS (ms): Min: 3.2, Avg: 3.2, Max: 3.3, Diff: 0.1, Sum: 25.9]
         [Processed Buffers: Min: 38, Avg: 40.1, Max: 45, Diff: 7, Sum: 321]
      [Scan RS (ms): Min: 0.0, Avg: 0.0, Max: 0.0, Diff: 0.0, Sum: 0.2]
      [Code Root Scanning (ms): Min: 0.0, Avg: 0.0, Max: 0.0, Diff: 0.0, Sum: 0.0]
      [Object Copy (ms): Min: 1.8, Avg: 2.0, Max: 2.0, Diff: 0.3, Sum: 15.8]
      [Termination (ms): Min: 0.0, Avg: 0.0, Max: 0.1, Diff: 0.1, Sum: 0.3]
         [Termination Attempts: Min: 1, Avg: 1.1, Max: 2, Diff: 1, Sum: 9]
      [GC Worker Other (ms): Min: 0.0, Avg: 0.0, Max: 0.0, Diff: 0.0, Sum: 0.2]
      [GC Worker Total (ms): Min: 5.9, Avg: 5.9, Max: 6.0, Diff: 0.1, Sum: 47.2]
      [GC Worker End (ms): Min: 2515435.8, Avg: 2515435.8, Max: 2515435.8, Diff: 0.0]
   [Code Root Fixup: 0.0 ms]
   [Code Root Purge: 0.0 ms]
   [Clear CT: 0.2 ms]
   [Other: 5.7 ms]
      [Choose CSet: 0.0 ms]
      [Ref Proc: 4.9 ms]
      [Ref Enq: 0.0 ms]
      [Redirty Cards: 0.1 ms]
      [Humongous Register: 0.1 ms]
      [Humongous Reclaim: 0.0 ms]
      [Free CSet: 0.1 ms]
   [Eden: 244.0M(244.0M)->0.0B(240.0M) Survivors: 12.0M->16.0M Heap: 286.4M(4096.0M)->45.5M(4096.0M)]
 [Times: user=0.06 sys=0.00, real=0.01 secs] 
2019-10-25T18:19:27.133+0530: 2515.442: Total time for which application threads were stopped: 0.0129585 seconds, Stopping threads took: 0.0000962 seconds
2019-10-25T18:19:40.815+0530: 2529.123: [GC pause (G1 Evacuation Pause) (young), 0.0116700 secs]
   [Parallel Time: 5.5 ms, GC Workers: 8]
      [GC Worker Start (ms): Min: 2529123.8, Avg: 2529123.9, Max: 2529123.9, Diff: 0.1]
      [Ext Root Scanning (ms): Min: 0.5, Avg: 0.5, Max: 0.7, Diff: 0.2, Sum: 4.4]
      [Update RS (ms): Min: 3.2, Avg: 3.2, Max: 3.3, Diff: 0.1, Sum: 25.8]
         [Processed Buffers: Min: 37, Avg: 40.4, Max: 42, Diff: 5, Sum: 323]
      [Scan RS (ms): Min: 0.0, Avg: 0.0, Max: 0.0, Diff: 0.0, Sum: 0.2]
      [Code Root Scanning (ms): Min: 0.0, Avg: 0.0, Max: 0.0, Diff: 0.0, Sum: 0.0]
      [Object Copy (ms): Min: 1.4, Avg: 1.5, Max: 1.6, Diff: 0.2, Sum: 12.1]
      [Termination (ms): Min: 0.0, Avg: 0.0, Max: 0.0, Diff: 0.0, Sum: 0.0]
         [Termination Attempts: Min: 1, Avg: 1.0, Max: 1, Diff: 0, Sum: 8]
      [GC Worker Other (ms): Min: 0.0, Avg: 0.0, Max: 0.1, Diff: 0.1, Sum: 0.3]
      [GC Worker Total (ms): Min: 5.3, Avg: 5.3, Max: 5.4, Diff: 0.1, Sum: 42.8]
      [GC Worker End (ms): Min: 2529129.2, Avg: 2529129.2, Max: 2529129.3, Diff: 0.1]
   [Code Root Fixup: 0.0 ms]
   [Code Root Purge: 0.0 ms]
   [Clear CT: 0.2 ms]
   [Other: 6.0 ms]
      [Choose CSet: 0.0 ms]
      [Ref Proc: 5.0 ms]
      [Ref Enq: 0.0 ms]
      [Redirty Cards: 0.1 ms]
      [Humongous Register: 0.1 ms]
      [Humongous Reclaim: 0.0 ms]
      [Free CSet: 0.1 ms]
   [Eden: 240.0M(240.0M)->0.0B(246.0M) Survivors: 16.0M->10.0M Heap: 285.5M(4096.0M)->40.6M(4096.0M)]
 [Times: user=0.05 sys=0.00, real=0.01 secs] 
2019-10-25T18:19:40.827+0530: 2529.135: Total time for which application threads were stopped: 0.0126007 seconds, Stopping threads took: 0.0000997 seconds
2019-10-25T18:19:56.565+0530: 2544.874: [GC pause (G1 Evacuation Pause) (young), 0.0115631 secs]
   [Parallel Time: 5.4 ms, GC Workers: 8]
      [GC Worker Start (ms): Min: 2544874.1, Avg: 2544874.1, Max: 2544874.2, Diff: 0.1]
      [Ext Root Scanning (ms): Min: 0.5, Avg: 0.5, Max: 0.6, Diff: 0.1, Sum: 4.0]
      [Update RS (ms): Min: 3.2, Avg: 3.2, Max: 3.3, Diff: 0.1, Sum: 25.8]
         [Processed Buffers: Min: 38, Avg: 40.1, Max: 44, Diff: 6, Sum: 321]
      [Scan RS (ms): Min: 0.0, Avg: 0.0, Max: 0.1, Diff: 0.1, Sum: 0.2]
      [Code Root Scanning (ms): Min: 0.0, Avg: 0.0, Max: 0.0, Diff: 0.0, Sum: 0.0]
      [Object Copy (ms): Min: 1.3, Avg: 1.4, Max: 1.4, Diff: 0.1, Sum: 11.2]
      [Termination (ms): Min: 0.0, Avg: 0.0, Max: 0.0, Diff: 0.0, Sum: 0.1]
         [Termination Attempts: Min: 1, Avg: 18.6, Max: 25, Diff: 24, Sum: 149]
      [GC Worker Other (ms): Min: 0.0, Avg: 0.0, Max: 0.1, Diff: 0.1, Sum: 0.3]
      [GC Worker Total (ms): Min: 5.1, Avg: 5.2, Max: 5.3, Diff: 0.1, Sum: 41.6]
      [GC Worker End (ms): Min: 2544879.3, Avg: 2544879.3, Max: 2544879.3, Diff: 0.1]
   [Code Root Fixup: 0.0 ms]
   [Code Root Purge: 0.0 ms]
   [Clear CT: 0.1 ms]
   [Other: 6.0 ms]
      [Choose CSet: 0.0 ms]
      [Ref Proc: 5.0 ms]
      [Ref Enq: 0.0 ms]
      [Redirty Cards: 0.1 ms]
      [Humongous Register: 0.1 ms]
      [Humongous Reclaim: 0.0 ms]
      [Free CSet: 0.1 ms]
   [Eden: 246.0M(246.0M)->0.0B(246.0M) Survivors: 10.0M->10.0M Heap: 286.6M(4096.0M)->40.5M(4096.0M)]
 [Times: user=0.05 sys=0.00, real=0.01 secs] 
2019-10-25T18:19:56.577+0530: 2544.885: Total time for which application threads were stopped: 0.0124220 seconds, Stopping threads took: 0.0001001 seconds
2019-10-25T18:20:10.531+0530: 2558.839: [GC pause (G1 Evacuation Pause) (young), 0.0114346 secs]
   [Parallel Time: 5.4 ms, GC Workers: 8]
      [GC Worker Start (ms): Min: 2558839.7, Avg: 2558839.8, Max: 2558839.8, Diff: 0.1]
      [Ext Root Scanning (ms): Min: 0.5, Avg: 0.5, Max: 0.6, Diff: 0.1, Sum: 4.1]
      [Update RS (ms): Min: 3.2, Avg: 3.3, Max: 3.3, Diff: 0.1, Sum: 26.1]
         [Processed Buffers: Min: 38, Avg: 40.2, Max: 46, Diff: 8, Sum: 322]
      [Scan RS (ms): Min: 0.0, Avg: 0.0, Max: 0.0, Diff: 0.0, Sum: 0.2]
      [Code Root Scanning (ms): Min: 0.0, Avg: 0.0, Max: 0.0, Diff: 0.0, Sum: 0.0]
      [Object Copy (ms): Min: 1.4, Avg: 1.4, Max: 1.5, Diff: 0.1, Sum: 11.4]
      [Termination (ms): Min: 0.0, Avg: 0.0, Max: 0.0, Diff: 0.0, Sum: 0.1]
         [Termination Attempts: Min: 1, Avg: 16.8, Max: 21, Diff: 20, Sum: 134]
      [GC Worker Other (ms): Min: 0.0, Avg: 0.0, Max: 0.1, Diff: 0.1, Sum: 0.3]
      [GC Worker Total (ms): Min: 5.2, Avg: 5.3, Max: 5.3, Diff: 0.1, Sum: 42.2]
      [GC Worker End (ms): Min: 2558845.0, Avg: 2558845.1, Max: 2558845.1, Diff: 0.1]
   [Code Root Fixup: 0.0 ms]
   [Code Root Purge: 0.0 ms]
   [Clear CT: 0.1 ms]
   [Other: 5.8 ms]
      [Choose CSet: 0.0 ms]
      [Ref Proc: 4.9 ms]
      [Ref Enq: 0.0 ms]
      [Redirty Cards: 0.1 ms]
      [Humongous Register: 0.1 ms]
      [Humongous Reclaim: 0.0 ms]
      [Free CSet: 0.1 ms]
   [Eden: 246.0M(246.0M)->0.0B(248.0M) Survivors: 10.0M->8192.0K Heap: 286.5M(4096.0M)->37.1M(4096.0M)]
 [Times: user=0.05 sys=0.00, real=0.01 secs] 
2019-10-25T18:20:10.542+0530: 2558.851: Total time for which application threads were stopped: 0.0122547 seconds, Stopping threads took: 0.0000991 seconds
2019-10-25T18:20:25.030+0530: 2573.339: [GC pause (G1 Evacuation Pause) (young), 0.0123519 secs]
   [Parallel Time: 6.2 ms, GC Workers: 8]
      [GC Worker Start (ms): Min: 2573339.3, Avg: 2573339.3, Max: 2573339.3, Diff: 0.1]
      [Ext Root Scanning (ms): Min: 0.6, Avg: 0.6, Max: 0.8, Diff: 0.3, Sum: 5.0]
      [Update RS (ms): Min: 3.2, Avg: 3.3, Max: 3.3, Diff: 0.1, Sum: 26.2]
         [Processed Buffers: Min: 37, Avg: 40.0, Max: 45, Diff: 8, Sum: 320]
      [Scan RS (ms): Min: 0.0, Avg: 0.0, Max: 0.0, Diff: 0.0, Sum: 0.1]
      [Code Root Scanning (ms): Min: 0.0, Avg: 0.0, Max: 0.0, Diff: 0.0, Sum: 0.0]
      [Object Copy (ms): Min: 1.9, Avg: 2.1, Max: 2.1, Diff: 0.2, Sum: 16.8]
      [Termination (ms): Min: 0.0, Avg: 0.0, Max: 0.0, Diff: 0.0, Sum: 0.0]
         [Termination Attempts: Min: 1, Avg: 1.0, Max: 1, Diff: 0, Sum: 8]
      [GC Worker Other (ms): Min: 0.0, Avg: 0.0, Max: 0.1, Diff: 0.1, Sum: 0.3]
      [GC Worker Total (ms): Min: 6.0, Avg: 6.0, Max: 6.1, Diff: 0.1, Sum: 48.4]
      [GC Worker End (ms): Min: 2573345.3, Avg: 2573345.3, Max: 2573345.4, Diff: 0.1]
   [Code Root Fixup: 0.0 ms]
   [Code Root Purge: 0.0 ms]
   [Clear CT: 0.2 ms]
   [Other: 5.9 ms]
      [Choose CSet: 0.0 ms]
      [Ref Proc: 5.0 ms]
      [Ref Enq: 0.0 ms]
      [Redirty Cards: 0.1 ms]
      [Humongous Register: 0.1 ms]
      [Humongous Reclaim: 0.0 ms]
      [Free CSet: 0.1 ms]
   [Eden: 248.0M(248.0M)->0.0B(240.0M) Survivors: 8192.0K->16.0M Heap: 285.1M(4096.0M)->46.3M(4096.0M)]
 [Times: user=0.05 sys=0.00, real=0.01 secs] 
2019-10-25T18:20:25.043+0530: 2573.351: Total time for which application threads were stopped: 0.0134610 seconds, Stopping threads took: 0.0001179 seconds
2019-10-25T18:20:37.897+0530: 2586.205: [GC pause (G1 Evacuation Pause) (young), 0.0114365 secs]
   [Parallel Time: 5.4 ms, GC Workers: 8]
      [GC Worker Start (ms): Min: 2586205.8, Avg: 2586205.8, Max: 2586205.8, Diff: 0.1]
      [Ext Root Scanning (ms): Min: 0.5, Avg: 0.5, Max: 0.6, Diff: 0.1, Sum: 4.2]
      [Update RS (ms): Min: 3.2, Avg: 3.2, Max: 3.2, Diff: 0.0, Sum: 25.7]
         [Processed Buffers: Min: 38, Avg: 40.4, Max: 42, Diff: 4, Sum: 323]
      [Scan RS (ms): Min: 0.0, Avg: 0.0, Max: 0.0, Diff: 0.0, Sum: 0.1]
      [Code Root Scanning (ms): Min: 0.0, Avg: 0.0, Max: 0.0, Diff: 0.0, Sum: 0.0]
      [Object Copy (ms): Min: 1.5, Avg: 1.5, Max: 1.5, Diff: 0.1, Sum: 12.0]
      [Termination (ms): Min: 0.0, Avg: 0.0, Max: 0.0, Diff: 0.0, Sum: 0.1]
         [Termination Attempts: Min: 1, Avg: 15.4, Max: 20, Diff: 19, Sum: 123]
      [GC Worker Other (ms): Min: 0.0, Avg: 0.0, Max: 0.1, Diff: 0.1, Sum: 0.3]
      [GC Worker Total (ms): Min: 5.2, Avg: 5.3, Max: 5.4, Diff: 0.1, Sum: 42.5]
      [GC Worker End (ms): Min: 2586211.1, Avg: 2586211.1, Max: 2586211.1, Diff: 0.1]
   [Code Root Fixup: 0.0 ms]
   [Code Root Purge: 0.0 ms]
   [Clear CT: 0.1 ms]
   [Other: 5.8 ms]
      [Choose CSet: 0.0 ms]
      [Ref Proc: 4.9 ms]
      [Ref Enq: 0.0 ms]
      [Redirty Cards: 0.1 ms]
      [Humongous Register: 0.1 ms]
      [Humongous Reclaim: 0.0 ms]
      [Free CSet: 0.1 ms]
   [Eden: 240.0M(240.0M)->0.0B(246.0M) Survivors: 16.0M->10.0M Heap: 286.3M(4096.0M)->40.7M(4096.0M)]
 [Times: user=0.05 sys=0.00, real=0.01 secs] 
2019-10-25T18:20:37.908+0530: 2586.217: Total time for which application threads were stopped: 0.0122225 seconds, Stopping threads took: 0.0000946 seconds
2019-10-25T18:20:51.216+0530: 2599.525: [GC pause (G1 Evacuation Pause) (young), 0.0117567 secs]
   [Parallel Time: 5.7 ms, GC Workers: 8]
      [GC Worker Start (ms): Min: 2599525.2, Avg: 2599525.3, Max: 2599525.3, Diff: 0.1]
      [Ext Root Scanning (ms): Min: 0.5, Avg: 0.6, Max: 0.8, Diff: 0.3, Sum: 4.9]
      [Update RS (ms): Min: 3.2, Avg: 3.2, Max: 3.2, Diff: 0.0, Sum: 25.6]
         [Processed Buffers: Min: 38, Avg: 40.1, Max: 44, Diff: 6, Sum: 321]
      [Scan RS (ms): Min: 0.0, Avg: 0.0, Max: 0.0, Diff: 0.0, Sum: 0.2]
      [Code Root Scanning (ms): Min: 0.0, Avg: 0.0, Max: 0.0, Diff: 0.0, Sum: 0.0]
      [Object Copy (ms): Min: 1.6, Avg: 1.7, Max: 1.7, Diff: 0.2, Sum: 13.6]
      [Termination (ms): Min: 0.0, Avg: 0.0, Max: 0.0, Diff: 0.0, Sum: 0.0]
         [Termination Attempts: Min: 1, Avg: 1.0, Max: 1, Diff: 0, Sum: 8]
      [GC Worker Other (ms): Min: 0.0, Avg: 0.0, Max: 0.1, Diff: 0.0, Sum: 0.2]
      [GC Worker Total (ms): Min: 5.5, Avg: 5.6, Max: 5.6, Diff: 0.1, Sum: 44.4]
      [GC Worker End (ms): Min: 2599530.8, Avg: 2599530.8, Max: 2599530.8, Diff: 0.0]
   [Code Root Fixup: 0.0 ms]
   [Code Root Purge: 0.0 ms]
   [Clear CT: 0.2 ms]
   [Other: 5.8 ms]
      [Choose CSet: 0.0 ms]
      [Ref Proc: 4.9 ms]
      [Ref Enq: 0.0 ms]
      [Redirty Cards: 0.1 ms]
      [Humongous Register: 0.1 ms]
      [Humongous Reclaim: 0.0 ms]
      [Free CSet: 0.1 ms]
   [Eden: 246.0M(246.0M)->0.0B(244.0M) Survivors: 10.0M->12.0M Heap: 286.7M(4096.0M)->41.7M(4096.0M)]
 [Times: user=0.05 sys=0.00, real=0.01 secs] 
2019-10-25T18:20:51.228+0530: 2599.537: Total time for which application threads were stopped: 0.0127327 seconds, Stopping threads took: 0.0001102 seconds
2019-10-25T18:21:07.525+0530: 2615.833: [GC pause (G1 Evacuation Pause) (young), 0.0114606 secs]
   [Parallel Time: 5.3 ms, GC Workers: 8]
      [GC Worker Start (ms): Min: 2615833.7, Avg: 2615833.7, Max: 2615833.8, Diff: 0.1]
      [Ext Root Scanning (ms): Min: 0.5, Avg: 0.5, Max: 0.6, Diff: 0.2, Sum: 4.2]
      [Update RS (ms): Min: 3.2, Avg: 3.2, Max: 3.2, Diff: 0.1, Sum: 25.5]
         [Processed Buffers: Min: 38, Avg: 40.4, Max: 44, Diff: 6, Sum: 323]
      [Scan RS (ms): Min: 0.0, Avg: 0.0, Max: 0.0, Diff: 0.0, Sum: 0.1]
      [Code Root Scanning (ms): Min: 0.0, Avg: 0.0, Max: 0.0, Diff: 0.0, Sum: 0.0]
      [Object Copy (ms): Min: 1.3, Avg: 1.3, Max: 1.4, Diff: 0.1, Sum: 10.8]
      [Termination (ms): Min: 0.0, Avg: 0.0, Max: 0.0, Diff: 0.0, Sum: 0.1]
         [Termination Attempts: Min: 1, Avg: 12.1, Max: 15, Diff: 14, Sum: 97]
      [GC Worker Other (ms): Min: 0.0, Avg: 0.0, Max: 0.1, Diff: 0.0, Sum: 0.2]
      [GC Worker Total (ms): Min: 5.1, Avg: 5.1, Max: 5.2, Diff: 0.1, Sum: 40.9]
      [GC Worker End (ms): Min: 2615838.8, Avg: 2615838.9, Max: 2615838.9, Diff: 0.0]
   [Code Root Fixup: 0.1 ms]
   [Code Root Purge: 0.0 ms]
   [Clear CT: 0.2 ms]
   [Other: 6.0 ms]
      [Choose CSet: 0.0 ms]
      [Ref Proc: 5.1 ms]
      [Ref Enq: 0.0 ms]
      [Redirty Cards: 0.1 ms]
      [Humongous Register: 0.1 ms]
      [Humongous Reclaim: 0.0 ms]
      [Free CSet: 0.1 ms]
   [Eden: 244.0M(244.0M)->0.0B(246.0M) Survivors: 12.0M->10.0M Heap: 285.7M(4096.0M)->40.5M(4096.0M)]
 [Times: user=0.05 sys=0.00, real=0.01 secs] 
2019-10-25T18:21:07.536+0530: 2615.845: Total time for which application threads were stopped: 0.0122866 seconds, Stopping threads took: 0.0000997 seconds
2019-10-25T18:21:21.573+0530: 2629.881: [GC pause (G1 Evacuation Pause) (young), 0.0117296 secs]
   [Parallel Time: 5.7 ms, GC Workers: 8]
      [GC Worker Start (ms): Min: 2629881.7, Avg: 2629881.8, Max: 2629881.8, Diff: 0.1]
      [Ext Root Scanning (ms): Min: 0.5, Avg: 0.6, Max: 0.8, Diff: 0.2, Sum: 4.8]
      [Update RS (ms): Min: 3.2, Avg: 3.3, Max: 3.3, Diff: 0.1, Sum: 26.1]
         [Processed Buffers: Min: 37, Avg: 39.9, Max: 44, Diff: 7, Sum: 319]
      [Scan RS (ms): Min: 0.0, Avg: 0.0, Max: 0.0, Diff: 0.0, Sum: 0.2]
      [Code Root Scanning (ms): Min: 0.0, Avg: 0.0, Max: 0.0, Diff: 0.0, Sum: 0.0]
      [Object Copy (ms): Min: 1.5, Avg: 1.7, Max: 1.7, Diff: 0.2, Sum: 13.3]
      [Termination (ms): Min: 0.0, Avg: 0.0, Max: 0.0, Diff: 0.0, Sum: 0.0]
         [Termination Attempts: Min: 1, Avg: 4.0, Max: 8, Diff: 7, Sum: 32]
      [GC Worker Other (ms): Min: 0.0, Avg: 0.0, Max: 0.1, Diff: 0.0, Sum: 0.3]
      [GC Worker Total (ms): Min: 5.5, Avg: 5.6, Max: 5.6, Diff: 0.1, Sum: 44.6]
      [GC Worker End (ms): Min: 2629887.3, Avg: 2629887.3, Max: 2629887.4, Diff: 0.1]
   [Code Root Fixup: 0.0 ms]
   [Code Root Purge: 0.0 ms]
   [Clear CT: 0.1 ms]
   [Other: 5.9 ms]
      [Choose CSet: 0.0 ms]
      [Ref Proc: 5.0 ms]
      [Ref Enq: 0.0 ms]
      [Redirty Cards: 0.1 ms]
      [Humongous Register: 0.1 ms]
      [Humongous Reclaim: 0.0 ms]
      [Free CSet: 0.1 ms]
   [Eden: 246.0M(246.0M)->0.0B(242.0M) Survivors: 10.0M->14.0M Heap: 286.5M(4096.0M)->43.1M(4096.0M)]
 [Times: user=0.05 sys=0.00, real=0.01 secs] 
2019-10-25T18:21:21.585+0530: 2629.893: Total time for which application threads were stopped: 0.0127798 seconds, Stopping threads took: 0.0000999 seconds
2019-10-25T18:21:36.844+0530: 2645.153: [GC pause (G1 Evacuation Pause) (young), 0.0122615 secs]
   [Parallel Time: 6.3 ms, GC Workers: 8]
      [GC Worker Start (ms): Min: 2645152.9, Avg: 2645152.9, Max: 2645153.0, Diff: 0.1]
      [Ext Root Scanning (ms): Min: 0.6, Avg: 0.7, Max: 0.9, Diff: 0.3, Sum: 5.2]
      [Update RS (ms): Min: 3.2, Avg: 3.3, Max: 3.3, Diff: 0.1, Sum: 26.0]
         [Processed Buffers: Min: 38, Avg: 40.4, Max: 45, Diff: 7, Sum: 323]
      [Scan RS (ms): Min: 0.0, Avg: 0.0, Max: 0.0, Diff: 0.0, Sum: 0.2]
      [Code Root Scanning (ms): Min: 0.0, Avg: 0.0, Max: 0.0, Diff: 0.0, Sum: 0.0]
      [Object Copy (ms): Min: 1.9, Avg: 2.2, Max: 2.2, Diff: 0.3, Sum: 17.4]
      [Termination (ms): Min: 0.0, Avg: 0.0, Max: 0.0, Diff: 0.0, Sum: 0.0]
         [Termination Attempts: Min: 1, Avg: 2.9, Max: 5, Diff: 4, Sum: 23]
      [GC Worker Other (ms): Min: 0.0, Avg: 0.0, Max: 0.1, Diff: 0.1, Sum: 0.3]
      [GC Worker Total (ms): Min: 6.1, Avg: 6.1, Max: 6.2, Diff: 0.1, Sum: 49.1]
      [GC Worker End (ms): Min: 2645159.0, Avg: 2645159.1, Max: 2645159.1, Diff: 0.1]
   [Code Root Fixup: 0.0 ms]
   [Code Root Purge: 0.0 ms]
   [Clear CT: 0.1 ms]
   [Other: 5.8 ms]
      [Choose CSet: 0.0 ms]
      [Ref Proc: 5.0 ms]
      [Ref Enq: 0.0 ms]
      [Redirty Cards: 0.1 ms]
      [Humongous Register: 0.1 ms]
      [Humongous Reclaim: 0.0 ms]
      [Free CSet: 0.1 ms]
   [Eden: 242.0M(242.0M)->0.0B(240.0M) Survivors: 14.0M->16.0M Heap: 285.1M(4096.0M)->46.5M(4096.0M)]
 [Times: user=0.06 sys=0.00, real=0.01 secs] 
2019-10-25T18:21:36.856+0530: 2645.165: Total time for which application threads were stopped: 0.0133550 seconds, Stopping threads took: 0.0001369 seconds
2019-10-25T18:21:51.409+0530: 2659.718: [GC pause (G1 Evacuation Pause) (young), 0.0117133 secs]
   [Parallel Time: 5.5 ms, GC Workers: 8]
      [GC Worker Start (ms): Min: 2659718.5, Avg: 2659718.5, Max: 2659718.6, Diff: 0.1]
      [Ext Root Scanning (ms): Min: 0.5, Avg: 0.5, Max: 0.6, Diff: 0.1, Sum: 4.1]
      [Update RS (ms): Min: 3.2, Avg: 3.3, Max: 3.3, Diff: 0.0, Sum: 26.0]
         [Processed Buffers: Min: 39, Avg: 40.4, Max: 42, Diff: 3, Sum: 323]
      [Scan RS (ms): Min: 0.0, Avg: 0.0, Max: 0.0, Diff: 0.0, Sum: 0.2]
      [Code Root Scanning (ms): Min: 0.0, Avg: 0.0, Max: 0.0, Diff: 0.0, Sum: 0.0]
      [Object Copy (ms): Min: 1.5, Avg: 1.6, Max: 1.6, Diff: 0.1, Sum: 12.6]
      [Termination (ms): Min: 0.0, Avg: 0.0, Max: 0.0, Diff: 0.0, Sum: 0.0]
         [Termination Attempts: Min: 1, Avg: 8.5, Max: 10, Diff: 9, Sum: 68]
      [GC Worker Other (ms): Min: 0.0, Avg: 0.0, Max: 0.1, Diff: 0.1, Sum: 0.3]
      [GC Worker Total (ms): Min: 5.3, Avg: 5.4, Max: 5.5, Diff: 0.1, Sum: 43.2]
      [GC Worker End (ms): Min: 2659723.9, Avg: 2659723.9, Max: 2659723.9, Diff: 0.0]
   [Code Root Fixup: 0.0 ms]
   [Code Root Purge: 0.0 ms]
   [Clear CT: 0.1 ms]
   [Other: 6.0 ms]
      [Choose CSet: 0.0 ms]
      [Ref Proc: 5.1 ms]
      [Ref Enq: 0.0 ms]
      [Redirty Cards: 0.1 ms]
      [Humongous Register: 0.1 ms]
      [Humongous Reclaim: 0.0 ms]
      [Free CSet: 0.1 ms]
   [Eden: 240.0M(240.0M)->0.0B(246.0M) Survivors: 16.0M->10.0M Heap: 286.5M(4096.0M)->40.7M(4096.0M)]
 [Times: user=0.04 sys=0.00, real=0.01 secs] 
2019-10-25T18:21:51.421+0530: 2659.730: Total time for which application threads were stopped: 0.0126113 seconds, Stopping threads took: 0.0000868 seconds
2019-10-25T18:22:16.294+0530: 2684.602: [GC pause (G1 Evacuation Pause) (young), 0.0117668 secs]
   [Parallel Time: 5.8 ms, GC Workers: 8]
      [GC Worker Start (ms): Min: 2684602.7, Avg: 2684602.7, Max: 2684602.8, Diff: 0.1]
      [Ext Root Scanning (ms): Min: 0.6, Avg: 0.6, Max: 0.8, Diff: 0.2, Sum: 5.1]
      [Update RS (ms): Min: 3.2, Avg: 3.2, Max: 3.3, Diff: 0.1, Sum: 26.0]
         [Processed Buffers: Min: 37, Avg: 39.9, Max: 43, Diff: 6, Sum: 319]
      [Scan RS (ms): Min: 0.0, Avg: 0.0, Max: 0.0, Diff: 0.0, Sum: 0.1]
      [Code Root Scanning (ms): Min: 0.0, Avg: 0.0, Max: 0.0, Diff: 0.0, Sum: 0.0]
      [Object Copy (ms): Min: 1.6, Avg: 1.7, Max: 1.8, Diff: 0.2, Sum: 13.9]
      [Termination (ms): Min: 0.0, Avg: 0.0, Max: 0.0, Diff: 0.0, Sum: 0.0]
         [Termination Attempts: Min: 1, Avg: 1.1, Max: 2, Diff: 1, Sum: 9]
      [GC Worker Other (ms): Min: 0.0, Avg: 0.0, Max: 0.1, Diff: 0.1, Sum: 0.3]
      [GC Worker Total (ms): Min: 5.6, Avg: 5.7, Max: 5.7, Diff: 0.1, Sum: 45.5]
      [GC Worker End (ms): Min: 2684608.4, Avg: 2684608.4, Max: 2684608.4, Diff: 0.1]
   [Code Root Fixup: 0.0 ms]
   [Code Root Purge: 0.0 ms]
   [Clear CT: 0.1 ms]
   [Other: 5.7 ms]
      [Choose CSet: 0.0 ms]
      [Ref Proc: 4.8 ms]
      [Ref Enq: 0.0 ms]
      [Redirty Cards: 0.1 ms]
      [Humongous Register: 0.1 ms]
      [Humongous Reclaim: 0.0 ms]
      [Free CSet: 0.1 ms]
   [Eden: 246.0M(246.0M)->0.0B(240.0M) Survivors: 10.0M->16.0M Heap: 286.7M(4096.0M)->45.8M(4096.0M)]
 [Times: user=0.05 sys=0.00, real=0.01 secs] 
2019-10-25T18:22:16.306+0530: 2684.614: Total time for which application threads were stopped: 0.0127919 seconds, Stopping threads took: 0.0001098 seconds
2019-10-25T18:22:35.595+0530: 2703.903: [GC pause (G1 Evacuation Pause) (young), 0.0118225 secs]
   [Parallel Time: 5.9 ms, GC Workers: 8]
      [GC Worker Start (ms): Min: 2703903.8, Avg: 2703903.9, Max: 2703903.9, Diff: 0.1]
      [Ext Root Scanning (ms): Min: 0.5, Avg: 0.6, Max: 0.7, Diff: 0.2, Sum: 4.5]
      [Update RS (ms): Min: 3.3, Avg: 3.3, Max: 3.4, Diff: 0.1, Sum: 26.6]
         [Processed Buffers: Min: 38, Avg: 40.1, Max: 42, Diff: 4, Sum: 321]
      [Scan RS (ms): Min: 0.0, Avg: 0.0, Max: 0.0, Diff: 0.0, Sum: 0.2]
      [Code Root Scanning (ms): Min: 0.0, Avg: 0.0, Max: 0.0, Diff: 0.0, Sum: 0.0]
      [Object Copy (ms): Min: 1.7, Avg: 1.8, Max: 1.8, Diff: 0.2, Sum: 14.3]
      [Termination (ms): Min: 0.0, Avg: 0.0, Max: 0.0, Diff: 0.0, Sum: 0.0]
         [Termination Attempts: Min: 1, Avg: 1.0, Max: 1, Diff: 0, Sum: 8]
      [GC Worker Other (ms): Min: 0.0, Avg: 0.0, Max: 0.1, Diff: 0.1, Sum: 0.3]
      [GC Worker Total (ms): Min: 5.7, Avg: 5.7, Max: 5.8, Diff: 0.1, Sum: 46.0]
      [GC Worker End (ms): Min: 2703909.6, Avg: 2703909.6, Max: 2703909.7, Diff: 0.1]
   [Code Root Fixup: 0.1 ms]
   [Code Root Purge: 0.0 ms]
   [Clear CT: 0.1 ms]
   [Other: 5.7 ms]
      [Choose CSet: 0.0 ms]
      [Ref Proc: 4.8 ms]
      [Ref Enq: 0.0 ms]
      [Redirty Cards: 0.1 ms]
      [Humongous Register: 0.1 ms]
      [Humongous Reclaim: 0.0 ms]
      [Free CSet: 0.1 ms]
   [Eden: 240.0M(240.0M)->0.0B(246.0M) Survivors: 16.0M->10.0M Heap: 285.8M(4096.0M)->40.7M(4096.0M)]
 [Times: user=0.04 sys=0.01, real=0.01 secs] 
2019-10-25T18:22:35.607+0530: 2703.915: Total time for which application threads were stopped: 0.0127684 seconds, Stopping threads took: 0.0001176 seconds
2019-10-25T18:23:05.520+0530: 2733.829: [GC pause (G1 Evacuation Pause) (young), 0.0119756 secs]
   [Parallel Time: 6.2 ms, GC Workers: 8]
      [GC Worker Start (ms): Min: 2733829.0, Avg: 2733829.1, Max: 2733829.1, Diff: 0.1]
      [Ext Root Scanning (ms): Min: 0.6, Avg: 0.7, Max: 0.9, Diff: 0.4, Sum: 5.3]
      [Update RS (ms): Min: 3.2, Avg: 3.2, Max: 3.3, Diff: 0.1, Sum: 26.0]
         [Processed Buffers: Min: 38, Avg: 40.2, Max: 46, Diff: 8, Sum: 322]
      [Scan RS (ms): Min: 0.0, Avg: 0.0, Max: 0.0, Diff: 0.0, Sum: 0.1]
      [Code Root Scanning (ms): Min: 0.0, Avg: 0.0, Max: 0.0, Diff: 0.0, Sum: 0.0]
      [Object Copy (ms): Min: 1.8, Avg: 2.0, Max: 2.1, Diff: 0.3, Sum: 16.3]
      [Termination (ms): Min: 0.0, Avg: 0.0, Max: 0.0, Diff: 0.0, Sum: 0.0]
         [Termination Attempts: Min: 1, Avg: 3.1, Max: 5, Diff: 4, Sum: 25]
      [GC Worker Other (ms): Min: 0.0, Avg: 0.0, Max: 0.1, Diff: 0.1, Sum: 0.3]
      [GC Worker Total (ms): Min: 5.9, Avg: 6.0, Max: 6.1, Diff: 0.1, Sum: 48.2]
      [GC Worker End (ms): Min: 2733835.1, Avg: 2733835.1, Max: 2733835.1, Diff: 0.1]
   [Code Root Fixup: 0.0 ms]
   [Code Root Purge: 0.0 ms]
   [Clear CT: 0.2 ms]
   [Other: 5.6 ms]
      [Choose CSet: 0.0 ms]
      [Ref Proc: 4.7 ms]
      [Ref Enq: 0.0 ms]
      [Redirty Cards: 0.1 ms]
      [Humongous Register: 0.1 ms]
      [Humongous Reclaim: 0.0 ms]
      [Free CSet: 0.1 ms]
   [Eden: 246.0M(246.0M)->0.0B(238.0M) Survivors: 10.0M->18.0M Heap: 286.7M(4096.0M)->47.6M(4096.0M)]
 [Times: user=0.06 sys=0.00, real=0.01 secs] 
2019-10-25T18:23:05.532+0530: 2733.841: Total time for which application threads were stopped: 0.0130892 seconds, Stopping threads took: 0.0001173 seconds
2019-10-25T18:23:25.154+0530: 2753.463: [GC pause (G1 Evacuation Pause) (young), 0.0115792 secs]
   [Parallel Time: 5.8 ms, GC Workers: 8]
      [GC Worker Start (ms): Min: 2753463.3, Avg: 2753463.4, Max: 2753463.4, Diff: 0.1]
      [Ext Root Scanning (ms): Min: 0.5, Avg: 0.5, Max: 0.7, Diff: 0.2, Sum: 4.3]
      [Update RS (ms): Min: 3.3, Avg: 3.3, Max: 3.3, Diff: 0.1, Sum: 26.3]
         [Processed Buffers: Min: 39, Avg: 40.6, Max: 42, Diff: 3, Sum: 325]
      [Scan RS (ms): Min: 0.0, Avg: 0.0, Max: 0.0, Diff: 0.0, Sum: 0.1]
      [Code Root Scanning (ms): Min: 0.0, Avg: 0.0, Max: 0.0, Diff: 0.0, Sum: 0.0]
      [Object Copy (ms): Min: 1.7, Avg: 1.7, Max: 1.8, Diff: 0.1, Sum: 13.9]
      [Termination (ms): Min: 0.0, Avg: 0.0, Max: 0.1, Diff: 0.1, Sum: 0.4]
         [Termination Attempts: Min: 1, Avg: 12.1, Max: 17, Diff: 16, Sum: 97]
      [GC Worker Other (ms): Min: 0.0, Avg: 0.0, Max: 0.0, Diff: 0.0, Sum: 0.2]
      [GC Worker Total (ms): Min: 5.6, Avg: 5.7, Max: 5.7, Diff: 0.1, Sum: 45.3]
      [GC Worker End (ms): Min: 2753469.0, Avg: 2753469.0, Max: 2753469.0, Diff: 0.0]
   [Code Root Fixup: 0.0 ms]
   [Code Root Purge: 0.0 ms]
   [Clear CT: 0.1 ms]
   [Other: 5.6 ms]
      [Choose CSet: 0.0 ms]
      [Ref Proc: 4.7 ms]
      [Ref Enq: 0.0 ms]
      [Redirty Cards: 0.1 ms]
      [Humongous Register: 0.1 ms]
      [Humongous Reclaim: 0.0 ms]
      [Free CSet: 0.1 ms]
   [Eden: 238.0M(238.0M)->0.0B(246.0M) Survivors: 18.0M->10.0M Heap: 285.6M(4096.0M)->40.7M(4096.0M)]
 [Times: user=0.05 sys=0.00, real=0.01 secs] 
2019-10-25T18:23:25.166+0530: 2753.475: Total time for which application threads were stopped: 0.0124578 seconds, Stopping threads took: 0.0001209 seconds
2019-10-25T18:23:44.124+0530: 2772.433: [GC pause (G1 Evacuation Pause) (young), 0.0115059 secs]
   [Parallel Time: 5.6 ms, GC Workers: 8]
      [GC Worker Start (ms): Min: 2772432.9, Avg: 2772432.9, Max: 2772433.0, Diff: 0.1]
      [Ext Root Scanning (ms): Min: 0.5, Avg: 0.6, Max: 0.7, Diff: 0.2, Sum: 4.4]
      [Update RS (ms): Min: 3.2, Avg: 3.2, Max: 3.2, Diff: 0.0, Sum: 25.7]
         [Processed Buffers: Min: 39, Avg: 40.4, Max: 45, Diff: 6, Sum: 323]
      [Scan RS (ms): Min: 0.0, Avg: 0.0, Max: 0.0, Diff: 0.0, Sum: 0.1]
      [Code Root Scanning (ms): Min: 0.0, Avg: 0.0, Max: 0.0, Diff: 0.0, Sum: 0.0]
      [Object Copy (ms): Min: 1.5, Avg: 1.6, Max: 1.6, Diff: 0.1, Sum: 12.8]
      [Termination (ms): Min: 0.0, Avg: 0.0, Max: 0.0, Diff: 0.0, Sum: 0.0]
         [Termination Attempts: Min: 1, Avg: 1.4, Max: 3, Diff: 2, Sum: 11]
      [GC Worker Other (ms): Min: 0.0, Avg: 0.0, Max: 0.0, Diff: 0.0, Sum: 0.2]
      [GC Worker Total (ms): Min: 5.4, Avg: 5.4, Max: 5.4, Diff: 0.1, Sum: 43.3]
      [GC Worker End (ms): Min: 2772438.3, Avg: 2772438.3, Max: 2772438.4, Diff: 0.0]
   [Code Root Fixup: 0.0 ms]
   [Code Root Purge: 0.0 ms]
   [Clear CT: 0.2 ms]
   [Other: 5.7 ms]
      [Choose CSet: 0.0 ms]
      [Ref Proc: 4.8 ms]
      [Ref Enq: 0.0 ms]
      [Redirty Cards: 0.1 ms]
      [Humongous Register: 0.1 ms]
      [Humongous Reclaim: 0.0 ms]
      [Free CSet: 0.1 ms]
   [Eden: 246.0M(246.0M)->0.0B(246.0M) Survivors: 10.0M->10.0M Heap: 286.7M(4096.0M)->40.7M(4096.0M)]
 [Times: user=0.05 sys=0.00, real=0.01 secs] 
2019-10-25T18:23:44.135+0530: 2772.444: Total time for which application threads were stopped: 0.0123955 seconds, Stopping threads took: 0.0001208 seconds
2019-10-25T18:23:59.994+0530: 2788.303: [GC pause (G1 Evacuation Pause) (young), 0.0115942 secs]
   [Parallel Time: 5.5 ms, GC Workers: 8]
      [GC Worker Start (ms): Min: 2788303.3, Avg: 2788303.4, Max: 2788303.4, Diff: 0.1]
      [Ext Root Scanning (ms): Min: 0.5, Avg: 0.5, Max: 0.6, Diff: 0.2, Sum: 4.1]
      [Update RS (ms): Min: 3.2, Avg: 3.2, Max: 3.2, Diff: 0.1, Sum: 25.7]
         [Processed Buffers: Min: 38, Avg: 40.4, Max: 45, Diff: 7, Sum: 323]
      [Scan RS (ms): Min: 0.0, Avg: 0.0, Max: 0.0, Diff: 0.0, Sum: 0.1]
      [Code Root Scanning (ms): Min: 0.0, Avg: 0.0, Max: 0.0, Diff: 0.0, Sum: 0.0]
      [Object Copy (ms): Min: 1.5, Avg: 1.6, Max: 1.7, Diff: 0.1, Sum: 13.0]
      [Termination (ms): Min: 0.0, Avg: 0.0, Max: 0.0, Diff: 0.0, Sum: 0.1]
         [Termination Attempts: Min: 1, Avg: 22.2, Max: 35, Diff: 34, Sum: 178]
      [GC Worker Other (ms): Min: 0.0, Avg: 0.0, Max: 0.1, Diff: 0.1, Sum: 0.3]
      [GC Worker Total (ms): Min: 5.4, Avg: 5.4, Max: 5.5, Diff: 0.1, Sum: 43.4]
      [GC Worker End (ms): Min: 2788308.8, Avg: 2788308.8, Max: 2788308.8, Diff: 0.1]
   [Code Root Fixup: 0.0 ms]
   [Code Root Purge: 0.0 ms]
   [Clear CT: 0.2 ms]
   [Other: 5.8 ms]
      [Choose CSet: 0.0 ms]
      [Ref Proc: 4.9 ms]
      [Ref Enq: 0.0 ms]
      [Redirty Cards: 0.1 ms]
      [Humongous Register: 0.1 ms]
      [Humongous Reclaim: 0.0 ms]
      [Free CSet: 0.1 ms]
   [Eden: 246.0M(246.0M)->0.0B(244.0M) Survivors: 10.0M->12.0M Heap: 286.7M(4096.0M)->41.6M(4096.0M)]
 [Times: user=0.05 sys=0.00, real=0.01 secs] 
2019-10-25T18:24:00.006+0530: 2788.315: Total time for which application threads were stopped: 0.0124571 seconds, Stopping threads took: 0.0000857 seconds
2019-10-25T18:24:17.173+0530: 2805.482: [GC pause (G1 Evacuation Pause) (young), 0.0117529 secs]
   [Parallel Time: 5.7 ms, GC Workers: 8]
      [GC Worker Start (ms): Min: 2805482.1, Avg: 2805482.2, Max: 2805482.2, Diff: 0.1]
      [Ext Root Scanning (ms): Min: 0.5, Avg: 0.6, Max: 0.7, Diff: 0.3, Sum: 4.5]
      [Update RS (ms): Min: 3.2, Avg: 3.3, Max: 3.3, Diff: 0.1, Sum: 26.1]
         [Processed Buffers: Min: 38, Avg: 40.2, Max: 45, Diff: 7, Sum: 322]
      [Scan RS (ms): Min: 0.0, Avg: 0.0, Max: 0.0, Diff: 0.0, Sum: 0.1]
      [Code Root Scanning (ms): Min: 0.0, Avg: 0.0, Max: 0.0, Diff: 0.0, Sum: 0.0]
      [Object Copy (ms): Min: 1.6, Avg: 1.7, Max: 1.8, Diff: 0.2, Sum: 13.9]
      [Termination (ms): Min: 0.0, Avg: 0.0, Max: 0.0, Diff: 0.0, Sum: 0.0]
         [Termination Attempts: Min: 1, Avg: 1.5, Max: 2, Diff: 1, Sum: 12]
      [GC Worker Other (ms): Min: 0.0, Avg: 0.0, Max: 0.1, Diff: 0.1, Sum: 0.3]
      [GC Worker Total (ms): Min: 5.5, Avg: 5.6, Max: 5.7, Diff: 0.1, Sum: 45.0]
      [GC Worker End (ms): Min: 2805487.8, Avg: 2805487.8, Max: 2805487.8, Diff: 0.1]
   [Code Root Fixup: 0.1 ms]
   [Code Root Purge: 0.0 ms]
   [Clear CT: 0.2 ms]
   [Other: 5.8 ms]
      [Choose CSet: 0.0 ms]
      [Ref Proc: 4.8 ms]
      [Ref Enq: 0.0 ms]
      [Redirty Cards: 0.1 ms]
      [Humongous Register: 0.1 ms]
      [Humongous Reclaim: 0.0 ms]
      [Free CSet: 0.1 ms]
   [Eden: 244.0M(244.0M)->0.0B(240.0M) Survivors: 12.0M->16.0M Heap: 285.6M(4096.0M)->46.2M(4096.0M)]
 [Times: user=0.05 sys=0.00, real=0.01 secs] 
2019-10-25T18:24:17.185+0530: 2805.494: Total time for which application threads were stopped: 0.0127211 seconds, Stopping threads took: 0.0001182 seconds
2019-10-25T18:24:29.206+0530: 2817.515: [GC pause (G1 Evacuation Pause) (young), 0.0121530 secs]
   [Parallel Time: 6.1 ms, GC Workers: 8]
      [GC Worker Start (ms): Min: 2817515.3, Avg: 2817515.4, Max: 2817515.4, Diff: 0.1]
      [Ext Root Scanning (ms): Min: 0.5, Avg: 0.6, Max: 0.8, Diff: 0.3, Sum: 4.8]
      [Update RS (ms): Min: 3.2, Avg: 3.3, Max: 3.3, Diff: 0.1, Sum: 26.2]
         [Processed Buffers: Min: 38, Avg: 40.4, Max: 42, Diff: 4, Sum: 323]
      [Scan RS (ms): Min: 0.0, Avg: 0.0, Max: 0.0, Diff: 0.0, Sum: 0.2]
      [Code Root Scanning (ms): Min: 0.0, Avg: 0.0, Max: 0.0, Diff: 0.0, Sum: 0.0]
      [Object Copy (ms): Min: 1.8, Avg: 2.0, Max: 2.0, Diff: 0.2, Sum: 15.7]
      [Termination (ms): Min: 0.0, Avg: 0.0, Max: 0.0, Diff: 0.0, Sum: 0.0]
         [Termination Attempts: Min: 1, Avg: 1.8, Max: 3, Diff: 2, Sum: 14]
      [GC Worker Other (ms): Min: 0.0, Avg: 0.0, Max: 0.1, Diff: 0.0, Sum: 0.2]
      [GC Worker Total (ms): Min: 5.8, Avg: 5.9, Max: 5.9, Diff: 0.1, Sum: 47.1]
      [GC Worker End (ms): Min: 2817521.2, Avg: 2817521.3, Max: 2817521.3, Diff: 0.0]
   [Code Root Fixup: 0.0 ms]
   [Code Root Purge: 0.0 ms]
   [Clear CT: 0.2 ms]
   [Other: 5.9 ms]
      [Choose CSet: 0.0 ms]
      [Ref Proc: 5.0 ms]
      [Ref Enq: 0.0 ms]
      [Redirty Cards: 0.1 ms]
      [Humongous Register: 0.1 ms]
      [Humongous Reclaim: 0.0 ms]
      [Free CSet: 0.1 ms]
   [Eden: 240.0M(240.0M)->0.0B(240.0M) Survivors: 16.0M->16.0M Heap: 286.2M(4096.0M)->45.7M(4096.0M)]
 [Times: user=0.05 sys=0.01, real=0.02 secs] 
2019-10-25T18:24:29.219+0530: 2817.527: Total time for which application threads were stopped: 0.0131717 seconds, Stopping threads took: 0.0001081 seconds
2019-10-25T18:24:41.945+0530: 2830.254: [GC pause (G1 Evacuation Pause) (young), 0.0117253 secs]
   [Parallel Time: 5.7 ms, GC Workers: 8]
      [GC Worker Start (ms): Min: 2830254.3, Avg: 2830254.4, Max: 2830254.4, Diff: 0.1]
      [Ext Root Scanning (ms): Min: 0.5, Avg: 0.5, Max: 0.7, Diff: 0.2, Sum: 4.3]
      [Update RS (ms): Min: 3.2, Avg: 3.2, Max: 3.3, Diff: 0.1, Sum: 26.0]
         [Processed Buffers: Min: 38, Avg: 40.5, Max: 42, Diff: 4, Sum: 324]
      [Scan RS (ms): Min: 0.0, Avg: 0.0, Max: 0.0, Diff: 0.0, Sum: 0.2]
      [Code Root Scanning (ms): Min: 0.0, Avg: 0.0, Max: 0.0, Diff: 0.0, Sum: 0.0]
      [Object Copy (ms): Min: 1.5, Avg: 1.7, Max: 1.7, Diff: 0.2, Sum: 13.3]
      [Termination (ms): Min: 0.0, Avg: 0.0, Max: 0.0, Diff: 0.0, Sum: 0.0]
         [Termination Attempts: Min: 1, Avg: 3.6, Max: 6, Diff: 5, Sum: 29]
      [GC Worker Other (ms): Min: 0.0, Avg: 0.0, Max: 0.1, Diff: 0.1, Sum: 0.4]
      [GC Worker Total (ms): Min: 5.4, Avg: 5.5, Max: 5.6, Diff: 0.1, Sum: 44.2]
      [GC Worker End (ms): Min: 2830259.9, Avg: 2830259.9, Max: 2830259.9, Diff: 0.1]
   [Code Root Fixup: 0.0 ms]
   [Code Root Purge: 0.0 ms]
   [Clear CT: 0.2 ms]
   [Other: 5.8 ms]
      [Choose CSet: 0.0 ms]
      [Ref Proc: 4.9 ms]
      [Ref Enq: 0.0 ms]
      [Redirty Cards: 0.1 ms]
      [Humongous Register: 0.1 ms]
      [Humongous Reclaim: 0.0 ms]
      [Free CSet: 0.1 ms]
   [Eden: 240.0M(240.0M)->0.0B(246.0M) Survivors: 16.0M->10.0M Heap: 285.7M(4096.0M)->40.7M(4096.0M)]
 [Times: user=0.05 sys=0.01, real=0.01 secs] 
2019-10-25T18:24:41.957+0530: 2830.266: Total time for which application threads were stopped: 0.0126743 seconds, Stopping threads took: 0.0001068 seconds
2019-10-25T18:24:59.551+0530: 2847.860: [GC pause (G1 Evacuation Pause) (young), 0.0121023 secs]
   [Parallel Time: 6.0 ms, GC Workers: 8]
      [GC Worker Start (ms): Min: 2847860.4, Avg: 2847860.5, Max: 2847860.5, Diff: 0.1]
      [Ext Root Scanning (ms): Min: 0.5, Avg: 0.6, Max: 0.7, Diff: 0.2, Sum: 4.6]
      [Update RS (ms): Min: 3.3, Avg: 3.3, Max: 3.3, Diff: 0.1, Sum: 26.3]
         [Processed Buffers: Min: 39, Avg: 40.4, Max: 43, Diff: 4, Sum: 323]
      [Scan RS (ms): Min: 0.0, Avg: 0.0, Max: 0.0, Diff: 0.0, Sum: 0.2]
      [Code Root Scanning (ms): Min: 0.0, Avg: 0.0, Max: 0.0, Diff: 0.0, Sum: 0.0]
      [Object Copy (ms): Min: 1.8, Avg: 1.9, Max: 2.0, Diff: 0.2, Sum: 15.5]
      [Termination (ms): Min: 0.0, Avg: 0.0, Max: 0.0, Diff: 0.0, Sum: 0.0]
         [Termination Attempts: Min: 1, Avg: 1.2, Max: 2, Diff: 1, Sum: 10]
      [GC Worker Other (ms): Min: 0.0, Avg: 0.0, Max: 0.0, Diff: 0.0, Sum: 0.2]
      [GC Worker Total (ms): Min: 5.8, Avg: 5.9, Max: 5.9, Diff: 0.1, Sum: 46.8]
      [GC Worker End (ms): Min: 2847866.3, Avg: 2847866.3, Max: 2847866.4, Diff: 0.0]
   [Code Root Fixup: 0.0 ms]
   [Code Root Purge: 0.0 ms]
   [Clear CT: 0.1 ms]
   [Other: 5.9 ms]
      [Choose CSet: 0.0 ms]
      [Ref Proc: 5.0 ms]
      [Ref Enq: 0.0 ms]
      [Redirty Cards: 0.1 ms]
      [Humongous Register: 0.1 ms]
      [Humongous Reclaim: 0.0 ms]
      [Free CSet: 0.1 ms]
   [Eden: 246.0M(246.0M)->0.0B(242.0M) Survivors: 10.0M->14.0M Heap: 286.7M(4096.0M)->44.6M(4096.0M)]
 [Times: user=0.05 sys=0.00, real=0.01 secs] 
2019-10-25T18:24:59.564+0530: 2847.872: Total time for which application threads were stopped: 0.0130849 seconds, Stopping threads took: 0.0001091 seconds
2019-10-25T18:25:12.084+0530: 2860.393: [GC pause (G1 Evacuation Pause) (young), 0.0119076 secs]
   [Parallel Time: 5.7 ms, GC Workers: 8]
      [GC Worker Start (ms): Min: 2860393.4, Avg: 2860393.4, Max: 2860393.4, Diff: 0.1]
      [Ext Root Scanning (ms): Min: 0.5, Avg: 0.6, Max: 0.7, Diff: 0.2, Sum: 4.6]
      [Update RS (ms): Min: 3.2, Avg: 3.2, Max: 3.3, Diff: 0.1, Sum: 25.7]
         [Processed Buffers: Min: 39, Avg: 40.5, Max: 43, Diff: 4, Sum: 324]
      [Scan RS (ms): Min: 0.0, Avg: 0.0, Max: 0.0, Diff: 0.0, Sum: 0.2]
      [Code Root Scanning (ms): Min: 0.0, Avg: 0.0, Max: 0.0, Diff: 0.0, Sum: 0.0]
      [Object Copy (ms): Min: 1.6, Avg: 1.7, Max: 1.8, Diff: 0.2, Sum: 14.0]
      [Termination (ms): Min: 0.0, Avg: 0.0, Max: 0.0, Diff: 0.0, Sum: 0.1]
         [Termination Attempts: Min: 1, Avg: 10.6, Max: 15, Diff: 14, Sum: 85]
      [GC Worker Other (ms): Min: 0.0, Avg: 0.0, Max: 0.0, Diff: 0.0, Sum: 0.2]
      [GC Worker Total (ms): Min: 5.6, Avg: 5.6, Max: 5.6, Diff: 0.1, Sum: 44.8]
      [GC Worker End (ms): Min: 2860399.0, Avg: 2860399.0, Max: 2860399.0, Diff: 0.0]
   [Code Root Fixup: 0.1 ms]
   [Code Root Purge: 0.0 ms]
   [Clear CT: 0.1 ms]
   [Other: 5.9 ms]
      [Choose CSet: 0.0 ms]
      [Ref Proc: 5.0 ms]
      [Ref Enq: 0.0 ms]
      [Redirty Cards: 0.1 ms]
      [Humongous Register: 0.1 ms]
      [Humongous Reclaim: 0.0 ms]
      [Free CSet: 0.1 ms]
   [Eden: 242.0M(242.0M)->0.0B(246.0M) Survivors: 14.0M->10.0M Heap: 286.6M(4096.0M)->40.7M(4096.0M)]
 [Times: user=0.05 sys=0.00, real=0.01 secs] 
2019-10-25T18:25:12.096+0530: 2860.405: Total time for which application threads were stopped: 0.0128505 seconds, Stopping threads took: 0.0001220 seconds
2019-10-25T18:25:22.516+0530: 2870.825: [GC pause (G1 Evacuation Pause) (young), 0.0115494 secs]
   [Parallel Time: 5.6 ms, GC Workers: 8]
      [GC Worker Start (ms): Min: 2870824.9, Avg: 2870825.0, Max: 2870825.0, Diff: 0.1]
      [Ext Root Scanning (ms): Min: 0.5, Avg: 0.5, Max: 0.6, Diff: 0.2, Sum: 4.3]
      [Update RS (ms): Min: 3.2, Avg: 3.2, Max: 3.2, Diff: 0.1, Sum: 25.8]
         [Processed Buffers: Min: 39, Avg: 40.5, Max: 45, Diff: 6, Sum: 324]
      [Scan RS (ms): Min: 0.0, Avg: 0.0, Max: 0.0, Diff: 0.0, Sum: 0.1]
      [Code Root Scanning (ms): Min: 0.0, Avg: 0.0, Max: 0.0, Diff: 0.0, Sum: 0.0]
      [Object Copy (ms): Min: 1.5, Avg: 1.6, Max: 1.6, Diff: 0.1, Sum: 13.0]
      [Termination (ms): Min: 0.0, Avg: 0.0, Max: 0.0, Diff: 0.0, Sum: 0.0]
         [Termination Attempts: Min: 1, Avg: 2.4, Max: 4, Diff: 3, Sum: 19]
      [GC Worker Other (ms): Min: 0.0, Avg: 0.0, Max: 0.1, Diff: 0.0, Sum: 0.2]
      [GC Worker Total (ms): Min: 5.4, Avg: 5.4, Max: 5.5, Diff: 0.1, Sum: 43.5]
      [GC Worker End (ms): Min: 2870830.4, Avg: 2870830.4, Max: 2870830.4, Diff: 0.0]
   [Code Root Fixup: 0.0 ms]
   [Code Root Purge: 0.0 ms]
   [Clear CT: 0.1 ms]
   [Other: 5.8 ms]
      [Choose CSet: 0.0 ms]
      [Ref Proc: 5.0 ms]
      [Ref Enq: 0.0 ms]
      [Redirty Cards: 0.1 ms]
      [Humongous Register: 0.1 ms]
      [Humongous Reclaim: 0.0 ms]
      [Free CSet: 0.1 ms]
   [Eden: 246.0M(246.0M)->0.0B(246.0M) Survivors: 10.0M->10.0M Heap: 286.7M(4096.0M)->40.6M(4096.0M)]
 [Times: user=0.05 sys=0.00, real=0.01 secs] 
2019-10-25T18:25:22.528+0530: 2870.836: Total time for which application threads were stopped: 0.0123943 seconds, Stopping threads took: 0.0000937 seconds
2019-10-25T18:25:41.137+0530: 2889.446: [GC pause (G1 Evacuation Pause) (young), 0.0117929 secs]
   [Parallel Time: 5.4 ms, GC Workers: 8]
      [GC Worker Start (ms): Min: 2889446.4, Avg: 2889446.5, Max: 2889446.5, Diff: 0.1]
      [Ext Root Scanning (ms): Min: 0.4, Avg: 0.5, Max: 0.6, Diff: 0.2, Sum: 4.0]
      [Update RS (ms): Min: 3.3, Avg: 3.3, Max: 3.3, Diff: 0.1, Sum: 26.5]
         [Processed Buffers: Min: 38, Avg: 40.4, Max: 45, Diff: 7, Sum: 323]
      [Scan RS (ms): Min: 0.0, Avg: 0.0, Max: 0.0, Diff: 0.0, Sum: 0.2]
      [Code Root Scanning (ms): Min: 0.0, Avg: 0.0, Max: 0.0, Diff: 0.0, Sum: 0.0]
      [Object Copy (ms): Min: 1.3, Avg: 1.4, Max: 1.4, Diff: 0.1, Sum: 11.0]
      [Termination (ms): Min: 0.0, Avg: 0.0, Max: 0.0, Diff: 0.0, Sum: 0.0]
         [Termination Attempts: Min: 1, Avg: 7.0, Max: 11, Diff: 10, Sum: 56]
      [GC Worker Other (ms): Min: 0.0, Avg: 0.0, Max: 0.1, Diff: 0.1, Sum: 0.3]
      [GC Worker Total (ms): Min: 5.2, Avg: 5.3, Max: 5.3, Diff: 0.1, Sum: 42.1]
      [GC Worker End (ms): Min: 2889451.7, Avg: 2889451.7, Max: 2889451.8, Diff: 0.1]
   [Code Root Fixup: 0.0 ms]
   [Code Root Purge: 0.0 ms]
   [Clear CT: 0.2 ms]
   [Other: 6.2 ms]
      [Choose CSet: 0.0 ms]
      [Ref Proc: 5.2 ms]
      [Ref Enq: 0.0 ms]
      [Redirty Cards: 0.1 ms]
      [Humongous Register: 0.1 ms]
      [Humongous Reclaim: 0.0 ms]
      [Free CSet: 0.1 ms]
   [Eden: 246.0M(246.0M)->0.0B(244.0M) Survivors: 10.0M->12.0M Heap: 286.6M(4096.0M)->41.5M(4096.0M)]
 [Times: user=0.05 sys=0.00, real=0.01 secs] 
2019-10-25T18:25:41.149+0530: 2889.458: Total time for which application threads were stopped: 0.0126543 seconds, Stopping threads took: 0.0000845 seconds
2019-10-25T18:25:57.717+0530: 2906.026: [GC pause (G1 Evacuation Pause) (young), 0.0115130 secs]
   [Parallel Time: 5.4 ms, GC Workers: 8]
      [GC Worker Start (ms): Min: 2906026.0, Avg: 2906026.1, Max: 2906026.1, Diff: 0.1]
      [Ext Root Scanning (ms): Min: 0.5, Avg: 0.5, Max: 0.6, Diff: 0.2, Sum: 4.3]
      [Update RS (ms): Min: 3.2, Avg: 3.3, Max: 3.3, Diff: 0.1, Sum: 26.2]
         [Processed Buffers: Min: 38, Avg: 40.2, Max: 45, Diff: 7, Sum: 322]
      [Scan RS (ms): Min: 0.0, Avg: 0.0, Max: 0.0, Diff: 0.0, Sum: 0.2]
      [Code Root Scanning (ms): Min: 0.0, Avg: 0.0, Max: 0.0, Diff: 0.0, Sum: 0.0]
      [Object Copy (ms): Min: 1.3, Avg: 1.4, Max: 1.4, Diff: 0.1, Sum: 11.1]
      [Termination (ms): Min: 0.0, Avg: 0.0, Max: 0.0, Diff: 0.0, Sum: 0.2]
         [Termination Attempts: Min: 1, Avg: 2.1, Max: 3, Diff: 2, Sum: 17]
      [GC Worker Other (ms): Min: 0.0, Avg: 0.0, Max: 0.0, Diff: 0.0, Sum: 0.2]
      [GC Worker Total (ms): Min: 5.2, Avg: 5.3, Max: 5.3, Diff: 0.1, Sum: 42.1]
      [GC Worker End (ms): Min: 2906031.3, Avg: 2906031.3, Max: 2906031.3, Diff: 0.0]
   [Code Root Fixup: 0.0 ms]
   [Code Root Purge: 0.0 ms]
   [Clear CT: 0.1 ms]
   [Other: 5.9 ms]
      [Choose CSet: 0.0 ms]
      [Ref Proc: 5.0 ms]
      [Ref Enq: 0.0 ms]
      [Redirty Cards: 0.1 ms]
      [Humongous Register: 0.1 ms]
      [Humongous Reclaim: 0.0 ms]
      [Free CSet: 0.1 ms]
   [Eden: 244.0M(244.0M)->0.0B(246.0M) Survivors: 12.0M->10.0M Heap: 285.5M(4096.0M)->39.6M(4096.0M)]
 [Times: user=0.05 sys=0.01, real=0.01 secs] 
2019-10-25T18:25:57.729+0530: 2906.037: Total time for which application threads were stopped: 0.0123390 seconds, Stopping threads took: 0.0000856 seconds
2019-10-25T18:26:00.730+0530: 2909.038: Total time for which application threads were stopped: 0.0008500 seconds, Stopping threads took: 0.0001108 seconds
2019-10-25T18:26:13.080+0530: 2921.388: [GC pause (G1 Evacuation Pause) (young), 0.0113945 secs]
   [Parallel Time: 5.3 ms, GC Workers: 8]
      [GC Worker Start (ms): Min: 2921388.6, Avg: 2921388.7, Max: 2921388.7, Diff: 0.1]
      [Ext Root Scanning (ms): Min: 0.5, Avg: 0.5, Max: 0.6, Diff: 0.2, Sum: 4.1]
      [Update RS (ms): Min: 3.2, Avg: 3.2, Max: 3.3, Diff: 0.1, Sum: 25.9]
         [Processed Buffers: Min: 39, Avg: 40.5, Max: 45, Diff: 6, Sum: 324]
      [Scan RS (ms): Min: 0.0, Avg: 0.0, Max: 0.0, Diff: 0.0, Sum: 0.1]
      [Code Root Scanning (ms): Min: 0.0, Avg: 0.0, Max: 0.0, Diff: 0.0, Sum: 0.0]
      [Object Copy (ms): Min: 1.3, Avg: 1.3, Max: 1.3, Diff: 0.1, Sum: 10.6]
      [Termination (ms): Min: 0.0, Avg: 0.0, Max: 0.0, Diff: 0.0, Sum: 0.0]
         [Termination Attempts: Min: 1, Avg: 3.6, Max: 6, Diff: 5, Sum: 29]
      [GC Worker Other (ms): Min: 0.0, Avg: 0.0, Max: 0.1, Diff: 0.1, Sum: 0.3]
      [GC Worker Total (ms): Min: 5.1, Avg: 5.1, Max: 5.2, Diff: 0.1, Sum: 41.1]
      [GC Worker End (ms): Min: 2921393.8, Avg: 2921393.8, Max: 2921393.8, Diff: 0.1]
   [Code Root Fixup: 0.1 ms]
   [Code Root Purge: 0.0 ms]
   [Clear CT: 0.1 ms]
   [Other: 5.9 ms]
      [Choose CSet: 0.0 ms]
      [Ref Proc: 5.0 ms]
      [Ref Enq: 0.0 ms]
      [Redirty Cards: 0.1 ms]
      [Humongous Register: 0.1 ms]
      [Humongous Reclaim: 0.0 ms]
      [Free CSet: 0.1 ms]
   [Eden: 246.0M(246.0M)->0.0B(248.0M) Survivors: 10.0M->8192.0K Heap: 285.6M(4096.0M)->38.0M(4096.0M)]
 [Times: user=0.05 sys=0.00, real=0.01 secs] 
2019-10-25T18:26:13.091+0530: 2921.400: Total time for which application threads were stopped: 0.0122270 seconds, Stopping threads took: 0.0000937 seconds
2019-10-25T18:26:26.118+0530: 2934.427: [GC pause (G1 Evacuation Pause) (young), 0.0118241 secs]
   [Parallel Time: 5.6 ms, GC Workers: 8]
      [GC Worker Start (ms): Min: 2934426.9, Avg: 2934427.0, Max: 2934427.0, Diff: 0.1]
      [Ext Root Scanning (ms): Min: 0.5, Avg: 0.5, Max: 0.6, Diff: 0.1, Sum: 4.3]
      [Update RS (ms): Min: 3.2, Avg: 3.3, Max: 3.3, Diff: 0.1, Sum: 26.1]
         [Processed Buffers: Min: 38, Avg: 40.1, Max: 46, Diff: 8, Sum: 321]
      [Scan RS (ms): Min: 0.0, Avg: 0.0, Max: 0.0, Diff: 0.0, Sum: 0.1]
      [Code Root Scanning (ms): Min: 0.0, Avg: 0.0, Max: 0.0, Diff: 0.0, Sum: 0.0]
      [Object Copy (ms): Min: 1.5, Avg: 1.6, Max: 1.7, Diff: 0.2, Sum: 12.9]
      [Termination (ms): Min: 0.0, Avg: 0.0, Max: 0.1, Diff: 0.1, Sum: 0.3]
         [Termination Attempts: Min: 1, Avg: 3.4, Max: 6, Diff: 5, Sum: 27]
      [GC Worker Other (ms): Min: 0.0, Avg: 0.0, Max: 0.0, Diff: 0.0, Sum: 0.1]
      [GC Worker Total (ms): Min: 5.4, Avg: 5.5, Max: 5.5, Diff: 0.1, Sum: 43.9]
      [GC Worker End (ms): Min: 2934432.4, Avg: 2934432.5, Max: 2934432.5, Diff: 0.0]
   [Code Root Fixup: 0.0 ms]
   [Code Root Purge: 0.0 ms]
   [Clear CT: 0.2 ms]
   [Other: 6.0 ms]
      [Choose CSet: 0.0 ms]
      [Ref Proc: 5.0 ms]
      [Ref Enq: 0.0 ms]
      [Redirty Cards: 0.1 ms]
      [Humongous Register: 0.1 ms]
      [Humongous Reclaim: 0.0 ms]
      [Free CSet: 0.1 ms]
   [Eden: 248.0M(248.0M)->0.0B(246.0M) Survivors: 8192.0K->10.0M Heap: 286.0M(4096.0M)->40.1M(4096.0M)]
 [Times: user=0.04 sys=0.00, real=0.01 secs] 
2019-10-25T18:26:26.130+0530: 2934.439: Total time for which application threads were stopped: 0.0127034 seconds, Stopping threads took: 0.0001124 seconds
2019-10-25T18:26:42.705+0530: 2951.013: [GC pause (G1 Evacuation Pause) (young), 0.0122509 secs]
   [Parallel Time: 6.2 ms, GC Workers: 8]
      [GC Worker Start (ms): Min: 2951013.8, Avg: 2951013.9, Max: 2951013.9, Diff: 0.1]
      [Ext Root Scanning (ms): Min: 0.5, Avg: 0.6, Max: 0.8, Diff: 0.3, Sum: 5.0]
      [Update RS (ms): Min: 3.2, Avg: 3.3, Max: 3.3, Diff: 0.1, Sum: 26.3]
         [Processed Buffers: Min: 39, Avg: 40.2, Max: 42, Diff: 3, Sum: 322]
      [Scan RS (ms): Min: 0.0, Avg: 0.0, Max: 0.0, Diff: 0.0, Sum: 0.1]
      [Code Root Scanning (ms): Min: 0.0, Avg: 0.0, Max: 0.0, Diff: 0.0, Sum: 0.0]
      [Object Copy (ms): Min: 2.0, Avg: 2.2, Max: 2.2, Diff: 0.2, Sum: 17.2]
      [Termination (ms): Min: 0.0, Avg: 0.0, Max: 0.0, Diff: 0.0, Sum: 0.0]
         [Termination Attempts: Min: 1, Avg: 1.4, Max: 2, Diff: 1, Sum: 11]
      [GC Worker Other (ms): Min: 0.0, Avg: 0.0, Max: 0.1, Diff: 0.1, Sum: 0.4]
      [GC Worker Total (ms): Min: 6.0, Avg: 6.1, Max: 6.2, Diff: 0.1, Sum: 49.0]
      [GC Worker End (ms): Min: 2951019.9, Avg: 2951020.0, Max: 2951020.0, Diff: 0.1]
   [Code Root Fixup: 0.0 ms]
   [Code Root Purge: 0.0 ms]
   [Clear CT: 0.1 ms]
   [Other: 5.8 ms]
      [Choose CSet: 0.0 ms]
      [Ref Proc: 4.9 ms]
      [Ref Enq: 0.0 ms]
      [Redirty Cards: 0.1 ms]
      [Humongous Register: 0.1 ms]
      [Humongous Reclaim: 0.0 ms]
      [Free CSet: 0.1 ms]
   [Eden: 246.0M(246.0M)->0.0B(238.0M) Survivors: 10.0M->18.0M Heap: 286.1M(4096.0M)->47.5M(4096.0M)]
 [Times: user=0.05 sys=0.00, real=0.01 secs] 
2019-10-25T18:26:42.717+0530: 2951.026: Total time for which application threads were stopped: 0.0133184 seconds, Stopping threads took: 0.0001131 seconds
2019-10-25T18:26:59.852+0530: 2968.160: [GC pause (G1 Evacuation Pause) (young), 0.0121905 secs]
   [Parallel Time: 6.2 ms, GC Workers: 8]
      [GC Worker Start (ms): Min: 2968160.8, Avg: 2968160.8, Max: 2968160.9, Diff: 0.1]
      [Ext Root Scanning (ms): Min: 0.5, Avg: 0.6, Max: 0.8, Diff: 0.3, Sum: 4.8]
      [Update RS (ms): Min: 3.2, Avg: 3.3, Max: 3.3, Diff: 0.1, Sum: 26.2]
         [Processed Buffers: Min: 39, Avg: 40.5, Max: 42, Diff: 3, Sum: 324]
      [Scan RS (ms): Min: 0.0, Avg: 0.0, Max: 0.0, Diff: 0.0, Sum: 0.2]
      [Code Root Scanning (ms): Min: 0.0, Avg: 0.0, Max: 0.0, Diff: 0.0, Sum: 0.0]
      [Object Copy (ms): Min: 1.9, Avg: 2.1, Max: 2.2, Diff: 0.2, Sum: 16.8]
      [Termination (ms): Min: 0.0, Avg: 0.0, Max: 0.0, Diff: 0.0, Sum: 0.0]
         [Termination Attempts: Min: 1, Avg: 1.9, Max: 4, Diff: 3, Sum: 15]
      [GC Worker Other (ms): Min: 0.0, Avg: 0.0, Max: 0.1, Diff: 0.1, Sum: 0.3]
      [GC Worker Total (ms): Min: 6.0, Avg: 6.0, Max: 6.1, Diff: 0.1, Sum: 48.3]
      [GC Worker End (ms): Min: 2968166.8, Avg: 2968166.9, Max: 2968166.9, Diff: 0.1]
   [Code Root Fixup: 0.0 ms]
   [Code Root Purge: 0.0 ms]
   [Clear CT: 0.1 ms]
   [Other: 5.8 ms]
      [Choose CSet: 0.0 ms]
      [Ref Proc: 4.9 ms]
      [Ref Enq: 0.0 ms]
      [Redirty Cards: 0.1 ms]
      [Humongous Register: 0.1 ms]
      [Humongous Reclaim: 0.0 ms]
      [Free CSet: 0.1 ms]
   [Eden: 238.0M(238.0M)->0.0B(240.0M) Survivors: 18.0M->16.0M Heap: 285.5M(4096.0M)->45.8M(4096.0M)]
 [Times: user=0.06 sys=0.00, real=0.01 secs] 
2019-10-25T18:26:59.864+0530: 2968.173: Total time for which application threads were stopped: 0.0132385 seconds, Stopping threads took: 0.0001133 seconds
2019-10-25T18:27:22.244+0530: 2990.553: [GC pause (G1 Evacuation Pause) (young), 0.0114215 secs]
   [Parallel Time: 5.4 ms, GC Workers: 8]
      [GC Worker Start (ms): Min: 2990553.5, Avg: 2990553.6, Max: 2990553.6, Diff: 0.1]
      [Ext Root Scanning (ms): Min: 0.5, Avg: 0.6, Max: 0.7, Diff: 0.2, Sum: 4.5]
      [Update RS (ms): Min: 3.2, Avg: 3.2, Max: 3.3, Diff: 0.1, Sum: 25.7]
         [Processed Buffers: Min: 38, Avg: 40.1, Max: 42, Diff: 4, Sum: 321]
      [Scan RS (ms): Min: 0.0, Avg: 0.0, Max: 0.0, Diff: 0.0, Sum: 0.1]
      [Code Root Scanning (ms): Min: 0.0, Avg: 0.0, Max: 0.0, Diff: 0.0, Sum: 0.0]
      [Object Copy (ms): Min: 1.4, Avg: 1.5, Max: 1.5, Diff: 0.2, Sum: 11.7]
      [Termination (ms): Min: 0.0, Avg: 0.0, Max: 0.0, Diff: 0.0, Sum: 0.0]
         [Termination Attempts: Min: 1, Avg: 1.1, Max: 2, Diff: 1, Sum: 9]
      [GC Worker Other (ms): Min: 0.0, Avg: 0.0, Max: 0.1, Diff: 0.1, Sum: 0.3]
      [GC Worker Total (ms): Min: 5.2, Avg: 5.3, Max: 5.4, Diff: 0.1, Sum: 42.4]
      [GC Worker End (ms): Min: 2990558.8, Avg: 2990558.9, Max: 2990558.9, Diff: 0.1]
   [Code Root Fixup: 0.0 ms]
   [Code Root Purge: 0.0 ms]
   [Clear CT: 0.1 ms]
   [Other: 5.8 ms]
      [Choose CSet: 0.0 ms]
      [Ref Proc: 4.9 ms]
      [Ref Enq: 0.1 ms]
      [Redirty Cards: 0.1 ms]
      [Humongous Register: 0.1 ms]
      [Humongous Reclaim: 0.0 ms]
      [Free CSet: 0.1 ms]
   [Eden: 240.0M(240.0M)->0.0B(246.0M) Survivors: 16.0M->10.0M Heap: 285.8M(4096.0M)->40.9M(4096.0M)]
 [Times: user=0.05 sys=0.00, real=0.01 secs] 
2019-10-25T18:27:22.256+0530: 2990.565: Total time for which application threads were stopped: 0.0122674 seconds, Stopping threads took: 0.0000877 seconds
2019-10-25T18:27:37.273+0530: 3005.582: [GC pause (G1 Evacuation Pause) (young), 0.0119003 secs]
   [Parallel Time: 5.9 ms, GC Workers: 8]
      [GC Worker Start (ms): Min: 3005582.5, Avg: 3005582.6, Max: 3005582.6, Diff: 0.1]
      [Ext Root Scanning (ms): Min: 0.5, Avg: 0.6, Max: 0.8, Diff: 0.3, Sum: 4.9]
      [Update RS (ms): Min: 3.2, Avg: 3.3, Max: 3.3, Diff: 0.1, Sum: 26.2]
         [Processed Buffers: Min: 38, Avg: 40.5, Max: 47, Diff: 9, Sum: 324]
      [Scan RS (ms): Min: 0.0, Avg: 0.0, Max: 0.0, Diff: 0.0, Sum: 0.1]
      [Code Root Scanning (ms): Min: 0.0, Avg: 0.0, Max: 0.0, Diff: 0.0, Sum: 0.0]
      [Object Copy (ms): Min: 1.6, Avg: 1.8, Max: 1.8, Diff: 0.2, Sum: 14.1]
      [Termination (ms): Min: 0.0, Avg: 0.0, Max: 0.0, Diff: 0.0, Sum: 0.0]
         [Termination Attempts: Min: 1, Avg: 4.8, Max: 8, Diff: 7, Sum: 38]
      [GC Worker Other (ms): Min: 0.0, Avg: 0.0, Max: 0.1, Diff: 0.0, Sum: 0.2]
      [GC Worker Total (ms): Min: 5.6, Avg: 5.7, Max: 5.7, Diff: 0.1, Sum: 45.5]
      [GC Worker End (ms): Min: 3005588.3, Avg: 3005588.3, Max: 3005588.3, Diff: 0.0]
   [Code Root Fixup: 0.0 ms]
   [Code Root Purge: 0.0 ms]
   [Clear CT: 0.2 ms]
   [Other: 5.8 ms]
      [Choose CSet: 0.0 ms]
      [Ref Proc: 4.9 ms]
      [Ref Enq: 0.0 ms]
      [Redirty Cards: 0.1 ms]
      [Humongous Register: 0.1 ms]
      [Humongous Reclaim: 0.0 ms]
      [Free CSet: 0.1 ms]
   [Eden: 246.0M(246.0M)->0.0B(240.0M) Survivors: 10.0M->16.0M Heap: 286.9M(4096.0M)->45.8M(4096.0M)]
 [Times: user=0.05 sys=0.00, real=0.01 secs] 
2019-10-25T18:27:37.286+0530: 3005.594: Total time for which application threads were stopped: 0.0128776 seconds, Stopping threads took: 0.0001023 seconds
2019-10-25T18:27:52.512+0530: 3020.821: [GC pause (G1 Evacuation Pause) (young), 0.0115268 secs]
   [Parallel Time: 5.3 ms, GC Workers: 8]
      [GC Worker Start (ms): Min: 3020821.4, Avg: 3020821.4, Max: 3020821.5, Diff: 0.1]
      [Ext Root Scanning (ms): Min: 0.5, Avg: 0.5, Max: 0.6, Diff: 0.2, Sum: 4.2]
      [Update RS (ms): Min: 3.2, Avg: 3.2, Max: 3.3, Diff: 0.1, Sum: 25.8]
         [Processed Buffers: Min: 38, Avg: 40.2, Max: 45, Diff: 7, Sum: 322]
      [Scan RS (ms): Min: 0.0, Avg: 0.0, Max: 0.0, Diff: 0.0, Sum: 0.1]
      [Code Root Scanning (ms): Min: 0.0, Avg: 0.0, Max: 0.0, Diff: 0.0, Sum: 0.0]
      [Object Copy (ms): Min: 1.3, Avg: 1.3, Max: 1.4, Diff: 0.1, Sum: 10.6]
      [Termination (ms): Min: 0.0, Avg: 0.0, Max: 0.0, Diff: 0.0, Sum: 0.1]
         [Termination Attempts: Min: 1, Avg: 19.6, Max: 27, Diff: 26, Sum: 157]
      [GC Worker Other (ms): Min: 0.0, Avg: 0.0, Max: 0.1, Diff: 0.1, Sum: 0.3]
      [GC Worker Total (ms): Min: 5.1, Avg: 5.2, Max: 5.2, Diff: 0.1, Sum: 41.2]
      [GC Worker End (ms): Min: 3020826.5, Avg: 3020826.6, Max: 3020826.6, Diff: 0.1]
   [Code Root Fixup: 0.0 ms]
   [Code Root Purge: 0.0 ms]
   [Clear CT: 0.2 ms]
   [Other: 6.0 ms]
      [Choose CSet: 0.0 ms]
      [Ref Proc: 5.1 ms]
      [Ref Enq: 0.0 ms]
      [Redirty Cards: 0.1 ms]
      [Humongous Register: 0.1 ms]
      [Humongous Reclaim: 0.0 ms]
      [Free CSet: 0.1 ms]
   [Eden: 240.0M(240.0M)->0.0B(248.0M) Survivors: 16.0M->8192.0K Heap: 285.8M(4096.0M)->38.1M(4096.0M)]
 [Times: user=0.05 sys=0.00, real=0.01 secs] 
2019-10-25T18:27:52.524+0530: 3020.833: Total time for which application threads were stopped: 0.0123455 seconds, Stopping threads took: 0.0000989 seconds
Heap
 garbage-first heap   total 4194304K, used 184451K [0x00000006c0000000, 0x00000006c0204000, 0x00000007c0000000)
  region size 2048K, 76 young (155648K), 4 survivors (8192K)
 Metaspace       used 28016K, capacity 28720K, committed 29056K, reserved 1075200K
  class space    used 3363K, capacity 3631K, committed 3712K, reserved 1048576K
