Java HotSpot(TM) 64-Bit Server VM (25.131-b11) for linux-amd64 JRE (1.8.0_131-b11), built on Mar 15 2017 01:23:40 by "java_re" with gcc 4.3.0 20080428 (Red Hat 4.3.0-8)
Memory: 4k page, physical 15835448k(13366660k free), swap 0k(0k free)
CommandLine flags: -XX:G1ReservePercent=20 -XX:+HeapDumpOnOutOfMemoryError -XX:HeapDumpPath=/root/PT/projects/AutomationEngine/logs/GC -XX:InitialHeapSize=4294967296 -XX:+ManagementServer -XX:MaxGCPauseMillis=100 -XX:MaxHeapSize=4294967296 -XX:MaxMetaspaceSize=268435456 -XX:MaxNewSize=536870912 -XX:NewSize=268435456 -XX:+PrintGC -XX:+PrintGCApplicationStoppedTime -XX:+PrintGCDateStamps -XX:+PrintGCDetails -XX:+PrintGCTimeStamps -XX:+UseCompressedClassPointers -XX:+UseCompressedOops -XX:+UseG1GC 
2019-10-31T17:00:20.220+0530: 0.149: Total time for which application threads were stopped: 0.0001055 seconds, Stopping threads took: 0.0000112 seconds
2019-10-31T17:00:20.375+0530: 0.304: Total time for which application threads were stopped: 0.0001759 seconds, Stopping threads took: 0.0000115 seconds
2019-10-31T17:00:20.377+0530: 0.305: Total time for which application threads were stopped: 0.0000383 seconds, Stopping threads took: 0.0000057 seconds
2019-10-31T17:00:20.379+0530: 0.307: Total time for which application threads were stopped: 0.0000341 seconds, Stopping threads took: 0.0000047 seconds
2019-10-31T17:00:20.615+0530: 0.544: Total time for which application threads were stopped: 0.0002343 seconds, Stopping threads took: 0.0000129 seconds
2019-10-31T17:00:20.838+0530: 0.767: Total time for which application threads were stopped: 0.0002720 seconds, Stopping threads took: 0.0000252 seconds
2019-10-31T17:00:20.849+0530: 0.777: Total time for which application threads were stopped: 0.0003129 seconds, Stopping threads took: 0.0000386 seconds
2019-10-31T17:00:20.878+0530: 0.806: Total time for which application threads were stopped: 0.0002159 seconds, Stopping threads took: 0.0000137 seconds
2019-10-31T17:00:20.890+0530: 0.819: Total time for which application threads were stopped: 0.0002067 seconds, Stopping threads took: 0.0000125 seconds
2019-10-31T17:00:21.103+0530: 1.031: [GC pause (Metadata GC Threshold) (young) (initial-mark), 0.0114926 secs]
   [Parallel Time: 5.6 ms, GC Workers: 8]
      [GC Worker Start (ms): Min: 1031.2, Avg: 1031.3, Max: 1031.3, Diff: 0.1]
      [Ext Root Scanning (ms): Min: 0.8, Avg: 1.0, Max: 1.3, Diff: 0.5, Sum: 8.0]
      [Update RS (ms): Min: 0.0, Avg: 0.0, Max: 0.0, Diff: 0.0, Sum: 0.0]
         [Processed Buffers: Min: 0, Avg: 0.0, Max: 0, Diff: 0, Sum: 0]
      [Scan RS (ms): Min: 0.0, Avg: 0.0, Max: 0.0, Diff: 0.0, Sum: 0.1]
      [Code Root Scanning (ms): Min: 0.0, Avg: 0.2, Max: 0.8, Diff: 0.8, Sum: 1.6]
      [Object Copy (ms): Min: 3.4, Avg: 4.2, Max: 4.5, Diff: 1.1, Sum: 33.6]
      [Termination (ms): Min: 0.0, Avg: 0.0, Max: 0.0, Diff: 0.0, Sum: 0.0]
         [Termination Attempts: Min: 1, Avg: 6.5, Max: 10, Diff: 9, Sum: 52]
      [GC Worker Other (ms): Min: 0.0, Avg: 0.0, Max: 0.0, Diff: 0.0, Sum: 0.1]
      [GC Worker Total (ms): Min: 5.4, Avg: 5.4, Max: 5.5, Diff: 0.1, Sum: 43.4]
      [GC Worker End (ms): Min: 1036.7, Avg: 1036.7, Max: 1036.7, Diff: 0.0]
   [Code Root Fixup: 0.3 ms]
   [Code Root Purge: 0.0 ms]
   [Clear CT: 0.2 ms]
   [Other: 5.4 ms]
      [Choose CSet: 0.0 ms]
      [Ref Proc: 4.8 ms]
      [Ref Enq: 0.0 ms]
      [Redirty Cards: 0.1 ms]
      [Humongous Register: 0.0 ms]
      [Humongous Reclaim: 0.0 ms]
      [Free CSet: 0.1 ms]
   [Eden: 116.0M(256.0M)->0.0B(242.0M) Survivors: 0.0B->14.0M Heap: 115.0M(4096.0M)->12.5M(4096.0M)]
 [Times: user=0.04 sys=0.01, real=0.02 secs] 
2019-10-31T17:00:21.114+0530: 1.043: [GC concurrent-root-region-scan-start]
2019-10-31T17:00:21.114+0530: 1.043: Total time for which application threads were stopped: 0.0117587 seconds, Stopping threads took: 0.0000168 seconds
2019-10-31T17:00:21.119+0530: 1.047: [GC concurrent-root-region-scan-end, 0.0044542 secs]
2019-10-31T17:00:21.119+0530: 1.047: [GC concurrent-mark-start]
2019-10-31T17:00:21.120+0530: 1.048: [GC concurrent-mark-end, 0.0009205 secs]
2019-10-31T17:00:21.120+0530: 1.048: [GC remark 2019-10-31T17:00:21.120+0530: 1.048: [Finalize Marking, 0.0001794 secs] 2019-10-31T17:00:21.120+0530: 1.048: [GC ref-proc, 0.0002221 secs] 2019-10-31T17:00:21.120+0530: 1.049: [Unloading, 0.0019333 secs], 0.0025697 secs]
 [Times: user=0.02 sys=0.00, real=0.00 secs] 
2019-10-31T17:00:21.122+0530: 1.051: Total time for which application threads were stopped: 0.0026574 seconds, Stopping threads took: 0.0000265 seconds
2019-10-31T17:00:21.122+0530: 1.051: [GC cleanup 14M->14M(4096M), 0.0014997 secs]
 [Times: user=0.01 sys=0.00, real=0.00 secs] 
2019-10-31T17:00:21.124+0530: 1.052: Total time for which application threads were stopped: 0.0015785 seconds, Stopping threads took: 0.0000243 seconds
2019-10-31T17:00:21.341+0530: 1.270: [Full GC (System.gc())  30M->8877K(4096M), 0.0511278 secs]
   [Eden: 18.0M(242.0M)->0.0B(256.0M) Survivors: 14.0M->0.0B Heap: 30.4M(4096.0M)->8877.9K(4096.0M)], [Metaspace: 23949K->23949K(1071104K)]
 [Times: user=0.07 sys=0.01, real=0.05 secs] 
2019-10-31T17:00:21.393+0530: 1.321: Total time for which application threads were stopped: 0.0513055 seconds, Stopping threads took: 0.0000396 seconds
2019-10-31T17:00:21.521+0530: 1.450: Total time for which application threads were stopped: 0.0004571 seconds, Stopping threads took: 0.0001095 seconds
2019-10-31T17:00:22.088+0530: 2.016: Total time for which application threads were stopped: 0.0007810 seconds, Stopping threads took: 0.0000854 seconds
2019-10-31T17:00:23.088+0530: 3.017: Total time for which application threads were stopped: 0.0003697 seconds, Stopping threads took: 0.0000674 seconds
2019-10-31T17:00:24.088+0530: 4.017: Total time for which application threads were stopped: 0.0003585 seconds, Stopping threads took: 0.0000706 seconds
2019-10-31T17:00:24.397+0530: 4.326: Total time for which application threads were stopped: 0.0005926 seconds, Stopping threads took: 0.0000725 seconds
2019-10-31T17:00:25.398+0530: 5.326: Total time for which application threads were stopped: 0.0003688 seconds, Stopping threads took: 0.0000777 seconds
2019-10-31T17:00:26.390+0530: 6.319: Total time for which application threads were stopped: 0.0003927 seconds, Stopping threads took: 0.0000968 seconds
2019-10-31T17:00:27.391+0530: 7.319: Total time for which application threads were stopped: 0.0003590 seconds, Stopping threads took: 0.0000720 seconds
2019-10-31T17:00:28.140+0530: 8.069: Total time for which application threads were stopped: 0.0003724 seconds, Stopping threads took: 0.0000730 seconds
2019-10-31T17:00:28.471+0530: 8.400: Total time for which application threads were stopped: 0.0003497 seconds, Stopping threads took: 0.0000645 seconds
2019-10-31T17:00:29.472+0530: 9.400: Total time for which application threads were stopped: 0.0003738 seconds, Stopping threads took: 0.0000804 seconds
2019-10-31T17:00:30.018+0530: 9.946: Total time for which application threads were stopped: 0.0003837 seconds, Stopping threads took: 0.0000797 seconds
2019-10-31T17:00:30.123+0530: 10.051: Total time for which application threads were stopped: 0.0003540 seconds, Stopping threads took: 0.0000759 seconds
2019-10-31T17:00:31.123+0530: 11.052: Total time for which application threads were stopped: 0.0003648 seconds, Stopping threads took: 0.0000752 seconds
2019-10-31T17:00:31.467+0530: 11.395: Total time for which application threads were stopped: 0.0002338 seconds, Stopping threads took: 0.0000314 seconds
2019-10-31T17:00:31.564+0530: 11.492: Total time for which application threads were stopped: 0.0003508 seconds, Stopping threads took: 0.0000692 seconds
2019-10-31T17:00:32.564+0530: 12.493: Total time for which application threads were stopped: 0.0003255 seconds, Stopping threads took: 0.0000530 seconds
2019-10-31T17:00:32.671+0530: 12.599: Total time for which application threads were stopped: 0.0003631 seconds, Stopping threads took: 0.0000788 seconds
2019-10-31T17:00:32.815+0530: 12.744: Total time for which application threads were stopped: 0.0003557 seconds, Stopping threads took: 0.0000608 seconds
2019-10-31T17:00:33.816+0530: 13.744: Total time for which application threads were stopped: 0.0003526 seconds, Stopping threads took: 0.0000626 seconds
2019-10-31T17:00:34.015+0530: 13.943: Total time for which application threads were stopped: 0.0003473 seconds, Stopping threads took: 0.0000611 seconds
2019-10-31T17:00:34.117+0530: 14.046: Total time for which application threads were stopped: 0.0003508 seconds, Stopping threads took: 0.0000546 seconds
2019-10-31T17:00:35.026+0530: 14.955: Total time for which application threads were stopped: 0.0003497 seconds, Stopping threads took: 0.0000597 seconds
2019-10-31T17:00:35.109+0530: 15.038: Total time for which application threads were stopped: 0.0003647 seconds, Stopping threads took: 0.0000728 seconds
2019-10-31T17:00:36.057+0530: 15.986: Total time for which application threads were stopped: 0.0003596 seconds, Stopping threads took: 0.0000691 seconds
2019-10-31T17:00:36.131+0530: 16.060: Total time for which application threads were stopped: 0.0003597 seconds, Stopping threads took: 0.0000654 seconds
2019-10-31T17:00:37.081+0530: 17.009: Total time for which application threads were stopped: 0.0004214 seconds, Stopping threads took: 0.0000940 seconds
2019-10-31T17:00:37.120+0530: 17.049: Total time for which application threads were stopped: 0.0003593 seconds, Stopping threads took: 0.0000686 seconds
2019-10-31T17:00:38.004+0530: 17.932: Total time for which application threads were stopped: 0.0003843 seconds, Stopping threads took: 0.0000737 seconds
2019-10-31T17:00:38.110+0530: 18.038: Total time for which application threads were stopped: 0.0003611 seconds, Stopping threads took: 0.0000649 seconds
2019-10-31T17:00:38.772+0530: 18.700: Total time for which application threads were stopped: 0.0003833 seconds, Stopping threads took: 0.0000717 seconds
2019-10-31T17:00:38.773+0530: 18.702: Total time for which application threads were stopped: 0.0002920 seconds, Stopping threads took: 0.0000417 seconds
2019-10-31T17:00:39.652+0530: 19.580: Total time for which application threads were stopped: 0.0003681 seconds, Stopping threads took: 0.0000656 seconds
2019-10-31T17:00:39.653+0530: 19.581: Total time for which application threads were stopped: 0.0002941 seconds, Stopping threads took: 0.0000418 seconds
2019-10-31T17:00:40.321+0530: 20.250: Total time for which application threads were stopped: 0.0003833 seconds, Stopping threads took: 0.0000712 seconds
2019-10-31T17:00:40.451+0530: 20.380: Total time for which application threads were stopped: 0.0003859 seconds, Stopping threads took: 0.0000751 seconds
2019-10-31T17:00:41.194+0530: 21.122: Total time for which application threads were stopped: 0.0004028 seconds, Stopping threads took: 0.0000983 seconds
2019-10-31T17:00:41.195+0530: 21.124: Total time for which application threads were stopped: 0.0002676 seconds, Stopping threads took: 0.0000436 seconds
2019-10-31T17:00:41.864+0530: 21.793: Total time for which application threads were stopped: 0.0003883 seconds, Stopping threads took: 0.0000704 seconds
2019-10-31T17:00:41.871+0530: 21.800: Total time for which application threads were stopped: 0.0001510 seconds, Stopping threads took: 0.0000126 seconds
2019-10-31T17:00:42.548+0530: 22.477: Total time for which application threads were stopped: 0.0003504 seconds, Stopping threads took: 0.0000626 seconds
2019-10-31T17:00:42.637+0530: 22.565: Total time for which application threads were stopped: 0.0003809 seconds, Stopping threads took: 0.0000662 seconds
2019-10-31T17:00:43.256+0530: 23.185: Total time for which application threads were stopped: 0.0003717 seconds, Stopping threads took: 0.0000702 seconds
2019-10-31T17:00:43.314+0530: 23.242: Total time for which application threads were stopped: 0.0003782 seconds, Stopping threads took: 0.0000724 seconds
2019-10-31T17:00:43.880+0530: 23.808: Total time for which application threads were stopped: 0.0003722 seconds, Stopping threads took: 0.0000736 seconds
2019-10-31T17:00:43.937+0530: 23.865: Total time for which application threads were stopped: 0.0003872 seconds, Stopping threads took: 0.0000690 seconds
2019-10-31T17:00:44.275+0530: 24.203: [GC pause (G1 Evacuation Pause) (young), 0.0085054 secs]
   [Parallel Time: 5.4 ms, GC Workers: 8]
      [GC Worker Start (ms): Min: 24203.4, Avg: 24203.5, Max: 24203.5, Diff: 0.1]
      [Ext Root Scanning (ms): Min: 0.8, Avg: 1.0, Max: 1.5, Diff: 0.7, Sum: 7.7]
      [Update RS (ms): Min: 0.0, Avg: 0.2, Max: 0.5, Diff: 0.5, Sum: 1.6]
         [Processed Buffers: Min: 0, Avg: 3.1, Max: 10, Diff: 10, Sum: 25]
      [Scan RS (ms): Min: 0.0, Avg: 0.0, Max: 0.0, Diff: 0.0, Sum: 0.1]
      [Code Root Scanning (ms): Min: 0.0, Avg: 0.1, Max: 0.3, Diff: 0.3, Sum: 1.1]
      [Object Copy (ms): Min: 3.7, Avg: 3.9, Max: 4.0, Diff: 0.3, Sum: 31.2]
      [Termination (ms): Min: 0.0, Avg: 0.0, Max: 0.0, Diff: 0.0, Sum: 0.1]
         [Termination Attempts: Min: 1, Avg: 15.1, Max: 22, Diff: 21, Sum: 121]
      [GC Worker Other (ms): Min: 0.0, Avg: 0.0, Max: 0.1, Diff: 0.1, Sum: 0.3]
      [GC Worker Total (ms): Min: 5.2, Avg: 5.3, Max: 5.3, Diff: 0.1, Sum: 42.1]
      [GC Worker End (ms): Min: 24208.7, Avg: 24208.7, Max: 24208.8, Diff: 0.1]
   [Code Root Fixup: 0.2 ms]
   [Code Root Purge: 0.0 ms]
   [Clear CT: 0.2 ms]
   [Other: 2.7 ms]
      [Choose CSet: 0.0 ms]
      [Ref Proc: 1.9 ms]
      [Ref Enq: 0.0 ms]
      [Redirty Cards: 0.1 ms]
      [Humongous Register: 0.1 ms]
      [Humongous Reclaim: 0.0 ms]
      [Free CSet: 0.1 ms]
   [Eden: 256.0M(256.0M)->0.0B(246.0M) Survivors: 0.0B->10.0M Heap: 264.7M(4096.0M)->18.7M(4096.0M)]
 [Times: user=0.04 sys=0.00, real=0.00 secs] 
2019-10-31T17:00:44.283+0530: 24.212: Total time for which application threads were stopped: 0.0090741 seconds, Stopping threads took: 0.0000830 seconds
2019-10-31T17:00:44.284+0530: 24.213: Total time for which application threads were stopped: 0.0003666 seconds, Stopping threads took: 0.0001002 seconds
2019-10-31T17:00:44.285+0530: 24.213: Total time for which application threads were stopped: 0.0001824 seconds, Stopping threads took: 0.0000553 seconds
2019-10-31T17:00:44.285+0530: 24.213: Total time for which application threads were stopped: 0.0001917 seconds, Stopping threads took: 0.0000727 seconds
2019-10-31T17:00:44.285+0530: 24.214: Total time for which application threads were stopped: 0.0001452 seconds, Stopping threads took: 0.0000388 seconds
2019-10-31T17:00:44.285+0530: 24.214: Total time for which application threads were stopped: 0.0001746 seconds, Stopping threads took: 0.0000685 seconds
2019-10-31T17:00:44.286+0530: 24.214: Total time for which application threads were stopped: 0.0001601 seconds, Stopping threads took: 0.0000549 seconds
2019-10-31T17:00:44.286+0530: 24.214: Total time for which application threads were stopped: 0.0001757 seconds, Stopping threads took: 0.0000689 seconds
2019-10-31T17:00:44.286+0530: 24.214: Total time for which application threads were stopped: 0.0001335 seconds, Stopping threads took: 0.0000297 seconds
2019-10-31T17:00:44.286+0530: 24.215: Total time for which application threads were stopped: 0.0001423 seconds, Stopping threads took: 0.0000370 seconds
2019-10-31T17:00:44.286+0530: 24.215: Total time for which application threads were stopped: 0.0001499 seconds, Stopping threads took: 0.0000490 seconds
2019-10-31T17:00:44.287+0530: 24.215: Total time for which application threads were stopped: 0.0001599 seconds, Stopping threads took: 0.0000603 seconds
2019-10-31T17:00:44.287+0530: 24.215: Total time for which application threads were stopped: 0.0001395 seconds, Stopping threads took: 0.0000407 seconds
2019-10-31T17:00:44.287+0530: 24.215: Total time for which application threads were stopped: 0.0001632 seconds, Stopping threads took: 0.0000617 seconds
2019-10-31T17:00:44.287+0530: 24.216: Total time for which application threads were stopped: 0.0001559 seconds, Stopping threads took: 0.0000569 seconds
2019-10-31T17:00:44.287+0530: 24.216: Total time for which application threads were stopped: 0.0001336 seconds, Stopping threads took: 0.0000355 seconds
2019-10-31T17:00:44.287+0530: 24.216: Total time for which application threads were stopped: 0.0001458 seconds, Stopping threads took: 0.0000435 seconds
2019-10-31T17:00:44.288+0530: 24.216: Total time for which application threads were stopped: 0.0001590 seconds, Stopping threads took: 0.0000572 seconds
2019-10-31T17:00:44.288+0530: 24.216: Total time for which application threads were stopped: 0.0001550 seconds, Stopping threads took: 0.0000561 seconds
2019-10-31T17:00:44.288+0530: 24.216: Total time for which application threads were stopped: 0.0001480 seconds, Stopping threads took: 0.0000496 seconds
2019-10-31T17:00:44.289+0530: 24.217: Total time for which application threads were stopped: 0.0007368 seconds, Stopping threads took: 0.0000543 seconds
2019-10-31T17:00:44.534+0530: 24.463: Total time for which application threads were stopped: 0.0004071 seconds, Stopping threads took: 0.0000687 seconds
2019-10-31T17:00:44.535+0530: 24.463: Total time for which application threads were stopped: 0.0001491 seconds, Stopping threads took: 0.0000118 seconds
2019-10-31T17:00:45.191+0530: 25.119: Total time for which application threads were stopped: 0.0003848 seconds, Stopping threads took: 0.0000733 seconds
2019-10-31T17:00:45.291+0530: 25.220: Total time for which application threads were stopped: 0.0010014 seconds, Stopping threads took: 0.0000796 seconds
2019-10-31T17:00:45.337+0530: 25.265: Total time for which application threads were stopped: 0.0003877 seconds, Stopping threads took: 0.0000620 seconds
2019-10-31T17:00:45.831+0530: 25.760: Total time for which application threads were stopped: 0.0010421 seconds, Stopping threads took: 0.0000623 seconds
2019-10-31T17:00:45.877+0530: 25.805: Total time for which application threads were stopped: 0.0003682 seconds, Stopping threads took: 0.0000621 seconds
2019-10-31T17:00:46.415+0530: 26.343: Total time for which application threads were stopped: 0.0003655 seconds, Stopping threads took: 0.0000661 seconds
2019-10-31T17:00:46.459+0530: 26.387: Total time for which application threads were stopped: 0.0001963 seconds, Stopping threads took: 0.0000173 seconds
2019-10-31T17:00:46.973+0530: 26.902: Total time for which application threads were stopped: 0.0003822 seconds, Stopping threads took: 0.0000858 seconds
2019-10-31T17:00:47.000+0530: 26.928: Total time for which application threads were stopped: 0.0003500 seconds, Stopping threads took: 0.0000634 seconds
2019-10-31T17:00:47.470+0530: 27.398: Total time for which application threads were stopped: 0.0003685 seconds, Stopping threads took: 0.0000790 seconds
2019-10-31T17:00:47.555+0530: 27.483: Total time for which application threads were stopped: 0.0003436 seconds, Stopping threads took: 0.0000631 seconds
2019-10-31T17:00:48.051+0530: 27.980: Total time for which application threads were stopped: 0.0003471 seconds, Stopping threads took: 0.0000677 seconds
2019-10-31T17:00:48.085+0530: 28.013: Total time for which application threads were stopped: 0.0001791 seconds, Stopping threads took: 0.0000155 seconds
2019-10-31T17:00:48.646+0530: 28.575: Total time for which application threads were stopped: 0.0003696 seconds, Stopping threads took: 0.0000705 seconds
2019-10-31T17:00:48.648+0530: 28.577: Total time for which application threads were stopped: 0.0001246 seconds, Stopping threads took: 0.0000105 seconds
2019-10-31T17:00:49.179+0530: 29.107: Total time for which application threads were stopped: 0.0003614 seconds, Stopping threads took: 0.0000614 seconds
2019-10-31T17:00:49.179+0530: 29.108: Total time for which application threads were stopped: 0.0002699 seconds, Stopping threads took: 0.0000458 seconds
2019-10-31T17:00:49.681+0530: 29.609: Total time for which application threads were stopped: 0.0003741 seconds, Stopping threads took: 0.0000621 seconds
2019-10-31T17:00:49.722+0530: 29.651: Total time for which application threads were stopped: 0.0003700 seconds, Stopping threads took: 0.0000945 seconds
2019-10-31T17:00:50.197+0530: 30.126: Total time for which application threads were stopped: 0.0003970 seconds, Stopping threads took: 0.0000904 seconds
2019-10-31T17:00:50.317+0530: 30.245: Total time for which application threads were stopped: 0.0003449 seconds, Stopping threads took: 0.0000613 seconds
2019-10-31T17:00:50.730+0530: 30.658: Total time for which application threads were stopped: 0.0003598 seconds, Stopping threads took: 0.0000695 seconds
2019-10-31T17:00:50.730+0530: 30.658: Total time for which application threads were stopped: 0.0001260 seconds, Stopping threads took: 0.0000148 seconds
2019-10-31T17:00:51.512+0530: 31.440: Total time for which application threads were stopped: 0.0003992 seconds, Stopping threads took: 0.0000719 seconds
2019-10-31T17:00:51.526+0530: 31.455: Total time for which application threads were stopped: 0.0003308 seconds, Stopping threads took: 0.0000524 seconds
2019-10-31T17:00:52.032+0530: 31.961: Total time for which application threads were stopped: 0.0003958 seconds, Stopping threads took: 0.0000672 seconds
2019-10-31T17:00:52.033+0530: 31.962: Total time for which application threads were stopped: 0.0002835 seconds, Stopping threads took: 0.0000494 seconds
2019-10-31T17:00:52.231+0530: 32.159: Total time for which application threads were stopped: 0.0003572 seconds, Stopping threads took: 0.0000590 seconds
2019-10-31T17:00:52.448+0530: 32.376: Total time for which application threads were stopped: 0.0002957 seconds, Stopping threads took: 0.0000682 seconds
2019-10-31T17:00:52.995+0530: 32.923: Total time for which application threads were stopped: 0.0003471 seconds, Stopping threads took: 0.0000621 seconds
2019-10-31T17:00:53.165+0530: 33.093: Total time for which application threads were stopped: 0.0004597 seconds, Stopping threads took: 0.0001096 seconds
2019-10-31T17:00:53.447+0530: 33.375: Total time for which application threads were stopped: 0.0003576 seconds, Stopping threads took: 0.0000715 seconds
2019-10-31T17:00:53.673+0530: 33.601: Total time for which application threads were stopped: 0.0003774 seconds, Stopping threads took: 0.0000642 seconds
2019-10-31T17:00:53.692+0530: 33.621: Total time for which application threads were stopped: 0.0003658 seconds, Stopping threads took: 0.0000612 seconds
2019-10-31T17:00:53.708+0530: 33.636: Total time for which application threads were stopped: 0.0003675 seconds, Stopping threads took: 0.0000587 seconds
2019-10-31T17:00:54.227+0530: 34.155: Total time for which application threads were stopped: 0.0003890 seconds, Stopping threads took: 0.0000771 seconds
2019-10-31T17:00:54.227+0530: 34.156: Total time for which application threads were stopped: 0.0001629 seconds, Stopping threads took: 0.0000170 seconds
2019-10-31T17:00:54.757+0530: 34.686: Total time for which application threads were stopped: 0.0003891 seconds, Stopping threads took: 0.0000718 seconds
2019-10-31T17:00:54.758+0530: 34.686: Total time for which application threads were stopped: 0.0001365 seconds, Stopping threads took: 0.0000171 seconds
2019-10-31T17:00:55.230+0530: 35.158: Total time for which application threads were stopped: 0.0003785 seconds, Stopping threads took: 0.0000972 seconds
2019-10-31T17:00:55.251+0530: 35.179: Total time for which application threads were stopped: 0.0009486 seconds, Stopping threads took: 0.0000625 seconds
2019-10-31T17:00:56.051+0530: 35.980: Total time for which application threads were stopped: 0.0004114 seconds, Stopping threads took: 0.0000660 seconds
2019-10-31T17:00:56.445+0530: 36.374: Total time for which application threads were stopped: 0.0009914 seconds, Stopping threads took: 0.0000721 seconds
2019-10-31T17:00:57.445+0530: 37.374: Total time for which application threads were stopped: 0.0003517 seconds, Stopping threads took: 0.0000739 seconds
2019-10-31T17:00:58.446+0530: 38.374: Total time for which application threads were stopped: 0.0003568 seconds, Stopping threads took: 0.0000710 seconds
2019-10-31T17:00:59.446+0530: 39.375: Total time for which application threads were stopped: 0.0003614 seconds, Stopping threads took: 0.0000820 seconds
2019-10-31T17:01:00.447+0530: 40.375: Total time for which application threads were stopped: 0.0003355 seconds, Stopping threads took: 0.0000644 seconds
2019-10-31T17:01:01.447+0530: 41.376: Total time for which application threads were stopped: 0.0003464 seconds, Stopping threads took: 0.0000698 seconds
2019-10-31T17:01:03.448+0530: 43.376: Total time for which application threads were stopped: 0.0003523 seconds, Stopping threads took: 0.0000705 seconds
2019-10-31T17:01:04.448+0530: 44.377: Total time for which application threads were stopped: 0.0003673 seconds, Stopping threads took: 0.0000714 seconds
2019-10-31T17:01:05.449+0530: 45.377: Total time for which application threads were stopped: 0.0004013 seconds, Stopping threads took: 0.0000689 seconds
2019-10-31T17:01:06.449+0530: 46.378: Total time for which application threads were stopped: 0.0003665 seconds, Stopping threads took: 0.0000864 seconds
2019-10-31T17:01:08.450+0530: 48.378: Total time for which application threads were stopped: 0.0003515 seconds, Stopping threads took: 0.0000708 seconds
2019-10-31T17:01:15.450+0530: 55.379: Total time for which application threads were stopped: 0.0003462 seconds, Stopping threads took: 0.0000681 seconds
2019-10-31T17:01:16.451+0530: 56.379: Total time for which application threads were stopped: 0.0003980 seconds, Stopping threads took: 0.0000709 seconds
2019-10-31T17:01:21.452+0530: 61.380: Total time for which application threads were stopped: 0.0003388 seconds, Stopping threads took: 0.0000664 seconds
2019-10-31T17:01:22.452+0530: 62.380: Total time for which application threads were stopped: 0.0003471 seconds, Stopping threads took: 0.0000705 seconds
2019-10-31T17:01:24.452+0530: 64.381: Total time for which application threads were stopped: 0.0003714 seconds, Stopping threads took: 0.0000693 seconds
2019-10-31T17:01:25.453+0530: 65.381: Total time for which application threads were stopped: 0.0003737 seconds, Stopping threads took: 0.0000678 seconds
2019-10-31T17:01:27.453+0530: 67.382: Total time for which application threads were stopped: 0.0003568 seconds, Stopping threads took: 0.0000705 seconds
2019-10-31T17:01:28.454+0530: 68.382: Total time for which application threads were stopped: 0.0004239 seconds, Stopping threads took: 0.0000712 seconds
2019-10-31T17:01:28.482+0530: 68.410: [GC pause (G1 Evacuation Pause) (young), 0.0123702 secs]
   [Parallel Time: 5.5 ms, GC Workers: 8]
      [GC Worker Start (ms): Min: 68410.2, Avg: 68410.2, Max: 68410.3, Diff: 0.1]
      [Ext Root Scanning (ms): Min: 0.5, Avg: 0.5, Max: 0.8, Diff: 0.3, Sum: 4.3]
      [Update RS (ms): Min: 0.0, Avg: 0.1, Max: 0.4, Diff: 0.4, Sum: 1.0]
         [Processed Buffers: Min: 1, Avg: 2.8, Max: 8, Diff: 7, Sum: 22]
      [Scan RS (ms): Min: 0.0, Avg: 0.0, Max: 0.1, Diff: 0.1, Sum: 0.1]
      [Code Root Scanning (ms): Min: 0.0, Avg: 0.3, Max: 0.5, Diff: 0.5, Sum: 2.5]
      [Object Copy (ms): Min: 4.0, Avg: 4.3, Max: 4.7, Diff: 0.6, Sum: 34.5]
      [Termination (ms): Min: 0.0, Avg: 0.0, Max: 0.0, Diff: 0.0, Sum: 0.2]
         [Termination Attempts: Min: 1, Avg: 1.0, Max: 1, Diff: 0, Sum: 8]
      [GC Worker Other (ms): Min: 0.0, Avg: 0.0, Max: 0.0, Diff: 0.0, Sum: 0.2]
      [GC Worker Total (ms): Min: 5.3, Avg: 5.3, Max: 5.4, Diff: 0.1, Sum: 42.7]
      [GC Worker End (ms): Min: 68415.6, Avg: 68415.6, Max: 68415.6, Diff: 0.0]
   [Code Root Fixup: 0.5 ms]
   [Code Root Purge: 0.0 ms]
   [Clear CT: 0.2 ms]
   [Other: 6.2 ms]
      [Choose CSet: 0.0 ms]
      [Ref Proc: 5.5 ms]
      [Ref Enq: 0.0 ms]
      [Redirty Cards: 0.1 ms]
      [Humongous Register: 0.1 ms]
      [Humongous Reclaim: 0.0 ms]
      [Free CSet: 0.1 ms]
   [Eden: 246.0M(246.0M)->0.0B(238.0M) Survivors: 10.0M->18.0M Heap: 264.7M(4096.0M)->25.7M(4096.0M)]
 [Times: user=0.05 sys=0.01, real=0.02 secs] 
2019-10-31T17:01:28.494+0530: 68.423: Total time for which application threads were stopped: 0.0129900 seconds, Stopping threads took: 0.0000697 seconds
2019-10-31T17:01:28.495+0530: 68.423: Total time for which application threads were stopped: 0.0004721 seconds, Stopping threads took: 0.0001070 seconds
2019-10-31T17:01:28.496+0530: 68.424: Total time for which application threads were stopped: 0.0004317 seconds, Stopping threads took: 0.0000984 seconds
2019-10-31T17:01:28.496+0530: 68.425: Total time for which application threads were stopped: 0.0002583 seconds, Stopping threads took: 0.0000513 seconds
2019-10-31T17:01:28.496+0530: 68.425: Total time for which application threads were stopped: 0.0002812 seconds, Stopping threads took: 0.0000918 seconds
2019-10-31T17:01:28.497+0530: 68.425: Total time for which application threads were stopped: 0.0002130 seconds, Stopping threads took: 0.0000544 seconds
2019-10-31T17:01:28.497+0530: 68.425: Total time for which application threads were stopped: 0.0002329 seconds, Stopping threads took: 0.0000373 seconds
2019-10-31T17:01:28.497+0530: 68.426: Total time for which application threads were stopped: 0.0002196 seconds, Stopping threads took: 0.0000487 seconds
2019-10-31T17:01:28.497+0530: 68.426: Total time for which application threads were stopped: 0.0002106 seconds, Stopping threads took: 0.0000500 seconds
2019-10-31T17:01:28.498+0530: 68.426: Total time for which application threads were stopped: 0.0002232 seconds, Stopping threads took: 0.0000541 seconds
2019-10-31T17:01:28.498+0530: 68.426: Total time for which application threads were stopped: 0.0002048 seconds, Stopping threads took: 0.0000506 seconds
2019-10-31T17:01:28.498+0530: 68.427: Total time for which application threads were stopped: 0.0001857 seconds, Stopping threads took: 0.0000294 seconds
2019-10-31T17:01:28.498+0530: 68.427: Total time for which application threads were stopped: 0.0002096 seconds, Stopping threads took: 0.0000489 seconds
2019-10-31T17:01:28.499+0530: 68.427: Total time for which application threads were stopped: 0.0001957 seconds, Stopping threads took: 0.0000469 seconds
2019-10-31T17:01:28.499+0530: 68.427: Total time for which application threads were stopped: 0.0002100 seconds, Stopping threads took: 0.0000577 seconds
2019-10-31T17:01:28.499+0530: 68.428: Total time for which application threads were stopped: 0.0002078 seconds, Stopping threads took: 0.0000571 seconds
2019-10-31T17:01:28.499+0530: 68.428: Total time for which application threads were stopped: 0.0001862 seconds, Stopping threads took: 0.0000370 seconds
2019-10-31T17:01:28.500+0530: 68.428: Total time for which application threads were stopped: 0.0001962 seconds, Stopping threads took: 0.0000455 seconds
2019-10-31T17:01:28.500+0530: 68.428: Total time for which application threads were stopped: 0.0002151 seconds, Stopping threads took: 0.0000542 seconds
2019-10-31T17:01:28.500+0530: 68.429: Total time for which application threads were stopped: 0.0002137 seconds, Stopping threads took: 0.0000613 seconds
2019-10-31T17:01:28.501+0530: 68.430: Total time for which application threads were stopped: 0.0010993 seconds, Stopping threads took: 0.0000365 seconds
2019-10-31T17:01:29.502+0530: 69.430: Total time for which application threads were stopped: 0.0003614 seconds, Stopping threads took: 0.0000718 seconds
2019-10-31T17:01:30.502+0530: 70.431: Total time for which application threads were stopped: 0.0003856 seconds, Stopping threads took: 0.0000944 seconds
2019-10-31T17:01:35.503+0530: 75.431: Total time for which application threads were stopped: 0.0004569 seconds, Stopping threads took: 0.0000654 seconds
2019-10-31T17:01:36.503+0530: 76.432: Total time for which application threads were stopped: 0.0003762 seconds, Stopping threads took: 0.0000915 seconds
2019-10-31T17:01:37.504+0530: 77.432: Total time for which application threads were stopped: 0.0003895 seconds, Stopping threads took: 0.0000964 seconds
2019-10-31T17:01:38.504+0530: 78.433: Total time for which application threads were stopped: 0.0004655 seconds, Stopping threads took: 0.0001105 seconds
2019-10-31T17:01:39.505+0530: 79.434: Total time for which application threads were stopped: 0.0005528 seconds, Stopping threads took: 0.0001139 seconds
2019-10-31T17:01:40.506+0530: 80.434: Total time for which application threads were stopped: 0.0005532 seconds, Stopping threads took: 0.0001253 seconds
2019-10-31T17:01:41.506+0530: 81.435: Total time for which application threads were stopped: 0.0003746 seconds, Stopping threads took: 0.0000653 seconds
2019-10-31T17:01:42.507+0530: 82.435: Total time for which application threads were stopped: 0.0003876 seconds, Stopping threads took: 0.0001075 seconds
2019-10-31T17:01:43.507+0530: 83.436: Total time for which application threads were stopped: 0.0003585 seconds, Stopping threads took: 0.0001005 seconds
2019-10-31T17:01:44.508+0530: 84.436: Total time for which application threads were stopped: 0.0003868 seconds, Stopping threads took: 0.0001053 seconds
2019-10-31T17:01:45.508+0530: 85.436: Total time for which application threads were stopped: 0.0003836 seconds, Stopping threads took: 0.0000727 seconds
2019-10-31T17:01:46.508+0530: 86.437: Total time for which application threads were stopped: 0.0003791 seconds, Stopping threads took: 0.0000716 seconds
2019-10-31T17:01:47.509+0530: 87.438: Total time for which application threads were stopped: 0.0005281 seconds, Stopping threads took: 0.0001070 seconds
2019-10-31T17:01:48.509+0530: 88.438: Total time for which application threads were stopped: 0.0003691 seconds, Stopping threads took: 0.0000811 seconds
2019-10-31T17:01:51.510+0530: 91.438: Total time for which application threads were stopped: 0.0003374 seconds, Stopping threads took: 0.0000577 seconds
2019-10-31T17:01:53.511+0530: 93.439: Total time for which application threads were stopped: 0.0004422 seconds, Stopping threads took: 0.0000889 seconds
2019-10-31T17:01:55.411+0530: 95.340: [GC pause (G1 Evacuation Pause) (young), 0.0113637 secs]
   [Parallel Time: 5.3 ms, GC Workers: 8]
      [GC Worker Start (ms): Min: 95340.1, Avg: 95340.1, Max: 95340.2, Diff: 0.1]
      [Ext Root Scanning (ms): Min: 0.4, Avg: 0.5, Max: 0.8, Diff: 0.4, Sum: 3.9]
      [Update RS (ms): Min: 0.0, Avg: 0.1, Max: 0.4, Diff: 0.4, Sum: 0.9]
         [Processed Buffers: Min: 0, Avg: 1.8, Max: 4, Diff: 4, Sum: 14]
      [Scan RS (ms): Min: 0.0, Avg: 0.0, Max: 0.1, Diff: 0.1, Sum: 0.2]
      [Code Root Scanning (ms): Min: 0.0, Avg: 0.4, Max: 0.9, Diff: 0.9, Sum: 3.0]
      [Object Copy (ms): Min: 3.7, Avg: 4.1, Max: 4.5, Diff: 0.8, Sum: 32.5]
      [Termination (ms): Min: 0.0, Avg: 0.0, Max: 0.0, Diff: 0.0, Sum: 0.0]
         [Termination Attempts: Min: 1, Avg: 1.0, Max: 1, Diff: 0, Sum: 8]
      [GC Worker Other (ms): Min: 0.0, Avg: 0.0, Max: 0.1, Diff: 0.1, Sum: 0.3]
      [GC Worker Total (ms): Min: 5.1, Avg: 5.1, Max: 5.1, Diff: 0.1, Sum: 40.8]
      [GC Worker End (ms): Min: 95345.2, Avg: 95345.2, Max: 95345.3, Diff: 0.1]
   [Code Root Fixup: 0.5 ms]
   [Code Root Purge: 0.0 ms]
   [Clear CT: 0.2 ms]
   [Other: 5.4 ms]
      [Choose CSet: 0.0 ms]
      [Ref Proc: 4.7 ms]
      [Ref Enq: 0.0 ms]
      [Redirty Cards: 0.1 ms]
      [Humongous Register: 0.1 ms]
      [Humongous Reclaim: 0.0 ms]
      [Free CSet: 0.1 ms]
   [Eden: 238.0M(238.0M)->0.0B(238.0M) Survivors: 18.0M->18.0M Heap: 263.7M(4096.0M)->25.7M(4096.0M)]
 [Times: user=0.02 sys=0.03, real=0.01 secs] 
2019-10-31T17:01:55.423+0530: 95.351: Total time for which application threads were stopped: 0.0118970 seconds, Stopping threads took: 0.0000631 seconds
2019-10-31T17:01:55.424+0530: 95.352: Total time for which application threads were stopped: 0.0004041 seconds, Stopping threads took: 0.0000842 seconds
2019-10-31T17:01:55.424+0530: 95.353: Total time for which application threads were stopped: 0.0003783 seconds, Stopping threads took: 0.0001238 seconds
2019-10-31T17:01:55.425+0530: 95.353: Total time for which application threads were stopped: 0.0002008 seconds, Stopping threads took: 0.0000489 seconds
2019-10-31T17:01:55.425+0530: 95.353: Total time for which application threads were stopped: 0.0002943 seconds, Stopping threads took: 0.0000703 seconds
2019-10-31T17:01:55.425+0530: 95.354: Total time for which application threads were stopped: 0.0001520 seconds, Stopping threads took: 0.0000145 seconds
2019-10-31T17:01:55.425+0530: 95.354: Total time for which application threads were stopped: 0.0001455 seconds, Stopping threads took: 0.0000176 seconds
2019-10-31T17:01:55.425+0530: 95.354: Total time for which application threads were stopped: 0.0001547 seconds, Stopping threads took: 0.0000137 seconds
2019-10-31T17:01:55.426+0530: 95.354: Total time for which application threads were stopped: 0.0002168 seconds, Stopping threads took: 0.0000495 seconds
2019-10-31T17:01:55.426+0530: 95.355: Total time for which application threads were stopped: 0.0002358 seconds, Stopping threads took: 0.0000430 seconds
2019-10-31T17:01:55.426+0530: 95.355: Total time for which application threads were stopped: 0.0002117 seconds, Stopping threads took: 0.0000378 seconds
2019-10-31T17:01:55.427+0530: 95.355: Total time for which application threads were stopped: 0.0002111 seconds, Stopping threads took: 0.0000470 seconds
2019-10-31T17:01:55.427+0530: 95.355: Total time for which application threads were stopped: 0.0001952 seconds, Stopping threads took: 0.0000417 seconds
2019-10-31T17:01:55.427+0530: 95.356: Total time for which application threads were stopped: 0.0002369 seconds, Stopping threads took: 0.0000722 seconds
2019-10-31T17:01:55.427+0530: 95.356: Total time for which application threads were stopped: 0.0001862 seconds, Stopping threads took: 0.0000451 seconds
2019-10-31T17:01:55.428+0530: 95.356: Total time for which application threads were stopped: 0.0001681 seconds, Stopping threads took: 0.0000259 seconds
2019-10-31T17:01:55.428+0530: 95.356: Total time for which application threads were stopped: 0.0001553 seconds, Stopping threads took: 0.0000170 seconds
2019-10-31T17:01:55.428+0530: 95.357: Total time for which application threads were stopped: 0.0001626 seconds, Stopping threads took: 0.0000278 seconds
2019-10-31T17:01:55.428+0530: 95.357: Total time for which application threads were stopped: 0.0001457 seconds, Stopping threads took: 0.0000140 seconds
2019-10-31T17:01:55.428+0530: 95.357: Total time for which application threads were stopped: 0.0001833 seconds, Stopping threads took: 0.0000467 seconds
2019-10-31T17:01:55.430+0530: 95.358: Total time for which application threads were stopped: 0.0015083 seconds, Stopping threads took: 0.0000312 seconds
2019-10-31T17:01:56.431+0530: 96.359: Total time for which application threads were stopped: 0.0004503 seconds, Stopping threads took: 0.0000666 seconds
2019-10-31T17:01:58.431+0530: 98.359: Total time for which application threads were stopped: 0.0003355 seconds, Stopping threads took: 0.0000636 seconds
2019-10-31T17:01:59.431+0530: 99.360: Total time for which application threads were stopped: 0.0004321 seconds, Stopping threads took: 0.0000702 seconds
2019-10-31T17:02:02.432+0530: 102.361: Total time for which application threads were stopped: 0.0004029 seconds, Stopping threads took: 0.0000634 seconds
2019-10-31T17:02:03.433+0530: 103.361: Total time for which application threads were stopped: 0.0003854 seconds, Stopping threads took: 0.0000642 seconds
2019-10-31T17:02:08.433+0530: 108.362: Total time for which application threads were stopped: 0.0004428 seconds, Stopping threads took: 0.0000723 seconds
2019-10-31T17:02:10.434+0530: 110.362: Total time for which application threads were stopped: 0.0003558 seconds, Stopping threads took: 0.0000554 seconds
2019-10-31T17:02:13.435+0530: 113.363: Total time for which application threads were stopped: 0.0004278 seconds, Stopping threads took: 0.0000676 seconds
2019-10-31T17:02:17.812+0530: 117.740: [GC pause (G1 Evacuation Pause) (young), 0.0112377 secs]
   [Parallel Time: 5.2 ms, GC Workers: 8]
      [GC Worker Start (ms): Min: 117740.5, Avg: 117740.6, Max: 117740.6, Diff: 0.1]
      [Ext Root Scanning (ms): Min: 0.4, Avg: 0.5, Max: 0.8, Diff: 0.4, Sum: 3.8]
      [Update RS (ms): Min: 0.0, Avg: 0.1, Max: 0.4, Diff: 0.4, Sum: 1.1]
         [Processed Buffers: Min: 0, Avg: 1.4, Max: 4, Diff: 4, Sum: 11]
      [Scan RS (ms): Min: 0.0, Avg: 0.0, Max: 0.1, Diff: 0.1, Sum: 0.2]
      [Code Root Scanning (ms): Min: 0.0, Avg: 0.3, Max: 0.5, Diff: 0.5, Sum: 2.1]
      [Object Copy (ms): Min: 3.8, Avg: 4.1, Max: 4.4, Diff: 0.6, Sum: 32.7]
      [Termination (ms): Min: 0.0, Avg: 0.0, Max: 0.0, Diff: 0.0, Sum: 0.0]
         [Termination Attempts: Min: 1, Avg: 1.0, Max: 1, Diff: 0, Sum: 8]
      [GC Worker Other (ms): Min: 0.0, Avg: 0.0, Max: 0.1, Diff: 0.1, Sum: 0.3]
      [GC Worker Total (ms): Min: 5.0, Avg: 5.0, Max: 5.1, Diff: 0.1, Sum: 40.3]
      [GC Worker End (ms): Min: 117745.6, Avg: 117745.6, Max: 117745.7, Diff: 0.1]
   [Code Root Fixup: 0.4 ms]
   [Code Root Purge: 0.0 ms]
   [Clear CT: 0.2 ms]
   [Other: 5.4 ms]
      [Choose CSet: 0.0 ms]
      [Ref Proc: 4.7 ms]
      [Ref Enq: 0.0 ms]
      [Redirty Cards: 0.1 ms]
      [Humongous Register: 0.1 ms]
      [Humongous Reclaim: 0.0 ms]
      [Free CSet: 0.1 ms]
   [Eden: 238.0M(238.0M)->0.0B(238.0M) Survivors: 18.0M->18.0M Heap: 263.7M(4096.0M)->25.7M(4096.0M)]
 [Times: user=0.05 sys=0.00, real=0.01 secs] 
2019-10-31T17:02:17.823+0530: 117.752: Total time for which application threads were stopped: 0.0117702 seconds, Stopping threads took: 0.0000582 seconds
2019-10-31T17:02:17.824+0530: 117.752: Total time for which application threads were stopped: 0.0003027 seconds, Stopping threads took: 0.0000280 seconds
2019-10-31T17:02:17.824+0530: 117.752: Total time for which application threads were stopped: 0.0001566 seconds, Stopping threads took: 0.0000190 seconds
2019-10-31T17:02:17.824+0530: 117.752: Total time for which application threads were stopped: 0.0001225 seconds, Stopping threads took: 0.0000098 seconds
2019-10-31T17:02:17.824+0530: 117.753: Total time for which application threads were stopped: 0.0001460 seconds, Stopping threads took: 0.0000377 seconds
2019-10-31T17:02:17.824+0530: 117.753: Total time for which application threads were stopped: 0.0001165 seconds, Stopping threads took: 0.0000128 seconds
2019-10-31T17:02:17.824+0530: 117.753: Total time for which application threads were stopped: 0.0001212 seconds, Stopping threads took: 0.0000160 seconds
2019-10-31T17:02:17.825+0530: 117.753: Total time for which application threads were stopped: 0.0001291 seconds, Stopping threads took: 0.0000259 seconds
2019-10-31T17:02:17.825+0530: 117.753: Total time for which application threads were stopped: 0.0001332 seconds, Stopping threads took: 0.0000092 seconds
2019-10-31T17:02:17.825+0530: 117.753: Total time for which application threads were stopped: 0.0001127 seconds, Stopping threads took: 0.0000089 seconds
2019-10-31T17:02:17.825+0530: 117.754: Total time for which application threads were stopped: 0.0001103 seconds, Stopping threads took: 0.0000091 seconds
2019-10-31T17:02:17.825+0530: 117.754: Total time for which application threads were stopped: 0.0001098 seconds, Stopping threads took: 0.0000089 seconds
2019-10-31T17:02:17.825+0530: 117.754: Total time for which application threads were stopped: 0.0001093 seconds, Stopping threads took: 0.0000090 seconds
2019-10-31T17:02:17.825+0530: 117.754: Total time for which application threads were stopped: 0.0001100 seconds, Stopping threads took: 0.0000089 seconds
2019-10-31T17:02:17.826+0530: 117.754: Total time for which application threads were stopped: 0.0001090 seconds, Stopping threads took: 0.0000088 seconds
2019-10-31T17:02:17.826+0530: 117.754: Total time for which application threads were stopped: 0.0001100 seconds, Stopping threads took: 0.0000089 seconds
2019-10-31T17:02:17.826+0530: 117.754: Total time for which application threads were stopped: 0.0001093 seconds, Stopping threads took: 0.0000090 seconds
2019-10-31T17:02:17.826+0530: 117.754: Total time for which application threads were stopped: 0.0001102 seconds, Stopping threads took: 0.0000092 seconds
2019-10-31T17:02:17.826+0530: 117.755: Total time for which application threads were stopped: 0.0001105 seconds, Stopping threads took: 0.0000088 seconds
2019-10-31T17:02:17.826+0530: 117.755: Total time for which application threads were stopped: 0.0001100 seconds, Stopping threads took: 0.0000090 seconds
2019-10-31T17:02:17.828+0530: 117.756: Total time for which application threads were stopped: 0.0014016 seconds, Stopping threads took: 0.0000092 seconds
2019-10-31T17:02:30.829+0530: 130.758: Total time for which application threads were stopped: 0.0004380 seconds, Stopping threads took: 0.0000607 seconds
2019-10-31T17:02:39.088+0530: 139.016: [GC pause (G1 Evacuation Pause) (young), 0.0113446 secs]
   [Parallel Time: 5.5 ms, GC Workers: 8]
      [GC Worker Start (ms): Min: 139016.6, Avg: 139016.6, Max: 139016.7, Diff: 0.1]
      [Ext Root Scanning (ms): Min: 0.4, Avg: 0.5, Max: 0.8, Diff: 0.3, Sum: 4.3]
      [Update RS (ms): Min: 0.0, Avg: 0.1, Max: 0.4, Diff: 0.4, Sum: 1.0]
         [Processed Buffers: Min: 0, Avg: 1.2, Max: 3, Diff: 3, Sum: 10]
      [Scan RS (ms): Min: 0.0, Avg: 0.0, Max: 0.0, Diff: 0.0, Sum: 0.1]
      [Code Root Scanning (ms): Min: 0.0, Avg: 0.2, Max: 0.4, Diff: 0.4, Sum: 1.7]
      [Object Copy (ms): Min: 4.3, Avg: 4.4, Max: 4.7, Diff: 0.4, Sum: 35.4]
      [Termination (ms): Min: 0.0, Avg: 0.0, Max: 0.0, Diff: 0.0, Sum: 0.0]
         [Termination Attempts: Min: 1, Avg: 1.0, Max: 1, Diff: 0, Sum: 8]
      [GC Worker Other (ms): Min: 0.0, Avg: 0.0, Max: 0.1, Diff: 0.1, Sum: 0.2]
      [GC Worker Total (ms): Min: 5.3, Avg: 5.4, Max: 5.4, Diff: 0.1, Sum: 42.8]
      [GC Worker End (ms): Min: 139022.0, Avg: 139022.0, Max: 139022.0, Diff: 0.0]
   [Code Root Fixup: 0.3 ms]
   [Code Root Purge: 0.0 ms]
   [Clear CT: 0.2 ms]
   [Other: 5.3 ms]
      [Choose CSet: 0.0 ms]
      [Ref Proc: 4.6 ms]
      [Ref Enq: 0.0 ms]
      [Redirty Cards: 0.1 ms]
      [Humongous Register: 0.1 ms]
      [Humongous Reclaim: 0.0 ms]
      [Free CSet: 0.1 ms]
   [Eden: 238.0M(238.0M)->0.0B(238.0M) Survivors: 18.0M->18.0M Heap: 263.7M(4096.0M)->26.7M(4096.0M)]
 [Times: user=0.05 sys=0.00, real=0.01 secs] 
2019-10-31T17:02:39.099+0530: 139.028: Total time for which application threads were stopped: 0.0119928 seconds, Stopping threads took: 0.0000703 seconds
2019-10-31T17:02:45.100+0530: 145.029: Total time for which application threads were stopped: 0.0004911 seconds, Stopping threads took: 0.0000785 seconds
2019-10-31T17:02:57.204+0530: 157.133: [GC pause (G1 Evacuation Pause) (young), 0.0123828 secs]
   [Parallel Time: 5.8 ms, GC Workers: 8]
      [GC Worker Start (ms): Min: 157133.0, Avg: 157133.0, Max: 157133.1, Diff: 0.1]
      [Ext Root Scanning (ms): Min: 0.4, Avg: 0.5, Max: 0.8, Diff: 0.4, Sum: 3.9]
      [Update RS (ms): Min: 0.0, Avg: 0.1, Max: 0.4, Diff: 0.4, Sum: 1.0]
         [Processed Buffers: Min: 0, Avg: 1.1, Max: 2, Diff: 2, Sum: 9]
      [Scan RS (ms): Min: 0.0, Avg: 0.0, Max: 0.1, Diff: 0.1, Sum: 0.1]
      [Code Root Scanning (ms): Min: 0.0, Avg: 0.2, Max: 0.5, Diff: 0.5, Sum: 1.9]
      [Object Copy (ms): Min: 4.6, Avg: 4.8, Max: 5.1, Diff: 0.4, Sum: 38.3]
      [Termination (ms): Min: 0.0, Avg: 0.0, Max: 0.0, Diff: 0.0, Sum: 0.0]
         [Termination Attempts: Min: 1, Avg: 2.0, Max: 3, Diff: 2, Sum: 16]
      [GC Worker Other (ms): Min: 0.0, Avg: 0.0, Max: 0.1, Diff: 0.1, Sum: 0.3]
      [GC Worker Total (ms): Min: 5.6, Avg: 5.7, Max: 5.7, Diff: 0.1, Sum: 45.6]
      [GC Worker End (ms): Min: 157138.7, Avg: 157138.7, Max: 157138.7, Diff: 0.1]
   [Code Root Fixup: 0.4 ms]
   [Code Root Purge: 0.0 ms]
   [Clear CT: 0.2 ms]
   [Other: 6.0 ms]
      [Choose CSet: 0.0 ms]
      [Ref Proc: 5.3 ms]
      [Ref Enq: 0.0 ms]
      [Redirty Cards: 0.1 ms]
      [Humongous Register: 0.1 ms]
      [Humongous Reclaim: 0.0 ms]
      [Free CSet: 0.1 ms]
   [Eden: 238.0M(238.0M)->0.0B(238.0M) Survivors: 18.0M->18.0M Heap: 264.7M(4096.0M)->26.7M(4096.0M)]
 [Times: user=0.05 sys=0.00, real=0.02 secs] 
2019-10-31T17:02:57.217+0530: 157.145: Total time for which application threads were stopped: 0.0130154 seconds, Stopping threads took: 0.0000733 seconds
2019-10-31T17:03:00.218+0530: 160.146: Total time for which application threads were stopped: 0.0004792 seconds, Stopping threads took: 0.0000770 seconds
2019-10-31T17:03:13.664+0530: 173.593: [GC pause (G1 Evacuation Pause) (young), 0.0128243 secs]
   [Parallel Time: 6.0 ms, GC Workers: 8]
      [GC Worker Start (ms): Min: 173592.8, Avg: 173592.9, Max: 173592.9, Diff: 0.1]
      [Ext Root Scanning (ms): Min: 0.4, Avg: 0.5, Max: 0.8, Diff: 0.4, Sum: 4.2]
      [Update RS (ms): Min: 0.0, Avg: 0.1, Max: 0.4, Diff: 0.4, Sum: 1.0]
         [Processed Buffers: Min: 0, Avg: 1.1, Max: 3, Diff: 3, Sum: 9]
      [Scan RS (ms): Min: 0.0, Avg: 0.0, Max: 0.0, Diff: 0.0, Sum: 0.2]
      [Code Root Scanning (ms): Min: 0.0, Avg: 0.2, Max: 0.5, Diff: 0.5, Sum: 1.8]
      [Object Copy (ms): Min: 4.5, Avg: 4.9, Max: 5.2, Diff: 0.7, Sum: 39.4]
      [Termination (ms): Min: 0.0, Avg: 0.0, Max: 0.0, Diff: 0.0, Sum: 0.0]
         [Termination Attempts: Min: 1, Avg: 1.2, Max: 2, Diff: 1, Sum: 10]
      [GC Worker Other (ms): Min: 0.0, Avg: 0.0, Max: 0.1, Diff: 0.1, Sum: 0.4]
      [GC Worker Total (ms): Min: 5.8, Avg: 5.9, Max: 5.9, Diff: 0.1, Sum: 47.0]
      [GC Worker End (ms): Min: 173598.7, Avg: 173598.8, Max: 173598.8, Diff: 0.1]
   [Code Root Fixup: 0.4 ms]
   [Code Root Purge: 0.0 ms]
   [Clear CT: 0.2 ms]
   [Other: 6.3 ms]
      [Choose CSet: 0.0 ms]
      [Ref Proc: 5.5 ms]
      [Ref Enq: 0.0 ms]
      [Redirty Cards: 0.1 ms]
      [Humongous Register: 0.1 ms]
      [Humongous Reclaim: 0.0 ms]
      [Free CSet: 0.1 ms]
   [Eden: 238.0M(238.0M)->0.0B(232.0M) Survivors: 18.0M->24.0M Heap: 264.7M(4096.0M)->31.7M(4096.0M)]
 [Times: user=0.05 sys=0.00, real=0.02 secs] 
2019-10-31T17:03:13.677+0530: 173.606: Total time for which application threads were stopped: 0.0135300 seconds, Stopping threads took: 0.0000791 seconds
2019-10-31T17:03:21.678+0530: 181.607: Total time for which application threads were stopped: 0.0003381 seconds, Stopping threads took: 0.0000610 seconds
2019-10-31T17:03:23.679+0530: 183.607: Total time for which application threads were stopped: 0.0004531 seconds, Stopping threads took: 0.0000678 seconds
2019-10-31T17:03:24.679+0530: 184.608: Total time for which application threads were stopped: 0.0004713 seconds, Stopping threads took: 0.0000678 seconds
2019-10-31T17:03:25.680+0530: 185.608: Total time for which application threads were stopped: 0.0003427 seconds, Stopping threads took: 0.0000609 seconds
2019-10-31T17:03:26.680+0530: 186.609: Total time for which application threads were stopped: 0.0005193 seconds, Stopping threads took: 0.0000748 seconds
2019-10-31T17:03:28.681+0530: 188.609: Total time for which application threads were stopped: 0.0004139 seconds, Stopping threads took: 0.0000606 seconds
2019-10-31T17:03:30.913+0530: 190.841: [GC pause (G1 Evacuation Pause) (young), 0.0124470 secs]
   [Parallel Time: 6.5 ms, GC Workers: 8]
      [GC Worker Start (ms): Min: 190841.6, Avg: 190841.7, Max: 190841.7, Diff: 0.1]
      [Ext Root Scanning (ms): Min: 0.4, Avg: 0.5, Max: 0.7, Diff: 0.4, Sum: 4.1]
      [Update RS (ms): Min: 0.0, Avg: 0.1, Max: 0.4, Diff: 0.4, Sum: 1.0]
         [Processed Buffers: Min: 0, Avg: 1.2, Max: 2, Diff: 2, Sum: 10]
      [Scan RS (ms): Min: 0.0, Avg: 0.0, Max: 0.0, Diff: 0.0, Sum: 0.1]
      [Code Root Scanning (ms): Min: 0.0, Avg: 0.2, Max: 0.4, Diff: 0.4, Sum: 1.7]
      [Object Copy (ms): Min: 5.0, Avg: 5.4, Max: 5.7, Diff: 0.7, Sum: 43.4]
      [Termination (ms): Min: 0.0, Avg: 0.0, Max: 0.0, Diff: 0.0, Sum: 0.0]
         [Termination Attempts: Min: 2, Avg: 5.4, Max: 9, Diff: 7, Sum: 43]
      [GC Worker Other (ms): Min: 0.0, Avg: 0.0, Max: 0.1, Diff: 0.1, Sum: 0.3]
      [GC Worker Total (ms): Min: 6.3, Avg: 6.3, Max: 6.4, Diff: 0.2, Sum: 50.7]
      [GC Worker End (ms): Min: 190848.0, Avg: 190848.0, Max: 190848.1, Diff: 0.1]
   [Code Root Fixup: 0.4 ms]
   [Code Root Purge: 0.0 ms]
   [Clear CT: 0.2 ms]
   [Other: 5.4 ms]
      [Choose CSet: 0.0 ms]
      [Ref Proc: 4.7 ms]
      [Ref Enq: 0.0 ms]
      [Redirty Cards: 0.1 ms]
      [Humongous Register: 0.1 ms]
      [Humongous Reclaim: 0.0 ms]
      [Free CSet: 0.1 ms]
   [Eden: 232.0M(232.0M)->0.0B(232.0M) Survivors: 24.0M->24.0M Heap: 263.7M(4096.0M)->32.7M(4096.0M)]
 [Times: user=0.05 sys=0.01, real=0.01 secs] 
2019-10-31T17:03:30.926+0530: 190.854: Total time for which application threads were stopped: 0.0131926 seconds, Stopping threads took: 0.0000792 seconds
2019-10-31T17:03:32.926+0530: 192.855: Total time for which application threads were stopped: 0.0004692 seconds, Stopping threads took: 0.0000644 seconds
2019-10-31T17:03:34.927+0530: 194.855: Total time for which application threads were stopped: 0.0005796 seconds, Stopping threads took: 0.0000801 seconds
2019-10-31T17:03:46.150+0530: 206.079: [GC pause (G1 Evacuation Pause) (young), 0.0131630 secs]
   [Parallel Time: 7.0 ms, GC Workers: 8]
      [GC Worker Start (ms): Min: 206078.8, Avg: 206078.9, Max: 206079.0, Diff: 0.1]
      [Ext Root Scanning (ms): Min: 0.3, Avg: 0.5, Max: 0.8, Diff: 0.5, Sum: 3.6]
      [Update RS (ms): Min: 0.0, Avg: 0.1, Max: 0.4, Diff: 0.4, Sum: 1.0]
         [Processed Buffers: Min: 0, Avg: 1.1, Max: 2, Diff: 2, Sum: 9]
      [Scan RS (ms): Min: 0.0, Avg: 0.0, Max: 0.1, Diff: 0.0, Sum: 0.1]
      [Code Root Scanning (ms): Min: 0.0, Avg: 0.2, Max: 0.5, Diff: 0.5, Sum: 1.8]
      [Object Copy (ms): Min: 5.8, Avg: 6.0, Max: 6.3, Diff: 0.5, Sum: 48.1]
      [Termination (ms): Min: 0.0, Avg: 0.0, Max: 0.0, Diff: 0.0, Sum: 0.0]
         [Termination Attempts: Min: 1, Avg: 1.0, Max: 1, Diff: 0, Sum: 8]
      [GC Worker Other (ms): Min: 0.0, Avg: 0.0, Max: 0.1, Diff: 0.1, Sum: 0.3]
      [GC Worker Total (ms): Min: 6.8, Avg: 6.9, Max: 6.9, Diff: 0.1, Sum: 54.9]
      [GC Worker End (ms): Min: 206085.7, Avg: 206085.8, Max: 206085.8, Diff: 0.1]
   [Code Root Fixup: 0.4 ms]
   [Code Root Purge: 0.0 ms]
   [Clear CT: 0.1 ms]
   [Other: 5.6 ms]
      [Choose CSet: 0.0 ms]
      [Ref Proc: 4.9 ms]
      [Ref Enq: 0.0 ms]
      [Redirty Cards: 0.1 ms]
      [Humongous Register: 0.1 ms]
      [Humongous Reclaim: 0.0 ms]
      [Free CSet: 0.1 ms]
   [Eden: 232.0M(232.0M)->0.0B(246.0M) Survivors: 24.0M->10.0M Heap: 264.7M(4096.0M)->25.5M(4096.0M)]
 [Times: user=0.06 sys=0.00, real=0.01 secs] 
2019-10-31T17:03:46.163+0530: 206.092: Total time for which application threads were stopped: 0.0136877 seconds, Stopping threads took: 0.0000595 seconds
2019-10-31T17:04:02.467+0530: 222.395: [GC pause (G1 Evacuation Pause) (young), 0.0117520 secs]
   [Parallel Time: 5.5 ms, GC Workers: 8]
      [GC Worker Start (ms): Min: 222395.3, Avg: 222395.3, Max: 222395.4, Diff: 0.1]
      [Ext Root Scanning (ms): Min: 0.4, Avg: 0.4, Max: 0.6, Diff: 0.2, Sum: 3.4]
      [Update RS (ms): Min: 1.9, Avg: 2.0, Max: 2.0, Diff: 0.1, Sum: 15.7]
         [Processed Buffers: Min: 23, Avg: 26.4, Max: 31, Diff: 8, Sum: 211]
      [Scan RS (ms): Min: 0.8, Avg: 0.9, Max: 0.9, Diff: 0.2, Sum: 6.9]
      [Code Root Scanning (ms): Min: 0.0, Avg: 0.1, Max: 0.2, Diff: 0.2, Sum: 0.4]
      [Object Copy (ms): Min: 1.9, Avg: 2.0, Max: 2.0, Diff: 0.1, Sum: 15.8]
      [Termination (ms): Min: 0.0, Avg: 0.0, Max: 0.0, Diff: 0.0, Sum: 0.1]
         [Termination Attempts: Min: 1, Avg: 8.5, Max: 13, Diff: 12, Sum: 68]
      [GC Worker Other (ms): Min: 0.0, Avg: 0.0, Max: 0.1, Diff: 0.1, Sum: 0.3]
      [GC Worker Total (ms): Min: 5.3, Avg: 5.3, Max: 5.4, Diff: 0.1, Sum: 42.7]
      [GC Worker End (ms): Min: 222400.6, Avg: 222400.7, Max: 222400.7, Diff: 0.1]
   [Code Root Fixup: 0.1 ms]
   [Code Root Purge: 0.0 ms]
   [Clear CT: 0.1 ms]
   [Other: 6.0 ms]
      [Choose CSet: 0.0 ms]
      [Ref Proc: 5.2 ms]
      [Ref Enq: 0.0 ms]
      [Redirty Cards: 0.1 ms]
      [Humongous Register: 0.1 ms]
      [Humongous Reclaim: 0.0 ms]
      [Free CSet: 0.1 ms]
   [Eden: 246.0M(246.0M)->0.0B(246.0M) Survivors: 10.0M->10.0M Heap: 271.5M(4096.0M)->25.5M(4096.0M)]
 [Times: user=0.05 sys=0.00, real=0.01 secs] 
2019-10-31T17:04:02.478+0530: 222.407: Total time for which application threads were stopped: 0.0123170 seconds, Stopping threads took: 0.0000668 seconds
2019-10-31T17:04:21.774+0530: 241.703: [GC pause (G1 Evacuation Pause) (young), 0.0120897 secs]
   [Parallel Time: 6.0 ms, GC Workers: 8]
      [GC Worker Start (ms): Min: 241702.8, Avg: 241702.8, Max: 241702.9, Diff: 0.1]
      [Ext Root Scanning (ms): Min: 0.4, Avg: 0.5, Max: 0.6, Diff: 0.2, Sum: 3.8]
      [Update RS (ms): Min: 1.8, Avg: 1.8, Max: 1.9, Diff: 0.1, Sum: 14.5]
         [Processed Buffers: Min: 24, Avg: 26.9, Max: 30, Diff: 6, Sum: 215]
      [Scan RS (ms): Min: 0.6, Avg: 0.7, Max: 0.9, Diff: 0.3, Sum: 5.9]
      [Code Root Scanning (ms): Min: 0.0, Avg: 0.1, Max: 0.2, Diff: 0.2, Sum: 0.4]
      [Object Copy (ms): Min: 2.5, Avg: 2.7, Max: 2.7, Diff: 0.2, Sum: 21.3]
      [Termination (ms): Min: 0.0, Avg: 0.0, Max: 0.1, Diff: 0.0, Sum: 0.4]
         [Termination Attempts: Min: 30, Avg: 38.8, Max: 47, Diff: 17, Sum: 310]
      [GC Worker Other (ms): Min: 0.0, Avg: 0.0, Max: 0.1, Diff: 0.0, Sum: 0.2]
      [GC Worker Total (ms): Min: 5.8, Avg: 5.8, Max: 5.9, Diff: 0.1, Sum: 46.6]
      [GC Worker End (ms): Min: 241708.6, Avg: 241708.7, Max: 241708.7, Diff: 0.0]
   [Code Root Fixup: 0.1 ms]
   [Code Root Purge: 0.0 ms]
   [Clear CT: 0.2 ms]
   [Other: 5.8 ms]
      [Choose CSet: 0.0 ms]
      [Ref Proc: 5.0 ms]
      [Ref Enq: 0.0 ms]
      [Redirty Cards: 0.1 ms]
      [Humongous Register: 0.1 ms]
      [Humongous Reclaim: 0.0 ms]
      [Free CSet: 0.1 ms]
   [Eden: 246.0M(246.0M)->0.0B(238.0M) Survivors: 10.0M->18.0M Heap: 271.5M(4096.0M)->32.5M(4096.0M)]
 [Times: user=0.05 sys=0.00, real=0.01 secs] 
2019-10-31T17:04:21.786+0530: 241.715: Total time for which application threads were stopped: 0.0128107 seconds, Stopping threads took: 0.0000942 seconds
2019-10-31T17:04:30.787+0530: 250.716: Total time for which application threads were stopped: 0.0004310 seconds, Stopping threads took: 0.0000672 seconds
2019-10-31T17:04:39.725+0530: 259.653: [GC pause (G1 Evacuation Pause) (young), 0.0112732 secs]
   [Parallel Time: 5.2 ms, GC Workers: 8]
      [GC Worker Start (ms): Min: 259653.5, Avg: 259653.6, Max: 259653.6, Diff: 0.1]
      [Ext Root Scanning (ms): Min: 0.4, Avg: 0.5, Max: 0.6, Diff: 0.2, Sum: 3.6]
      [Update RS (ms): Min: 1.8, Avg: 1.8, Max: 1.8, Diff: 0.1, Sum: 14.4]
         [Processed Buffers: Min: 22, Avg: 26.9, Max: 30, Diff: 8, Sum: 215]
      [Scan RS (ms): Min: 0.5, Avg: 0.6, Max: 0.6, Diff: 0.2, Sum: 4.8]
      [Code Root Scanning (ms): Min: 0.0, Avg: 0.1, Max: 0.2, Diff: 0.2, Sum: 0.5]
      [Object Copy (ms): Min: 2.1, Avg: 2.2, Max: 2.2, Diff: 0.1, Sum: 17.3]
      [Termination (ms): Min: 0.0, Avg: 0.0, Max: 0.0, Diff: 0.0, Sum: 0.0]
         [Termination Attempts: Min: 1, Avg: 5.9, Max: 9, Diff: 8, Sum: 47]
      [GC Worker Other (ms): Min: 0.0, Avg: 0.0, Max: 0.1, Diff: 0.1, Sum: 0.4]
      [GC Worker Total (ms): Min: 5.1, Avg: 5.1, Max: 5.2, Diff: 0.1, Sum: 41.0]
      [GC Worker End (ms): Min: 259658.7, Avg: 259658.7, Max: 259658.7, Diff: 0.1]
   [Code Root Fixup: 0.1 ms]
   [Code Root Purge: 0.0 ms]
   [Clear CT: 0.2 ms]
   [Other: 5.7 ms]
      [Choose CSet: 0.0 ms]
      [Ref Proc: 4.9 ms]
      [Ref Enq: 0.0 ms]
      [Redirty Cards: 0.1 ms]
      [Humongous Register: 0.1 ms]
      [Humongous Reclaim: 0.0 ms]
      [Free CSet: 0.1 ms]
   [Eden: 238.0M(238.0M)->0.0B(242.0M) Survivors: 18.0M->14.0M Heap: 270.5M(4096.0M)->29.5M(4096.0M)]
 [Times: user=0.05 sys=0.00, real=0.02 secs] 
2019-10-31T17:04:39.736+0530: 259.665: Total time for which application threads were stopped: 0.0118836 seconds, Stopping threads took: 0.0000675 seconds
2019-10-31T17:04:57.091+0530: 277.020: [GC pause (G1 Evacuation Pause) (young), 0.0120301 secs]
   [Parallel Time: 5.8 ms, GC Workers: 8]
      [GC Worker Start (ms): Min: 277020.0, Avg: 277020.1, Max: 277020.1, Diff: 0.1]
      [Ext Root Scanning (ms): Min: 0.4, Avg: 0.5, Max: 0.7, Diff: 0.3, Sum: 4.0]
      [Update RS (ms): Min: 1.8, Avg: 1.9, Max: 1.9, Diff: 0.1, Sum: 14.8]
         [Processed Buffers: Min: 21, Avg: 27.0, Max: 29, Diff: 8, Sum: 216]
      [Scan RS (ms): Min: 0.4, Avg: 0.6, Max: 0.7, Diff: 0.2, Sum: 4.8]
      [Code Root Scanning (ms): Min: 0.0, Avg: 0.1, Max: 0.2, Diff: 0.2, Sum: 0.5]
      [Object Copy (ms): Min: 2.4, Avg: 2.6, Max: 2.7, Diff: 0.2, Sum: 20.9]
      [Termination (ms): Min: 0.0, Avg: 0.0, Max: 0.0, Diff: 0.0, Sum: 0.0]
         [Termination Attempts: Min: 1, Avg: 2.8, Max: 6, Diff: 5, Sum: 22]
      [GC Worker Other (ms): Min: 0.0, Avg: 0.0, Max: 0.1, Diff: 0.1, Sum: 0.3]
      [GC Worker Total (ms): Min: 5.6, Avg: 5.7, Max: 5.7, Diff: 0.1, Sum: 45.2]
      [GC Worker End (ms): Min: 277025.7, Avg: 277025.8, Max: 277025.8, Diff: 0.1]
   [Code Root Fixup: 0.1 ms]
   [Code Root Purge: 0.0 ms]
   [Clear CT: 0.2 ms]
   [Other: 5.9 ms]
      [Choose CSet: 0.0 ms]
      [Ref Proc: 5.1 ms]
      [Ref Enq: 0.0 ms]
      [Redirty Cards: 0.1 ms]
      [Humongous Register: 0.1 ms]
      [Humongous Reclaim: 0.0 ms]
      [Free CSet: 0.1 ms]
   [Eden: 242.0M(242.0M)->0.0B(240.0M) Survivors: 14.0M->16.0M Heap: 271.5M(4096.0M)->31.5M(4096.0M)]
 [Times: user=0.05 sys=0.00, real=0.01 secs] 
2019-10-31T17:04:57.103+0530: 277.032: Total time for which application threads were stopped: 0.0127874 seconds, Stopping threads took: 0.0000786 seconds
2019-10-31T17:05:17.769+0530: 297.697: [GC pause (G1 Evacuation Pause) (young), 0.0110902 secs]
   [Parallel Time: 5.0 ms, GC Workers: 8]
      [GC Worker Start (ms): Min: 297697.7, Avg: 297697.8, Max: 297697.8, Diff: 0.1]
      [Ext Root Scanning (ms): Min: 0.4, Avg: 0.4, Max: 0.6, Diff: 0.2, Sum: 3.5]
      [Update RS (ms): Min: 1.8, Avg: 1.9, Max: 1.9, Diff: 0.1, Sum: 14.9]
         [Processed Buffers: Min: 23, Avg: 27.1, Max: 34, Diff: 11, Sum: 217]
      [Scan RS (ms): Min: 0.2, Avg: 0.3, Max: 0.4, Diff: 0.2, Sum: 2.8]
      [Code Root Scanning (ms): Min: 0.0, Avg: 0.1, Max: 0.2, Diff: 0.2, Sum: 0.4]
      [Object Copy (ms): Min: 2.0, Avg: 2.2, Max: 2.2, Diff: 0.2, Sum: 17.2]
      [Termination (ms): Min: 0.0, Avg: 0.0, Max: 0.0, Diff: 0.0, Sum: 0.0]
         [Termination Attempts: Min: 1, Avg: 1.0, Max: 1, Diff: 0, Sum: 8]
      [GC Worker Other (ms): Min: 0.0, Avg: 0.0, Max: 0.1, Diff: 0.1, Sum: 0.3]
      [GC Worker Total (ms): Min: 4.8, Avg: 4.9, Max: 4.9, Diff: 0.1, Sum: 39.2]
      [GC Worker End (ms): Min: 297702.7, Avg: 297702.7, Max: 297702.7, Diff: 0.1]
   [Code Root Fixup: 0.1 ms]
   [Code Root Purge: 0.0 ms]
   [Clear CT: 0.1 ms]
   [Other: 5.8 ms]
      [Choose CSet: 0.0 ms]
      [Ref Proc: 5.0 ms]
      [Ref Enq: 0.0 ms]
      [Redirty Cards: 0.1 ms]
      [Humongous Register: 0.1 ms]
      [Humongous Reclaim: 0.0 ms]
      [Free CSet: 0.1 ms]
   [Eden: 240.0M(240.0M)->0.0B(240.0M) Survivors: 16.0M->16.0M Heap: 271.5M(4096.0M)->30.5M(4096.0M)]
 [Times: user=0.04 sys=0.00, real=0.01 secs] 
2019-10-31T17:05:17.780+0530: 297.709: Total time for which application threads were stopped: 0.0117352 seconds, Stopping threads took: 0.0000681 seconds
2019-10-31T17:05:34.641+0530: 314.570: [GC pause (G1 Evacuation Pause) (young), 0.0114695 secs]
   [Parallel Time: 5.4 ms, GC Workers: 8]
      [GC Worker Start (ms): Min: 314569.9, Avg: 314570.0, Max: 314570.0, Diff: 0.1]
      [Ext Root Scanning (ms): Min: 0.4, Avg: 0.5, Max: 0.6, Diff: 0.2, Sum: 3.9]
      [Update RS (ms): Min: 1.8, Avg: 1.9, Max: 1.9, Diff: 0.1, Sum: 14.8]
         [Processed Buffers: Min: 23, Avg: 27.2, Max: 32, Diff: 9, Sum: 218]
      [Scan RS (ms): Min: 0.3, Avg: 0.4, Max: 0.4, Diff: 0.2, Sum: 3.0]
      [Code Root Scanning (ms): Min: 0.0, Avg: 0.1, Max: 0.1, Diff: 0.1, Sum: 0.4]
      [Object Copy (ms): Min: 2.1, Avg: 2.4, Max: 2.5, Diff: 0.4, Sum: 19.3]
      [Termination (ms): Min: 0.0, Avg: 0.0, Max: 0.0, Diff: 0.0, Sum: 0.0]
         [Termination Attempts: Min: 1, Avg: 1.2, Max: 2, Diff: 1, Sum: 10]
      [GC Worker Other (ms): Min: 0.0, Avg: 0.0, Max: 0.1, Diff: 0.1, Sum: 0.3]
      [GC Worker Total (ms): Min: 5.2, Avg: 5.2, Max: 5.2, Diff: 0.1, Sum: 41.7]
      [GC Worker End (ms): Min: 314575.2, Avg: 314575.2, Max: 314575.2, Diff: 0.1]
   [Code Root Fixup: 0.1 ms]
   [Code Root Purge: 0.0 ms]
   [Clear CT: 0.2 ms]
   [Other: 5.8 ms]
      [Choose CSet: 0.0 ms]
      [Ref Proc: 5.0 ms]
      [Ref Enq: 0.0 ms]
      [Redirty Cards: 0.1 ms]
      [Humongous Register: 0.1 ms]
      [Humongous Reclaim: 0.0 ms]
      [Free CSet: 0.1 ms]
   [Eden: 240.0M(240.0M)->0.0B(240.0M) Survivors: 16.0M->16.0M Heap: 270.5M(4096.0M)->30.5M(4096.0M)]
 [Times: user=0.05 sys=0.00, real=0.01 secs] 
2019-10-31T17:05:34.653+0530: 314.581: Total time for which application threads were stopped: 0.0122226 seconds, Stopping threads took: 0.0000733 seconds
2019-10-31T17:05:55.279+0530: 335.208: [GC pause (G1 Evacuation Pause) (young), 0.0106204 secs]
   [Parallel Time: 4.7 ms, GC Workers: 8]
      [GC Worker Start (ms): Min: 335208.1, Avg: 335208.1, Max: 335208.1, Diff: 0.1]
      [Ext Root Scanning (ms): Min: 0.4, Avg: 0.4, Max: 0.6, Diff: 0.2, Sum: 3.4]
      [Update RS (ms): Min: 1.8, Avg: 1.9, Max: 1.9, Diff: 0.1, Sum: 15.0]
         [Processed Buffers: Min: 24, Avg: 27.4, Max: 30, Diff: 6, Sum: 219]
      [Scan RS (ms): Min: 0.2, Avg: 0.3, Max: 0.3, Diff: 0.1, Sum: 2.3]
      [Code Root Scanning (ms): Min: 0.0, Avg: 0.1, Max: 0.2, Diff: 0.2, Sum: 0.5]
      [Object Copy (ms): Min: 1.8, Avg: 1.9, Max: 1.9, Diff: 0.1, Sum: 15.0]
      [Termination (ms): Min: 0.0, Avg: 0.0, Max: 0.0, Diff: 0.0, Sum: 0.0]
         [Termination Attempts: Min: 1, Avg: 2.6, Max: 6, Diff: 5, Sum: 21]
      [GC Worker Other (ms): Min: 0.0, Avg: 0.0, Max: 0.1, Diff: 0.1, Sum: 0.3]
      [GC Worker Total (ms): Min: 4.5, Avg: 4.5, Max: 4.6, Diff: 0.1, Sum: 36.3]
      [GC Worker End (ms): Min: 335212.6, Avg: 335212.6, Max: 335212.7, Diff: 0.1]
   [Code Root Fixup: 0.1 ms]
   [Code Root Purge: 0.0 ms]
   [Clear CT: 0.1 ms]
   [Other: 5.7 ms]
      [Choose CSet: 0.0 ms]
      [Ref Proc: 4.9 ms]
      [Ref Enq: 0.0 ms]
      [Redirty Cards: 0.1 ms]
      [Humongous Register: 0.1 ms]
      [Humongous Reclaim: 0.0 ms]
      [Free CSet: 0.1 ms]
   [Eden: 240.0M(240.0M)->0.0B(246.0M) Survivors: 16.0M->10.0M Heap: 270.5M(4096.0M)->25.5M(4096.0M)]
 [Times: user=0.05 sys=0.00, real=0.01 secs] 
2019-10-31T17:05:55.290+0530: 335.219: Total time for which application threads were stopped: 0.0111487 seconds, Stopping threads took: 0.0000599 seconds
2019-10-31T17:05:56.291+0530: 336.219: Total time for which application threads were stopped: 0.0005357 seconds, Stopping threads took: 0.0000707 seconds
2019-10-31T17:06:14.126+0530: 354.055: [GC pause (G1 Evacuation Pause) (young), 0.0111961 secs]
   [Parallel Time: 5.1 ms, GC Workers: 8]
      [GC Worker Start (ms): Min: 354055.1, Avg: 354055.1, Max: 354055.2, Diff: 0.1]
      [Ext Root Scanning (ms): Min: 0.3, Avg: 0.4, Max: 0.6, Diff: 0.2, Sum: 3.5]
      [Update RS (ms): Min: 1.9, Avg: 1.9, Max: 2.0, Diff: 0.1, Sum: 15.6]
         [Processed Buffers: Min: 22, Avg: 27.5, Max: 33, Diff: 11, Sum: 220]
      [Scan RS (ms): Min: 0.2, Avg: 0.3, Max: 0.4, Diff: 0.2, Sum: 2.5]
      [Code Root Scanning (ms): Min: 0.0, Avg: 0.1, Max: 0.2, Diff: 0.2, Sum: 0.5]
      [Object Copy (ms): Min: 2.1, Avg: 2.1, Max: 2.2, Diff: 0.1, Sum: 17.1]
      [Termination (ms): Min: 0.0, Avg: 0.0, Max: 0.0, Diff: 0.0, Sum: 0.0]
         [Termination Attempts: Min: 1, Avg: 3.2, Max: 5, Diff: 4, Sum: 26]
      [GC Worker Other (ms): Min: 0.0, Avg: 0.0, Max: 0.1, Diff: 0.1, Sum: 0.3]
      [GC Worker Total (ms): Min: 4.9, Avg: 4.9, Max: 5.0, Diff: 0.1, Sum: 39.5]
      [GC Worker End (ms): Min: 354060.0, Avg: 354060.1, Max: 354060.1, Diff: 0.1]
   [Code Root Fixup: 0.1 ms]
   [Code Root Purge: 0.0 ms]
   [Clear CT: 0.1 ms]
   [Other: 5.9 ms]
      [Choose CSet: 0.0 ms]
      [Ref Proc: 5.0 ms]
      [Ref Enq: 0.0 ms]
      [Redirty Cards: 0.1 ms]
      [Humongous Register: 0.1 ms]
      [Humongous Reclaim: 0.0 ms]
      [Free CSet: 0.1 ms]
   [Eden: 246.0M(246.0M)->0.0B(246.0M) Survivors: 10.0M->10.0M Heap: 271.5M(4096.0M)->26.6M(4096.0M)]
 [Times: user=0.05 sys=0.00, real=0.01 secs] 
2019-10-31T17:06:14.138+0530: 354.066: Total time for which application threads were stopped: 0.0117759 seconds, Stopping threads took: 0.0000628 seconds
2019-10-31T17:06:15.138+0530: 355.067: Total time for which application threads were stopped: 0.0004326 seconds, Stopping threads took: 0.0000764 seconds
2019-10-31T17:06:36.541+0530: 376.469: [GC pause (G1 Evacuation Pause) (young), 0.0115514 secs]
   [Parallel Time: 5.3 ms, GC Workers: 8]
      [GC Worker Start (ms): Min: 376469.7, Avg: 376469.8, Max: 376469.8, Diff: 0.1]
      [Ext Root Scanning (ms): Min: 0.4, Avg: 0.5, Max: 0.6, Diff: 0.2, Sum: 3.8]
      [Update RS (ms): Min: 2.0, Avg: 2.1, Max: 2.1, Diff: 0.1, Sum: 16.8]
         [Processed Buffers: Min: 23, Avg: 27.6, Max: 32, Diff: 9, Sum: 221]
      [Scan RS (ms): Min: 0.3, Avg: 0.3, Max: 0.4, Diff: 0.1, Sum: 2.6]
      [Code Root Scanning (ms): Min: 0.0, Avg: 0.0, Max: 0.0, Diff: 0.0, Sum: 0.1]
      [Object Copy (ms): Min: 2.0, Avg: 2.2, Max: 2.2, Diff: 0.2, Sum: 17.2]
      [Termination (ms): Min: 0.0, Avg: 0.0, Max: 0.0, Diff: 0.0, Sum: 0.0]
         [Termination Attempts: Min: 1, Avg: 1.9, Max: 3, Diff: 2, Sum: 15]
      [GC Worker Other (ms): Min: 0.0, Avg: 0.0, Max: 0.1, Diff: 0.1, Sum: 0.2]
      [GC Worker Total (ms): Min: 5.0, Avg: 5.1, Max: 5.1, Diff: 0.1, Sum: 40.6]
      [GC Worker End (ms): Min: 376474.8, Avg: 376474.8, Max: 376474.9, Diff: 0.1]
   [Code Root Fixup: 0.1 ms]
   [Code Root Purge: 0.0 ms]
   [Clear CT: 0.2 ms]
   [Other: 6.1 ms]
      [Choose CSet: 0.0 ms]
      [Ref Proc: 5.2 ms]
      [Ref Enq: 0.0 ms]
      [Redirty Cards: 0.1 ms]
      [Humongous Register: 0.1 ms]
      [Humongous Reclaim: 0.0 ms]
      [Free CSet: 0.1 ms]
   [Eden: 246.0M(246.0M)->0.0B(244.0M) Survivors: 10.0M->12.0M Heap: 272.6M(4096.0M)->29.4M(4096.0M)]
 [Times: user=0.04 sys=0.00, real=0.01 secs] 
2019-10-31T17:06:36.553+0530: 376.481: Total time for which application threads were stopped: 0.0122607 seconds, Stopping threads took: 0.0000752 seconds
2019-10-31T17:06:59.165+0530: 399.094: [GC pause (G1 Evacuation Pause) (young), 0.0110666 secs]
   [Parallel Time: 5.2 ms, GC Workers: 8]
      [GC Worker Start (ms): Min: 399093.8, Avg: 399093.9, Max: 399093.9, Diff: 0.1]
      [Ext Root Scanning (ms): Min: 0.5, Avg: 0.5, Max: 0.6, Diff: 0.2, Sum: 4.0]
      [Update RS (ms): Min: 2.1, Avg: 2.1, Max: 2.2, Diff: 0.1, Sum: 16.9]
         [Processed Buffers: Min: 24, Avg: 27.8, Max: 32, Diff: 8, Sum: 222]
      [Scan RS (ms): Min: 0.2, Avg: 0.2, Max: 0.2, Diff: 0.1, Sum: 1.5]
      [Code Root Scanning (ms): Min: 0.0, Avg: 0.0, Max: 0.0, Diff: 0.0, Sum: 0.1]
      [Object Copy (ms): Min: 2.1, Avg: 2.2, Max: 2.3, Diff: 0.1, Sum: 17.9]
      [Termination (ms): Min: 0.0, Avg: 0.0, Max: 0.0, Diff: 0.0, Sum: 0.0]
         [Termination Attempts: Min: 1, Avg: 5.2, Max: 9, Diff: 8, Sum: 42]
      [GC Worker Other (ms): Min: 0.0, Avg: 0.0, Max: 0.0, Diff: 0.0, Sum: 0.2]
      [GC Worker Total (ms): Min: 5.0, Avg: 5.1, Max: 5.1, Diff: 0.1, Sum: 40.6]
      [GC Worker End (ms): Min: 399098.9, Avg: 399099.0, Max: 399099.0, Diff: 0.0]
   [Code Root Fixup: 0.1 ms]
   [Code Root Purge: 0.0 ms]
   [Clear CT: 0.1 ms]
   [Other: 5.7 ms]
      [Choose CSet: 0.0 ms]
      [Ref Proc: 4.9 ms]
      [Ref Enq: 0.0 ms]
      [Redirty Cards: 0.1 ms]
      [Humongous Register: 0.1 ms]
      [Humongous Reclaim: 0.0 ms]
      [Free CSet: 0.1 ms]
   [Eden: 244.0M(244.0M)->0.0B(240.0M) Survivors: 12.0M->16.0M Heap: 273.4M(4096.0M)->33.4M(4096.0M)]
 [Times: user=0.05 sys=0.00, real=0.01 secs] 
2019-10-31T17:06:59.176+0530: 399.105: Total time for which application threads were stopped: 0.0117966 seconds, Stopping threads took: 0.0000810 seconds
2019-10-31T17:07:21.748+0530: 421.676: [GC pause (G1 Evacuation Pause) (young), 0.0101357 secs]
   [Parallel Time: 4.1 ms, GC Workers: 8]
      [GC Worker Start (ms): Min: 421676.6, Avg: 421676.7, Max: 421676.7, Diff: 0.1]
      [Ext Root Scanning (ms): Min: 0.3, Avg: 0.4, Max: 0.6, Diff: 0.3, Sum: 3.3]
      [Update RS (ms): Min: 2.0, Avg: 2.1, Max: 2.2, Diff: 0.1, Sum: 17.1]
         [Processed Buffers: Min: 23, Avg: 28.0, Max: 34, Diff: 11, Sum: 224]
      [Scan RS (ms): Min: 0.0, Avg: 0.0, Max: 0.1, Diff: 0.1, Sum: 0.4]
      [Code Root Scanning (ms): Min: 0.0, Avg: 0.0, Max: 0.0, Diff: 0.0, Sum: 0.0]
      [Object Copy (ms): Min: 1.3, Avg: 1.3, Max: 1.4, Diff: 0.1, Sum: 10.6]
      [Termination (ms): Min: 0.0, Avg: 0.0, Max: 0.0, Diff: 0.0, Sum: 0.0]
         [Termination Attempts: Min: 1, Avg: 2.6, Max: 4, Diff: 3, Sum: 21]
      [GC Worker Other (ms): Min: 0.0, Avg: 0.0, Max: 0.1, Diff: 0.1, Sum: 0.3]
      [GC Worker Total (ms): Min: 3.9, Avg: 4.0, Max: 4.0, Diff: 0.1, Sum: 31.7]
      [GC Worker End (ms): Min: 421680.6, Avg: 421680.6, Max: 421680.7, Diff: 0.1]
   [Code Root Fixup: 0.1 ms]
   [Code Root Purge: 0.0 ms]
   [Clear CT: 0.1 ms]
   [Other: 5.9 ms]
      [Choose CSet: 0.0 ms]
      [Ref Proc: 5.1 ms]
      [Ref Enq: 0.0 ms]
      [Redirty Cards: 0.1 ms]
      [Humongous Register: 0.1 ms]
      [Humongous Reclaim: 0.0 ms]
      [Free CSet: 0.1 ms]
   [Eden: 240.0M(240.0M)->0.0B(246.0M) Survivors: 16.0M->10.0M Heap: 273.4M(4096.0M)->29.2M(4096.0M)]
 [Times: user=0.04 sys=0.00, real=0.01 secs] 
2019-10-31T17:07:21.758+0530: 421.687: Total time for which application threads were stopped: 0.0106878 seconds, Stopping threads took: 0.0000692 seconds
2019-10-31T17:07:38.760+0530: 438.688: Total time for which application threads were stopped: 0.0004314 seconds, Stopping threads took: 0.0000678 seconds
2019-10-31T17:07:39.760+0530: 439.689: Total time for which application threads were stopped: 0.0005536 seconds, Stopping threads took: 0.0000691 seconds
2019-10-31T17:07:43.761+0530: 443.690: Total time for which application threads were stopped: 0.0006466 seconds, Stopping threads took: 0.0000986 seconds
2019-10-31T17:07:46.240+0530: 446.168: [GC pause (G1 Evacuation Pause) (young), 0.0104224 secs]
   [Parallel Time: 4.3 ms, GC Workers: 8]
      [GC Worker Start (ms): Min: 446168.5, Avg: 446168.5, Max: 446168.6, Diff: 0.1]
      [Ext Root Scanning (ms): Min: 0.4, Avg: 0.5, Max: 0.6, Diff: 0.2, Sum: 3.9]
      [Update RS (ms): Min: 2.2, Avg: 2.2, Max: 2.2, Diff: 0.1, Sum: 17.4]
         [Processed Buffers: Min: 22, Avg: 27.8, Max: 32, Diff: 10, Sum: 222]
      [Scan RS (ms): Min: 0.0, Avg: 0.0, Max: 0.0, Diff: 0.0, Sum: 0.2]
      [Code Root Scanning (ms): Min: 0.0, Avg: 0.0, Max: 0.0, Diff: 0.0, Sum: 0.0]
      [Object Copy (ms): Min: 1.3, Avg: 1.4, Max: 1.4, Diff: 0.1, Sum: 11.2]
      [Termination (ms): Min: 0.0, Avg: 0.0, Max: 0.0, Diff: 0.0, Sum: 0.0]
         [Termination Attempts: Min: 1, Avg: 2.9, Max: 4, Diff: 3, Sum: 23]
      [GC Worker Other (ms): Min: 0.0, Avg: 0.0, Max: 0.0, Diff: 0.0, Sum: 0.2]
      [GC Worker Total (ms): Min: 4.1, Avg: 4.1, Max: 4.1, Diff: 0.1, Sum: 32.9]
      [GC Worker End (ms): Min: 446172.6, Avg: 446172.6, Max: 446172.7, Diff: 0.0]
   [Code Root Fixup: 0.1 ms]
   [Code Root Purge: 0.0 ms]
   [Clear CT: 0.1 ms]
   [Other: 6.0 ms]
      [Choose CSet: 0.0 ms]
      [Ref Proc: 5.2 ms]
      [Ref Enq: 0.0 ms]
      [Redirty Cards: 0.1 ms]
      [Humongous Register: 0.1 ms]
      [Humongous Reclaim: 0.0 ms]
      [Free CSet: 0.1 ms]
   [Eden: 246.0M(246.0M)->0.0B(246.0M) Survivors: 10.0M->10.0M Heap: 275.2M(4096.0M)->28.9M(4096.0M)]
 [Times: user=0.04 sys=0.00, real=0.01 secs] 
2019-10-31T17:07:46.250+0530: 446.179: Total time for which application threads were stopped: 0.0110974 seconds, Stopping threads took: 0.0000703 seconds
2019-10-31T17:07:50.251+0530: 450.179: Total time for which application threads were stopped: 0.0003944 seconds, Stopping threads took: 0.0000609 seconds
2019-10-31T17:08:01.252+0530: 461.181: Total time for which application threads were stopped: 0.0005779 seconds, Stopping threads took: 0.0000771 seconds
2019-10-31T17:08:09.749+0530: 469.678: [GC pause (G1 Evacuation Pause) (young), 0.0104943 secs]
   [Parallel Time: 4.4 ms, GC Workers: 8]
      [GC Worker Start (ms): Min: 469677.9, Avg: 469677.9, Max: 469678.0, Diff: 0.1]
      [Ext Root Scanning (ms): Min: 0.4, Avg: 0.5, Max: 0.6, Diff: 0.2, Sum: 3.8]
      [Update RS (ms): Min: 2.1, Avg: 2.2, Max: 2.2, Diff: 0.1, Sum: 17.4]
         [Processed Buffers: Min: 25, Avg: 28.0, Max: 31, Diff: 6, Sum: 224]
      [Scan RS (ms): Min: 0.0, Avg: 0.0, Max: 0.0, Diff: 0.0, Sum: 0.2]
      [Code Root Scanning (ms): Min: 0.0, Avg: 0.0, Max: 0.0, Diff: 0.0, Sum: 0.0]
      [Object Copy (ms): Min: 1.4, Avg: 1.5, Max: 1.6, Diff: 0.2, Sum: 12.2]
      [Termination (ms): Min: 0.0, Avg: 0.0, Max: 0.0, Diff: 0.0, Sum: 0.0]
         [Termination Attempts: Min: 1, Avg: 1.1, Max: 2, Diff: 1, Sum: 9]
      [GC Worker Other (ms): Min: 0.0, Avg: 0.0, Max: 0.1, Diff: 0.1, Sum: 0.3]
      [GC Worker Total (ms): Min: 4.2, Avg: 4.2, Max: 4.3, Diff: 0.1, Sum: 33.9]
      [GC Worker End (ms): Min: 469682.1, Avg: 469682.2, Max: 469682.2, Diff: 0.1]
   [Code Root Fixup: 0.1 ms]
   [Code Root Purge: 0.0 ms]
   [Clear CT: 0.1 ms]
   [Other: 5.9 ms]
      [Choose CSet: 0.0 ms]
      [Ref Proc: 5.1 ms]
      [Ref Enq: 0.0 ms]
      [Redirty Cards: 0.1 ms]
      [Humongous Register: 0.1 ms]
      [Humongous Reclaim: 0.0 ms]
      [Free CSet: 0.1 ms]
   [Eden: 246.0M(246.0M)->0.0B(240.0M) Survivors: 10.0M->16.0M Heap: 274.9M(4096.0M)->35.2M(4096.0M)]
 [Times: user=0.04 sys=0.00, real=0.01 secs] 
2019-10-31T17:08:09.760+0530: 469.688: Total time for which application threads were stopped: 0.0112294 seconds, Stopping threads took: 0.0000833 seconds
2019-10-31T17:08:10.760+0530: 470.689: Total time for which application threads were stopped: 0.0006755 seconds, Stopping threads took: 0.0000851 seconds
2019-10-31T17:08:24.762+0530: 484.691: Total time for which application threads were stopped: 0.0006621 seconds, Stopping threads took: 0.0000838 seconds
2019-10-31T17:08:28.763+0530: 488.692: Total time for which application threads were stopped: 0.0006287 seconds, Stopping threads took: 0.0000832 seconds
2019-10-31T17:08:38.764+0530: 498.693: Total time for which application threads were stopped: 0.0005641 seconds, Stopping threads took: 0.0000780 seconds
2019-10-31T17:08:41.569+0530: 501.498: [GC pause (G1 Evacuation Pause) (young), 0.0098870 secs]
   [Parallel Time: 4.1 ms, GC Workers: 8]
      [GC Worker Start (ms): Min: 501498.0, Avg: 501498.0, Max: 501498.1, Diff: 0.1]
      [Ext Root Scanning (ms): Min: 0.4, Avg: 0.4, Max: 0.6, Diff: 0.2, Sum: 3.5]
      [Update RS (ms): Min: 2.1, Avg: 2.2, Max: 2.2, Diff: 0.1, Sum: 17.3]
         [Processed Buffers: Min: 24, Avg: 27.6, Max: 36, Diff: 12, Sum: 221]
      [Scan RS (ms): Min: 0.0, Avg: 0.0, Max: 0.0, Diff: 0.0, Sum: 0.1]
      [Code Root Scanning (ms): Min: 0.0, Avg: 0.0, Max: 0.0, Diff: 0.0, Sum: 0.0]
      [Object Copy (ms): Min: 1.3, Avg: 1.3, Max: 1.4, Diff: 0.1, Sum: 10.6]
      [Termination (ms): Min: 0.0, Avg: 0.0, Max: 0.0, Diff: 0.0, Sum: 0.0]
         [Termination Attempts: Min: 1, Avg: 4.9, Max: 8, Diff: 7, Sum: 39]
      [GC Worker Other (ms): Min: 0.0, Avg: 0.0, Max: 0.1, Diff: 0.1, Sum: 0.3]
      [GC Worker Total (ms): Min: 3.9, Avg: 4.0, Max: 4.0, Diff: 0.1, Sum: 31.9]
      [GC Worker End (ms): Min: 501502.0, Avg: 501502.0, Max: 501502.0, Diff: 0.1]
   [Code Root Fixup: 0.0 ms]
   [Code Root Purge: 0.0 ms]
   [Clear CT: 0.1 ms]
   [Other: 5.6 ms]
      [Choose CSet: 0.0 ms]
      [Ref Proc: 4.8 ms]
      [Ref Enq: 0.0 ms]
      [Redirty Cards: 0.1 ms]
      [Humongous Register: 0.1 ms]
      [Humongous Reclaim: 0.0 ms]
      [Free CSet: 0.1 ms]
   [Eden: 240.0M(240.0M)->0.0B(244.0M) Survivors: 16.0M->12.0M Heap: 275.2M(4096.0M)->31.9M(4096.0M)]
 [Times: user=0.04 sys=0.00, real=0.01 secs] 
2019-10-31T17:08:41.579+0530: 501.508: Total time for which application threads were stopped: 0.0105126 seconds, Stopping threads took: 0.0000832 seconds
2019-10-31T17:08:42.580+0530: 502.508: Total time for which application threads were stopped: 0.0003500 seconds, Stopping threads took: 0.0000570 seconds
2019-10-31T17:09:04.236+0530: 524.165: [GC pause (G1 Evacuation Pause) (young), 0.0102173 secs]
   [Parallel Time: 4.6 ms, GC Workers: 8]
      [GC Worker Start (ms): Min: 524165.1, Avg: 524165.2, Max: 524165.2, Diff: 0.1]
      [Ext Root Scanning (ms): Min: 0.5, Avg: 0.5, Max: 0.7, Diff: 0.2, Sum: 4.2]
      [Update RS (ms): Min: 2.2, Avg: 2.2, Max: 2.2, Diff: 0.1, Sum: 17.5]
         [Processed Buffers: Min: 23, Avg: 27.5, Max: 35, Diff: 12, Sum: 220]
      [Scan RS (ms): Min: 0.0, Avg: 0.0, Max: 0.0, Diff: 0.0, Sum: 0.2]
      [Code Root Scanning (ms): Min: 0.0, Avg: 0.0, Max: 0.0, Diff: 0.0, Sum: 0.0]
      [Object Copy (ms): Min: 1.5, Avg: 1.7, Max: 1.7, Diff: 0.2, Sum: 13.3]
      [Termination (ms): Min: 0.0, Avg: 0.0, Max: 0.0, Diff: 0.0, Sum: 0.0]
         [Termination Attempts: Min: 1, Avg: 1.5, Max: 3, Diff: 2, Sum: 12]
      [GC Worker Other (ms): Min: 0.0, Avg: 0.0, Max: 0.1, Diff: 0.1, Sum: 0.2]
      [GC Worker Total (ms): Min: 4.4, Avg: 4.4, Max: 4.5, Diff: 0.1, Sum: 35.4]
      [GC Worker End (ms): Min: 524169.6, Avg: 524169.6, Max: 524169.6, Diff: 0.1]
   [Code Root Fixup: 0.0 ms]
   [Code Root Purge: 0.0 ms]
   [Clear CT: 0.2 ms]
   [Other: 5.4 ms]
      [Choose CSet: 0.0 ms]
      [Ref Proc: 4.6 ms]
      [Ref Enq: 0.0 ms]
      [Redirty Cards: 0.1 ms]
      [Humongous Register: 0.1 ms]
      [Humongous Reclaim: 0.0 ms]
      [Free CSet: 0.1 ms]
   [Eden: 244.0M(244.0M)->0.0B(244.0M) Survivors: 12.0M->12.0M Heap: 275.9M(4096.0M)->32.8M(4096.0M)]
 [Times: user=0.04 sys=0.00, real=0.01 secs] 
2019-10-31T17:09:04.247+0530: 524.175: Total time for which application threads were stopped: 0.0109812 seconds, Stopping threads took: 0.0000908 seconds
2019-10-31T17:09:27.100+0530: 547.029: [GC pause (G1 Evacuation Pause) (young), 0.0103146 secs]
   [Parallel Time: 4.5 ms, GC Workers: 8]
      [GC Worker Start (ms): Min: 547029.0, Avg: 547029.0, Max: 547029.1, Diff: 0.1]
      [Ext Root Scanning (ms): Min: 0.4, Avg: 0.5, Max: 0.6, Diff: 0.2, Sum: 3.9]
      [Update RS (ms): Min: 2.1, Avg: 2.1, Max: 2.2, Diff: 0.1, Sum: 17.2]
         [Processed Buffers: Min: 23, Avg: 27.4, Max: 33, Diff: 10, Sum: 219]
      [Scan RS (ms): Min: 0.0, Avg: 0.0, Max: 0.0, Diff: 0.0, Sum: 0.2]
      [Code Root Scanning (ms): Min: 0.0, Avg: 0.0, Max: 0.0, Diff: 0.0, Sum: 0.0]
      [Object Copy (ms): Min: 1.5, Avg: 1.6, Max: 1.7, Diff: 0.2, Sum: 13.1]
      [Termination (ms): Min: 0.0, Avg: 0.0, Max: 0.0, Diff: 0.0, Sum: 0.1]
         [Termination Attempts: Min: 1, Avg: 21.5, Max: 27, Diff: 26, Sum: 172]
      [GC Worker Other (ms): Min: 0.0, Avg: 0.0, Max: 0.1, Diff: 0.0, Sum: 0.2]
      [GC Worker Total (ms): Min: 4.3, Avg: 4.3, Max: 4.4, Diff: 0.1, Sum: 34.7]
      [GC Worker End (ms): Min: 547033.3, Avg: 547033.4, Max: 547033.4, Diff: 0.0]
   [Code Root Fixup: 0.0 ms]
   [Code Root Purge: 0.0 ms]
   [Clear CT: 0.1 ms]
   [Other: 5.6 ms]
      [Choose CSet: 0.0 ms]
      [Ref Proc: 4.9 ms]
      [Ref Enq: 0.0 ms]
      [Redirty Cards: 0.1 ms]
      [Humongous Register: 0.1 ms]
      [Humongous Reclaim: 0.0 ms]
      [Free CSet: 0.1 ms]
   [Eden: 244.0M(244.0M)->0.0B(242.0M) Survivors: 12.0M->14.0M Heap: 276.8M(4096.0M)->34.5M(4096.0M)]
 [Times: user=0.04 sys=0.00, real=0.01 secs] 
2019-10-31T17:09:27.111+0530: 547.039: Total time for which application threads were stopped: 0.0109880 seconds, Stopping threads took: 0.0000672 seconds
2019-10-31T17:09:51.686+0530: 571.614: [GC pause (G1 Evacuation Pause) (young), 0.0098340 secs]
   [Parallel Time: 4.0 ms, GC Workers: 8]
      [GC Worker Start (ms): Min: 571614.7, Avg: 571614.7, Max: 571614.8, Diff: 0.1]
      [Ext Root Scanning (ms): Min: 0.4, Avg: 0.5, Max: 0.6, Diff: 0.2, Sum: 3.7]
      [Update RS (ms): Min: 2.1, Avg: 2.1, Max: 2.1, Diff: 0.0, Sum: 16.8]
         [Processed Buffers: Min: 24, Avg: 27.1, Max: 30, Diff: 6, Sum: 217]
      [Scan RS (ms): Min: 0.0, Avg: 0.0, Max: 0.0, Diff: 0.0, Sum: 0.2]
      [Code Root Scanning (ms): Min: 0.0, Avg: 0.0, Max: 0.0, Diff: 0.0, Sum: 0.0]
      [Object Copy (ms): Min: 1.2, Avg: 1.3, Max: 1.3, Diff: 0.1, Sum: 10.5]
      [Termination (ms): Min: 0.0, Avg: 0.0, Max: 0.0, Diff: 0.0, Sum: 0.1]
         [Termination Attempts: Min: 1, Avg: 10.4, Max: 18, Diff: 17, Sum: 83]
      [GC Worker Other (ms): Min: 0.0, Avg: 0.0, Max: 0.1, Diff: 0.0, Sum: 0.3]
      [GC Worker Total (ms): Min: 3.9, Avg: 3.9, Max: 4.0, Diff: 0.1, Sum: 31.5]
      [GC Worker End (ms): Min: 571618.7, Avg: 571618.7, Max: 571618.7, Diff: 0.0]
   [Code Root Fixup: 0.1 ms]
   [Code Root Purge: 0.0 ms]
   [Clear CT: 0.2 ms]
   [Other: 5.6 ms]
      [Choose CSet: 0.0 ms]
      [Ref Proc: 4.9 ms]
      [Ref Enq: 0.0 ms]
      [Redirty Cards: 0.1 ms]
      [Humongous Register: 0.1 ms]
      [Humongous Reclaim: 0.0 ms]
      [Free CSet: 0.1 ms]
   [Eden: 242.0M(242.0M)->0.0B(244.0M) Survivors: 14.0M->12.0M Heap: 276.5M(4096.0M)->32.6M(4096.0M)]
 [Times: user=0.04 sys=0.00, real=0.01 secs] 
2019-10-31T17:09:51.696+0530: 571.624: Total time for which application threads were stopped: 0.0104410 seconds, Stopping threads took: 0.0000655 seconds
2019-10-31T17:10:26.327+0530: 606.255: [GC pause (G1 Evacuation Pause) (young), 0.0101174 secs]
   [Parallel Time: 4.3 ms, GC Workers: 8]
      [GC Worker Start (ms): Min: 606255.6, Avg: 606255.6, Max: 606255.7, Diff: 0.1]
      [Ext Root Scanning (ms): Min: 0.4, Avg: 0.5, Max: 0.6, Diff: 0.2, Sum: 3.7]
      [Update RS (ms): Min: 2.1, Avg: 2.1, Max: 2.1, Diff: 0.1, Sum: 16.8]
         [Processed Buffers: Min: 26, Avg: 27.1, Max: 28, Diff: 2, Sum: 217]
      [Scan RS (ms): Min: 0.0, Avg: 0.0, Max: 0.0, Diff: 0.0, Sum: 0.1]
      [Code Root Scanning (ms): Min: 0.0, Avg: 0.0, Max: 0.0, Diff: 0.0, Sum: 0.0]
      [Object Copy (ms): Min: 1.4, Avg: 1.5, Max: 1.6, Diff: 0.1, Sum: 12.3]
      [Termination (ms): Min: 0.0, Avg: 0.0, Max: 0.0, Diff: 0.0, Sum: 0.1]
         [Termination Attempts: Min: 1, Avg: 12.1, Max: 18, Diff: 17, Sum: 97]
      [GC Worker Other (ms): Min: 0.0, Avg: 0.0, Max: 0.1, Diff: 0.1, Sum: 0.3]
      [GC Worker Total (ms): Min: 4.1, Avg: 4.2, Max: 4.2, Diff: 0.2, Sum: 33.3]
      [GC Worker End (ms): Min: 606259.8, Avg: 606259.8, Max: 606259.8, Diff: 0.1]
   [Code Root Fixup: 0.0 ms]
   [Code Root Purge: 0.0 ms]
   [Clear CT: 0.1 ms]
   [Other: 5.6 ms]
      [Choose CSet: 0.0 ms]
      [Ref Proc: 4.9 ms]
      [Ref Enq: 0.0 ms]
      [Redirty Cards: 0.1 ms]
      [Humongous Register: 0.1 ms]
      [Humongous Reclaim: 0.0 ms]
      [Free CSet: 0.1 ms]
   [Eden: 244.0M(244.0M)->0.0B(246.0M) Survivors: 12.0M->10.0M Heap: 276.6M(4096.0M)->30.2M(4096.0M)]
 [Times: user=0.04 sys=0.00, real=0.01 secs] 
2019-10-31T17:10:26.337+0530: 606.266: Total time for which application threads were stopped: 0.0107480 seconds, Stopping threads took: 0.0000677 seconds
2019-10-31T17:10:48.116+0530: 628.044: [GC pause (G1 Evacuation Pause) (young), 0.0103598 secs]
   [Parallel Time: 4.4 ms, GC Workers: 8]
      [GC Worker Start (ms): Min: 628044.4, Avg: 628044.5, Max: 628044.5, Diff: 0.1]
      [Ext Root Scanning (ms): Min: 0.4, Avg: 0.5, Max: 0.6, Diff: 0.2, Sum: 3.8]
      [Update RS (ms): Min: 2.1, Avg: 2.1, Max: 2.1, Diff: 0.0, Sum: 16.9]
         [Processed Buffers: Min: 25, Avg: 27.0, Max: 28, Diff: 3, Sum: 216]
      [Scan RS (ms): Min: 0.0, Avg: 0.0, Max: 0.0, Diff: 0.0, Sum: 0.2]
      [Code Root Scanning (ms): Min: 0.0, Avg: 0.0, Max: 0.0, Diff: 0.0, Sum: 0.0]
      [Object Copy (ms): Min: 1.5, Avg: 1.6, Max: 1.6, Diff: 0.1, Sum: 12.7]
      [Termination (ms): Min: 0.0, Avg: 0.0, Max: 0.0, Diff: 0.0, Sum: 0.1]
         [Termination Attempts: Min: 5, Avg: 9.6, Max: 15, Diff: 10, Sum: 77]
      [GC Worker Other (ms): Min: 0.0, Avg: 0.0, Max: 0.1, Diff: 0.0, Sum: 0.2]
      [GC Worker Total (ms): Min: 4.2, Avg: 4.2, Max: 4.3, Diff: 0.1, Sum: 33.9]
      [GC Worker End (ms): Min: 628048.7, Avg: 628048.7, Max: 628048.8, Diff: 0.0]
   [Code Root Fixup: 0.0 ms]
   [Code Root Purge: 0.0 ms]
   [Clear CT: 0.2 ms]
   [Other: 5.8 ms]
      [Choose CSet: 0.0 ms]
      [Ref Proc: 5.0 ms]
      [Ref Enq: 0.0 ms]
      [Redirty Cards: 0.1 ms]
      [Humongous Register: 0.1 ms]
      [Humongous Reclaim: 0.0 ms]
      [Free CSet: 0.1 ms]
   [Eden: 246.0M(246.0M)->0.0B(248.0M) Survivors: 10.0M->8192.0K Heap: 276.2M(4096.0M)->29.0M(4096.0M)]
 [Times: user=0.04 sys=0.00, real=0.01 secs] 
2019-10-31T17:10:48.126+0530: 628.055: Total time for which application threads were stopped: 0.0110292 seconds, Stopping threads took: 0.0000709 seconds
2019-10-31T17:11:00.128+0530: 640.056: Total time for which application threads were stopped: 0.0006026 seconds, Stopping threads took: 0.0000834 seconds
2019-10-31T17:11:10.887+0530: 650.816: [GC pause (G1 Evacuation Pause) (young), 0.0108036 secs]
   [Parallel Time: 4.6 ms, GC Workers: 8]
      [GC Worker Start (ms): Min: 650816.1, Avg: 650816.1, Max: 650816.2, Diff: 0.1]
      [Ext Root Scanning (ms): Min: 0.5, Avg: 0.5, Max: 0.7, Diff: 0.3, Sum: 4.3]
      [Update RS (ms): Min: 2.1, Avg: 2.1, Max: 2.2, Diff: 0.1, Sum: 17.1]
         [Processed Buffers: Min: 23, Avg: 27.1, Max: 31, Diff: 8, Sum: 217]
      [Scan RS (ms): Min: 0.0, Avg: 0.0, Max: 0.0, Diff: 0.0, Sum: 0.2]
      [Code Root Scanning (ms): Min: 0.0, Avg: 0.0, Max: 0.0, Diff: 0.0, Sum: 0.0]
      [Object Copy (ms): Min: 1.5, Avg: 1.7, Max: 1.7, Diff: 0.2, Sum: 13.3]
      [Termination (ms): Min: 0.0, Avg: 0.0, Max: 0.0, Diff: 0.0, Sum: 0.0]
         [Termination Attempts: Min: 1, Avg: 1.9, Max: 3, Diff: 2, Sum: 15]
      [GC Worker Other (ms): Min: 0.0, Avg: 0.0, Max: 0.1, Diff: 0.1, Sum: 0.4]
      [GC Worker Total (ms): Min: 4.4, Avg: 4.4, Max: 4.5, Diff: 0.1, Sum: 35.2]
      [GC Worker End (ms): Min: 650820.5, Avg: 650820.6, Max: 650820.6, Diff: 0.1]
   [Code Root Fixup: 0.0 ms]
   [Code Root Purge: 0.0 ms]
   [Clear CT: 0.2 ms]
   [Other: 6.0 ms]
      [Choose CSet: 0.0 ms]
      [Ref Proc: 5.1 ms]
      [Ref Enq: 0.0 ms]
      [Redirty Cards: 0.1 ms]
      [Humongous Register: 0.1 ms]
      [Humongous Reclaim: 0.0 ms]
      [Free CSet: 0.1 ms]
   [Eden: 248.0M(248.0M)->0.0B(238.0M) Survivors: 8192.0K->18.0M Heap: 277.0M(4096.0M)->38.5M(4096.0M)]
 [Times: user=0.04 sys=0.00, real=0.01 secs] 
2019-10-31T17:11:10.898+0530: 650.827: Total time for which application threads were stopped: 0.0116325 seconds, Stopping threads took: 0.0000848 seconds
2019-10-31T17:11:43.689+0530: 683.617: [GC pause (G1 Evacuation Pause) (young), 0.0100592 secs]
   [Parallel Time: 4.2 ms, GC Workers: 8]
      [GC Worker Start (ms): Min: 683617.3, Avg: 683617.4, Max: 683617.4, Diff: 0.1]
      [Ext Root Scanning (ms): Min: 0.4, Avg: 0.4, Max: 0.6, Diff: 0.2, Sum: 3.4]
      [Update RS (ms): Min: 2.0, Avg: 2.1, Max: 2.1, Diff: 0.1, Sum: 16.8]
         [Processed Buffers: Min: 26, Avg: 27.1, Max: 29, Diff: 3, Sum: 217]
      [Scan RS (ms): Min: 0.0, Avg: 0.0, Max: 0.0, Diff: 0.0, Sum: 0.2]
      [Code Root Scanning (ms): Min: 0.0, Avg: 0.0, Max: 0.0, Diff: 0.0, Sum: 0.0]
      [Object Copy (ms): Min: 1.4, Avg: 1.4, Max: 1.4, Diff: 0.0, Sum: 11.1]
      [Termination (ms): Min: 0.0, Avg: 0.0, Max: 0.1, Diff: 0.0, Sum: 0.3]
         [Termination Attempts: Min: 29, Avg: 40.6, Max: 52, Diff: 23, Sum: 325]
      [GC Worker Other (ms): Min: 0.0, Avg: 0.0, Max: 0.1, Diff: 0.0, Sum: 0.2]
      [GC Worker Total (ms): Min: 3.9, Avg: 4.0, Max: 4.0, Diff: 0.1, Sum: 31.9]
      [GC Worker End (ms): Min: 683621.4, Avg: 683621.4, Max: 683621.4, Diff: 0.0]
   [Code Root Fixup: 0.0 ms]
   [Code Root Purge: 0.0 ms]
   [Clear CT: 0.1 ms]
   [Other: 5.7 ms]
      [Choose CSet: 0.0 ms]
      [Ref Proc: 4.9 ms]
      [Ref Enq: 0.0 ms]
      [Redirty Cards: 0.1 ms]
      [Humongous Register: 0.1 ms]
      [Humongous Reclaim: 0.0 ms]
      [Free CSet: 0.1 ms]
   [Eden: 238.0M(238.0M)->0.0B(246.0M) Survivors: 18.0M->10.0M Heap: 276.5M(4096.0M)->31.7M(4096.0M)]
 [Times: user=0.04 sys=0.00, real=0.01 secs] 
2019-10-31T17:11:43.699+0530: 683.627: Total time for which application threads were stopped: 0.0106118 seconds, Stopping threads took: 0.0000625 seconds
2019-10-31T17:12:06.409+0530: 706.337: [GC pause (G1 Evacuation Pause) (young), 0.0101207 secs]
   [Parallel Time: 4.2 ms, GC Workers: 8]
      [GC Worker Start (ms): Min: 706337.7, Avg: 706337.7, Max: 706337.8, Diff: 0.1]
      [Ext Root Scanning (ms): Min: 0.4, Avg: 0.5, Max: 0.6, Diff: 0.2, Sum: 3.8]
      [Update RS (ms): Min: 2.0, Avg: 2.1, Max: 2.1, Diff: 0.1, Sum: 16.8]
         [Processed Buffers: Min: 26, Avg: 27.1, Max: 28, Diff: 2, Sum: 217]
      [Scan RS (ms): Min: 0.0, Avg: 0.0, Max: 0.0, Diff: 0.0, Sum: 0.2]
      [Code Root Scanning (ms): Min: 0.0, Avg: 0.0, Max: 0.0, Diff: 0.0, Sum: 0.0]
      [Object Copy (ms): Min: 1.4, Avg: 1.5, Max: 1.5, Diff: 0.1, Sum: 11.7]
      [Termination (ms): Min: 0.0, Avg: 0.0, Max: 0.0, Diff: 0.0, Sum: 0.0]
         [Termination Attempts: Min: 1, Avg: 4.9, Max: 7, Diff: 6, Sum: 39]
      [GC Worker Other (ms): Min: 0.0, Avg: 0.0, Max: 0.1, Diff: 0.0, Sum: 0.2]
      [GC Worker Total (ms): Min: 4.0, Avg: 4.1, Max: 4.1, Diff: 0.1, Sum: 32.8]
      [GC Worker End (ms): Min: 706341.8, Avg: 706341.8, Max: 706341.8, Diff: 0.0]
   [Code Root Fixup: 0.1 ms]
   [Code Root Purge: 0.0 ms]
   [Clear CT: 0.2 ms]
   [Other: 5.7 ms]
      [Choose CSet: 0.0 ms]
      [Ref Proc: 4.9 ms]
      [Ref Enq: 0.0 ms]
      [Redirty Cards: 0.1 ms]
      [Humongous Register: 0.1 ms]
      [Humongous Reclaim: 0.0 ms]
      [Free CSet: 0.1 ms]
   [Eden: 246.0M(246.0M)->0.0B(246.0M) Survivors: 10.0M->10.0M Heap: 277.7M(4096.0M)->30.4M(4096.0M)]
 [Times: user=0.04 sys=0.00, real=0.01 secs] 
2019-10-31T17:12:06.419+0530: 706.348: Total time for which application threads were stopped: 0.0108580 seconds, Stopping threads took: 0.0001029 seconds
2019-10-31T17:12:32.092+0530: 732.021: [GC pause (G1 Evacuation Pause) (young), 0.0106099 secs]
   [Parallel Time: 4.6 ms, GC Workers: 8]
      [GC Worker Start (ms): Min: 732021.0, Avg: 732021.1, Max: 732021.1, Diff: 0.1]
      [Ext Root Scanning (ms): Min: 0.4, Avg: 0.5, Max: 0.6, Diff: 0.2, Sum: 4.0]
      [Update RS (ms): Min: 2.1, Avg: 2.1, Max: 2.1, Diff: 0.1, Sum: 16.6]
         [Processed Buffers: Min: 25, Avg: 27.1, Max: 29, Diff: 4, Sum: 217]
      [Scan RS (ms): Min: 0.0, Avg: 0.0, Max: 0.0, Diff: 0.0, Sum: 0.1]
      [Code Root Scanning (ms): Min: 0.0, Avg: 0.0, Max: 0.0, Diff: 0.0, Sum: 0.0]
      [Object Copy (ms): Min: 1.7, Avg: 1.8, Max: 1.8, Diff: 0.2, Sum: 14.3]
      [Termination (ms): Min: 0.0, Avg: 0.0, Max: 0.1, Diff: 0.0, Sum: 0.3]
         [Termination Attempts: Min: 23, Avg: 37.5, Max: 50, Diff: 27, Sum: 300]
      [GC Worker Other (ms): Min: 0.0, Avg: 0.0, Max: 0.1, Diff: 0.1, Sum: 0.3]
      [GC Worker Total (ms): Min: 4.4, Avg: 4.5, Max: 4.5, Diff: 0.1, Sum: 35.6]
      [GC Worker End (ms): Min: 732025.5, Avg: 732025.5, Max: 732025.6, Diff: 0.1]
   [Code Root Fixup: 0.0 ms]
   [Code Root Purge: 0.0 ms]
   [Clear CT: 0.2 ms]
   [Other: 5.8 ms]
      [Choose CSet: 0.0 ms]
      [Ref Proc: 5.0 ms]
      [Ref Enq: 0.0 ms]
      [Redirty Cards: 0.1 ms]
      [Humongous Register: 0.1 ms]
      [Humongous Reclaim: 0.0 ms]
      [Free CSet: 0.1 ms]
   [Eden: 246.0M(246.0M)->0.0B(246.0M) Survivors: 10.0M->10.0M Heap: 276.4M(4096.0M)->31.7M(4096.0M)]
 [Times: user=0.05 sys=0.00, real=0.01 secs] 
2019-10-31T17:12:32.103+0530: 732.031: Total time for which application threads were stopped: 0.0113266 seconds, Stopping threads took: 0.0000735 seconds
2019-10-31T17:12:57.105+0530: 757.034: Total time for which application threads were stopped: 0.0006142 seconds, Stopping threads took: 0.0000812 seconds
2019-10-31T17:13:05.325+0530: 765.253: [GC pause (G1 Evacuation Pause) (young), 0.0101754 secs]
   [Parallel Time: 4.2 ms, GC Workers: 8]
      [GC Worker Start (ms): Min: 765253.4, Avg: 765253.4, Max: 765253.5, Diff: 0.1]
      [Ext Root Scanning (ms): Min: 0.4, Avg: 0.5, Max: 0.6, Diff: 0.2, Sum: 4.0]
      [Update RS (ms): Min: 2.1, Avg: 2.1, Max: 2.1, Diff: 0.1, Sum: 16.8]
         [Processed Buffers: Min: 25, Avg: 27.1, Max: 29, Diff: 4, Sum: 217]
      [Scan RS (ms): Min: 0.0, Avg: 0.0, Max: 0.0, Diff: 0.0, Sum: 0.2]
      [Code Root Scanning (ms): Min: 0.0, Avg: 0.0, Max: 0.0, Diff: 0.0, Sum: 0.0]
      [Object Copy (ms): Min: 1.3, Avg: 1.4, Max: 1.5, Diff: 0.2, Sum: 11.4]
      [Termination (ms): Min: 0.0, Avg: 0.0, Max: 0.0, Diff: 0.0, Sum: 0.0]
         [Termination Attempts: Min: 1, Avg: 8.5, Max: 13, Diff: 12, Sum: 68]
      [GC Worker Other (ms): Min: 0.0, Avg: 0.0, Max: 0.1, Diff: 0.0, Sum: 0.2]
      [GC Worker Total (ms): Min: 4.0, Avg: 4.1, Max: 4.1, Diff: 0.1, Sum: 32.6]
      [GC Worker End (ms): Min: 765257.5, Avg: 765257.5, Max: 765257.6, Diff: 0.0]
   [Code Root Fixup: 0.0 ms]
   [Code Root Purge: 0.0 ms]
   [Clear CT: 0.1 ms]
   [Other: 5.8 ms]
      [Choose CSet: 0.0 ms]
      [Ref Proc: 5.0 ms]
      [Ref Enq: 0.0 ms]
      [Redirty Cards: 0.1 ms]
      [Humongous Register: 0.1 ms]
      [Humongous Reclaim: 0.0 ms]
      [Free CSet: 0.1 ms]
   [Eden: 246.0M(246.0M)->0.0B(242.0M) Survivors: 10.0M->14.0M Heap: 277.7M(4096.0M)->35.3M(4096.0M)]
 [Times: user=0.04 sys=0.00, real=0.02 secs] 
2019-10-31T17:13:05.335+0530: 765.263: Total time for which application threads were stopped: 0.0108768 seconds, Stopping threads took: 0.0000724 seconds
2019-10-31T17:13:35.100+0530: 795.029: [GC pause (G1 Evacuation Pause) (young), 0.0102011 secs]
   [Parallel Time: 4.3 ms, GC Workers: 8]
      [GC Worker Start (ms): Min: 795028.9, Avg: 795028.9, Max: 795029.0, Diff: 0.1]
      [Ext Root Scanning (ms): Min: 0.4, Avg: 0.5, Max: 0.6, Diff: 0.2, Sum: 4.1]
      [Update RS (ms): Min: 2.1, Avg: 2.1, Max: 2.2, Diff: 0.1, Sum: 17.0]
         [Processed Buffers: Min: 23, Avg: 27.0, Max: 29, Diff: 6, Sum: 216]
      [Scan RS (ms): Min: 0.0, Avg: 0.0, Max: 0.0, Diff: 0.0, Sum: 0.2]
      [Code Root Scanning (ms): Min: 0.0, Avg: 0.0, Max: 0.0, Diff: 0.0, Sum: 0.0]
      [Object Copy (ms): Min: 1.3, Avg: 1.4, Max: 1.5, Diff: 0.1, Sum: 11.4]
      [Termination (ms): Min: 0.0, Avg: 0.0, Max: 0.0, Diff: 0.0, Sum: 0.1]
         [Termination Attempts: Min: 1, Avg: 10.6, Max: 15, Diff: 14, Sum: 85]
      [GC Worker Other (ms): Min: 0.0, Avg: 0.0, Max: 0.0, Diff: 0.0, Sum: 0.2]
      [GC Worker Total (ms): Min: 4.1, Avg: 4.1, Max: 4.1, Diff: 0.1, Sum: 32.9]
      [GC Worker End (ms): Min: 795033.0, Avg: 795033.1, Max: 795033.1, Diff: 0.0]
   [Code Root Fixup: 0.1 ms]
   [Code Root Purge: 0.0 ms]
   [Clear CT: 0.1 ms]
   [Other: 5.8 ms]
      [Choose CSet: 0.0 ms]
      [Ref Proc: 5.0 ms]
      [Ref Enq: 0.0 ms]
      [Redirty Cards: 0.1 ms]
      [Humongous Register: 0.1 ms]
      [Humongous Reclaim: 0.0 ms]
      [Free CSet: 0.1 ms]
   [Eden: 242.0M(242.0M)->0.0B(244.0M) Survivors: 14.0M->12.0M Heap: 277.3M(4096.0M)->32.6M(4096.0M)]
 [Times: user=0.02 sys=0.02, real=0.01 secs] 
2019-10-31T17:13:35.110+0530: 795.039: Total time for which application threads were stopped: 0.0108727 seconds, Stopping threads took: 0.0000711 seconds
2019-10-31T17:13:57.734+0530: 817.663: [GC pause (G1 Evacuation Pause) (young), 0.0099277 secs]
   [Parallel Time: 4.0 ms, GC Workers: 8]
      [GC Worker Start (ms): Min: 817663.2, Avg: 817663.3, Max: 817663.3, Diff: 0.1]
      [Ext Root Scanning (ms): Min: 0.4, Avg: 0.4, Max: 0.6, Diff: 0.2, Sum: 3.5]
      [Update RS (ms): Min: 2.1, Avg: 2.1, Max: 2.2, Diff: 0.1, Sum: 17.0]
         [Processed Buffers: Min: 24, Avg: 27.1, Max: 28, Diff: 4, Sum: 217]
      [Scan RS (ms): Min: 0.0, Avg: 0.0, Max: 0.0, Diff: 0.0, Sum: 0.2]
      [Code Root Scanning (ms): Min: 0.0, Avg: 0.0, Max: 0.0, Diff: 0.0, Sum: 0.0]
      [Object Copy (ms): Min: 1.1, Avg: 1.2, Max: 1.3, Diff: 0.1, Sum: 9.8]
      [Termination (ms): Min: 0.0, Avg: 0.0, Max: 0.0, Diff: 0.0, Sum: 0.1]
         [Termination Attempts: Min: 1, Avg: 8.4, Max: 13, Diff: 12, Sum: 67]
      [GC Worker Other (ms): Min: 0.0, Avg: 0.0, Max: 0.1, Diff: 0.1, Sum: 0.3]
      [GC Worker Total (ms): Min: 3.8, Avg: 3.9, Max: 3.9, Diff: 0.1, Sum: 30.9]
      [GC Worker End (ms): Min: 817667.1, Avg: 817667.1, Max: 817667.2, Diff: 0.1]
   [Code Root Fixup: 0.1 ms]
   [Code Root Purge: 0.0 ms]
   [Clear CT: 0.2 ms]
   [Other: 5.8 ms]
      [Choose CSet: 0.0 ms]
      [Ref Proc: 5.0 ms]
      [Ref Enq: 0.0 ms]
      [Redirty Cards: 0.1 ms]
      [Humongous Register: 0.1 ms]
      [Humongous Reclaim: 0.0 ms]
      [Free CSet: 0.1 ms]
   [Eden: 244.0M(244.0M)->0.0B(244.0M) Survivors: 12.0M->12.0M Heap: 276.6M(4096.0M)->32.5M(4096.0M)]
 [Times: user=0.04 sys=0.00, real=0.00 secs] 
2019-10-31T17:13:57.745+0530: 817.673: Total time for which application threads were stopped: 0.0105422 seconds, Stopping threads took: 0.0000858 seconds
2019-10-31T17:14:14.773+0530: 834.702: [GC pause (G1 Evacuation Pause) (young), 0.0103477 secs]
   [Parallel Time: 4.5 ms, GC Workers: 8]
      [GC Worker Start (ms): Min: 834701.9, Avg: 834702.0, Max: 834702.0, Diff: 0.1]
      [Ext Root Scanning (ms): Min: 0.4, Avg: 0.5, Max: 0.6, Diff: 0.2, Sum: 4.0]
      [Update RS (ms): Min: 2.1, Avg: 2.1, Max: 2.2, Diff: 0.1, Sum: 16.7]
         [Processed Buffers: Min: 25, Avg: 27.0, Max: 29, Diff: 4, Sum: 216]
      [Scan RS (ms): Min: 0.0, Avg: 0.0, Max: 0.0, Diff: 0.0, Sum: 0.2]
      [Code Root Scanning (ms): Min: 0.0, Avg: 0.0, Max: 0.0, Diff: 0.0, Sum: 0.0]
      [Object Copy (ms): Min: 1.6, Avg: 1.7, Max: 1.8, Diff: 0.2, Sum: 13.9]
      [Termination (ms): Min: 0.0, Avg: 0.0, Max: 0.0, Diff: 0.0, Sum: 0.1]
         [Termination Attempts: Min: 1, Avg: 19.0, Max: 31, Diff: 30, Sum: 152]
      [GC Worker Other (ms): Min: 0.0, Avg: 0.0, Max: 0.1, Diff: 0.1, Sum: 0.3]
      [GC Worker Total (ms): Min: 4.3, Avg: 4.4, Max: 4.5, Diff: 0.2, Sum: 35.1]
      [GC Worker End (ms): Min: 834706.3, Avg: 834706.4, Max: 834706.4, Diff: 0.1]
   [Code Root Fixup: 0.0 ms]
   [Code Root Purge: 0.0 ms]
   [Clear CT: 0.2 ms]
   [Other: 5.6 ms]
      [Choose CSet: 0.0 ms]
      [Ref Proc: 4.8 ms]
      [Ref Enq: 0.0 ms]
      [Redirty Cards: 0.1 ms]
      [Humongous Register: 0.1 ms]
      [Humongous Reclaim: 0.0 ms]
      [Free CSet: 0.1 ms]
   [Eden: 244.0M(244.0M)->0.0B(246.0M) Survivors: 12.0M->10.0M Heap: 276.5M(4096.0M)->31.6M(4096.0M)]
 [Times: user=0.04 sys=0.01, real=0.00 secs] 
2019-10-31T17:14:14.784+0530: 834.712: Total time for which application threads were stopped: 0.0111187 seconds, Stopping threads took: 0.0000786 seconds
2019-10-31T17:14:42.281+0530: 862.209: [GC pause (G1 Evacuation Pause) (young), 0.0106222 secs]
   [Parallel Time: 4.5 ms, GC Workers: 8]
      [GC Worker Start (ms): Min: 862209.5, Avg: 862209.6, Max: 862209.6, Diff: 0.1]
      [Ext Root Scanning (ms): Min: 0.4, Avg: 0.5, Max: 0.7, Diff: 0.2, Sum: 4.1]
      [Update RS (ms): Min: 2.1, Avg: 2.2, Max: 2.2, Diff: 0.1, Sum: 17.5]
         [Processed Buffers: Min: 25, Avg: 27.1, Max: 29, Diff: 4, Sum: 217]
      [Scan RS (ms): Min: 0.0, Avg: 0.0, Max: 0.0, Diff: 0.0, Sum: 0.1]
      [Code Root Scanning (ms): Min: 0.0, Avg: 0.0, Max: 0.0, Diff: 0.0, Sum: 0.0]
      [Object Copy (ms): Min: 1.4, Avg: 1.6, Max: 1.6, Diff: 0.2, Sum: 12.7]
      [Termination (ms): Min: 0.0, Avg: 0.0, Max: 0.0, Diff: 0.0, Sum: 0.0]
         [Termination Attempts: Min: 1, Avg: 4.2, Max: 7, Diff: 6, Sum: 34]
      [GC Worker Other (ms): Min: 0.0, Avg: 0.0, Max: 0.1, Diff: 0.1, Sum: 0.3]
      [GC Worker Total (ms): Min: 4.3, Avg: 4.4, Max: 4.4, Diff: 0.1, Sum: 34.8]
      [GC Worker End (ms): Min: 862213.9, Avg: 862213.9, Max: 862214.0, Diff: 0.1]
   [Code Root Fixup: 0.1 ms]
   [Code Root Purge: 0.0 ms]
   [Clear CT: 0.1 ms]
   [Other: 5.9 ms]
      [Choose CSet: 0.0 ms]
      [Ref Proc: 5.1 ms]
      [Ref Enq: 0.0 ms]
      [Redirty Cards: 0.1 ms]
      [Humongous Register: 0.1 ms]
      [Humongous Reclaim: 0.0 ms]
      [Free CSet: 0.1 ms]
   [Eden: 246.0M(246.0M)->0.0B(240.0M) Survivors: 10.0M->16.0M Heap: 277.6M(4096.0M)->37.3M(4096.0M)]
 [Times: user=0.04 sys=0.00, real=0.01 secs] 
2019-10-31T17:14:42.291+0530: 862.220: Total time for which application threads were stopped: 0.0114197 seconds, Stopping threads took: 0.0000830 seconds
2019-10-31T17:15:04.560+0530: 884.488: [GC pause (G1 Evacuation Pause) (young), 0.0101974 secs]
   [Parallel Time: 4.3 ms, GC Workers: 8]
      [GC Worker Start (ms): Min: 884488.6, Avg: 884488.7, Max: 884488.7, Diff: 0.1]
      [Ext Root Scanning (ms): Min: 0.4, Avg: 0.5, Max: 0.6, Diff: 0.2, Sum: 3.7]
      [Update RS (ms): Min: 2.1, Avg: 2.2, Max: 2.2, Diff: 0.1, Sum: 17.2]
         [Processed Buffers: Min: 25, Avg: 27.1, Max: 30, Diff: 5, Sum: 217]
      [Scan RS (ms): Min: 0.0, Avg: 0.0, Max: 0.0, Diff: 0.0, Sum: 0.2]
      [Code Root Scanning (ms): Min: 0.0, Avg: 0.0, Max: 0.0, Diff: 0.0, Sum: 0.0]
      [Object Copy (ms): Min: 1.4, Avg: 1.4, Max: 1.5, Diff: 0.1, Sum: 11.6]
      [Termination (ms): Min: 0.0, Avg: 0.0, Max: 0.0, Diff: 0.0, Sum: 0.3]
         [Termination Attempts: Min: 23, Avg: 29.6, Max: 34, Diff: 11, Sum: 237]
      [GC Worker Other (ms): Min: 0.0, Avg: 0.0, Max: 0.1, Diff: 0.1, Sum: 0.3]
      [GC Worker Total (ms): Min: 4.1, Avg: 4.2, Max: 4.2, Diff: 0.1, Sum: 33.3]
      [GC Worker End (ms): Min: 884492.8, Avg: 884492.8, Max: 884492.9, Diff: 0.1]
   [Code Root Fixup: 0.1 ms]
   [Code Root Purge: 0.0 ms]
   [Clear CT: 0.1 ms]
   [Other: 5.8 ms]
      [Choose CSet: 0.0 ms]
      [Ref Proc: 5.0 ms]
      [Ref Enq: 0.0 ms]
      [Redirty Cards: 0.1 ms]
      [Humongous Register: 0.1 ms]
      [Humongous Reclaim: 0.0 ms]
      [Free CSet: 0.1 ms]
   [Eden: 240.0M(240.0M)->0.0B(246.0M) Survivors: 16.0M->10.0M Heap: 277.3M(4096.0M)->31.6M(4096.0M)]
 [Times: user=0.04 sys=0.00, real=0.01 secs] 
2019-10-31T17:15:04.570+0530: 884.499: Total time for which application threads were stopped: 0.0108506 seconds, Stopping threads took: 0.0000924 seconds
2019-10-31T17:15:26.558+0530: 906.486: [GC pause (G1 Evacuation Pause) (young), 0.0105205 secs]
   [Parallel Time: 4.6 ms, GC Workers: 8]
      [GC Worker Start (ms): Min: 906486.7, Avg: 906486.8, Max: 906486.8, Diff: 0.1]
      [Ext Root Scanning (ms): Min: 0.4, Avg: 0.5, Max: 0.7, Diff: 0.3, Sum: 4.2]
      [Update RS (ms): Min: 2.1, Avg: 2.1, Max: 2.2, Diff: 0.1, Sum: 17.1]
         [Processed Buffers: Min: 25, Avg: 27.0, Max: 29, Diff: 4, Sum: 216]
      [Scan RS (ms): Min: 0.0, Avg: 0.0, Max: 0.0, Diff: 0.0, Sum: 0.2]
      [Code Root Scanning (ms): Min: 0.0, Avg: 0.0, Max: 0.0, Diff: 0.0, Sum: 0.0]
      [Object Copy (ms): Min: 1.6, Avg: 1.7, Max: 1.8, Diff: 0.2, Sum: 13.9]
      [Termination (ms): Min: 0.0, Avg: 0.0, Max: 0.0, Diff: 0.0, Sum: 0.0]
         [Termination Attempts: Min: 1, Avg: 2.2, Max: 3, Diff: 2, Sum: 18]
      [GC Worker Other (ms): Min: 0.0, Avg: 0.0, Max: 0.1, Diff: 0.1, Sum: 0.3]
      [GC Worker Total (ms): Min: 4.4, Avg: 4.5, Max: 4.5, Diff: 0.1, Sum: 35.8]
      [GC Worker End (ms): Min: 906491.2, Avg: 906491.2, Max: 906491.3, Diff: 0.1]
   [Code Root Fixup: 0.1 ms]
   [Code Root Purge: 0.0 ms]
   [Clear CT: 0.2 ms]
   [Other: 5.7 ms]
      [Choose CSet: 0.0 ms]
      [Ref Proc: 4.9 ms]
      [Ref Enq: 0.0 ms]
      [Redirty Cards: 0.1 ms]
      [Humongous Register: 0.1 ms]
      [Humongous Reclaim: 0.0 ms]
      [Free CSet: 0.1 ms]
   [Eden: 246.0M(246.0M)->0.0B(244.0M) Survivors: 10.0M->12.0M Heap: 277.6M(4096.0M)->33.1M(4096.0M)]
 [Times: user=0.04 sys=0.00, real=0.01 secs] 
2019-10-31T17:15:26.569+0530: 906.497: Total time for which application threads were stopped: 0.0113538 seconds, Stopping threads took: 0.0000858 seconds
2019-10-31T17:15:51.964+0530: 931.893: [GC pause (G1 Evacuation Pause) (young), 0.0104333 secs]
   [Parallel Time: 4.4 ms, GC Workers: 8]
      [GC Worker Start (ms): Min: 931892.9, Avg: 931893.0, Max: 931893.0, Diff: 0.1]
      [Ext Root Scanning (ms): Min: 0.5, Avg: 0.5, Max: 0.7, Diff: 0.2, Sum: 4.3]
      [Update RS (ms): Min: 2.1, Avg: 2.1, Max: 2.2, Diff: 0.1, Sum: 17.0]
         [Processed Buffers: Min: 26, Avg: 27.4, Max: 30, Diff: 4, Sum: 219]
      [Scan RS (ms): Min: 0.0, Avg: 0.0, Max: 0.0, Diff: 0.0, Sum: 0.2]
      [Code Root Scanning (ms): Min: 0.0, Avg: 0.0, Max: 0.0, Diff: 0.0, Sum: 0.0]
      [Object Copy (ms): Min: 1.5, Avg: 1.6, Max: 1.7, Diff: 0.2, Sum: 13.1]
      [Termination (ms): Min: 0.0, Avg: 0.0, Max: 0.0, Diff: 0.0, Sum: 0.1]
         [Termination Attempts: Min: 1, Avg: 11.0, Max: 16, Diff: 15, Sum: 88]
      [GC Worker Other (ms): Min: 0.0, Avg: 0.0, Max: 0.1, Diff: 0.1, Sum: 0.3]
      [GC Worker Total (ms): Min: 4.3, Avg: 4.4, Max: 4.4, Diff: 0.1, Sum: 34.9]
      [GC Worker End (ms): Min: 931897.3, Avg: 931897.3, Max: 931897.4, Diff: 0.1]
   [Code Root Fixup: 0.1 ms]
   [Code Root Purge: 0.0 ms]
   [Clear CT: 0.1 ms]
   [Other: 5.8 ms]
      [Choose CSet: 0.0 ms]
      [Ref Proc: 5.0 ms]
      [Ref Enq: 0.0 ms]
      [Redirty Cards: 0.1 ms]
      [Humongous Register: 0.1 ms]
      [Humongous Reclaim: 0.0 ms]
      [Free CSet: 0.1 ms]
   [Eden: 244.0M(244.0M)->0.0B(242.0M) Survivors: 12.0M->14.0M Heap: 277.1M(4096.0M)->35.6M(4096.0M)]
 [Times: user=0.04 sys=0.00, real=0.02 secs] 
2019-10-31T17:15:51.975+0530: 931.903: Total time for which application threads were stopped: 0.0112533 seconds, Stopping threads took: 0.0001153 seconds
2019-10-31T17:16:25.461+0530: 965.389: [GC pause (G1 Evacuation Pause) (young), 0.0103711 secs]
   [Parallel Time: 4.4 ms, GC Workers: 8]
      [GC Worker Start (ms): Min: 965389.6, Avg: 965389.7, Max: 965389.7, Diff: 0.1]
      [Ext Root Scanning (ms): Min: 0.5, Avg: 0.5, Max: 0.6, Diff: 0.2, Sum: 4.0]
      [Update RS (ms): Min: 2.1, Avg: 2.1, Max: 2.1, Diff: 0.1, Sum: 16.9]
         [Processed Buffers: Min: 25, Avg: 27.1, Max: 29, Diff: 4, Sum: 217]
      [Scan RS (ms): Min: 0.0, Avg: 0.0, Max: 0.0, Diff: 0.0, Sum: 0.2]
      [Code Root Scanning (ms): Min: 0.0, Avg: 0.0, Max: 0.0, Diff: 0.0, Sum: 0.0]
      [Object Copy (ms): Min: 1.4, Avg: 1.6, Max: 1.6, Diff: 0.2, Sum: 12.4]
      [Termination (ms): Min: 0.0, Avg: 0.0, Max: 0.0, Diff: 0.0, Sum: 0.1]
         [Termination Attempts: Min: 1, Avg: 9.1, Max: 12, Diff: 11, Sum: 73]
      [GC Worker Other (ms): Min: 0.0, Avg: 0.0, Max: 0.0, Diff: 0.0, Sum: 0.2]
      [GC Worker Total (ms): Min: 4.2, Avg: 4.2, Max: 4.3, Diff: 0.1, Sum: 33.7]
      [GC Worker End (ms): Min: 965393.9, Avg: 965393.9, Max: 965393.9, Diff: 0.0]
   [Code Root Fixup: 0.0 ms]
   [Code Root Purge: 0.0 ms]
   [Clear CT: 0.1 ms]
   [Other: 5.8 ms]
      [Choose CSet: 0.0 ms]
      [Ref Proc: 5.0 ms]
      [Ref Enq: 0.0 ms]
      [Redirty Cards: 0.1 ms]
      [Humongous Register: 0.1 ms]
      [Humongous Reclaim: 0.0 ms]
      [Free CSet: 0.1 ms]
   [Eden: 242.0M(242.0M)->0.0B(246.0M) Survivors: 14.0M->10.0M Heap: 277.6M(4096.0M)->31.7M(4096.0M)]
 [Times: user=0.04 sys=0.00, real=0.01 secs] 
2019-10-31T17:16:25.471+0530: 965.400: Total time for which application threads were stopped: 0.0111164 seconds, Stopping threads took: 0.0000730 seconds
2019-10-31T17:16:30.472+0530: 970.401: Total time for which application threads were stopped: 0.0005438 seconds, Stopping threads took: 0.0000775 seconds
2019-10-31T17:16:42.474+0530: 982.402: Total time for which application threads were stopped: 0.0003833 seconds, Stopping threads took: 0.0000677 seconds
2019-10-31T17:16:46.836+0530: 986.764: [GC pause (G1 Evacuation Pause) (young), 0.0103228 secs]
   [Parallel Time: 4.3 ms, GC Workers: 8]
      [GC Worker Start (ms): Min: 986764.5, Avg: 986764.5, Max: 986764.6, Diff: 0.1]
      [Ext Root Scanning (ms): Min: 0.4, Avg: 0.5, Max: 0.6, Diff: 0.2, Sum: 3.8]
      [Update RS (ms): Min: 2.1, Avg: 2.1, Max: 2.1, Diff: 0.1, Sum: 16.9]
         [Processed Buffers: Min: 22, Avg: 27.1, Max: 31, Diff: 9, Sum: 217]
      [Scan RS (ms): Min: 0.0, Avg: 0.0, Max: 0.0, Diff: 0.0, Sum: 0.2]
      [Code Root Scanning (ms): Min: 0.0, Avg: 0.0, Max: 0.0, Diff: 0.0, Sum: 0.0]
      [Object Copy (ms): Min: 1.4, Avg: 1.5, Max: 1.5, Diff: 0.1, Sum: 11.7]
      [Termination (ms): Min: 0.0, Avg: 0.0, Max: 0.0, Diff: 0.0, Sum: 0.1]
         [Termination Attempts: Min: 1, Avg: 9.9, Max: 17, Diff: 16, Sum: 79]
      [GC Worker Other (ms): Min: 0.0, Avg: 0.0, Max: 0.1, Diff: 0.0, Sum: 0.2]
      [GC Worker Total (ms): Min: 4.1, Avg: 4.1, Max: 4.2, Diff: 0.1, Sum: 32.9]
      [GC Worker End (ms): Min: 986768.6, Avg: 986768.7, Max: 986768.7, Diff: 0.0]
   [Code Root Fixup: 0.1 ms]
   [Code Root Purge: 0.0 ms]
   [Clear CT: 0.1 ms]
   [Other: 5.9 ms]
      [Choose CSet: 0.0 ms]
      [Ref Proc: 5.1 ms]
      [Ref Enq: 0.0 ms]
      [Redirty Cards: 0.1 ms]
      [Humongous Register: 0.1 ms]
      [Humongous Reclaim: 0.0 ms]
      [Free CSet: 0.1 ms]
   [Eden: 246.0M(246.0M)->0.0B(244.0M) Survivors: 10.0M->12.0M Heap: 277.7M(4096.0M)->32.7M(4096.0M)]
 [Times: user=0.04 sys=0.00, real=0.01 secs] 
2019-10-31T17:16:46.846+0530: 986.775: Total time for which application threads were stopped: 0.0109757 seconds, Stopping threads took: 0.0000677 seconds
2019-10-31T17:17:07.848+0530: 1007.777: Total time for which application threads were stopped: 0.0003730 seconds, Stopping threads took: 0.0000631 seconds
2019-10-31T17:17:08.679+0530: 1008.607: [GC pause (G1 Evacuation Pause) (young), 0.0101155 secs]
   [Parallel Time: 4.1 ms, GC Workers: 8]
      [GC Worker Start (ms): Min: 1008607.3, Avg: 1008607.3, Max: 1008607.4, Diff: 0.1]
      [Ext Root Scanning (ms): Min: 0.4, Avg: 0.4, Max: 0.6, Diff: 0.2, Sum: 3.4]
      [Update RS (ms): Min: 2.0, Avg: 2.1, Max: 2.2, Diff: 0.1, Sum: 16.9]
         [Processed Buffers: Min: 25, Avg: 27.2, Max: 28, Diff: 3, Sum: 218]
      [Scan RS (ms): Min: 0.0, Avg: 0.0, Max: 0.0, Diff: 0.0, Sum: 0.2]
      [Code Root Scanning (ms): Min: 0.0, Avg: 0.0, Max: 0.0, Diff: 0.0, Sum: 0.0]
      [Object Copy (ms): Min: 1.3, Avg: 1.3, Max: 1.3, Diff: 0.1, Sum: 10.5]
      [Termination (ms): Min: 0.0, Avg: 0.0, Max: 0.0, Diff: 0.0, Sum: 0.2]
         [Termination Attempts: Min: 16, Avg: 22.9, Max: 26, Diff: 10, Sum: 183]
      [GC Worker Other (ms): Min: 0.0, Avg: 0.0, Max: 0.1, Diff: 0.1, Sum: 0.2]
      [GC Worker Total (ms): Min: 3.9, Avg: 3.9, Max: 4.0, Diff: 0.1, Sum: 31.4]
      [GC Worker End (ms): Min: 1008611.2, Avg: 1008611.3, Max: 1008611.3, Diff: 0.1]
   [Code Root Fixup: 0.1 ms]
   [Code Root Purge: 0.0 ms]
   [Clear CT: 0.2 ms]
   [Other: 5.8 ms]
      [Choose CSet: 0.0 ms]
      [Ref Proc: 5.0 ms]
      [Ref Enq: 0.0 ms]
      [Redirty Cards: 0.1 ms]
      [Humongous Register: 0.1 ms]
      [Humongous Reclaim: 0.0 ms]
      [Free CSet: 0.1 ms]
   [Eden: 244.0M(244.0M)->0.0B(250.0M) Survivors: 12.0M->6144.0K Heap: 276.7M(4096.0M)->27.7M(4096.0M)]
 [Times: user=0.04 sys=0.00, real=0.01 secs] 
2019-10-31T17:17:08.689+0530: 1008.617: Total time for which application threads were stopped: 0.0107097 seconds, Stopping threads took: 0.0000584 seconds
2019-10-31T17:17:26.691+0530: 1026.619: Total time for which application threads were stopped: 0.0007604 seconds, Stopping threads took: 0.0000691 seconds
2019-10-31T17:17:31.692+0530: 1031.620: Total time for which application threads were stopped: 0.0005486 seconds, Stopping threads took: 0.0000771 seconds
2019-10-31T17:17:33.574+0530: 1033.502: [GC pause (G1 Evacuation Pause) (young), 0.0109321 secs]
   [Parallel Time: 5.1 ms, GC Workers: 8]
      [GC Worker Start (ms): Min: 1033502.5, Avg: 1033502.5, Max: 1033502.6, Diff: 0.1]
      [Ext Root Scanning (ms): Min: 0.4, Avg: 0.5, Max: 0.7, Diff: 0.2, Sum: 4.1]
      [Update RS (ms): Min: 2.1, Avg: 2.1, Max: 2.2, Diff: 0.1, Sum: 17.1]
         [Processed Buffers: Min: 26, Avg: 27.0, Max: 28, Diff: 2, Sum: 216]
      [Scan RS (ms): Min: 0.0, Avg: 0.0, Max: 0.0, Diff: 0.0, Sum: 0.2]
      [Code Root Scanning (ms): Min: 0.0, Avg: 0.0, Max: 0.0, Diff: 0.0, Sum: 0.0]
      [Object Copy (ms): Min: 2.0, Avg: 2.2, Max: 2.2, Diff: 0.2, Sum: 17.2]
      [Termination (ms): Min: 0.0, Avg: 0.0, Max: 0.1, Diff: 0.0, Sum: 0.3]
         [Termination Attempts: Min: 29, Avg: 39.8, Max: 48, Diff: 19, Sum: 318]
      [GC Worker Other (ms): Min: 0.0, Avg: 0.0, Max: 0.1, Diff: 0.1, Sum: 0.3]
      [GC Worker Total (ms): Min: 4.8, Avg: 4.9, Max: 5.0, Diff: 0.1, Sum: 39.2]
      [GC Worker End (ms): Min: 1033507.4, Avg: 1033507.4, Max: 1033507.5, Diff: 0.1]
   [Code Root Fixup: 0.1 ms]
   [Code Root Purge: 0.0 ms]
   [Clear CT: 0.2 ms]
   [Other: 5.7 ms]
      [Choose CSet: 0.0 ms]
      [Ref Proc: 4.9 ms]
      [Ref Enq: 0.0 ms]
      [Redirty Cards: 0.1 ms]
      [Humongous Register: 0.1 ms]
      [Humongous Reclaim: 0.0 ms]
      [Free CSet: 0.1 ms]
   [Eden: 250.0M(250.0M)->0.0B(244.0M) Survivors: 6144.0K->12.0M Heap: 277.7M(4096.0M)->32.1M(4096.0M)]
 [Times: user=0.05 sys=0.00, real=0.01 secs] 
2019-10-31T17:17:33.585+0530: 1033.513: Total time for which application threads were stopped: 0.0117514 seconds, Stopping threads took: 0.0000799 seconds
2019-10-31T17:17:53.284+0530: 1053.212: [GC pause (G1 Evacuation Pause) (young), 0.0106868 secs]
   [Parallel Time: 4.7 ms, GC Workers: 8]
      [GC Worker Start (ms): Min: 1053212.4, Avg: 1053212.4, Max: 1053212.5, Diff: 0.1]
      [Ext Root Scanning (ms): Min: 0.5, Avg: 0.5, Max: 0.7, Diff: 0.3, Sum: 4.3]
      [Update RS (ms): Min: 2.1, Avg: 2.2, Max: 2.2, Diff: 0.1, Sum: 17.2]
         [Processed Buffers: Min: 25, Avg: 27.1, Max: 31, Diff: 6, Sum: 217]
      [Scan RS (ms): Min: 0.0, Avg: 0.0, Max: 0.0, Diff: 0.0, Sum: 0.2]
      [Code Root Scanning (ms): Min: 0.0, Avg: 0.0, Max: 0.0, Diff: 0.0, Sum: 0.0]
      [Object Copy (ms): Min: 1.6, Avg: 1.8, Max: 1.8, Diff: 0.2, Sum: 14.2]
      [Termination (ms): Min: 0.0, Avg: 0.0, Max: 0.0, Diff: 0.0, Sum: 0.3]
         [Termination Attempts: Min: 1, Avg: 2.9, Max: 4, Diff: 3, Sum: 23]
      [GC Worker Other (ms): Min: 0.0, Avg: 0.0, Max: 0.0, Diff: 0.0, Sum: 0.1]
      [GC Worker Total (ms): Min: 4.5, Avg: 4.5, Max: 4.6, Diff: 0.1, Sum: 36.3]
      [GC Worker End (ms): Min: 1053216.9, Avg: 1053217.0, Max: 1053217.0, Diff: 0.0]
   [Code Root Fixup: 0.0 ms]
   [Code Root Purge: 0.0 ms]
   [Clear CT: 0.1 ms]
   [Other: 5.8 ms]
      [Choose CSet: 0.0 ms]
      [Ref Proc: 5.0 ms]
      [Ref Enq: 0.0 ms]
      [Redirty Cards: 0.1 ms]
      [Humongous Register: 0.1 ms]
      [Humongous Reclaim: 0.0 ms]
      [Free CSet: 0.1 ms]
   [Eden: 244.0M(244.0M)->0.0B(240.0M) Survivors: 12.0M->16.0M Heap: 276.1M(4096.0M)->37.5M(4096.0M)]
 [Times: user=0.04 sys=0.00, real=0.02 secs] 
2019-10-31T17:17:53.294+0530: 1053.223: Total time for which application threads were stopped: 0.0115089 seconds, Stopping threads took: 0.0000845 seconds
2019-10-31T17:18:01.295+0530: 1061.224: Total time for which application threads were stopped: 0.0003874 seconds, Stopping threads took: 0.0000670 seconds
2019-10-31T17:18:15.676+0530: 1075.605: [GC pause (G1 Evacuation Pause) (young), 0.0104975 secs]
   [Parallel Time: 4.6 ms, GC Workers: 8]
      [GC Worker Start (ms): Min: 1075605.2, Avg: 1075605.3, Max: 1075605.3, Diff: 0.1]
      [Ext Root Scanning (ms): Min: 0.5, Avg: 0.5, Max: 0.7, Diff: 0.2, Sum: 4.1]
      [Update RS (ms): Min: 2.1, Avg: 2.1, Max: 2.2, Diff: 0.1, Sum: 16.9]
         [Processed Buffers: Min: 23, Avg: 27.1, Max: 30, Diff: 7, Sum: 217]
      [Scan RS (ms): Min: 0.0, Avg: 0.0, Max: 0.0, Diff: 0.0, Sum: 0.2]
      [Code Root Scanning (ms): Min: 0.0, Avg: 0.0, Max: 0.0, Diff: 0.0, Sum: 0.0]
      [Object Copy (ms): Min: 1.6, Avg: 1.7, Max: 1.7, Diff: 0.2, Sum: 13.6]
      [Termination (ms): Min: 0.0, Avg: 0.0, Max: 0.0, Diff: 0.0, Sum: 0.1]
         [Termination Attempts: Min: 1, Avg: 12.4, Max: 18, Diff: 17, Sum: 99]
      [GC Worker Other (ms): Min: 0.0, Avg: 0.0, Max: 0.1, Diff: 0.1, Sum: 0.3]
      [GC Worker Total (ms): Min: 4.3, Avg: 4.4, Max: 4.5, Diff: 0.1, Sum: 35.3]
      [GC Worker End (ms): Min: 1075609.7, Avg: 1075609.7, Max: 1075609.7, Diff: 0.1]
   [Code Root Fixup: 0.1 ms]
   [Code Root Purge: 0.0 ms]
   [Clear CT: 0.2 ms]
   [Other: 5.7 ms]
      [Choose CSet: 0.0 ms]
      [Ref Proc: 4.9 ms]
      [Ref Enq: 0.0 ms]
      [Redirty Cards: 0.1 ms]
      [Humongous Register: 0.1 ms]
      [Humongous Reclaim: 0.0 ms]
      [Free CSet: 0.1 ms]
   [Eden: 240.0M(240.0M)->0.0B(244.0M) Survivors: 16.0M->12.0M Heap: 277.5M(4096.0M)->33.9M(4096.0M)]
 [Times: user=0.04 sys=0.00, real=0.01 secs] 
2019-10-31T17:18:15.687+0530: 1075.616: Total time for which application threads were stopped: 0.0112795 seconds, Stopping threads took: 0.0000833 seconds
2019-10-31T17:18:37.515+0530: 1097.444: [GC pause (G1 Evacuation Pause) (young), 0.0104292 secs]
   [Parallel Time: 4.4 ms, GC Workers: 8]
      [GC Worker Start (ms): Min: 1097443.9, Avg: 1097444.0, Max: 1097444.0, Diff: 0.1]
      [Ext Root Scanning (ms): Min: 0.4, Avg: 0.5, Max: 0.6, Diff: 0.2, Sum: 3.9]
      [Update RS (ms): Min: 2.1, Avg: 2.1, Max: 2.2, Diff: 0.1, Sum: 17.1]
         [Processed Buffers: Min: 24, Avg: 27.1, Max: 30, Diff: 6, Sum: 217]
      [Scan RS (ms): Min: 0.0, Avg: 0.0, Max: 0.0, Diff: 0.0, Sum: 0.2]
      [Code Root Scanning (ms): Min: 0.0, Avg: 0.0, Max: 0.0, Diff: 0.0, Sum: 0.0]
      [Object Copy (ms): Min: 1.4, Avg: 1.5, Max: 1.6, Diff: 0.1, Sum: 12.2]
      [Termination (ms): Min: 0.0, Avg: 0.0, Max: 0.0, Diff: 0.0, Sum: 0.1]
         [Termination Attempts: Min: 1, Avg: 18.5, Max: 24, Diff: 23, Sum: 148]
      [GC Worker Other (ms): Min: 0.0, Avg: 0.0, Max: 0.1, Diff: 0.1, Sum: 0.3]
      [GC Worker Total (ms): Min: 4.2, Avg: 4.2, Max: 4.3, Diff: 0.1, Sum: 33.7]
      [GC Worker End (ms): Min: 1097448.2, Avg: 1097448.2, Max: 1097448.2, Diff: 0.1]
   [Code Root Fixup: 0.1 ms]
   [Code Root Purge: 0.0 ms]
   [Clear CT: 0.1 ms]
   [Other: 5.9 ms]
      [Choose CSet: 0.0 ms]
      [Ref Proc: 5.1 ms]
      [Ref Enq: 0.0 ms]
      [Redirty Cards: 0.1 ms]
      [Humongous Register: 0.1 ms]
      [Humongous Reclaim: 0.0 ms]
      [Free CSet: 0.1 ms]
   [Eden: 244.0M(244.0M)->0.0B(246.0M) Survivors: 12.0M->10.0M Heap: 277.9M(4096.0M)->31.8M(4096.0M)]
 [Times: user=0.04 sys=0.00, real=0.01 secs] 
2019-10-31T17:18:37.526+0530: 1097.454: Total time for which application threads were stopped: 0.0111580 seconds, Stopping threads took: 0.0000885 seconds
2019-10-31T17:19:02.719+0530: 1122.648: [GC pause (G1 Evacuation Pause) (young), 0.0100740 secs]
   [Parallel Time: 4.1 ms, GC Workers: 8]
      [GC Worker Start (ms): Min: 1122647.9, Avg: 1122647.9, Max: 1122648.0, Diff: 0.1]
      [Ext Root Scanning (ms): Min: 0.4, Avg: 0.4, Max: 0.6, Diff: 0.2, Sum: 3.6]
      [Update RS (ms): Min: 2.1, Avg: 2.1, Max: 2.2, Diff: 0.1, Sum: 17.0]
         [Processed Buffers: Min: 23, Avg: 27.0, Max: 30, Diff: 7, Sum: 216]
      [Scan RS (ms): Min: 0.0, Avg: 0.0, Max: 0.0, Diff: 0.0, Sum: 0.1]
      [Code Root Scanning (ms): Min: 0.0, Avg: 0.0, Max: 0.0, Diff: 0.0, Sum: 0.0]
      [Object Copy (ms): Min: 1.3, Avg: 1.3, Max: 1.4, Diff: 0.1, Sum: 10.8]
      [Termination (ms): Min: 0.0, Avg: 0.0, Max: 0.0, Diff: 0.0, Sum: 0.0]
         [Termination Attempts: Min: 1, Avg: 8.1, Max: 12, Diff: 11, Sum: 65]
      [GC Worker Other (ms): Min: 0.0, Avg: 0.0, Max: 0.1, Diff: 0.1, Sum: 0.3]
      [GC Worker Total (ms): Min: 3.9, Avg: 4.0, Max: 4.0, Diff: 0.1, Sum: 31.8]
      [GC Worker End (ms): Min: 1122651.9, Avg: 1122651.9, Max: 1122652.0, Diff: 0.1]
   [Code Root Fixup: 0.0 ms]
   [Code Root Purge: 0.0 ms]
   [Clear CT: 0.2 ms]
   [Other: 5.8 ms]
      [Choose CSet: 0.0 ms]
      [Ref Proc: 4.9 ms]
      [Ref Enq: 0.0 ms]
      [Redirty Cards: 0.1 ms]
      [Humongous Register: 0.1 ms]
      [Humongous Reclaim: 0.0 ms]
      [Free CSet: 0.1 ms]
   [Eden: 246.0M(246.0M)->0.0B(244.0M) Survivors: 10.0M->12.0M Heap: 277.8M(4096.0M)->32.7M(4096.0M)]
 [Times: user=0.04 sys=0.00, real=0.01 secs] 
2019-10-31T17:19:02.729+0530: 1122.658: Total time for which application threads were stopped: 0.0106976 seconds, Stopping threads took: 0.0000616 seconds
2019-10-31T17:19:22.653+0530: 1142.582: [GC pause (G1 Evacuation Pause) (young), 0.0104364 secs]
   [Parallel Time: 4.5 ms, GC Workers: 8]
      [GC Worker Start (ms): Min: 1142582.0, Avg: 1142582.0, Max: 1142582.1, Diff: 0.1]
      [Ext Root Scanning (ms): Min: 0.4, Avg: 0.4, Max: 0.6, Diff: 0.2, Sum: 3.5]
      [Update RS (ms): Min: 2.1, Avg: 2.1, Max: 2.1, Diff: 0.1, Sum: 16.8]
         [Processed Buffers: Min: 23, Avg: 27.0, Max: 30, Diff: 7, Sum: 216]
      [Scan RS (ms): Min: 0.0, Avg: 0.0, Max: 0.0, Diff: 0.0, Sum: 0.2]
      [Code Root Scanning (ms): Min: 0.0, Avg: 0.0, Max: 0.0, Diff: 0.0, Sum: 0.0]
      [Object Copy (ms): Min: 1.6, Avg: 1.7, Max: 1.7, Diff: 0.1, Sum: 13.5]
      [Termination (ms): Min: 0.0, Avg: 0.0, Max: 0.1, Diff: 0.0, Sum: 0.4]
         [Termination Attempts: Min: 34, Avg: 46.6, Max: 58, Diff: 24, Sum: 373]
      [GC Worker Other (ms): Min: 0.0, Avg: 0.0, Max: 0.0, Diff: 0.0, Sum: 0.2]
      [GC Worker Total (ms): Min: 4.3, Avg: 4.3, Max: 4.4, Diff: 0.1, Sum: 34.5]
      [GC Worker End (ms): Min: 1142586.4, Avg: 1142586.4, Max: 1142586.4, Diff: 0.0]
   [Code Root Fixup: 0.1 ms]
   [Code Root Purge: 0.0 ms]
   [Clear CT: 0.2 ms]
   [Other: 5.7 ms]
      [Choose CSet: 0.0 ms]
      [Ref Proc: 4.9 ms]
      [Ref Enq: 0.0 ms]
      [Redirty Cards: 0.1 ms]
      [Humongous Register: 0.1 ms]
      [Humongous Reclaim: 0.0 ms]
      [Free CSet: 0.1 ms]
   [Eden: 244.0M(244.0M)->0.0B(248.0M) Survivors: 12.0M->8192.0K Heap: 276.7M(4096.0M)->28.3M(4096.0M)]
 [Times: user=0.04 sys=0.00, real=0.00 secs] 
2019-10-31T17:19:22.664+0530: 1142.592: Total time for which application threads were stopped: 0.0110271 seconds, Stopping threads took: 0.0000606 seconds
2019-10-31T17:19:43.373+0530: 1163.302: [GC pause (G1 Evacuation Pause) (young), 0.0100008 secs]
   [Parallel Time: 4.0 ms, GC Workers: 8]
      [GC Worker Start (ms): Min: 1163302.2, Avg: 1163302.2, Max: 1163302.2, Diff: 0.1]
      [Ext Root Scanning (ms): Min: 0.4, Avg: 0.4, Max: 0.6, Diff: 0.2, Sum: 3.6]
      [Update RS (ms): Min: 2.1, Avg: 2.1, Max: 2.1, Diff: 0.1, Sum: 16.9]
         [Processed Buffers: Min: 25, Avg: 27.1, Max: 29, Diff: 4, Sum: 217]
      [Scan RS (ms): Min: 0.0, Avg: 0.0, Max: 0.0, Diff: 0.0, Sum: 0.2]
      [Code Root Scanning (ms): Min: 0.0, Avg: 0.0, Max: 0.0, Diff: 0.0, Sum: 0.0]
      [Object Copy (ms): Min: 1.2, Avg: 1.3, Max: 1.3, Diff: 0.1, Sum: 10.2]
      [Termination (ms): Min: 0.0, Avg: 0.0, Max: 0.0, Diff: 0.0, Sum: 0.2]
         [Termination Attempts: Min: 14, Avg: 21.2, Max: 26, Diff: 12, Sum: 170]
      [GC Worker Other (ms): Min: 0.0, Avg: 0.0, Max: 0.1, Diff: 0.1, Sum: 0.3]
      [GC Worker Total (ms): Min: 3.9, Avg: 3.9, Max: 3.9, Diff: 0.1, Sum: 31.3]
      [GC Worker End (ms): Min: 1163306.1, Avg: 1163306.1, Max: 1163306.1, Diff: 0.1]
   [Code Root Fixup: 0.1 ms]
   [Code Root Purge: 0.0 ms]
   [Clear CT: 0.1 ms]
   [Other: 5.8 ms]
      [Choose CSet: 0.0 ms]
      [Ref Proc: 5.0 ms]
      [Ref Enq: 0.0 ms]
      [Redirty Cards: 0.1 ms]
      [Humongous Register: 0.1 ms]
      [Humongous Reclaim: 0.0 ms]
      [Free CSet: 0.1 ms]
   [Eden: 248.0M(248.0M)->0.0B(250.0M) Survivors: 8192.0K->6144.0K Heap: 276.3M(4096.0M)->27.7M(4096.0M)]
 [Times: user=0.04 sys=0.00, real=0.00 secs] 
2019-10-31T17:19:43.384+0530: 1163.312: Total time for which application threads were stopped: 0.0106100 seconds, Stopping threads took: 0.0000670 seconds
2019-10-31T17:20:08.965+0530: 1188.893: [GC pause (G1 Evacuation Pause) (young), 0.0105305 secs]
   [Parallel Time: 4.5 ms, GC Workers: 8]
      [GC Worker Start (ms): Min: 1188893.5, Avg: 1188893.5, Max: 1188893.6, Diff: 0.1]
      [Ext Root Scanning (ms): Min: 0.4, Avg: 0.5, Max: 0.7, Diff: 0.2, Sum: 4.1]
      [Update RS (ms): Min: 2.1, Avg: 2.1, Max: 2.2, Diff: 0.1, Sum: 16.9]
         [Processed Buffers: Min: 25, Avg: 27.0, Max: 29, Diff: 4, Sum: 216]
      [Scan RS (ms): Min: 0.0, Avg: 0.0, Max: 0.0, Diff: 0.0, Sum: 0.1]
      [Code Root Scanning (ms): Min: 0.0, Avg: 0.0, Max: 0.0, Diff: 0.0, Sum: 0.0]
      [Object Copy (ms): Min: 1.5, Avg: 1.7, Max: 1.7, Diff: 0.2, Sum: 13.2]
      [Termination (ms): Min: 0.0, Avg: 0.0, Max: 0.0, Diff: 0.0, Sum: 0.1]
         [Termination Attempts: Min: 1, Avg: 10.4, Max: 15, Diff: 14, Sum: 83]
      [GC Worker Other (ms): Min: 0.0, Avg: 0.0, Max: 0.1, Diff: 0.1, Sum: 0.4]
      [GC Worker Total (ms): Min: 4.3, Avg: 4.4, Max: 4.4, Diff: 0.1, Sum: 34.9]
      [GC Worker End (ms): Min: 1188897.8, Avg: 1188897.9, Max: 1188897.9, Diff: 0.1]
   [Code Root Fixup: 0.1 ms]
   [Code Root Purge: 0.0 ms]
   [Clear CT: 0.2 ms]
   [Other: 5.8 ms]
      [Choose CSet: 0.0 ms]
      [Ref Proc: 4.9 ms]
      [Ref Enq: 0.0 ms]
      [Redirty Cards: 0.1 ms]
      [Humongous Register: 0.1 ms]
      [Humongous Reclaim: 0.0 ms]
      [Free CSet: 0.1 ms]
   [Eden: 250.0M(250.0M)->0.0B(244.0M) Survivors: 6144.0K->12.0M Heap: 277.7M(4096.0M)->32.8M(4096.0M)]
 [Times: user=0.04 sys=0.00, real=0.02 secs] 
2019-10-31T17:20:08.975+0530: 1188.904: Total time for which application threads were stopped: 0.0113114 seconds, Stopping threads took: 0.0000824 seconds
2019-10-31T17:20:33.302+0530: 1213.230: [GC pause (G1 Evacuation Pause) (young), 0.0104507 secs]
   [Parallel Time: 4.4 ms, GC Workers: 8]
      [GC Worker Start (ms): Min: 1213230.5, Avg: 1213230.5, Max: 1213230.6, Diff: 0.1]
      [Ext Root Scanning (ms): Min: 0.4, Avg: 0.5, Max: 0.6, Diff: 0.2, Sum: 3.8]
      [Update RS (ms): Min: 2.1, Avg: 2.2, Max: 2.2, Diff: 0.0, Sum: 17.3]
         [Processed Buffers: Min: 24, Avg: 27.1, Max: 31, Diff: 7, Sum: 217]
      [Scan RS (ms): Min: 0.0, Avg: 0.0, Max: 0.0, Diff: 0.0, Sum: 0.2]
      [Code Root Scanning (ms): Min: 0.0, Avg: 0.0, Max: 0.0, Diff: 0.0, Sum: 0.0]
      [Object Copy (ms): Min: 1.4, Avg: 1.5, Max: 1.6, Diff: 0.1, Sum: 12.3]
      [Termination (ms): Min: 0.0, Avg: 0.0, Max: 0.0, Diff: 0.0, Sum: 0.1]
         [Termination Attempts: Min: 10, Avg: 16.4, Max: 20, Diff: 10, Sum: 131]
      [GC Worker Other (ms): Min: 0.0, Avg: 0.0, Max: 0.1, Diff: 0.1, Sum: 0.3]
      [GC Worker Total (ms): Min: 4.2, Avg: 4.3, Max: 4.3, Diff: 0.1, Sum: 34.0]
      [GC Worker End (ms): Min: 1213234.8, Avg: 1213234.8, Max: 1213234.8, Diff: 0.1]
   [Code Root Fixup: 0.1 ms]
   [Code Root Purge: 0.0 ms]
   [Clear CT: 0.1 ms]
   [Other: 5.9 ms]
      [Choose CSet: 0.0 ms]
      [Ref Proc: 5.1 ms]
      [Ref Enq: 0.0 ms]
      [Redirty Cards: 0.1 ms]
      [Humongous Register: 0.1 ms]
      [Humongous Reclaim: 0.0 ms]
      [Free CSet: 0.1 ms]
   [Eden: 244.0M(244.0M)->0.0B(244.0M) Survivors: 12.0M->12.0M Heap: 276.8M(4096.0M)->32.7M(4096.0M)]
 [Times: user=0.04 sys=0.00, real=0.01 secs] 
2019-10-31T17:20:33.312+0530: 1213.241: Total time for which application threads were stopped: 0.0111238 seconds, Stopping threads took: 0.0000695 seconds
2019-10-31T17:20:51.448+0530: 1231.376: [GC pause (G1 Evacuation Pause) (young), 0.0103529 secs]
   [Parallel Time: 4.5 ms, GC Workers: 8]
      [GC Worker Start (ms): Min: 1231376.4, Avg: 1231376.4, Max: 1231376.4, Diff: 0.1]
      [Ext Root Scanning (ms): Min: 0.4, Avg: 0.5, Max: 0.6, Diff: 0.2, Sum: 3.9]
      [Update RS (ms): Min: 2.2, Avg: 2.2, Max: 2.2, Diff: 0.1, Sum: 17.6]
         [Processed Buffers: Min: 26, Avg: 27.1, Max: 29, Diff: 3, Sum: 217]
      [Scan RS (ms): Min: 0.0, Avg: 0.0, Max: 0.0, Diff: 0.0, Sum: 0.2]
      [Code Root Scanning (ms): Min: 0.0, Avg: 0.0, Max: 0.0, Diff: 0.0, Sum: 0.0]
      [Object Copy (ms): Min: 1.5, Avg: 1.6, Max: 1.6, Diff: 0.2, Sum: 12.8]
      [Termination (ms): Min: 0.0, Avg: 0.0, Max: 0.0, Diff: 0.0, Sum: 0.1]
         [Termination Attempts: Min: 1, Avg: 16.8, Max: 23, Diff: 22, Sum: 134]
      [GC Worker Other (ms): Min: 0.0, Avg: 0.0, Max: 0.1, Diff: 0.1, Sum: 0.3]
      [GC Worker Total (ms): Min: 4.3, Avg: 4.4, Max: 4.4, Diff: 0.1, Sum: 34.9]
      [GC Worker End (ms): Min: 1231380.7, Avg: 1231380.8, Max: 1231380.8, Diff: 0.1]
   [Code Root Fixup: 0.1 ms]
   [Code Root Purge: 0.0 ms]
   [Clear CT: 0.1 ms]
   [Other: 5.7 ms]
      [Choose CSet: 0.0 ms]
      [Ref Proc: 4.9 ms]
      [Ref Enq: 0.0 ms]
      [Redirty Cards: 0.1 ms]
      [Humongous Register: 0.1 ms]
      [Humongous Reclaim: 0.0 ms]
      [Free CSet: 0.1 ms]
   [Eden: 244.0M(244.0M)->0.0B(246.0M) Survivors: 12.0M->10.0M Heap: 276.7M(4096.0M)->30.8M(4096.0M)]
 [Times: user=0.04 sys=0.00, real=0.01 secs] 
2019-10-31T17:20:51.458+0530: 1231.387: Total time for which application threads were stopped: 0.0110990 seconds, Stopping threads took: 0.0000778 seconds
2019-10-31T17:21:17.711+0530: 1257.640: [GC pause (G1 Evacuation Pause) (young), 0.0103050 secs]
   [Parallel Time: 4.3 ms, GC Workers: 8]
      [GC Worker Start (ms): Min: 1257639.8, Avg: 1257639.8, Max: 1257639.9, Diff: 0.1]
      [Ext Root Scanning (ms): Min: 0.4, Avg: 0.5, Max: 0.6, Diff: 0.2, Sum: 4.0]
      [Update RS (ms): Min: 2.1, Avg: 2.2, Max: 2.2, Diff: 0.1, Sum: 17.2]
         [Processed Buffers: Min: 23, Avg: 27.0, Max: 30, Diff: 7, Sum: 216]
      [Scan RS (ms): Min: 0.0, Avg: 0.0, Max: 0.0, Diff: 0.0, Sum: 0.2]
      [Code Root Scanning (ms): Min: 0.0, Avg: 0.0, Max: 0.0, Diff: 0.0, Sum: 0.0]
      [Object Copy (ms): Min: 1.3, Avg: 1.5, Max: 1.5, Diff: 0.2, Sum: 11.8]
      [Termination (ms): Min: 0.0, Avg: 0.0, Max: 0.0, Diff: 0.0, Sum: 0.0]
         [Termination Attempts: Min: 1, Avg: 6.1, Max: 9, Diff: 8, Sum: 49]
      [GC Worker Other (ms): Min: 0.0, Avg: 0.0, Max: 0.1, Diff: 0.0, Sum: 0.2]
      [GC Worker Total (ms): Min: 4.1, Avg: 4.2, Max: 4.2, Diff: 0.1, Sum: 33.4]
      [GC Worker End (ms): Min: 1257644.0, Avg: 1257644.0, Max: 1257644.0, Diff: 0.0]
   [Code Root Fixup: 0.1 ms]
   [Code Root Purge: 0.0 ms]
   [Clear CT: 0.1 ms]
   [Other: 5.8 ms]
      [Choose CSet: 0.0 ms]
      [Ref Proc: 5.0 ms]
      [Ref Enq: 0.0 ms]
      [Redirty Cards: 0.1 ms]
      [Humongous Register: 0.1 ms]
      [Humongous Reclaim: 0.0 ms]
      [Free CSet: 0.1 ms]
   [Eden: 246.0M(246.0M)->0.0B(240.0M) Survivors: 10.0M->16.0M Heap: 276.8M(4096.0M)->36.7M(4096.0M)]
 [Times: user=0.04 sys=0.00, real=0.01 secs] 
2019-10-31T17:21:17.721+0530: 1257.650: Total time for which application threads were stopped: 0.0110700 seconds, Stopping threads took: 0.0000769 seconds
2019-10-31T17:21:30.723+0530: 1270.651: Total time for which application threads were stopped: 0.0004664 seconds, Stopping threads took: 0.0000611 seconds
2019-10-31T17:21:35.372+0530: 1275.300: [GC pause (G1 Evacuation Pause) (young), 0.0102301 secs]
   [Parallel Time: 4.3 ms, GC Workers: 8]
      [GC Worker Start (ms): Min: 1275300.6, Avg: 1275300.6, Max: 1275300.7, Diff: 0.1]
      [Ext Root Scanning (ms): Min: 0.4, Avg: 0.5, Max: 0.6, Diff: 0.2, Sum: 3.9]
      [Update RS (ms): Min: 2.1, Avg: 2.1, Max: 2.1, Diff: 0.0, Sum: 17.0]
         [Processed Buffers: Min: 25, Avg: 27.2, Max: 29, Diff: 4, Sum: 218]
      [Scan RS (ms): Min: 0.0, Avg: 0.0, Max: 0.0, Diff: 0.0, Sum: 0.2]
      [Code Root Scanning (ms): Min: 0.0, Avg: 0.0, Max: 0.0, Diff: 0.0, Sum: 0.0]
      [Object Copy (ms): Min: 1.3, Avg: 1.4, Max: 1.4, Diff: 0.1, Sum: 11.2]
      [Termination (ms): Min: 0.0, Avg: 0.0, Max: 0.0, Diff: 0.0, Sum: 0.1]
         [Termination Attempts: Min: 7, Avg: 10.0, Max: 13, Diff: 6, Sum: 80]
      [GC Worker Other (ms): Min: 0.0, Avg: 0.0, Max: 0.1, Diff: 0.1, Sum: 0.2]
      [GC Worker Total (ms): Min: 4.0, Avg: 4.1, Max: 4.1, Diff: 0.1, Sum: 32.5]
      [GC Worker End (ms): Min: 1275304.7, Avg: 1275304.7, Max: 1275304.7, Diff: 0.0]
   [Code Root Fixup: 0.1 ms]
   [Code Root Purge: 0.0 ms]
   [Clear CT: 0.2 ms]
   [Other: 5.8 ms]
      [Choose CSet: 0.0 ms]
      [Ref Proc: 5.0 ms]
      [Ref Enq: 0.0 ms]
      [Redirty Cards: 0.1 ms]
      [Humongous Register: 0.1 ms]
      [Humongous Reclaim: 0.0 ms]
      [Free CSet: 0.1 ms]
   [Eden: 240.0M(240.0M)->0.0B(244.0M) Survivors: 16.0M->12.0M Heap: 276.7M(4096.0M)->32.8M(4096.0M)]
 [Times: user=0.04 sys=0.00, real=0.01 secs] 
2019-10-31T17:21:35.382+0530: 1275.311: Total time for which application threads were stopped: 0.0109167 seconds, Stopping threads took: 0.0000677 seconds
2019-10-31T17:21:57.893+0530: 1297.821: [GC pause (G1 Evacuation Pause) (young), 0.0101643 secs]
   [Parallel Time: 4.3 ms, GC Workers: 8]
      [GC Worker Start (ms): Min: 1297821.5, Avg: 1297821.5, Max: 1297821.6, Diff: 0.1]
      [Ext Root Scanning (ms): Min: 0.4, Avg: 0.5, Max: 0.6, Diff: 0.2, Sum: 3.6]
      [Update RS (ms): Min: 2.1, Avg: 2.1, Max: 2.1, Diff: 0.1, Sum: 16.9]
         [Processed Buffers: Min: 25, Avg: 27.1, Max: 30, Diff: 5, Sum: 217]
      [Scan RS (ms): Min: 0.0, Avg: 0.0, Max: 0.0, Diff: 0.0, Sum: 0.2]
      [Code Root Scanning (ms): Min: 0.0, Avg: 0.0, Max: 0.0, Diff: 0.0, Sum: 0.0]
      [Object Copy (ms): Min: 1.5, Avg: 1.5, Max: 1.6, Diff: 0.1, Sum: 12.2]
      [Termination (ms): Min: 0.0, Avg: 0.0, Max: 0.0, Diff: 0.0, Sum: 0.2]
         [Termination Attempts: Min: 22, Avg: 27.9, Max: 32, Diff: 10, Sum: 223]
      [GC Worker Other (ms): Min: 0.0, Avg: 0.0, Max: 0.1, Diff: 0.0, Sum: 0.2]
      [GC Worker Total (ms): Min: 4.1, Avg: 4.2, Max: 4.2, Diff: 0.1, Sum: 33.2]
      [GC Worker End (ms): Min: 1297825.7, Avg: 1297825.7, Max: 1297825.7, Diff: 0.0]
   [Code Root Fixup: 0.1 ms]
   [Code Root Purge: 0.0 ms]
   [Clear CT: 0.1 ms]
   [Other: 5.7 ms]
      [Choose CSet: 0.0 ms]
      [Ref Proc: 4.9 ms]
      [Ref Enq: 0.0 ms]
      [Redirty Cards: 0.1 ms]
      [Humongous Register: 0.1 ms]
      [Humongous Reclaim: 0.0 ms]
      [Free CSet: 0.1 ms]
   [Eden: 244.0M(244.0M)->0.0B(250.0M) Survivors: 12.0M->6144.0K Heap: 276.8M(4096.0M)->27.7M(4096.0M)]
 [Times: user=0.04 sys=0.00, real=0.01 secs] 
2019-10-31T17:21:57.903+0530: 1297.831: Total time for which application threads were stopped: 0.0107650 seconds, Stopping threads took: 0.0000646 seconds
2019-10-31T17:22:24.532+0530: 1324.460: [GC pause (G1 Evacuation Pause) (young), 0.0104159 secs]
   [Parallel Time: 4.5 ms, GC Workers: 8]
      [GC Worker Start (ms): Min: 1324460.5, Avg: 1324460.6, Max: 1324460.6, Diff: 0.1]
      [Ext Root Scanning (ms): Min: 0.5, Avg: 0.5, Max: 0.6, Diff: 0.2, Sum: 4.1]
      [Update RS (ms): Min: 2.1, Avg: 2.1, Max: 2.2, Diff: 0.1, Sum: 17.0]
         [Processed Buffers: Min: 26, Avg: 27.1, Max: 28, Diff: 2, Sum: 217]
      [Scan RS (ms): Min: 0.0, Avg: 0.0, Max: 0.0, Diff: 0.0, Sum: 0.1]
      [Code Root Scanning (ms): Min: 0.0, Avg: 0.0, Max: 0.0, Diff: 0.0, Sum: 0.0]
      [Object Copy (ms): Min: 1.5, Avg: 1.7, Max: 1.7, Diff: 0.2, Sum: 13.3]
      [Termination (ms): Min: 0.0, Avg: 0.0, Max: 0.0, Diff: 0.0, Sum: 0.0]
         [Termination Attempts: Min: 1, Avg: 8.0, Max: 13, Diff: 12, Sum: 64]
      [GC Worker Other (ms): Min: 0.0, Avg: 0.0, Max: 0.1, Diff: 0.1, Sum: 0.3]
      [GC Worker Total (ms): Min: 4.3, Avg: 4.4, Max: 4.4, Diff: 0.1, Sum: 35.0]
      [GC Worker End (ms): Min: 1324464.9, Avg: 1324465.0, Max: 1324465.0, Diff: 0.1]
   [Code Root Fixup: 0.1 ms]
   [Code Root Purge: 0.0 ms]
   [Clear CT: 0.2 ms]
   [Other: 5.7 ms]
      [Choose CSet: 0.0 ms]
      [Ref Proc: 4.9 ms]
      [Ref Enq: 0.0 ms]
      [Redirty Cards: 0.1 ms]
      [Humongous Register: 0.1 ms]
      [Humongous Reclaim: 0.0 ms]
      [Free CSet: 0.1 ms]
   [Eden: 250.0M(250.0M)->0.0B(244.0M) Survivors: 6144.0K->12.0M Heap: 277.7M(4096.0M)->33.5M(4096.0M)]
 [Times: user=0.04 sys=0.00, real=0.01 secs] 
2019-10-31T17:22:24.542+0530: 1324.471: Total time for which application threads were stopped: 0.0112095 seconds, Stopping threads took: 0.0000834 seconds
2019-10-31T17:22:50.331+0530: 1350.260: [GC pause (G1 Evacuation Pause) (young), 0.0102490 secs]
   [Parallel Time: 4.2 ms, GC Workers: 8]
      [GC Worker Start (ms): Min: 1350259.9, Avg: 1350260.0, Max: 1350260.0, Diff: 0.1]
      [Ext Root Scanning (ms): Min: 0.5, Avg: 0.5, Max: 0.6, Diff: 0.2, Sum: 4.0]
      [Update RS (ms): Min: 2.1, Avg: 2.1, Max: 2.2, Diff: 0.1, Sum: 17.1]
         [Processed Buffers: Min: 23, Avg: 27.2, Max: 30, Diff: 7, Sum: 218]
      [Scan RS (ms): Min: 0.0, Avg: 0.0, Max: 0.0, Diff: 0.0, Sum: 0.2]
      [Code Root Scanning (ms): Min: 0.0, Avg: 0.0, Max: 0.0, Diff: 0.0, Sum: 0.0]
      [Object Copy (ms): Min: 1.3, Avg: 1.4, Max: 1.4, Diff: 0.2, Sum: 11.2]
      [Termination (ms): Min: 0.0, Avg: 0.0, Max: 0.0, Diff: 0.0, Sum: 0.0]
         [Termination Attempts: Min: 1, Avg: 1.1, Max: 2, Diff: 1, Sum: 9]
      [GC Worker Other (ms): Min: 0.0, Avg: 0.0, Max: 0.1, Diff: 0.1, Sum: 0.3]
      [GC Worker Total (ms): Min: 4.1, Avg: 4.1, Max: 4.1, Diff: 0.1, Sum: 32.8]
      [GC Worker End (ms): Min: 1350264.1, Avg: 1350264.1, Max: 1350264.1, Diff: 0.1]
   [Code Root Fixup: 0.1 ms]
   [Code Root Purge: 0.0 ms]
   [Clear CT: 0.1 ms]
   [Other: 5.8 ms]
      [Choose CSet: 0.0 ms]
      [Ref Proc: 5.0 ms]
      [Ref Enq: 0.0 ms]
      [Redirty Cards: 0.1 ms]
      [Humongous Register: 0.1 ms]
      [Humongous Reclaim: 0.0 ms]
      [Free CSet: 0.1 ms]
   [Eden: 244.0M(244.0M)->0.0B(244.0M) Survivors: 12.0M->12.0M Heap: 277.5M(4096.0M)->33.7M(4096.0M)]
 [Times: user=0.04 sys=0.00, real=0.01 secs] 
2019-10-31T17:22:50.342+0530: 1350.270: Total time for which application threads were stopped: 0.0110062 seconds, Stopping threads took: 0.0001021 seconds
2019-10-31T17:23:12.433+0530: 1372.361: [GC pause (G1 Evacuation Pause) (young), 0.0103586 secs]
   [Parallel Time: 4.5 ms, GC Workers: 8]
      [GC Worker Start (ms): Min: 1372361.7, Avg: 1372361.8, Max: 1372361.8, Diff: 0.1]
      [Ext Root Scanning (ms): Min: 0.4, Avg: 0.5, Max: 0.6, Diff: 0.2, Sum: 4.0]
      [Update RS (ms): Min: 2.1, Avg: 2.1, Max: 2.2, Diff: 0.1, Sum: 17.0]
         [Processed Buffers: Min: 22, Avg: 27.0, Max: 30, Diff: 8, Sum: 216]
      [Scan RS (ms): Min: 0.0, Avg: 0.0, Max: 0.0, Diff: 0.0, Sum: 0.2]
      [Code Root Scanning (ms): Min: 0.0, Avg: 0.0, Max: 0.0, Diff: 0.0, Sum: 0.0]
      [Object Copy (ms): Min: 1.5, Avg: 1.6, Max: 1.6, Diff: 0.2, Sum: 12.8]
      [Termination (ms): Min: 0.0, Avg: 0.0, Max: 0.0, Diff: 0.0, Sum: 0.0]
         [Termination Attempts: Min: 1, Avg: 5.0, Max: 8, Diff: 7, Sum: 40]
      [GC Worker Other (ms): Min: 0.0, Avg: 0.0, Max: 0.1, Diff: 0.1, Sum: 0.4]
      [GC Worker Total (ms): Min: 4.2, Avg: 4.3, Max: 4.4, Diff: 0.1, Sum: 34.3]
      [GC Worker End (ms): Min: 1372366.0, Avg: 1372366.1, Max: 1372366.1, Diff: 0.1]
   [Code Root Fixup: 0.0 ms]
   [Code Root Purge: 0.0 ms]
   [Clear CT: 0.2 ms]
   [Other: 5.7 ms]
      [Choose CSet: 0.0 ms]
      [Ref Proc: 4.9 ms]
      [Ref Enq: 0.0 ms]
      [Redirty Cards: 0.1 ms]
      [Humongous Register: 0.1 ms]
      [Humongous Reclaim: 0.0 ms]
      [Free CSet: 0.1 ms]
   [Eden: 244.0M(244.0M)->0.0B(242.0M) Survivors: 12.0M->14.0M Heap: 277.7M(4096.0M)->34.8M(4096.0M)]
 [Times: user=0.04 sys=0.00, real=0.00 secs] 
2019-10-31T17:23:12.443+0530: 1372.372: Total time for which application threads were stopped: 0.0111309 seconds, Stopping threads took: 0.0000771 seconds
2019-10-31T17:23:35.699+0530: 1395.628: [GC pause (G1 Evacuation Pause) (young), 0.0102031 secs]
   [Parallel Time: 4.2 ms, GC Workers: 8]
      [GC Worker Start (ms): Min: 1395628.0, Avg: 1395628.0, Max: 1395628.1, Diff: 0.1]
      [Ext Root Scanning (ms): Min: 0.4, Avg: 0.5, Max: 0.6, Diff: 0.2, Sum: 3.7]
      [Update RS (ms): Min: 2.1, Avg: 2.1, Max: 2.2, Diff: 0.1, Sum: 17.2]
         [Processed Buffers: Min: 24, Avg: 27.1, Max: 29, Diff: 5, Sum: 217]
      [Scan RS (ms): Min: 0.0, Avg: 0.0, Max: 0.0, Diff: 0.0, Sum: 0.2]
      [Code Root Scanning (ms): Min: 0.0, Avg: 0.0, Max: 0.0, Diff: 0.0, Sum: 0.0]
      [Object Copy (ms): Min: 1.4, Avg: 1.4, Max: 1.4, Diff: 0.1, Sum: 11.5]
      [Termination (ms): Min: 0.0, Avg: 0.0, Max: 0.1, Diff: 0.0, Sum: 0.4]
         [Termination Attempts: Min: 41, Avg: 47.2, Max: 53, Diff: 12, Sum: 378]
      [GC Worker Other (ms): Min: 0.0, Avg: 0.0, Max: 0.1, Diff: 0.0, Sum: 0.3]
      [GC Worker Total (ms): Min: 4.1, Avg: 4.1, Max: 4.2, Diff: 0.1, Sum: 33.1]
      [GC Worker End (ms): Min: 1395632.2, Avg: 1395632.2, Max: 1395632.2, Diff: 0.0]
   [Code Root Fixup: 0.0 ms]
   [Code Root Purge: 0.0 ms]
   [Clear CT: 0.1 ms]
   [Other: 5.8 ms]
      [Choose CSet: 0.0 ms]
      [Ref Proc: 5.0 ms]
      [Ref Enq: 0.0 ms]
      [Redirty Cards: 0.1 ms]
      [Humongous Register: 0.1 ms]
      [Humongous Reclaim: 0.0 ms]
      [Free CSet: 0.1 ms]
   [Eden: 242.0M(242.0M)->0.0B(244.0M) Survivors: 14.0M->12.0M Heap: 276.8M(4096.0M)->32.8M(4096.0M)]
 [Times: user=0.04 sys=0.00, real=0.01 secs] 
2019-10-31T17:23:35.710+0530: 1395.638: Total time for which application threads were stopped: 0.0108269 seconds, Stopping threads took: 0.0000814 seconds
2019-10-31T17:23:58.089+0530: 1418.018: [GC pause (G1 Evacuation Pause) (young), 0.0107284 secs]
   [Parallel Time: 4.9 ms, GC Workers: 8]
      [GC Worker Start (ms): Min: 1418018.1, Avg: 1418018.1, Max: 1418018.2, Diff: 0.1]
      [Ext Root Scanning (ms): Min: 0.4, Avg: 0.5, Max: 0.7, Diff: 0.3, Sum: 4.2]
      [Update RS (ms): Min: 2.1, Avg: 2.1, Max: 2.2, Diff: 0.1, Sum: 17.0]
         [Processed Buffers: Min: 25, Avg: 27.1, Max: 30, Diff: 5, Sum: 217]
      [Scan RS (ms): Min: 0.0, Avg: 0.0, Max: 0.0, Diff: 0.0, Sum: 0.2]
      [Code Root Scanning (ms): Min: 0.0, Avg: 0.0, Max: 0.0, Diff: 0.0, Sum: 0.0]
      [Object Copy (ms): Min: 1.9, Avg: 2.0, Max: 2.1, Diff: 0.2, Sum: 16.2]
      [Termination (ms): Min: 0.0, Avg: 0.0, Max: 0.0, Diff: 0.0, Sum: 0.2]
         [Termination Attempts: Min: 24, Avg: 33.5, Max: 43, Diff: 19, Sum: 268]
      [GC Worker Other (ms): Min: 0.0, Avg: 0.0, Max: 0.1, Diff: 0.0, Sum: 0.2]
      [GC Worker Total (ms): Min: 4.7, Avg: 4.7, Max: 4.8, Diff: 0.1, Sum: 37.9]
      [GC Worker End (ms): Min: 1418022.8, Avg: 1418022.9, Max: 1418022.9, Diff: 0.0]
   [Code Root Fixup: 0.1 ms]
   [Code Root Purge: 0.0 ms]
   [Clear CT: 0.2 ms]
   [Other: 5.6 ms]
      [Choose CSet: 0.0 ms]
      [Ref Proc: 4.8 ms]
      [Ref Enq: 0.0 ms]
      [Redirty Cards: 0.1 ms]
      [Humongous Register: 0.1 ms]
      [Humongous Reclaim: 0.0 ms]
      [Free CSet: 0.1 ms]
   [Eden: 244.0M(244.0M)->0.0B(246.0M) Survivors: 12.0M->10.0M Heap: 276.8M(4096.0M)->31.6M(4096.0M)]
 [Times: user=0.04 sys=0.00, real=0.01 secs] 
2019-10-31T17:23:58.100+0530: 1418.029: Total time for which application threads were stopped: 0.0115732 seconds, Stopping threads took: 0.0000838 seconds
2019-10-31T17:24:01.101+0530: 1421.029: Total time for which application threads were stopped: 0.0006222 seconds, Stopping threads took: 0.0000823 seconds
2019-10-31T17:24:23.598+0530: 1443.527: [GC pause (G1 Evacuation Pause) (young), 0.0107210 secs]
   [Parallel Time: 4.6 ms, GC Workers: 8]
      [GC Worker Start (ms): Min: 1443527.0, Avg: 1443527.0, Max: 1443527.1, Diff: 0.1]
      [Ext Root Scanning (ms): Min: 0.4, Avg: 0.5, Max: 0.6, Diff: 0.2, Sum: 4.0]
      [Update RS (ms): Min: 2.2, Avg: 2.2, Max: 2.2, Diff: 0.1, Sum: 17.5]
         [Processed Buffers: Min: 25, Avg: 27.1, Max: 30, Diff: 5, Sum: 217]
      [Scan RS (ms): Min: 0.0, Avg: 0.0, Max: 0.0, Diff: 0.0, Sum: 0.2]
      [Code Root Scanning (ms): Min: 0.0, Avg: 0.0, Max: 0.0, Diff: 0.0, Sum: 0.0]
      [Object Copy (ms): Min: 1.6, Avg: 1.7, Max: 1.7, Diff: 0.2, Sum: 13.5]
      [Termination (ms): Min: 0.0, Avg: 0.0, Max: 0.0, Diff: 0.0, Sum: 0.1]
         [Termination Attempts: Min: 1, Avg: 14.8, Max: 21, Diff: 20, Sum: 118]
      [GC Worker Other (ms): Min: 0.0, Avg: 0.0, Max: 0.0, Diff: 0.0, Sum: 0.2]
      [GC Worker Total (ms): Min: 4.4, Avg: 4.4, Max: 4.5, Diff: 0.1, Sum: 35.4]
      [GC Worker End (ms): Min: 1443531.4, Avg: 1443531.5, Max: 1443531.5, Diff: 0.0]
   [Code Root Fixup: 0.1 ms]
   [Code Root Purge: 0.0 ms]
   [Clear CT: 0.2 ms]
   [Other: 5.9 ms]
      [Choose CSet: 0.0 ms]
      [Ref Proc: 5.0 ms]
      [Ref Enq: 0.0 ms]
      [Redirty Cards: 0.1 ms]
      [Humongous Register: 0.1 ms]
      [Humongous Reclaim: 0.0 ms]
      [Free CSet: 0.1 ms]
   [Eden: 246.0M(246.0M)->0.0B(244.0M) Survivors: 10.0M->12.0M Heap: 277.6M(4096.0M)->33.7M(4096.0M)]
 [Times: user=0.05 sys=0.00, real=0.01 secs] 
2019-10-31T17:24:23.609+0530: 1443.538: Total time for which application threads were stopped: 0.0114669 seconds, Stopping threads took: 0.0000768 seconds
2019-10-31T17:24:51.047+0530: 1470.976: [GC pause (G1 Evacuation Pause) (young), 0.0104363 secs]
   [Parallel Time: 4.5 ms, GC Workers: 8]
      [GC Worker Start (ms): Min: 1470976.1, Avg: 1470976.1, Max: 1470976.2, Diff: 0.1]
      [Ext Root Scanning (ms): Min: 0.5, Avg: 0.6, Max: 1.4, Diff: 1.0, Sum: 5.2]
      [Update RS (ms): Min: 1.4, Avg: 2.1, Max: 2.3, Diff: 0.9, Sum: 17.1]
         [Processed Buffers: Min: 23, Avg: 27.1, Max: 31, Diff: 8, Sum: 217]
      [Scan RS (ms): Min: 0.0, Avg: 0.0, Max: 0.0, Diff: 0.0, Sum: 0.2]
      [Code Root Scanning (ms): Min: 0.0, Avg: 0.0, Max: 0.0, Diff: 0.0, Sum: 0.0]
      [Object Copy (ms): Min: 1.4, Avg: 1.5, Max: 1.5, Diff: 0.2, Sum: 12.1]
      [Termination (ms): Min: 0.0, Avg: 0.0, Max: 0.0, Diff: 0.0, Sum: 0.0]
         [Termination Attempts: Min: 1, Avg: 5.8, Max: 8, Diff: 7, Sum: 46]
      [GC Worker Other (ms): Min: 0.0, Avg: 0.0, Max: 0.1, Diff: 0.1, Sum: 0.3]
      [GC Worker Total (ms): Min: 4.3, Avg: 4.3, Max: 4.4, Diff: 0.2, Sum: 34.8]
      [GC Worker End (ms): Min: 1470980.4, Avg: 1470980.4, Max: 1470980.5, Diff: 0.1]
   [Code Root Fixup: 0.0 ms]
   [Code Root Purge: 0.0 ms]
   [Clear CT: 0.1 ms]
   [Other: 5.7 ms]
      [Choose CSet: 0.0 ms]
      [Ref Proc: 4.9 ms]
      [Ref Enq: 0.0 ms]
      [Redirty Cards: 0.1 ms]
      [Humongous Register: 0.1 ms]
      [Humongous Reclaim: 0.0 ms]
      [Free CSet: 0.1 ms]
   [Eden: 244.0M(244.0M)->0.0B(244.0M) Survivors: 12.0M->12.0M Heap: 277.7M(4096.0M)->33.7M(4096.0M)]
 [Times: user=0.04 sys=0.00, real=0.01 secs] 
2019-10-31T17:24:51.058+0530: 1470.986: Total time for which application threads were stopped: 0.0111889 seconds, Stopping threads took: 0.0000805 seconds
2019-10-31T17:25:17.110+0530: 1497.038: [GC pause (G1 Evacuation Pause) (young), 0.0102159 secs]
   [Parallel Time: 4.1 ms, GC Workers: 8]
      [GC Worker Start (ms): Min: 1497038.6, Avg: 1497038.6, Max: 1497038.7, Diff: 0.1]
      [Ext Root Scanning (ms): Min: 0.4, Avg: 0.4, Max: 0.6, Diff: 0.2, Sum: 3.4]
      [Update RS (ms): Min: 2.1, Avg: 2.1, Max: 2.2, Diff: 0.1, Sum: 17.0]
         [Processed Buffers: Min: 25, Avg: 27.2, Max: 30, Diff: 5, Sum: 218]
      [Scan RS (ms): Min: 0.0, Avg: 0.0, Max: 0.1, Diff: 0.1, Sum: 0.3]
      [Code Root Scanning (ms): Min: 0.0, Avg: 0.0, Max: 0.0, Diff: 0.0, Sum: 0.0]
      [Object Copy (ms): Min: 1.3, Avg: 1.4, Max: 1.4, Diff: 0.1, Sum: 10.8]
      [Termination (ms): Min: 0.0, Avg: 0.0, Max: 0.0, Diff: 0.0, Sum: 0.2]
         [Termination Attempts: Min: 28, Avg: 31.1, Max: 37, Diff: 9, Sum: 249]
      [GC Worker Other (ms): Min: 0.0, Avg: 0.0, Max: 0.1, Diff: 0.1, Sum: 0.3]
      [GC Worker Total (ms): Min: 4.0, Avg: 4.0, Max: 4.0, Diff: 0.1, Sum: 32.0]
      [GC Worker End (ms): Min: 1497042.6, Avg: 1497042.6, Max: 1497042.7, Diff: 0.1]
   [Code Root Fixup: 0.1 ms]
   [Code Root Purge: 0.0 ms]
   [Clear CT: 0.2 ms]
   [Other: 5.9 ms]
      [Choose CSet: 0.0 ms]
      [Ref Proc: 5.0 ms]
      [Ref Enq: 0.0 ms]
      [Redirty Cards: 0.1 ms]
      [Humongous Register: 0.1 ms]
      [Humongous Reclaim: 0.0 ms]
      [Free CSet: 0.1 ms]
   [Eden: 244.0M(244.0M)->0.0B(244.0M) Survivors: 12.0M->12.0M Heap: 277.7M(4096.0M)->32.9M(4096.0M)]
 [Times: user=0.04 sys=0.00, real=0.01 secs] 
2019-10-31T17:25:17.120+0530: 1497.049: Total time for which application threads were stopped: 0.0107943 seconds, Stopping threads took: 0.0000644 seconds
2019-10-31T17:25:39.607+0530: 1519.536: [GC pause (G1 Evacuation Pause) (young), 0.0104138 secs]
   [Parallel Time: 4.4 ms, GC Workers: 8]
      [GC Worker Start (ms): Min: 1519536.1, Avg: 1519536.1, Max: 1519536.2, Diff: 0.1]
      [Ext Root Scanning (ms): Min: 0.4, Avg: 0.5, Max: 0.6, Diff: 0.2, Sum: 3.7]
      [Update RS (ms): Min: 2.2, Avg: 2.2, Max: 2.2, Diff: 0.0, Sum: 17.4]
         [Processed Buffers: Min: 25, Avg: 27.0, Max: 29, Diff: 4, Sum: 216]
      [Scan RS (ms): Min: 0.0, Avg: 0.0, Max: 0.0, Diff: 0.0, Sum: 0.2]
      [Code Root Scanning (ms): Min: 0.0, Avg: 0.0, Max: 0.0, Diff: 0.0, Sum: 0.0]
      [Object Copy (ms): Min: 1.4, Avg: 1.5, Max: 1.5, Diff: 0.1, Sum: 12.1]
      [Termination (ms): Min: 0.0, Avg: 0.0, Max: 0.0, Diff: 0.0, Sum: 0.1]
         [Termination Attempts: Min: 1, Avg: 11.9, Max: 16, Diff: 15, Sum: 95]
      [GC Worker Other (ms): Min: 0.0, Avg: 0.0, Max: 0.1, Diff: 0.1, Sum: 0.4]
      [GC Worker Total (ms): Min: 4.2, Avg: 4.2, Max: 4.3, Diff: 0.1, Sum: 33.8]
      [GC Worker End (ms): Min: 1519540.3, Avg: 1519540.3, Max: 1519540.4, Diff: 0.1]
   [Code Root Fixup: 0.0 ms]
   [Code Root Purge: 0.0 ms]
   [Clear CT: 0.1 ms]
   [Other: 5.9 ms]
      [Choose CSet: 0.0 ms]
      [Ref Proc: 5.1 ms]
      [Ref Enq: 0.0 ms]
      [Redirty Cards: 0.1 ms]
      [Humongous Register: 0.1 ms]
      [Humongous Reclaim: 0.0 ms]
      [Free CSet: 0.1 ms]
   [Eden: 244.0M(244.0M)->0.0B(248.0M) Survivors: 12.0M->8192.0K Heap: 276.9M(4096.0M)->28.6M(4096.0M)]
 [Times: user=0.04 sys=0.00, real=0.01 secs] 
2019-10-31T17:25:39.618+0530: 1519.546: Total time for which application threads were stopped: 0.0110659 seconds, Stopping threads took: 0.0000636 seconds
2019-10-31T17:26:03.522+0530: 1543.451: [GC pause (G1 Evacuation Pause) (young), 0.0101174 secs]
   [Parallel Time: 4.0 ms, GC Workers: 8]
      [GC Worker Start (ms): Min: 1543451.2, Avg: 1543451.3, Max: 1543451.3, Diff: 0.1]
      [Ext Root Scanning (ms): Min: 0.4, Avg: 0.5, Max: 0.6, Diff: 0.2, Sum: 3.8]
      [Update RS (ms): Min: 2.1, Avg: 2.1, Max: 2.2, Diff: 0.0, Sum: 17.1]
         [Processed Buffers: Min: 24, Avg: 27.1, Max: 29, Diff: 5, Sum: 217]
      [Scan RS (ms): Min: 0.0, Avg: 0.0, Max: 0.0, Diff: 0.0, Sum: 0.1]
      [Code Root Scanning (ms): Min: 0.0, Avg: 0.0, Max: 0.0, Diff: 0.0, Sum: 0.0]
      [Object Copy (ms): Min: 1.2, Avg: 1.3, Max: 1.3, Diff: 0.1, Sum: 10.0]
      [Termination (ms): Min: 0.0, Avg: 0.0, Max: 0.0, Diff: 0.0, Sum: 0.1]
         [Termination Attempts: Min: 1, Avg: 9.9, Max: 14, Diff: 13, Sum: 79]
      [GC Worker Other (ms): Min: 0.0, Avg: 0.0, Max: 0.1, Diff: 0.1, Sum: 0.3]
      [GC Worker Total (ms): Min: 3.9, Avg: 3.9, Max: 4.0, Diff: 0.1, Sum: 31.5]
      [GC Worker End (ms): Min: 1543455.2, Avg: 1543455.2, Max: 1543455.2, Diff: 0.1]
   [Code Root Fixup: 0.1 ms]
   [Code Root Purge: 0.0 ms]
   [Clear CT: 0.1 ms]
   [Other: 5.9 ms]
      [Choose CSet: 0.0 ms]
      [Ref Proc: 5.1 ms]
      [Ref Enq: 0.0 ms]
      [Redirty Cards: 0.1 ms]
      [Humongous Register: 0.1 ms]
      [Humongous Reclaim: 0.0 ms]
      [Free CSet: 0.1 ms]
   [Eden: 248.0M(248.0M)->0.0B(244.0M) Survivors: 8192.0K->12.0M Heap: 276.6M(4096.0M)->33.1M(4096.0M)]
 [Times: user=0.04 sys=0.00, real=0.01 secs] 
2019-10-31T17:26:03.533+0530: 1543.461: Total time for which application threads were stopped: 0.0107844 seconds, Stopping threads took: 0.0000710 seconds
2019-10-31T17:26:29.464+0530: 1569.392: [GC pause (G1 Evacuation Pause) (young), 0.0100881 secs]
   [Parallel Time: 4.1 ms, GC Workers: 8]
      [GC Worker Start (ms): Min: 1569392.4, Avg: 1569392.4, Max: 1569392.5, Diff: 0.1]
      [Ext Root Scanning (ms): Min: 0.3, Avg: 0.4, Max: 0.6, Diff: 0.2, Sum: 3.3]
      [Update RS (ms): Min: 2.0, Avg: 2.1, Max: 2.2, Diff: 0.1, Sum: 17.0]
         [Processed Buffers: Min: 25, Avg: 27.1, Max: 30, Diff: 5, Sum: 217]
      [Scan RS (ms): Min: 0.0, Avg: 0.0, Max: 0.0, Diff: 0.0, Sum: 0.2]
      [Code Root Scanning (ms): Min: 0.0, Avg: 0.0, Max: 0.0, Diff: 0.0, Sum: 0.0]
      [Object Copy (ms): Min: 1.3, Avg: 1.3, Max: 1.3, Diff: 0.0, Sum: 10.3]
      [Termination (ms): Min: 0.0, Avg: 0.0, Max: 0.1, Diff: 0.0, Sum: 0.3]
         [Termination Attempts: Min: 33, Avg: 39.9, Max: 45, Diff: 12, Sum: 319]
      [GC Worker Other (ms): Min: 0.0, Avg: 0.0, Max: 0.1, Diff: 0.0, Sum: 0.2]
      [GC Worker Total (ms): Min: 3.9, Avg: 3.9, Max: 4.0, Diff: 0.1, Sum: 31.4]
      [GC Worker End (ms): Min: 1569396.3, Avg: 1569396.3, Max: 1569396.4, Diff: 0.0]
   [Code Root Fixup: 0.0 ms]
   [Code Root Purge: 0.0 ms]
   [Clear CT: 0.2 ms]
   [Other: 5.8 ms]
      [Choose CSet: 0.0 ms]
      [Ref Proc: 5.0 ms]
      [Ref Enq: 0.0 ms]
      [Redirty Cards: 0.1 ms]
      [Humongous Register: 0.1 ms]
      [Humongous Reclaim: 0.0 ms]
      [Free CSet: 0.1 ms]
   [Eden: 244.0M(244.0M)->0.0B(248.0M) Survivors: 12.0M->8192.0K Heap: 277.1M(4096.0M)->29.3M(4096.0M)]
 [Times: user=0.04 sys=0.00, real=0.02 secs] 
2019-10-31T17:26:29.474+0530: 1569.402: Total time for which application threads were stopped: 0.0106475 seconds, Stopping threads took: 0.0000602 seconds
2019-10-31T17:26:54.476+0530: 1594.405: Total time for which application threads were stopped: 0.0006731 seconds, Stopping threads took: 0.0000880 seconds
2019-10-31T17:26:56.748+0530: 1596.676: [GC pause (G1 Evacuation Pause) (young), 0.0106432 secs]
   [Parallel Time: 4.8 ms, GC Workers: 8]
      [GC Worker Start (ms): Min: 1596676.4, Avg: 1596676.4, Max: 1596676.5, Diff: 0.1]
      [Ext Root Scanning (ms): Min: 0.5, Avg: 0.5, Max: 0.7, Diff: 0.2, Sum: 4.1]
      [Update RS (ms): Min: 2.1, Avg: 2.2, Max: 2.2, Diff: 0.1, Sum: 17.3]
         [Processed Buffers: Min: 26, Avg: 27.0, Max: 30, Diff: 4, Sum: 216]
      [Scan RS (ms): Min: 0.0, Avg: 0.0, Max: 0.0, Diff: 0.0, Sum: 0.2]
      [Code Root Scanning (ms): Min: 0.0, Avg: 0.0, Max: 0.0, Diff: 0.0, Sum: 0.0]
      [Object Copy (ms): Min: 1.8, Avg: 1.9, Max: 1.9, Diff: 0.2, Sum: 15.2]
      [Termination (ms): Min: 0.0, Avg: 0.0, Max: 0.1, Diff: 0.0, Sum: 0.3]
         [Termination Attempts: Min: 24, Avg: 33.6, Max: 42, Diff: 18, Sum: 269]
      [GC Worker Other (ms): Min: 0.0, Avg: 0.0, Max: 0.1, Diff: 0.1, Sum: 0.3]
      [GC Worker Total (ms): Min: 4.6, Avg: 4.7, Max: 4.7, Diff: 0.1, Sum: 37.4]
      [GC Worker End (ms): Min: 1596681.1, Avg: 1596681.1, Max: 1596681.1, Diff: 0.1]
   [Code Root Fixup: 0.1 ms]
   [Code Root Purge: 0.0 ms]
   [Clear CT: 0.1 ms]
   [Other: 5.6 ms]
      [Choose CSet: 0.0 ms]
      [Ref Proc: 4.9 ms]
      [Ref Enq: 0.0 ms]
      [Redirty Cards: 0.1 ms]
      [Humongous Register: 0.1 ms]
      [Humongous Reclaim: 0.0 ms]
      [Free CSet: 0.1 ms]
   [Eden: 248.0M(248.0M)->0.0B(246.0M) Survivors: 8192.0K->10.0M Heap: 277.3M(4096.0M)->31.8M(4096.0M)]
 [Times: user=0.04 sys=0.00, real=0.01 secs] 
2019-10-31T17:26:56.758+0530: 1596.687: Total time for which application threads were stopped: 0.0114188 seconds, Stopping threads took: 0.0000811 seconds
2019-10-31T17:26:57.759+0530: 1597.687: Total time for which application threads were stopped: 0.0003886 seconds, Stopping threads took: 0.0000614 seconds
2019-10-31T17:26:58.760+0530: 1598.688: Total time for which application threads were stopped: 0.0005911 seconds, Stopping threads took: 0.0000775 seconds
2019-10-31T17:27:11.761+0530: 1611.690: Total time for which application threads were stopped: 0.0007546 seconds, Stopping threads took: 0.0001385 seconds
2019-10-31T17:27:21.762+0530: 1621.691: Total time for which application threads were stopped: 0.0004432 seconds, Stopping threads took: 0.0000756 seconds
2019-10-31T17:27:24.043+0530: 1623.971: [GC pause (G1 Evacuation Pause) (young), 0.0105578 secs]
   [Parallel Time: 4.6 ms, GC Workers: 8]
      [GC Worker Start (ms): Min: 1623971.7, Avg: 1623971.7, Max: 1623971.8, Diff: 0.1]
      [Ext Root Scanning (ms): Min: 0.5, Avg: 0.7, Max: 1.5, Diff: 1.0, Sum: 5.2]
      [Update RS (ms): Min: 1.4, Avg: 2.1, Max: 2.2, Diff: 0.9, Sum: 16.9]
         [Processed Buffers: Min: 24, Avg: 27.1, Max: 31, Diff: 7, Sum: 217]
      [Scan RS (ms): Min: 0.0, Avg: 0.0, Max: 0.0, Diff: 0.0, Sum: 0.1]
      [Code Root Scanning (ms): Min: 0.0, Avg: 0.0, Max: 0.0, Diff: 0.0, Sum: 0.0]
      [Object Copy (ms): Min: 1.5, Avg: 1.6, Max: 1.7, Diff: 0.2, Sum: 13.0]
      [Termination (ms): Min: 0.0, Avg: 0.0, Max: 0.0, Diff: 0.0, Sum: 0.1]
         [Termination Attempts: Min: 1, Avg: 5.1, Max: 8, Diff: 7, Sum: 41]
      [GC Worker Other (ms): Min: 0.0, Avg: 0.0, Max: 0.1, Diff: 0.0, Sum: 0.2]
      [GC Worker Total (ms): Min: 4.4, Avg: 4.5, Max: 4.5, Diff: 0.1, Sum: 35.7]
      [GC Worker End (ms): Min: 1623976.2, Avg: 1623976.2, Max: 1623976.2, Diff: 0.0]
   [Code Root Fixup: 0.0 ms]
   [Code Root Purge: 0.0 ms]
   [Clear CT: 0.1 ms]
   [Other: 5.8 ms]
      [Choose CSet: 0.0 ms]
      [Ref Proc: 5.0 ms]
      [Ref Enq: 0.0 ms]
      [Redirty Cards: 0.1 ms]
      [Humongous Register: 0.1 ms]
      [Humongous Reclaim: 0.0 ms]
      [Free CSet: 0.1 ms]
   [Eden: 246.0M(246.0M)->0.0B(238.0M) Survivors: 10.0M->18.0M Heap: 277.8M(4096.0M)->38.8M(4096.0M)]
 [Times: user=0.04 sys=0.00, real=0.02 secs] 
2019-10-31T17:27:24.054+0530: 1623.982: Total time for which application threads were stopped: 0.0113311 seconds, Stopping threads took: 0.0000783 seconds
2019-10-31T17:27:26.054+0530: 1625.983: Total time for which application threads were stopped: 0.0006211 seconds, Stopping threads took: 0.0000800 seconds
2019-10-31T17:27:49.056+0530: 1648.985: Total time for which application threads were stopped: 0.0004568 seconds, Stopping threads took: 0.0000689 seconds
2019-10-31T17:27:49.958+0530: 1649.886: [GC pause (G1 Evacuation Pause) (young), 0.0099253 secs]
   [Parallel Time: 4.1 ms, GC Workers: 8]
      [GC Worker Start (ms): Min: 1649886.6, Avg: 1649886.7, Max: 1649886.7, Diff: 0.1]
      [Ext Root Scanning (ms): Min: 0.4, Avg: 0.5, Max: 0.6, Diff: 0.2, Sum: 3.6]
      [Update RS (ms): Min: 2.0, Avg: 2.1, Max: 2.1, Diff: 0.1, Sum: 16.6]
         [Processed Buffers: Min: 22, Avg: 25.8, Max: 29, Diff: 7, Sum: 206]
      [Scan RS (ms): Min: 0.0, Avg: 0.0, Max: 0.0, Diff: 0.0, Sum: 0.1]
      [Code Root Scanning (ms): Min: 0.0, Avg: 0.0, Max: 0.0, Diff: 0.0, Sum: 0.0]
      [Object Copy (ms): Min: 1.2, Avg: 1.3, Max: 1.4, Diff: 0.1, Sum: 10.6]
      [Termination (ms): Min: 0.0, Avg: 0.0, Max: 0.0, Diff: 0.0, Sum: 0.1]
         [Termination Attempts: Min: 1, Avg: 12.4, Max: 20, Diff: 19, Sum: 99]
      [GC Worker Other (ms): Min: 0.0, Avg: 0.0, Max: 0.1, Diff: 0.1, Sum: 0.3]
      [GC Worker Total (ms): Min: 3.8, Avg: 3.9, Max: 4.0, Diff: 0.1, Sum: 31.3]
      [GC Worker End (ms): Min: 1649890.6, Avg: 1649890.6, Max: 1649890.6, Diff: 0.1]
   [Code Root Fixup: 0.0 ms]
   [Code Root Purge: 0.0 ms]
   [Clear CT: 0.2 ms]
   [Other: 5.6 ms]
      [Choose CSet: 0.0 ms]
      [Ref Proc: 4.8 ms]
      [Ref Enq: 0.0 ms]
      [Redirty Cards: 0.1 ms]
      [Humongous Register: 0.1 ms]
      [Humongous Reclaim: 0.0 ms]
      [Free CSet: 0.1 ms]
   [Eden: 238.0M(238.0M)->0.0B(246.0M) Survivors: 18.0M->10.0M Heap: 276.8M(4096.0M)->30.6M(4096.0M)]
 [Times: user=0.04 sys=0.00, real=0.01 secs] 
2019-10-31T17:27:49.968+0530: 1649.896: Total time for which application threads were stopped: 0.0105663 seconds, Stopping threads took: 0.0000650 seconds
2019-10-31T17:28:17.314+0530: 1677.243: [GC pause (G1 Evacuation Pause) (young), 0.0099259 secs]
   [Parallel Time: 4.1 ms, GC Workers: 8]
      [GC Worker Start (ms): Min: 1677242.9, Avg: 1677243.0, Max: 1677243.0, Diff: 0.1]
      [Ext Root Scanning (ms): Min: 0.4, Avg: 0.5, Max: 0.6, Diff: 0.2, Sum: 3.6]
      [Update RS (ms): Min: 1.9, Avg: 2.0, Max: 2.0, Diff: 0.1, Sum: 15.8]
         [Processed Buffers: Min: 22, Avg: 24.4, Max: 26, Diff: 4, Sum: 195]
      [Scan RS (ms): Min: 0.0, Avg: 0.0, Max: 0.0, Diff: 0.0, Sum: 0.1]
      [Code Root Scanning (ms): Min: 0.0, Avg: 0.0, Max: 0.0, Diff: 0.0, Sum: 0.0]
      [Object Copy (ms): Min: 1.3, Avg: 1.4, Max: 1.4, Diff: 0.1, Sum: 11.2]
      [Termination (ms): Min: 0.0, Avg: 0.0, Max: 0.0, Diff: 0.0, Sum: 0.1]
         [Termination Attempts: Min: 13, Avg: 18.4, Max: 22, Diff: 9, Sum: 147]
      [GC Worker Other (ms): Min: 0.0, Avg: 0.0, Max: 0.1, Diff: 0.0, Sum: 0.2]
      [GC Worker Total (ms): Min: 3.8, Avg: 3.9, Max: 4.0, Diff: 0.1, Sum: 31.1]
      [GC Worker End (ms): Min: 1677246.8, Avg: 1677246.9, Max: 1677246.9, Diff: 0.0]
   [Code Root Fixup: 0.0 ms]
   [Code Root Purge: 0.0 ms]
   [Clear CT: 0.1 ms]
   [Other: 5.7 ms]
      [Choose CSet: 0.0 ms]
      [Ref Proc: 4.9 ms]
      [Ref Enq: 0.0 ms]
      [Redirty Cards: 0.1 ms]
      [Humongous Register: 0.1 ms]
      [Humongous Reclaim: 0.0 ms]
      [Free CSet: 0.1 ms]
   [Eden: 246.0M(246.0M)->0.0B(248.0M) Survivors: 10.0M->8192.0K Heap: 276.6M(4096.0M)->29.3M(4096.0M)]
 [Times: user=0.03 sys=0.00, real=0.00 secs] 
2019-10-31T17:28:17.324+0530: 1677.253: Total time for which application threads were stopped: 0.0105385 seconds, Stopping threads took: 0.0000603 seconds
2019-10-31T17:28:46.154+0530: 1706.082: [GC pause (G1 Evacuation Pause) (young), 0.0099085 secs]
   [Parallel Time: 4.0 ms, GC Workers: 8]
      [GC Worker Start (ms): Min: 1706082.7, Avg: 1706082.7, Max: 1706082.8, Diff: 0.1]
      [Ext Root Scanning (ms): Min: 0.4, Avg: 0.5, Max: 0.6, Diff: 0.2, Sum: 3.9]
      [Update RS (ms): Min: 1.8, Avg: 1.8, Max: 1.9, Diff: 0.1, Sum: 14.6]
         [Processed Buffers: Min: 20, Avg: 22.6, Max: 26, Diff: 6, Sum: 181]
      [Scan RS (ms): Min: 0.0, Avg: 0.0, Max: 0.0, Diff: 0.0, Sum: 0.1]
      [Code Root Scanning (ms): Min: 0.0, Avg: 0.0, Max: 0.0, Diff: 0.0, Sum: 0.0]
      [Object Copy (ms): Min: 1.4, Avg: 1.5, Max: 1.5, Diff: 0.2, Sum: 12.0]
      [Termination (ms): Min: 0.0, Avg: 0.0, Max: 0.0, Diff: 0.0, Sum: 0.1]
         [Termination Attempts: Min: 1, Avg: 14.4, Max: 21, Diff: 20, Sum: 115]
      [GC Worker Other (ms): Min: 0.0, Avg: 0.0, Max: 0.1, Diff: 0.1, Sum: 0.3]
      [GC Worker Total (ms): Min: 3.8, Avg: 3.9, Max: 3.9, Diff: 0.1, Sum: 31.0]
      [GC Worker End (ms): Min: 1706086.6, Avg: 1706086.6, Max: 1706086.6, Diff: 0.1]
   [Code Root Fixup: 0.1 ms]
   [Code Root Purge: 0.0 ms]
   [Clear CT: 0.2 ms]
   [Other: 5.7 ms]
      [Choose CSet: 0.0 ms]
      [Ref Proc: 5.0 ms]
      [Ref Enq: 0.0 ms]
      [Redirty Cards: 0.1 ms]
      [Humongous Register: 0.1 ms]
      [Humongous Reclaim: 0.0 ms]
      [Free CSet: 0.1 ms]
   [Eden: 248.0M(248.0M)->0.0B(246.0M) Survivors: 8192.0K->10.0M Heap: 277.3M(4096.0M)->31.9M(4096.0M)]
 [Times: user=0.04 sys=0.00, real=0.00 secs] 
2019-10-31T17:28:46.164+0530: 1706.092: Total time for which application threads were stopped: 0.0105517 seconds, Stopping threads took: 0.0000652 seconds
2019-10-31T17:29:15.650+0530: 1735.578: [GC pause (G1 Evacuation Pause) (young), 0.0099153 secs]
   [Parallel Time: 4.0 ms, GC Workers: 8]
      [GC Worker Start (ms): Min: 1735578.6, Avg: 1735578.7, Max: 1735578.7, Diff: 0.1]
      [Ext Root Scanning (ms): Min: 0.4, Avg: 0.4, Max: 0.6, Diff: 0.2, Sum: 3.3]
      [Update RS (ms): Min: 1.6, Avg: 1.7, Max: 1.7, Diff: 0.1, Sum: 13.5]
         [Processed Buffers: Min: 19, Avg: 20.9, Max: 22, Diff: 3, Sum: 167]
      [Scan RS (ms): Min: 0.0, Avg: 0.0, Max: 0.0, Diff: 0.0, Sum: 0.1]
      [Code Root Scanning (ms): Min: 0.0, Avg: 0.0, Max: 0.0, Diff: 0.0, Sum: 0.0]
      [Object Copy (ms): Min: 1.6, Avg: 1.6, Max: 1.6, Diff: 0.1, Sum: 12.9]
      [Termination (ms): Min: 0.1, Avg: 0.1, Max: 0.1, Diff: 0.0, Sum: 0.5]
         [Termination Attempts: Min: 62, Avg: 68.5, Max: 77, Diff: 15, Sum: 548]
      [GC Worker Other (ms): Min: 0.0, Avg: 0.0, Max: 0.0, Diff: 0.0, Sum: 0.2]
      [GC Worker Total (ms): Min: 3.8, Avg: 3.8, Max: 3.9, Diff: 0.1, Sum: 30.7]
      [GC Worker End (ms): Min: 1735582.5, Avg: 1735582.5, Max: 1735582.5, Diff: 0.0]
   [Code Root Fixup: 0.1 ms]
   [Code Root Purge: 0.0 ms]
   [Clear CT: 0.1 ms]
   [Other: 5.8 ms]
      [Choose CSet: 0.0 ms]
      [Ref Proc: 5.0 ms]
      [Ref Enq: 0.0 ms]
      [Redirty Cards: 0.1 ms]
      [Humongous Register: 0.1 ms]
      [Humongous Reclaim: 0.0 ms]
      [Free CSet: 0.1 ms]
   [Eden: 246.0M(246.0M)->0.0B(244.0M) Survivors: 10.0M->12.0M Heap: 277.9M(4096.0M)->32.8M(4096.0M)]
 [Times: user=0.04 sys=0.00, real=0.01 secs] 
2019-10-31T17:29:15.660+0530: 1735.588: Total time for which application threads were stopped: 0.0104268 seconds, Stopping threads took: 0.0000489 seconds
2019-10-31T17:29:19.661+0530: 1739.589: Total time for which application threads were stopped: 0.0003199 seconds, Stopping threads took: 0.0000550 seconds
2019-10-31T17:29:30.662+0530: 1750.590: Total time for which application threads were stopped: 0.0002704 seconds, Stopping threads took: 0.0000431 seconds
2019-10-31T17:29:46.431+0530: 1766.359: [GC pause (G1 Evacuation Pause) (young), 0.0097358 secs]
   [Parallel Time: 3.9 ms, GC Workers: 8]
      [GC Worker Start (ms): Min: 1766359.2, Avg: 1766359.3, Max: 1766359.3, Diff: 0.1]
      [Ext Root Scanning (ms): Min: 0.4, Avg: 0.4, Max: 0.6, Diff: 0.2, Sum: 3.5]
      [Update RS (ms): Min: 1.5, Avg: 1.6, Max: 1.6, Diff: 0.1, Sum: 12.8]
         [Processed Buffers: Min: 16, Avg: 18.5, Max: 21, Diff: 5, Sum: 148]
      [Scan RS (ms): Min: 0.0, Avg: 0.0, Max: 0.0, Diff: 0.0, Sum: 0.2]
      [Code Root Scanning (ms): Min: 0.0, Avg: 0.0, Max: 0.0, Diff: 0.0, Sum: 0.0]
      [Object Copy (ms): Min: 1.5, Avg: 1.6, Max: 1.7, Diff: 0.1, Sum: 13.2]
      [Termination (ms): Min: 0.0, Avg: 0.1, Max: 0.1, Diff: 0.0, Sum: 0.5]
         [Termination Attempts: Min: 56, Avg: 67.1, Max: 76, Diff: 20, Sum: 537]
      [GC Worker Other (ms): Min: 0.0, Avg: 0.0, Max: 0.1, Diff: 0.1, Sum: 0.3]
      [GC Worker Total (ms): Min: 3.7, Avg: 3.8, Max: 3.8, Diff: 0.1, Sum: 30.5]
      [GC Worker End (ms): Min: 1766363.0, Avg: 1766363.1, Max: 1766363.1, Diff: 0.1]
   [Code Root Fixup: 0.1 ms]
   [Code Root Purge: 0.0 ms]
   [Clear CT: 0.1 ms]
   [Other: 5.6 ms]
      [Choose CSet: 0.0 ms]
      [Ref Proc: 4.9 ms]
      [Ref Enq: 0.0 ms]
      [Redirty Cards: 0.1 ms]
      [Humongous Register: 0.1 ms]
      [Humongous Reclaim: 0.0 ms]
      [Free CSet: 0.1 ms]
   [Eden: 244.0M(244.0M)->0.0B(248.0M) Survivors: 12.0M->8192.0K Heap: 276.8M(4096.0M)->28.3M(4096.0M)]
 [Times: user=0.03 sys=0.00, real=0.01 secs] 
2019-10-31T17:29:46.440+0530: 1766.369: Total time for which application threads were stopped: 0.0102729 seconds, Stopping threads took: 0.0000519 seconds
2019-10-31T17:29:49.441+0530: 1769.370: Total time for which application threads were stopped: 0.0004462 seconds, Stopping threads took: 0.0000550 seconds
2019-10-31T17:30:00.442+0530: 1780.371: Total time for which application threads were stopped: 0.0002912 seconds, Stopping threads took: 0.0000460 seconds
2019-10-31T17:30:23.426+0530: 1803.355: [GC pause (G1 Evacuation Pause) (young), 0.0095119 secs]
   [Parallel Time: 3.5 ms, GC Workers: 8]
      [GC Worker Start (ms): Min: 1803354.8, Avg: 1803354.9, Max: 1803354.9, Diff: 0.1]
      [Ext Root Scanning (ms): Min: 0.3, Avg: 0.4, Max: 0.6, Diff: 0.2, Sum: 3.3]
      [Update RS (ms): Min: 1.3, Avg: 1.4, Max: 1.4, Diff: 0.1, Sum: 11.0]
         [Processed Buffers: Min: 15, Avg: 16.6, Max: 18, Diff: 3, Sum: 133]
      [Scan RS (ms): Min: 0.0, Avg: 0.0, Max: 0.0, Diff: 0.0, Sum: 0.2]
      [Code Root Scanning (ms): Min: 0.0, Avg: 0.0, Max: 0.0, Diff: 0.0, Sum: 0.0]
      [Object Copy (ms): Min: 1.4, Avg: 1.5, Max: 1.5, Diff: 0.1, Sum: 12.1]
      [Termination (ms): Min: 0.0, Avg: 0.0, Max: 0.0, Diff: 0.0, Sum: 0.2]
         [Termination Attempts: Min: 19, Avg: 26.9, Max: 31, Diff: 12, Sum: 215]
      [GC Worker Other (ms): Min: 0.0, Avg: 0.0, Max: 0.0, Diff: 0.0, Sum: 0.2]
      [GC Worker Total (ms): Min: 3.3, Avg: 3.4, Max: 3.4, Diff: 0.1, Sum: 27.0]
      [GC Worker End (ms): Min: 1803358.2, Avg: 1803358.2, Max: 1803358.3, Diff: 0.0]
   [Code Root Fixup: 0.0 ms]
   [Code Root Purge: 0.0 ms]
   [Clear CT: 0.2 ms]
   [Other: 5.8 ms]
      [Choose CSet: 0.0 ms]
      [Ref Proc: 5.1 ms]
      [Ref Enq: 0.0 ms]
      [Redirty Cards: 0.1 ms]
      [Humongous Register: 0.1 ms]
      [Humongous Reclaim: 0.0 ms]
      [Free CSet: 0.1 ms]
   [Eden: 248.0M(248.0M)->0.0B(248.0M) Survivors: 8192.0K->8192.0K Heap: 276.3M(4096.0M)->29.7M(4096.0M)]
 [Times: user=0.03 sys=0.00, real=0.01 secs] 
2019-10-31T17:30:23.436+0530: 1803.364: Total time for which application threads were stopped: 0.0099827 seconds, Stopping threads took: 0.0000444 seconds
2019-10-31T17:30:49.438+0530: 1829.366: Total time for which application threads were stopped: 0.0002392 seconds, Stopping threads took: 0.0000373 seconds
2019-10-31T17:30:50.438+0530: 1830.367: Total time for which application threads were stopped: 0.0002207 seconds, Stopping threads took: 0.0000305 seconds
2019-10-31T17:31:16.354+0530: 1856.283: [GC pause (G1 Evacuation Pause) (young), 0.0091626 secs]
   [Parallel Time: 3.2 ms, GC Workers: 8]
      [GC Worker Start (ms): Min: 1856282.8, Avg: 1856282.8, Max: 1856282.9, Diff: 0.1]
      [Ext Root Scanning (ms): Min: 0.3, Avg: 0.4, Max: 0.6, Diff: 0.3, Sum: 3.0]
      [Update RS (ms): Min: 1.1, Avg: 1.2, Max: 1.2, Diff: 0.1, Sum: 9.3]
         [Processed Buffers: Min: 11, Avg: 13.2, Max: 20, Diff: 9, Sum: 106]
      [Scan RS (ms): Min: 0.0, Avg: 0.0, Max: 0.0, Diff: 0.0, Sum: 0.2]
      [Code Root Scanning (ms): Min: 0.0, Avg: 0.0, Max: 0.0, Diff: 0.0, Sum: 0.0]
      [Object Copy (ms): Min: 1.4, Avg: 1.5, Max: 1.5, Diff: 0.1, Sum: 11.7]
      [Termination (ms): Min: 0.0, Avg: 0.1, Max: 0.1, Diff: 0.1, Sum: 0.5]
         [Termination Attempts: Min: 47, Avg: 59.2, Max: 68, Diff: 21, Sum: 474]
      [GC Worker Other (ms): Min: 0.0, Avg: 0.0, Max: 0.1, Diff: 0.0, Sum: 0.3]
      [GC Worker Total (ms): Min: 3.1, Avg: 3.1, Max: 3.2, Diff: 0.1, Sum: 25.0]
      [GC Worker End (ms): Min: 1856285.9, Avg: 1856285.9, Max: 1856286.0, Diff: 0.1]
   [Code Root Fixup: 0.1 ms]
   [Code Root Purge: 0.0 ms]
   [Clear CT: 0.2 ms]
   [Other: 5.7 ms]
      [Choose CSet: 0.0 ms]
      [Ref Proc: 5.0 ms]
      [Ref Enq: 0.0 ms]
      [Redirty Cards: 0.1 ms]
      [Humongous Register: 0.1 ms]
      [Humongous Reclaim: 0.0 ms]
      [Free CSet: 0.1 ms]
   [Eden: 248.0M(248.0M)->0.0B(248.0M) Survivors: 8192.0K->8192.0K Heap: 277.7M(4096.0M)->29.6M(4096.0M)]
 [Times: user=0.04 sys=0.00, real=0.00 secs] 
2019-10-31T17:31:16.363+0530: 1856.292: Total time for which application threads were stopped: 0.0095192 seconds, Stopping threads took: 0.0000303 seconds
2019-10-31T17:31:51.366+0530: 1891.295: Total time for which application threads were stopped: 0.0001856 seconds, Stopping threads took: 0.0000244 seconds
2019-10-31T17:32:01.367+0530: 1901.296: Total time for which application threads were stopped: 0.0001715 seconds, Stopping threads took: 0.0000234 seconds
Heap
 garbage-first heap   total 4194304K, used 120466K [0x00000006c0000000, 0x00000006c0204000, 0x00000007c0000000)
  region size 2048K, 49 young (100352K), 4 survivors (8192K)
 Metaspace       used 27948K, capacity 28648K, committed 28800K, reserved 1075200K
  class space    used 3367K, capacity 3641K, committed 3712K, reserved 1048576K
