Java HotSpot(TM) 64-Bit Server VM (25.131-b11) for linux-amd64 JRE (1.8.0_131-b11), built on Mar 15 2017 01:23:40 by "java_re" with gcc 4.3.0 20080428 (Red Hat 4.3.0-8)
Memory: 4k page, physical 15835448k(13276904k free), swap 0k(0k free)
CommandLine flags: -XX:G1ReservePercent=20 -XX:+HeapDumpOnOutOfMemoryError -XX:HeapDumpPath=/root/PT/projects/AutomationEngine/logs/GC -XX:InitialHeapSize=4294967296 -XX:+ManagementServer -XX:MaxGCPauseMillis=100 -XX:MaxHeapSize=4294967296 -XX:MaxMetaspaceSize=268435456 -XX:MaxNewSize=536870912 -XX:NewSize=268435456 -XX:+PrintGC -XX:+PrintGCApplicationStoppedTime -XX:+PrintGCDateStamps -XX:+PrintGCDetails -XX:+PrintGCTimeStamps -XX:+UseCompressedClassPointers -XX:+UseCompressedOops -XX:+UseG1GC 
2019-10-31T19:10:20.677+0530: 1.040: Total time for which application threads were stopped: 0.0000879 seconds, Stopping threads took: 0.0000192 seconds
2019-10-31T19:10:24.778+0530: 5.141: Total time for which application threads were stopped: 0.0000838 seconds, Stopping threads took: 0.0000116 seconds
2019-10-31T19:10:24.932+0530: 5.294: Total time for which application threads were stopped: 0.0001685 seconds, Stopping threads took: 0.0000120 seconds
2019-10-31T19:10:24.933+0530: 5.296: Total time for which application threads were stopped: 0.0000340 seconds, Stopping threads took: 0.0000059 seconds
2019-10-31T19:10:24.935+0530: 5.298: Total time for which application threads were stopped: 0.0000363 seconds, Stopping threads took: 0.0000049 seconds
2019-10-31T19:10:25.185+0530: 5.547: Total time for which application threads were stopped: 0.0002364 seconds, Stopping threads took: 0.0000130 seconds
2019-10-31T19:10:25.414+0530: 5.777: Total time for which application threads were stopped: 0.0002515 seconds, Stopping threads took: 0.0000195 seconds
2019-10-31T19:10:25.424+0530: 5.787: Total time for which application threads were stopped: 0.0001730 seconds, Stopping threads took: 0.0000276 seconds
2019-10-31T19:10:25.428+0530: 5.791: Total time for which application threads were stopped: 0.0000925 seconds, Stopping threads took: 0.0000219 seconds
2019-10-31T19:10:25.457+0530: 5.820: Total time for which application threads were stopped: 0.0002008 seconds, Stopping threads took: 0.0000128 seconds
2019-10-31T19:10:25.470+0530: 5.833: Total time for which application threads were stopped: 0.0002158 seconds, Stopping threads took: 0.0000132 seconds
2019-10-31T19:10:25.669+0530: 6.031: [GC pause (Metadata GC Threshold) (young) (initial-mark), 0.0113694 secs]
   [Parallel Time: 5.4 ms, GC Workers: 8]
      [GC Worker Start (ms): Min: 6031.7, Avg: 6031.8, Max: 6031.8, Diff: 0.1]
      [Ext Root Scanning (ms): Min: 0.7, Avg: 1.0, Max: 1.3, Diff: 0.5, Sum: 7.8]
      [Update RS (ms): Min: 0.0, Avg: 0.0, Max: 0.0, Diff: 0.0, Sum: 0.0]
         [Processed Buffers: Min: 0, Avg: 0.0, Max: 0, Diff: 0, Sum: 0]
      [Scan RS (ms): Min: 0.0, Avg: 0.0, Max: 0.0, Diff: 0.0, Sum: 0.1]
      [Code Root Scanning (ms): Min: 0.0, Avg: 0.2, Max: 0.8, Diff: 0.8, Sum: 1.7]
      [Object Copy (ms): Min: 3.7, Avg: 4.1, Max: 4.4, Diff: 0.7, Sum: 32.9]
      [Termination (ms): Min: 0.0, Avg: 0.0, Max: 0.0, Diff: 0.0, Sum: 0.0]
         [Termination Attempts: Min: 1, Avg: 5.1, Max: 8, Diff: 7, Sum: 41]
      [GC Worker Other (ms): Min: 0.0, Avg: 0.0, Max: 0.0, Diff: 0.0, Sum: 0.1]
      [GC Worker Total (ms): Min: 5.3, Avg: 5.3, Max: 5.4, Diff: 0.1, Sum: 42.7]
      [GC Worker End (ms): Min: 6037.1, Avg: 6037.1, Max: 6037.1, Diff: 0.0]
   [Code Root Fixup: 0.3 ms]
   [Code Root Purge: 0.0 ms]
   [Clear CT: 0.2 ms]
   [Other: 5.5 ms]
      [Choose CSet: 0.0 ms]
      [Ref Proc: 4.8 ms]
      [Ref Enq: 0.0 ms]
      [Redirty Cards: 0.1 ms]
      [Humongous Register: 0.0 ms]
      [Humongous Reclaim: 0.0 ms]
      [Free CSet: 0.1 ms]
   [Eden: 116.0M(256.0M)->0.0B(242.0M) Survivors: 0.0B->14.0M Heap: 115.0M(4096.0M)->12.5M(4096.0M)]
 [Times: user=0.04 sys=0.01, real=0.01 secs] 
2019-10-31T19:10:25.680+0530: 6.043: [GC concurrent-root-region-scan-start]
2019-10-31T19:10:25.680+0530: 6.043: Total time for which application threads were stopped: 0.0116575 seconds, Stopping threads took: 0.0000542 seconds
2019-10-31T19:10:25.684+0530: 6.047: [GC concurrent-root-region-scan-end, 0.0039209 secs]
2019-10-31T19:10:25.684+0530: 6.047: [GC concurrent-mark-start]
2019-10-31T19:10:25.685+0530: 6.048: [GC concurrent-mark-end, 0.0009581 secs]
2019-10-31T19:10:25.685+0530: 6.048: [GC remark 2019-10-31T19:10:25.685+0530: 6.048: [Finalize Marking, 0.0001846 secs] 2019-10-31T19:10:25.685+0530: 6.048: [GC ref-proc, 0.0002287 secs] 2019-10-31T19:10:25.686+0530: 6.048: [Unloading, 0.0019477 secs], 0.0026364 secs]
 [Times: user=0.02 sys=0.00, real=0.00 secs] 
2019-10-31T19:10:25.688+0530: 6.051: Total time for which application threads were stopped: 0.0027900 seconds, Stopping threads took: 0.0000933 seconds
2019-10-31T19:10:25.688+0530: 6.051: [GC cleanup 14M->14M(4096M), 0.0015059 secs]
 [Times: user=0.01 sys=0.00, real=0.00 secs] 
2019-10-31T19:10:25.689+0530: 6.052: Total time for which application threads were stopped: 0.0015969 seconds, Stopping threads took: 0.0000325 seconds
2019-10-31T19:10:25.914+0530: 6.277: [Full GC (System.gc())  30M->8876K(4096M), 0.0529240 secs]
   [Eden: 18.0M(242.0M)->0.0B(256.0M) Survivors: 14.0M->0.0B Heap: 30.4M(4096.0M)->8876.2K(4096.0M)], [Metaspace: 23970K->23970K(1071104K)]
 [Times: user=0.06 sys=0.02, real=0.05 secs] 
2019-10-31T19:10:25.967+0530: 6.330: Total time for which application threads were stopped: 0.0531185 seconds, Stopping threads took: 0.0000490 seconds
2019-10-31T19:10:26.099+0530: 6.462: Total time for which application threads were stopped: 0.0004549 seconds, Stopping threads took: 0.0001240 seconds
2019-10-31T19:10:26.138+0530: 6.501: [GC pause (G1 Evacuation Pause) (young), 0.0061634 secs]
   [Parallel Time: 4.9 ms, GC Workers: 8]
      [GC Worker Start (ms): Min: 6501.5, Avg: 6501.5, Max: 6501.6, Diff: 0.1]
      [Ext Root Scanning (ms): Min: 0.9, Avg: 1.0, Max: 1.0, Diff: 0.1, Sum: 7.7]
      [Update RS (ms): Min: 0.0, Avg: 0.1, Max: 0.3, Diff: 0.3, Sum: 1.1]
         [Processed Buffers: Min: 1, Avg: 2.6, Max: 4, Diff: 3, Sum: 21]
      [Scan RS (ms): Min: 0.0, Avg: 0.0, Max: 0.0, Diff: 0.0, Sum: 0.1]
      [Code Root Scanning (ms): Min: 0.0, Avg: 0.0, Max: 0.1, Diff: 0.1, Sum: 0.3]
      [Object Copy (ms): Min: 3.4, Avg: 3.5, Max: 3.6, Diff: 0.2, Sum: 28.4]
      [Termination (ms): Min: 0.0, Avg: 0.0, Max: 0.0, Diff: 0.0, Sum: 0.0]
         [Termination Attempts: Min: 1, Avg: 1.0, Max: 1, Diff: 0, Sum: 8]
      [GC Worker Other (ms): Min: 0.0, Avg: 0.0, Max: 0.1, Diff: 0.1, Sum: 0.3]
      [GC Worker Total (ms): Min: 4.7, Avg: 4.7, Max: 4.8, Diff: 0.1, Sum: 37.9]
      [GC Worker End (ms): Min: 6506.2, Avg: 6506.2, Max: 6506.3, Diff: 0.1]
   [Code Root Fixup: 0.1 ms]
   [Code Root Purge: 0.0 ms]
   [Clear CT: 0.1 ms]
   [Other: 1.1 ms]
      [Choose CSet: 0.0 ms]
      [Ref Proc: 0.3 ms]
      [Ref Enq: 0.0 ms]
      [Redirty Cards: 0.2 ms]
      [Humongous Register: 0.1 ms]
      [Humongous Reclaim: 0.0 ms]
      [Free CSet: 0.1 ms]
   [Eden: 256.0M(256.0M)->0.0B(246.0M) Survivors: 0.0B->10.0M Heap: 264.7M(4096.0M)->17.7M(4096.0M)]
 [Times: user=0.03 sys=0.00, real=0.00 secs] 
2019-10-31T19:10:26.145+0530: 6.508: Total time for which application threads were stopped: 0.0067492 seconds, Stopping threads took: 0.0001057 seconds
2019-10-31T19:10:27.145+0530: 7.508: Total time for which application threads were stopped: 0.0006950 seconds, Stopping threads took: 0.0001195 seconds
2019-10-31T19:10:28.953+0530: 9.316: Total time for which application threads were stopped: 0.0009792 seconds, Stopping threads took: 0.0001196 seconds
2019-10-31T19:10:29.083+0530: 9.446: Total time for which application threads were stopped: 0.0008182 seconds, Stopping threads took: 0.0001422 seconds
2019-10-31T19:10:29.087+0530: 9.449: Total time for which application threads were stopped: 0.0004518 seconds, Stopping threads took: 0.0000390 seconds
2019-10-31T19:10:29.111+0530: 9.474: Total time for which application threads were stopped: 0.0012370 seconds, Stopping threads took: 0.0001052 seconds
2019-10-31T19:10:29.127+0530: 9.489: Total time for which application threads were stopped: 0.0013495 seconds, Stopping threads took: 0.0001448 seconds
2019-10-31T19:10:30.023+0530: 10.386: Total time for which application threads were stopped: 0.0008085 seconds, Stopping threads took: 0.0001446 seconds
2019-10-31T19:10:30.023+0530: 10.386: Total time for which application threads were stopped: 0.0003696 seconds, Stopping threads took: 0.0000243 seconds
2019-10-31T19:10:30.024+0530: 10.387: Total time for which application threads were stopped: 0.0003203 seconds, Stopping threads took: 0.0000168 seconds
2019-10-31T19:10:30.025+0530: 10.388: Total time for which application threads were stopped: 0.0003815 seconds, Stopping threads took: 0.0000412 seconds
2019-10-31T19:10:32.026+0530: 12.389: Total time for which application threads were stopped: 0.0007728 seconds, Stopping threads took: 0.0001403 seconds
2019-10-31T19:10:33.027+0530: 13.390: Total time for which application threads were stopped: 0.0008035 seconds, Stopping threads took: 0.0001611 seconds
2019-10-31T19:10:34.028+0530: 14.391: Total time for which application threads were stopped: 0.0007740 seconds, Stopping threads took: 0.0001432 seconds
2019-10-31T19:10:35.029+0530: 15.392: Total time for which application threads were stopped: 0.0008887 seconds, Stopping threads took: 0.0001758 seconds
2019-10-31T19:10:36.016+0530: 16.379: Total time for which application threads were stopped: 0.0008901 seconds, Stopping threads took: 0.0001603 seconds
2019-10-31T19:10:37.017+0530: 17.380: Total time for which application threads were stopped: 0.0007871 seconds, Stopping threads took: 0.0001258 seconds
2019-10-31T19:10:38.018+0530: 18.381: Total time for which application threads were stopped: 0.0007353 seconds, Stopping threads took: 0.0001429 seconds
2019-10-31T19:10:39.019+0530: 19.382: Total time for which application threads were stopped: 0.0007470 seconds, Stopping threads took: 0.0001521 seconds
2019-10-31T19:10:39.098+0530: 19.461: Total time for which application threads were stopped: 0.0007328 seconds, Stopping threads took: 0.0001328 seconds
2019-10-31T19:10:40.109+0530: 20.472: Total time for which application threads were stopped: 0.0008177 seconds, Stopping threads took: 0.0001592 seconds
2019-10-31T19:10:41.011+0530: 21.373: Total time for which application threads were stopped: 0.0007239 seconds, Stopping threads took: 0.0001399 seconds
2019-10-31T19:10:42.011+0530: 22.374: Total time for which application threads were stopped: 0.0007643 seconds, Stopping threads took: 0.0001834 seconds
2019-10-31T19:10:43.012+0530: 23.375: Total time for which application threads were stopped: 0.0007601 seconds, Stopping threads took: 0.0001783 seconds
2019-10-31T19:10:44.013+0530: 24.376: Total time for which application threads were stopped: 0.0008315 seconds, Stopping threads took: 0.0001770 seconds
2019-10-31T19:10:45.010+0530: 25.373: Total time for which application threads were stopped: 0.0007414 seconds, Stopping threads took: 0.0001339 seconds
2019-10-31T19:10:45.083+0530: 25.446: Total time for which application threads were stopped: 0.0007084 seconds, Stopping threads took: 0.0001254 seconds
2019-10-31T19:10:46.084+0530: 26.447: Total time for which application threads were stopped: 0.0007321 seconds, Stopping threads took: 0.0001424 seconds
2019-10-31T19:10:47.085+0530: 27.448: Total time for which application threads were stopped: 0.0007782 seconds, Stopping threads took: 0.0001335 seconds
2019-10-31T19:10:48.086+0530: 28.449: Total time for which application threads were stopped: 0.0007248 seconds, Stopping threads took: 0.0001377 seconds
2019-10-31T19:10:48.101+0530: 28.463: Total time for which application threads were stopped: 0.0005273 seconds, Stopping threads took: 0.0000681 seconds
2019-10-31T19:10:48.108+0530: 28.470: Total time for which application threads were stopped: 0.0006345 seconds, Stopping threads took: 0.0001173 seconds
2019-10-31T19:10:50.108+0530: 30.471: Total time for which application threads were stopped: 0.0007109 seconds, Stopping threads took: 0.0001321 seconds
2019-10-31T19:10:51.109+0530: 31.472: Total time for which application threads were stopped: 0.0007361 seconds, Stopping threads took: 0.0001301 seconds
2019-10-31T19:10:51.117+0530: 31.480: Total time for which application threads were stopped: 0.0006730 seconds, Stopping threads took: 0.0001004 seconds
2019-10-31T19:10:52.005+0530: 32.368: Total time for which application threads were stopped: 0.0007339 seconds, Stopping threads took: 0.0001187 seconds
2019-10-31T19:10:53.006+0530: 33.369: Total time for which application threads were stopped: 0.0007178 seconds, Stopping threads took: 0.0001260 seconds
2019-10-31T19:10:54.007+0530: 34.370: Total time for which application threads were stopped: 0.0006985 seconds, Stopping threads took: 0.0001176 seconds
2019-10-31T19:10:54.129+0530: 34.492: Total time for which application threads were stopped: 0.0007539 seconds, Stopping threads took: 0.0001318 seconds
2019-10-31T19:10:54.192+0530: 34.554: Total time for which application threads were stopped: 0.0007424 seconds, Stopping threads took: 0.0001262 seconds
2019-10-31T19:10:55.192+0530: 35.555: Total time for which application threads were stopped: 0.0006933 seconds, Stopping threads took: 0.0001370 seconds
2019-10-31T19:10:56.193+0530: 36.556: Total time for which application threads were stopped: 0.0007478 seconds, Stopping threads took: 0.0001327 seconds
2019-10-31T19:10:57.001+0530: 37.364: Total time for which application threads were stopped: 0.0008141 seconds, Stopping threads took: 0.0001685 seconds
2019-10-31T19:10:57.054+0530: 37.417: Total time for which application threads were stopped: 0.0007571 seconds, Stopping threads took: 0.0001299 seconds
2019-10-31T19:10:59.055+0530: 39.418: Total time for which application threads were stopped: 0.0007735 seconds, Stopping threads took: 0.0001565 seconds
2019-10-31T19:10:59.478+0530: 39.841: Total time for which application threads were stopped: 0.0008090 seconds, Stopping threads took: 0.0001663 seconds
2019-10-31T19:10:59.479+0530: 39.842: Total time for which application threads were stopped: 0.0003987 seconds, Stopping threads took: 0.0000621 seconds
2019-10-31T19:11:00.479+0530: 40.842: Total time for which application threads were stopped: 0.0007185 seconds, Stopping threads took: 0.0001188 seconds
2019-10-31T19:11:01.480+0530: 41.843: Total time for which application threads were stopped: 0.0007414 seconds, Stopping threads took: 0.0001323 seconds
2019-10-31T19:11:01.998+0530: 42.360: Total time for which application threads were stopped: 0.0005055 seconds, Stopping threads took: 0.0000593 seconds
2019-10-31T19:11:02.155+0530: 42.518: Total time for which application threads were stopped: 0.0007295 seconds, Stopping threads took: 0.0001252 seconds
2019-10-31T19:11:03.156+0530: 43.518: Total time for which application threads were stopped: 0.0007477 seconds, Stopping threads took: 0.0001646 seconds
2019-10-31T19:11:03.994+0530: 44.357: Total time for which application threads were stopped: 0.0007551 seconds, Stopping threads took: 0.0001379 seconds
2019-10-31T19:11:04.047+0530: 44.410: Total time for which application threads were stopped: 0.0007503 seconds, Stopping threads took: 0.0001218 seconds
2019-10-31T19:11:05.048+0530: 45.411: Total time for which application threads were stopped: 0.0007597 seconds, Stopping threads took: 0.0001573 seconds
2019-10-31T19:11:05.993+0530: 46.356: Total time for which application threads were stopped: 0.0008157 seconds, Stopping threads took: 0.0001357 seconds
2019-10-31T19:11:06.071+0530: 46.434: Total time for which application threads were stopped: 0.0007611 seconds, Stopping threads took: 0.0001241 seconds
2019-10-31T19:11:07.072+0530: 47.435: Total time for which application threads were stopped: 0.0007539 seconds, Stopping threads took: 0.0001579 seconds
2019-10-31T19:11:07.989+0530: 48.352: Total time for which application threads were stopped: 0.0007706 seconds, Stopping threads took: 0.0001245 seconds
2019-10-31T19:11:08.050+0530: 48.413: Total time for which application threads were stopped: 0.0007361 seconds, Stopping threads took: 0.0001218 seconds
2019-10-31T19:11:09.051+0530: 49.414: Total time for which application threads were stopped: 0.0007119 seconds, Stopping threads took: 0.0001250 seconds
2019-10-31T19:11:09.988+0530: 50.351: Total time for which application threads were stopped: 0.0007948 seconds, Stopping threads took: 0.0001492 seconds
2019-10-31T19:11:10.045+0530: 50.408: Total time for which application threads were stopped: 0.0008177 seconds, Stopping threads took: 0.0001367 seconds
2019-10-31T19:11:11.046+0530: 51.409: Total time for which application threads were stopped: 0.0007947 seconds, Stopping threads took: 0.0001637 seconds
2019-10-31T19:11:11.523+0530: 51.886: Total time for which application threads were stopped: 0.0007663 seconds, Stopping threads took: 0.0001321 seconds
2019-10-31T19:11:11.985+0530: 52.348: Total time for which application threads were stopped: 0.0007779 seconds, Stopping threads took: 0.0001568 seconds
2019-10-31T19:11:12.986+0530: 53.349: Total time for which application threads were stopped: 0.0007200 seconds, Stopping threads took: 0.0001287 seconds
2019-10-31T19:11:13.151+0530: 53.514: Total time for which application threads were stopped: 0.0007979 seconds, Stopping threads took: 0.0001688 seconds
2019-10-31T19:11:13.356+0530: 53.719: Total time for which application threads were stopped: 0.0007553 seconds, Stopping threads took: 0.0001373 seconds
2019-10-31T19:11:14.357+0530: 54.720: Total time for which application threads were stopped: 0.0007128 seconds, Stopping threads took: 0.0001222 seconds
2019-10-31T19:11:15.038+0530: 55.401: Total time for which application threads were stopped: 0.0007736 seconds, Stopping threads took: 0.0001435 seconds
2019-10-31T19:11:15.115+0530: 55.477: Total time for which application threads were stopped: 0.0008196 seconds, Stopping threads took: 0.0001834 seconds
2019-10-31T19:11:16.115+0530: 56.478: Total time for which application threads were stopped: 0.0007883 seconds, Stopping threads took: 0.0001625 seconds
2019-10-31T19:11:16.397+0530: 56.760: Total time for which application threads were stopped: 0.0008113 seconds, Stopping threads took: 0.0001618 seconds
2019-10-31T19:11:16.973+0530: 57.336: Total time for which application threads were stopped: 0.0007042 seconds, Stopping threads took: 0.0001530 seconds
2019-10-31T19:11:17.974+0530: 58.337: Total time for which application threads were stopped: 0.0007439 seconds, Stopping threads took: 0.0001273 seconds
2019-10-31T19:11:18.124+0530: 58.487: Total time for which application threads were stopped: 0.0007746 seconds, Stopping threads took: 0.0001363 seconds
2019-10-31T19:11:18.192+0530: 58.554: Total time for which application threads were stopped: 0.0007506 seconds, Stopping threads took: 0.0001227 seconds
2019-10-31T19:11:19.192+0530: 59.555: Total time for which application threads were stopped: 0.0007657 seconds, Stopping threads took: 0.0001316 seconds
2019-10-31T19:11:20.065+0530: 60.428: Total time for which application threads were stopped: 0.0007706 seconds, Stopping threads took: 0.0001244 seconds
2019-10-31T19:11:20.085+0530: 60.447: Total time for which application threads were stopped: 0.0005805 seconds, Stopping threads took: 0.0000671 seconds
2019-10-31T19:11:21.260+0530: 61.623: Total time for which application threads were stopped: 0.0008065 seconds, Stopping threads took: 0.0001474 seconds
2019-10-31T19:11:21.265+0530: 61.628: Total time for which application threads were stopped: 0.0043049 seconds, Stopping threads took: 0.0000959 seconds
2019-10-31T19:11:21.326+0530: 61.688: Total time for which application threads were stopped: 0.0008019 seconds, Stopping threads took: 0.0001675 seconds
2019-10-31T19:11:22.326+0530: 62.689: Total time for which application threads were stopped: 0.0007149 seconds, Stopping threads took: 0.0001279 seconds
2019-10-31T19:11:22.975+0530: 63.338: Total time for which application threads were stopped: 0.0023315 seconds, Stopping threads took: 0.0001464 seconds
2019-10-31T19:11:23.073+0530: 63.436: Total time for which application threads were stopped: 0.0007955 seconds, Stopping threads took: 0.0001230 seconds
2019-10-31T19:11:24.265+0530: 64.628: Total time for which application threads were stopped: 0.0008393 seconds, Stopping threads took: 0.0001356 seconds
2019-10-31T19:11:24.266+0530: 64.629: Total time for which application threads were stopped: 0.0005621 seconds, Stopping threads took: 0.0000780 seconds
2019-10-31T19:11:25.267+0530: 65.629: Total time for which application threads were stopped: 0.0007362 seconds, Stopping threads took: 0.0001367 seconds
2019-10-31T19:11:25.441+0530: 65.804: Total time for which application threads were stopped: 0.0007937 seconds, Stopping threads took: 0.0001323 seconds
2019-10-31T19:11:25.973+0530: 66.336: Total time for which application threads were stopped: 0.0007618 seconds, Stopping threads took: 0.0001201 seconds
2019-10-31T19:11:26.974+0530: 67.337: Total time for which application threads were stopped: 0.0007597 seconds, Stopping threads took: 0.0001240 seconds
2019-10-31T19:11:27.090+0530: 67.453: Total time for which application threads were stopped: 0.0007981 seconds, Stopping threads took: 0.0001510 seconds
2019-10-31T19:11:27.125+0530: 67.488: Total time for which application threads were stopped: 0.0007755 seconds, Stopping threads took: 0.0001260 seconds
2019-10-31T19:11:28.126+0530: 68.489: Total time for which application threads were stopped: 0.0007522 seconds, Stopping threads took: 0.0001588 seconds
2019-10-31T19:11:28.236+0530: 68.599: Total time for which application threads were stopped: 0.0007768 seconds, Stopping threads took: 0.0001244 seconds
2019-10-31T19:11:28.436+0530: 68.799: Total time for which application threads were stopped: 0.0007663 seconds, Stopping threads took: 0.0001329 seconds
2019-10-31T19:11:29.437+0530: 69.800: Total time for which application threads were stopped: 0.0007912 seconds, Stopping threads took: 0.0001294 seconds
2019-10-31T19:11:29.972+0530: 70.335: Total time for which application threads were stopped: 0.0007882 seconds, Stopping threads took: 0.0001293 seconds
2019-10-31T19:11:30.015+0530: 70.378: Total time for which application threads were stopped: 0.0006804 seconds, Stopping threads took: 0.0001027 seconds
2019-10-31T19:11:31.016+0530: 71.379: Total time for which application threads were stopped: 0.0007580 seconds, Stopping threads took: 0.0001479 seconds
2019-10-31T19:11:31.070+0530: 71.433: Total time for which application threads were stopped: 0.0007332 seconds, Stopping threads took: 0.0001256 seconds
2019-10-31T19:11:31.214+0530: 71.577: Total time for which application threads were stopped: 0.0007871 seconds, Stopping threads took: 0.0001331 seconds
2019-10-31T19:11:32.619+0530: 72.982: Total time for which application threads were stopped: 0.0007736 seconds, Stopping threads took: 0.0001200 seconds
2019-10-31T19:11:32.620+0530: 72.983: Total time for which application threads were stopped: 0.0003702 seconds, Stopping threads took: 0.0000282 seconds
2019-10-31T19:11:33.514+0530: 73.876: Total time for which application threads were stopped: 0.0007841 seconds, Stopping threads took: 0.0001503 seconds
2019-10-31T19:11:33.514+0530: 73.877: Total time for which application threads were stopped: 0.0004039 seconds, Stopping threads took: 0.0000315 seconds
2019-10-31T19:11:34.515+0530: 74.878: Total time for which application threads were stopped: 0.0007283 seconds, Stopping threads took: 0.0001244 seconds
2019-10-31T19:11:34.972+0530: 75.335: Total time for which application threads were stopped: 0.0007186 seconds, Stopping threads took: 0.0001106 seconds
2019-10-31T19:11:35.024+0530: 75.386: Total time for which application threads were stopped: 0.0007837 seconds, Stopping threads took: 0.0001418 seconds
2019-10-31T19:11:36.024+0530: 76.387: Total time for which application threads were stopped: 0.0008109 seconds, Stopping threads took: 0.0001504 seconds
2019-10-31T19:11:36.508+0530: 76.870: Total time for which application threads were stopped: 0.0007934 seconds, Stopping threads took: 0.0001381 seconds
2019-10-31T19:11:36.514+0530: 76.877: Total time for which application threads were stopped: 0.0006903 seconds, Stopping threads took: 0.0001213 seconds
2019-10-31T19:11:37.244+0530: 77.607: Total time for which application threads were stopped: 0.0008172 seconds, Stopping threads took: 0.0001498 seconds
2019-10-31T19:11:37.246+0530: 77.608: Total time for which application threads were stopped: 0.0003841 seconds, Stopping threads took: 0.0000289 seconds
2019-10-31T19:11:38.246+0530: 78.609: Total time for which application threads were stopped: 0.0007149 seconds, Stopping threads took: 0.0001403 seconds
2019-10-31T19:11:38.650+0530: 79.013: Total time for which application threads were stopped: 0.0007889 seconds, Stopping threads took: 0.0001479 seconds
2019-10-31T19:11:38.651+0530: 79.014: Total time for which application threads were stopped: 0.0003537 seconds, Stopping threads took: 0.0000234 seconds
2019-10-31T19:11:39.678+0530: 80.041: Total time for which application threads were stopped: 0.0008221 seconds, Stopping threads took: 0.0001435 seconds
2019-10-31T19:11:39.684+0530: 80.047: Total time for which application threads were stopped: 0.0006887 seconds, Stopping threads took: 0.0001009 seconds
2019-10-31T19:11:40.495+0530: 80.858: Total time for which application threads were stopped: 0.0008781 seconds, Stopping threads took: 0.0001707 seconds
2019-10-31T19:11:40.972+0530: 81.335: Total time for which application threads were stopped: 0.0007615 seconds, Stopping threads took: 0.0001215 seconds
2019-10-31T19:11:41.973+0530: 82.336: Total time for which application threads were stopped: 0.0008281 seconds, Stopping threads took: 0.0001736 seconds
2019-10-31T19:11:41.974+0530: 82.336: Total time for which application threads were stopped: 0.0005891 seconds, Stopping threads took: 0.0000940 seconds
2019-10-31T19:11:42.016+0530: 82.378: Total time for which application threads were stopped: 0.0007886 seconds, Stopping threads took: 0.0001352 seconds
2019-10-31T19:11:43.016+0530: 83.379: Total time for which application threads were stopped: 0.0008151 seconds, Stopping threads took: 0.0001376 seconds
2019-10-31T19:11:43.041+0530: 83.404: Total time for which application threads were stopped: 0.0008354 seconds, Stopping threads took: 0.0001488 seconds
2019-10-31T19:11:43.067+0530: 83.430: Total time for which application threads were stopped: 0.0007727 seconds, Stopping threads took: 0.0001359 seconds
2019-10-31T19:11:44.066+0530: 84.429: Total time for which application threads were stopped: 0.0007995 seconds, Stopping threads took: 0.0001477 seconds
2019-10-31T19:11:44.171+0530: 84.534: Total time for which application threads were stopped: 0.0007604 seconds, Stopping threads took: 0.0001355 seconds
2019-10-31T19:11:45.172+0530: 85.534: Total time for which application threads were stopped: 0.0007153 seconds, Stopping threads took: 0.0001318 seconds
2019-10-31T19:11:45.557+0530: 85.920: Total time for which application threads were stopped: 0.0008605 seconds, Stopping threads took: 0.0001755 seconds
2019-10-31T19:11:45.710+0530: 86.073: Total time for which application threads were stopped: 0.0041335 seconds, Stopping threads took: 0.0001528 seconds
2019-10-31T19:11:46.162+0530: 86.525: Total time for which application threads were stopped: 0.0008085 seconds, Stopping threads took: 0.0001505 seconds
2019-10-31T19:11:47.163+0530: 87.526: Total time for which application threads were stopped: 0.0007658 seconds, Stopping threads took: 0.0001536 seconds
2019-10-31T19:11:47.216+0530: 87.579: Total time for which application threads were stopped: 0.0023175 seconds, Stopping threads took: 0.0001471 seconds
2019-10-31T19:11:48.217+0530: 88.580: Total time for which application threads were stopped: 0.0007451 seconds, Stopping threads took: 0.0001409 seconds
2019-10-31T19:11:49.218+0530: 89.581: Total time for which application threads were stopped: 0.0007631 seconds, Stopping threads took: 0.0001599 seconds
2019-10-31T19:11:52.219+0530: 92.582: Total time for which application threads were stopped: 0.0008454 seconds, Stopping threads took: 0.0001975 seconds
2019-10-31T19:11:55.220+0530: 95.583: Total time for which application threads were stopped: 0.0007796 seconds, Stopping threads took: 0.0001476 seconds
2019-10-31T19:11:56.221+0530: 96.584: Total time for which application threads were stopped: 0.0008040 seconds, Stopping threads took: 0.0001657 seconds
2019-10-31T19:11:57.221+0530: 97.584: Total time for which application threads were stopped: 0.0007179 seconds, Stopping threads took: 0.0001390 seconds
2019-10-31T19:11:58.222+0530: 98.585: Total time for which application threads were stopped: 0.0007710 seconds, Stopping threads took: 0.0001624 seconds
2019-10-31T19:11:59.223+0530: 99.586: Total time for which application threads were stopped: 0.0007474 seconds, Stopping threads took: 0.0001515 seconds
2019-10-31T19:12:00.224+0530: 100.587: Total time for which application threads were stopped: 0.0007354 seconds, Stopping threads took: 0.0001568 seconds
2019-10-31T19:12:01.225+0530: 101.588: Total time for which application threads were stopped: 0.0008660 seconds, Stopping threads took: 0.0001785 seconds
2019-10-31T19:12:02.226+0530: 102.589: Total time for which application threads were stopped: 0.0007394 seconds, Stopping threads took: 0.0001607 seconds
2019-10-31T19:12:03.227+0530: 103.589: Total time for which application threads were stopped: 0.0007381 seconds, Stopping threads took: 0.0001565 seconds
2019-10-31T19:12:04.227+0530: 104.590: Total time for which application threads were stopped: 0.0008107 seconds, Stopping threads took: 0.0001779 seconds
2019-10-31T19:12:07.229+0530: 107.591: Total time for which application threads were stopped: 0.0008619 seconds, Stopping threads took: 0.0002251 seconds
2019-10-31T19:12:08.229+0530: 108.592: Total time for which application threads were stopped: 0.0008222 seconds, Stopping threads took: 0.0001675 seconds
2019-10-31T19:12:09.230+0530: 109.593: Total time for which application threads were stopped: 0.0007705 seconds, Stopping threads took: 0.0001395 seconds
2019-10-31T19:12:10.231+0530: 110.594: Total time for which application threads were stopped: 0.0007870 seconds, Stopping threads took: 0.0001430 seconds
2019-10-31T19:12:11.232+0530: 111.595: Total time for which application threads were stopped: 0.0007391 seconds, Stopping threads took: 0.0001285 seconds
2019-10-31T19:12:12.233+0530: 112.596: Total time for which application threads were stopped: 0.0007707 seconds, Stopping threads took: 0.0001497 seconds
2019-10-31T19:12:13.234+0530: 113.597: Total time for which application threads were stopped: 0.0008247 seconds, Stopping threads took: 0.0001441 seconds
2019-10-31T19:12:15.235+0530: 115.598: Total time for which application threads were stopped: 0.0007553 seconds, Stopping threads took: 0.0001726 seconds
2019-10-31T19:12:17.236+0530: 117.599: Total time for which application threads were stopped: 0.0008374 seconds, Stopping threads took: 0.0001922 seconds
2019-10-31T19:12:19.237+0530: 119.599: Total time for which application threads were stopped: 0.0007880 seconds, Stopping threads took: 0.0001749 seconds
2019-10-31T19:12:22.238+0530: 122.600: Total time for which application threads were stopped: 0.0007489 seconds, Stopping threads took: 0.0001682 seconds
2019-10-31T19:12:32.239+0530: 132.602: Total time for which application threads were stopped: 0.0008169 seconds, Stopping threads took: 0.0001755 seconds
2019-10-31T19:12:34.572+0530: 134.935: [GC pause (G1 Evacuation Pause) (young), 0.0171848 secs]
   [Parallel Time: 10.3 ms, GC Workers: 8]
      [GC Worker Start (ms): Min: 134935.3, Avg: 134935.3, Max: 134935.4, Diff: 0.1]
      [Ext Root Scanning (ms): Min: 0.7, Avg: 0.8, Max: 1.0, Diff: 0.3, Sum: 6.2]
      [Update RS (ms): Min: 0.0, Avg: 0.2, Max: 0.5, Diff: 0.4, Sum: 1.2]
         [Processed Buffers: Min: 1, Avg: 3.4, Max: 11, Diff: 10, Sum: 27]
      [Scan RS (ms): Min: 0.0, Avg: 0.0, Max: 0.0, Diff: 0.0, Sum: 0.2]
      [Code Root Scanning (ms): Min: 0.0, Avg: 0.3, Max: 0.5, Diff: 0.5, Sum: 2.4]
      [Object Copy (ms): Min: 8.7, Avg: 8.9, Max: 9.0, Diff: 0.3, Sum: 70.9]
      [Termination (ms): Min: 0.0, Avg: 0.0, Max: 0.0, Diff: 0.0, Sum: 0.0]
         [Termination Attempts: Min: 1, Avg: 1.0, Max: 1, Diff: 0, Sum: 8]
      [GC Worker Other (ms): Min: 0.0, Avg: 0.0, Max: 0.1, Diff: 0.1, Sum: 0.4]
      [GC Worker Total (ms): Min: 10.1, Avg: 10.2, Max: 10.2, Diff: 0.1, Sum: 81.2]
      [GC Worker End (ms): Min: 134945.4, Avg: 134945.5, Max: 134945.5, Diff: 0.1]
   [Code Root Fixup: 0.5 ms]
   [Code Root Purge: 0.0 ms]
   [Clear CT: 0.2 ms]
   [Other: 6.2 ms]
      [Choose CSet: 0.0 ms]
      [Ref Proc: 5.2 ms]
      [Ref Enq: 0.0 ms]
      [Redirty Cards: 0.2 ms]
      [Humongous Register: 0.1 ms]
      [Humongous Reclaim: 0.0 ms]
      [Free CSet: 0.2 ms]
   [Eden: 246.0M(246.0M)->0.0B(228.0M) Survivors: 10.0M->28.0M Heap: 263.7M(4096.0M)->35.6M(4096.0M)]
 [Times: user=0.08 sys=0.00, real=0.02 secs] 
2019-10-31T19:12:34.590+0530: 134.952: Total time for which application threads were stopped: 0.0182866 seconds, Stopping threads took: 0.0001545 seconds
2019-10-31T19:12:34.590+0530: 134.953: Total time for which application threads were stopped: 0.0008677 seconds, Stopping threads took: 0.0002061 seconds
2019-10-31T19:12:34.591+0530: 134.954: Total time for which application threads were stopped: 0.0004555 seconds, Stopping threads took: 0.0000539 seconds
2019-10-31T19:12:34.592+0530: 134.954: Total time for which application threads were stopped: 0.0005076 seconds, Stopping threads took: 0.0001418 seconds
2019-10-31T19:12:34.593+0530: 134.956: Total time for which application threads were stopped: 0.0003456 seconds, Stopping threads took: 0.0000338 seconds
2019-10-31T19:12:34.593+0530: 134.956: Total time for which application threads were stopped: 0.0003476 seconds, Stopping threads took: 0.0000590 seconds
2019-10-31T19:12:34.593+0530: 134.956: Total time for which application threads were stopped: 0.0002963 seconds, Stopping threads took: 0.0000226 seconds
2019-10-31T19:12:34.594+0530: 134.957: Total time for which application threads were stopped: 0.0003185 seconds, Stopping threads took: 0.0000339 seconds
2019-10-31T19:12:34.594+0530: 134.957: Total time for which application threads were stopped: 0.0003101 seconds, Stopping threads took: 0.0000364 seconds
2019-10-31T19:12:34.594+0530: 134.957: Total time for which application threads were stopped: 0.0003051 seconds, Stopping threads took: 0.0000348 seconds
2019-10-31T19:12:34.595+0530: 134.958: Total time for which application threads were stopped: 0.0003020 seconds, Stopping threads took: 0.0000347 seconds
2019-10-31T19:12:34.595+0530: 134.958: Total time for which application threads were stopped: 0.0003006 seconds, Stopping threads took: 0.0000342 seconds
2019-10-31T19:12:34.595+0530: 134.958: Total time for which application threads were stopped: 0.0003400 seconds, Stopping threads took: 0.0000676 seconds
2019-10-31T19:12:34.596+0530: 134.959: Total time for which application threads were stopped: 0.0003331 seconds, Stopping threads took: 0.0000669 seconds
2019-10-31T19:12:34.596+0530: 134.959: Total time for which application threads were stopped: 0.0003141 seconds, Stopping threads took: 0.0000473 seconds
2019-10-31T19:12:34.597+0530: 134.959: Total time for which application threads were stopped: 0.0003413 seconds, Stopping threads took: 0.0000682 seconds
2019-10-31T19:12:34.597+0530: 134.960: Total time for which application threads were stopped: 0.0003240 seconds, Stopping threads took: 0.0000302 seconds
2019-10-31T19:12:34.597+0530: 134.960: Total time for which application threads were stopped: 0.0003243 seconds, Stopping threads took: 0.0000505 seconds
2019-10-31T19:12:34.598+0530: 134.960: Total time for which application threads were stopped: 0.0003249 seconds, Stopping threads took: 0.0000541 seconds
2019-10-31T19:12:34.598+0530: 134.961: Total time for which application threads were stopped: 0.0002908 seconds, Stopping threads took: 0.0000278 seconds
2019-10-31T19:12:34.601+0530: 134.964: Total time for which application threads were stopped: 0.0035165 seconds, Stopping threads took: 0.0000714 seconds
2019-10-31T19:12:35.602+0530: 135.965: Total time for which application threads were stopped: 0.0007856 seconds, Stopping threads took: 0.0001298 seconds
2019-10-31T19:12:36.603+0530: 136.966: Total time for which application threads were stopped: 0.0007920 seconds, Stopping threads took: 0.0001223 seconds
2019-10-31T19:12:37.604+0530: 137.967: Total time for which application threads were stopped: 0.0008082 seconds, Stopping threads took: 0.0001264 seconds
2019-10-31T19:12:38.605+0530: 138.968: Total time for which application threads were stopped: 0.0008184 seconds, Stopping threads took: 0.0001328 seconds
2019-10-31T19:12:47.606+0530: 147.969: Total time for which application threads were stopped: 0.0007817 seconds, Stopping threads took: 0.0001267 seconds
2019-10-31T19:12:48.607+0530: 148.970: Total time for which application threads were stopped: 0.0008044 seconds, Stopping threads took: 0.0001428 seconds
2019-10-31T19:12:49.608+0530: 149.971: Total time for which application threads were stopped: 0.0007551 seconds, Stopping threads took: 0.0001281 seconds
2019-10-31T19:12:52.609+0530: 152.972: Total time for which application threads were stopped: 0.0007863 seconds, Stopping threads took: 0.0001277 seconds
2019-10-31T19:12:53.610+0530: 153.973: Total time for which application threads were stopped: 0.0008435 seconds, Stopping threads took: 0.0001520 seconds
2019-10-31T19:13:01.612+0530: 161.974: Total time for which application threads were stopped: 0.0007727 seconds, Stopping threads took: 0.0001297 seconds
2019-10-31T19:13:02.612+0530: 162.975: Total time for which application threads were stopped: 0.0007659 seconds, Stopping threads took: 0.0001200 seconds
2019-10-31T19:13:03.613+0530: 163.976: Total time for which application threads were stopped: 0.0008243 seconds, Stopping threads took: 0.0001307 seconds
2019-10-31T19:13:05.614+0530: 165.977: Total time for which application threads were stopped: 0.0007623 seconds, Stopping threads took: 0.0001234 seconds
2019-10-31T19:13:06.615+0530: 166.978: Total time for which application threads were stopped: 0.0007815 seconds, Stopping threads took: 0.0001324 seconds
2019-10-31T19:13:07.616+0530: 167.979: Total time for which application threads were stopped: 0.0007756 seconds, Stopping threads took: 0.0001285 seconds
2019-10-31T19:13:13.617+0530: 173.980: Total time for which application threads were stopped: 0.0008121 seconds, Stopping threads took: 0.0001327 seconds
2019-10-31T19:13:16.618+0530: 176.981: Total time for which application threads were stopped: 0.0008265 seconds, Stopping threads took: 0.0001373 seconds
2019-10-31T19:13:20.619+0530: 180.982: Total time for which application threads were stopped: 0.0008223 seconds, Stopping threads took: 0.0001400 seconds
2019-10-31T19:13:22.620+0530: 182.983: Total time for which application threads were stopped: 0.0008035 seconds, Stopping threads took: 0.0001347 seconds
2019-10-31T19:13:24.621+0530: 184.984: Total time for which application threads were stopped: 0.0008250 seconds, Stopping threads took: 0.0001331 seconds
2019-10-31T19:13:25.622+0530: 185.985: Total time for which application threads were stopped: 0.0008229 seconds, Stopping threads took: 0.0001350 seconds
2019-10-31T19:13:27.623+0530: 187.986: Total time for which application threads were stopped: 0.0007631 seconds, Stopping threads took: 0.0001374 seconds
2019-10-31T19:13:28.624+0530: 188.987: Total time for which application threads were stopped: 0.0007897 seconds, Stopping threads took: 0.0001537 seconds
2019-10-31T19:13:29.625+0530: 189.988: Total time for which application threads were stopped: 0.0007241 seconds, Stopping threads took: 0.0001268 seconds
2019-10-31T19:13:30.626+0530: 190.988: Total time for which application threads were stopped: 0.0007682 seconds, Stopping threads took: 0.0001450 seconds
2019-10-31T19:13:31.626+0530: 191.989: Total time for which application threads were stopped: 0.0007865 seconds, Stopping threads took: 0.0001276 seconds
2019-10-31T19:13:32.627+0530: 192.990: Total time for which application threads were stopped: 0.0008723 seconds, Stopping threads took: 0.0001386 seconds
2019-10-31T19:13:33.628+0530: 193.991: Total time for which application threads were stopped: 0.0007681 seconds, Stopping threads took: 0.0001412 seconds
2019-10-31T19:13:34.661+0530: 195.024: [GC pause (G1 Evacuation Pause) (young), 0.0174967 secs]
   [Parallel Time: 11.4 ms, GC Workers: 8]
      [GC Worker Start (ms): Min: 195024.0, Avg: 195024.0, Max: 195024.1, Diff: 0.1]
      [Ext Root Scanning (ms): Min: 0.6, Avg: 0.7, Max: 0.9, Diff: 0.3, Sum: 5.5]
      [Update RS (ms): Min: 0.0, Avg: 0.1, Max: 0.4, Diff: 0.4, Sum: 1.0]
         [Processed Buffers: Min: 0, Avg: 2.4, Max: 5, Diff: 5, Sum: 19]
      [Scan RS (ms): Min: 0.0, Avg: 0.0, Max: 0.0, Diff: 0.0, Sum: 0.1]
      [Code Root Scanning (ms): Min: 0.0, Avg: 0.3, Max: 0.7, Diff: 0.7, Sum: 2.6]
      [Object Copy (ms): Min: 9.7, Avg: 10.0, Max: 10.4, Diff: 0.7, Sum: 80.1]
      [Termination (ms): Min: 0.0, Avg: 0.0, Max: 0.0, Diff: 0.0, Sum: 0.0]
         [Termination Attempts: Min: 1, Avg: 1.0, Max: 1, Diff: 0, Sum: 8]
      [GC Worker Other (ms): Min: 0.0, Avg: 0.0, Max: 0.0, Diff: 0.0, Sum: 0.2]
      [GC Worker Total (ms): Min: 11.2, Avg: 11.2, Max: 11.2, Diff: 0.1, Sum: 89.6]
      [GC Worker End (ms): Min: 195035.2, Avg: 195035.2, Max: 195035.2, Diff: 0.0]
   [Code Root Fixup: 0.6 ms]
   [Code Root Purge: 0.0 ms]
   [Clear CT: 0.2 ms]
   [Other: 5.4 ms]
      [Choose CSet: 0.0 ms]
      [Ref Proc: 4.5 ms]
      [Ref Enq: 0.0 ms]
      [Redirty Cards: 0.1 ms]
      [Humongous Register: 0.1 ms]
      [Humongous Reclaim: 0.0 ms]
      [Free CSet: 0.1 ms]
   [Eden: 228.0M(228.0M)->0.0B(236.0M) Survivors: 28.0M->20.0M Heap: 263.6M(4096.0M)->34.0M(4096.0M)]
 [Times: user=0.08 sys=0.02, real=0.02 secs] 
2019-10-31T19:13:34.679+0530: 195.041: Total time for which application threads were stopped: 0.0185569 seconds, Stopping threads took: 0.0001311 seconds
2019-10-31T19:13:34.680+0530: 195.042: Total time for which application threads were stopped: 0.0007464 seconds, Stopping threads took: 0.0001347 seconds
2019-10-31T19:13:34.682+0530: 195.045: Total time for which application threads were stopped: 0.0006416 seconds, Stopping threads took: 0.0000681 seconds
2019-10-31T19:13:34.683+0530: 195.046: Total time for which application threads were stopped: 0.0003917 seconds, Stopping threads took: 0.0000307 seconds
2019-10-31T19:13:34.683+0530: 195.046: Total time for which application threads were stopped: 0.0002877 seconds, Stopping threads took: 0.0000203 seconds
2019-10-31T19:13:34.684+0530: 195.046: Total time for which application threads were stopped: 0.0002828 seconds, Stopping threads took: 0.0000244 seconds
2019-10-31T19:13:34.684+0530: 195.047: Total time for which application threads were stopped: 0.0002927 seconds, Stopping threads took: 0.0000310 seconds
2019-10-31T19:13:34.684+0530: 195.047: Total time for which application threads were stopped: 0.0002823 seconds, Stopping threads took: 0.0000258 seconds
2019-10-31T19:13:34.685+0530: 195.047: Total time for which application threads were stopped: 0.0002830 seconds, Stopping threads took: 0.0000242 seconds
2019-10-31T19:13:34.685+0530: 195.048: Total time for which application threads were stopped: 0.0003078 seconds, Stopping threads took: 0.0000281 seconds
2019-10-31T19:13:34.685+0530: 195.048: Total time for which application threads were stopped: 0.0002895 seconds, Stopping threads took: 0.0000243 seconds
2019-10-31T19:13:34.686+0530: 195.048: Total time for which application threads were stopped: 0.0002770 seconds, Stopping threads took: 0.0000224 seconds
2019-10-31T19:13:34.686+0530: 195.049: Total time for which application threads were stopped: 0.0002815 seconds, Stopping threads took: 0.0000231 seconds
2019-10-31T19:13:34.686+0530: 195.049: Total time for which application threads were stopped: 0.0002846 seconds, Stopping threads took: 0.0000292 seconds
2019-10-31T19:13:34.687+0530: 195.049: Total time for which application threads were stopped: 0.0002856 seconds, Stopping threads took: 0.0000237 seconds
2019-10-31T19:13:34.687+0530: 195.050: Total time for which application threads were stopped: 0.0002686 seconds, Stopping threads took: 0.0000167 seconds
2019-10-31T19:13:34.687+0530: 195.050: Total time for which application threads were stopped: 0.0002820 seconds, Stopping threads took: 0.0000277 seconds
2019-10-31T19:13:34.687+0530: 195.050: Total time for which application threads were stopped: 0.0003017 seconds, Stopping threads took: 0.0000482 seconds
2019-10-31T19:13:34.688+0530: 195.051: Total time for which application threads were stopped: 0.0002960 seconds, Stopping threads took: 0.0000384 seconds
2019-10-31T19:13:34.688+0530: 195.051: Total time for which application threads were stopped: 0.0002798 seconds, Stopping threads took: 0.0000229 seconds
2019-10-31T19:13:34.690+0530: 195.053: Total time for which application threads were stopped: 0.0017243 seconds, Stopping threads took: 0.0000201 seconds
2019-10-31T19:13:35.691+0530: 196.054: Total time for which application threads were stopped: 0.0007644 seconds, Stopping threads took: 0.0001412 seconds
2019-10-31T19:13:36.692+0530: 197.054: Total time for which application threads were stopped: 0.0007594 seconds, Stopping threads took: 0.0001362 seconds
2019-10-31T19:13:37.692+0530: 198.055: Total time for which application threads were stopped: 0.0007413 seconds, Stopping threads took: 0.0001282 seconds
2019-10-31T19:13:39.693+0530: 200.056: Total time for which application threads were stopped: 0.0007785 seconds, Stopping threads took: 0.0001303 seconds
2019-10-31T19:13:40.694+0530: 201.057: Total time for which application threads were stopped: 0.0007454 seconds, Stopping threads took: 0.0001226 seconds
2019-10-31T19:13:42.695+0530: 203.058: Total time for which application threads were stopped: 0.0007442 seconds, Stopping threads took: 0.0001340 seconds
2019-10-31T19:13:47.696+0530: 208.059: Total time for which application threads were stopped: 0.0007687 seconds, Stopping threads took: 0.0001348 seconds
2019-10-31T19:13:48.697+0530: 209.060: Total time for which application threads were stopped: 0.0007990 seconds, Stopping threads took: 0.0001481 seconds
2019-10-31T19:13:49.698+0530: 210.061: Total time for which application threads were stopped: 0.0007335 seconds, Stopping threads took: 0.0001326 seconds
2019-10-31T19:13:50.699+0530: 211.062: Total time for which application threads were stopped: 0.0007746 seconds, Stopping threads took: 0.0001384 seconds
2019-10-31T19:13:55.700+0530: 216.063: Total time for which application threads were stopped: 0.0008250 seconds, Stopping threads took: 0.0001324 seconds
2019-10-31T19:13:58.701+0530: 219.064: Total time for which application threads were stopped: 0.0008198 seconds, Stopping threads took: 0.0001277 seconds
2019-10-31T19:13:59.702+0530: 220.065: Total time for which application threads were stopped: 0.0007641 seconds, Stopping threads took: 0.0001238 seconds
2019-10-31T19:14:00.703+0530: 221.066: Total time for which application threads were stopped: 0.0007455 seconds, Stopping threads took: 0.0001240 seconds
2019-10-31T19:14:04.704+0530: 225.067: Total time for which application threads were stopped: 0.0008097 seconds, Stopping threads took: 0.0001373 seconds
2019-10-31T19:14:05.705+0530: 226.068: Total time for which application threads were stopped: 0.0009574 seconds, Stopping threads took: 0.0001444 seconds
2019-10-31T19:14:08.706+0530: 229.069: Total time for which application threads were stopped: 0.0007551 seconds, Stopping threads took: 0.0001259 seconds
2019-10-31T19:14:10.707+0530: 231.070: Total time for which application threads were stopped: 0.0007248 seconds, Stopping threads took: 0.0001228 seconds
2019-10-31T19:14:11.708+0530: 232.070: Total time for which application threads were stopped: 0.0007381 seconds, Stopping threads took: 0.0001341 seconds
2019-10-31T19:14:12.708+0530: 233.071: Total time for which application threads were stopped: 0.0007881 seconds, Stopping threads took: 0.0001349 seconds
2019-10-31T19:14:13.709+0530: 234.072: Total time for which application threads were stopped: 0.0007750 seconds, Stopping threads took: 0.0001238 seconds
2019-10-31T19:14:15.710+0530: 236.073: Total time for which application threads were stopped: 0.0007886 seconds, Stopping threads took: 0.0001269 seconds
2019-10-31T19:14:16.711+0530: 237.074: Total time for which application threads were stopped: 0.0007676 seconds, Stopping threads took: 0.0001383 seconds
2019-10-31T19:14:17.712+0530: 238.075: Total time for which application threads were stopped: 0.0007539 seconds, Stopping threads took: 0.0001375 seconds
2019-10-31T19:14:21.713+0530: 242.076: Total time for which application threads were stopped: 0.0008106 seconds, Stopping threads took: 0.0001336 seconds
2019-10-31T19:14:23.496+0530: 243.858: [GC pause (G1 Evacuation Pause) (young), 0.0161689 secs]
   [Parallel Time: 9.8 ms, GC Workers: 8]
      [GC Worker Start (ms): Min: 243858.8, Avg: 243858.9, Max: 243858.9, Diff: 0.1]
      [Ext Root Scanning (ms): Min: 0.6, Avg: 0.6, Max: 0.8, Diff: 0.2, Sum: 5.0]
      [Update RS (ms): Min: 2.3, Avg: 2.3, Max: 2.3, Diff: 0.1, Sum: 18.3]
         [Processed Buffers: Min: 26, Avg: 31.5, Max: 37, Diff: 11, Sum: 252]
      [Scan RS (ms): Min: 0.5, Avg: 0.9, Max: 1.1, Diff: 0.6, Sum: 7.5]
      [Code Root Scanning (ms): Min: 0.0, Avg: 0.3, Max: 0.9, Diff: 0.9, Sum: 2.2]
      [Object Copy (ms): Min: 5.2, Avg: 5.5, Max: 5.7, Diff: 0.4, Sum: 43.8]
      [Termination (ms): Min: 0.0, Avg: 0.0, Max: 0.0, Diff: 0.0, Sum: 0.0]
         [Termination Attempts: Min: 1, Avg: 1.0, Max: 1, Diff: 0, Sum: 8]
      [GC Worker Other (ms): Min: 0.0, Avg: 0.0, Max: 0.0, Diff: 0.0, Sum: 0.1]
      [GC Worker Total (ms): Min: 9.6, Avg: 9.6, Max: 9.7, Diff: 0.1, Sum: 77.0]
      [GC Worker End (ms): Min: 243868.5, Avg: 243868.5, Max: 243868.5, Diff: 0.0]
   [Code Root Fixup: 0.5 ms]
   [Code Root Purge: 0.0 ms]
   [Clear CT: 0.2 ms]
   [Other: 5.7 ms]
      [Choose CSet: 0.0 ms]
      [Ref Proc: 4.7 ms]
      [Ref Enq: 0.0 ms]
      [Redirty Cards: 0.1 ms]
      [Humongous Register: 0.1 ms]
      [Humongous Reclaim: 0.0 ms]
      [Free CSet: 0.1 ms]
   [Eden: 236.0M(236.0M)->0.0B(238.0M) Survivors: 20.0M->18.0M Heap: 270.0M(4096.0M)->33.0M(4096.0M)]
 [Times: user=0.08 sys=0.00, real=0.01 secs] 
2019-10-31T19:14:23.512+0530: 243.875: Total time for which application threads were stopped: 0.0172925 seconds, Stopping threads took: 0.0001360 seconds
2019-10-31T19:14:23.513+0530: 243.876: Total time for which application threads were stopped: 0.0007638 seconds, Stopping threads took: 0.0000932 seconds
2019-10-31T19:14:23.514+0530: 243.877: Total time for which application threads were stopped: 0.0006253 seconds, Stopping threads took: 0.0001090 seconds
2019-10-31T19:14:23.514+0530: 243.877: Total time for which application threads were stopped: 0.0004472 seconds, Stopping threads took: 0.0000623 seconds
2019-10-31T19:14:23.515+0530: 243.877: Total time for which application threads were stopped: 0.0003437 seconds, Stopping threads took: 0.0000362 seconds
2019-10-31T19:14:23.515+0530: 243.878: Total time for which application threads were stopped: 0.0003242 seconds, Stopping threads took: 0.0000259 seconds
2019-10-31T19:14:23.515+0530: 243.878: Total time for which application threads were stopped: 0.0003002 seconds, Stopping threads took: 0.0000229 seconds
2019-10-31T19:14:23.516+0530: 243.879: Total time for which application threads were stopped: 0.0003026 seconds, Stopping threads took: 0.0000220 seconds
2019-10-31T19:14:23.516+0530: 243.879: Total time for which application threads were stopped: 0.0002946 seconds, Stopping threads took: 0.0000204 seconds
2019-10-31T19:14:23.516+0530: 243.879: Total time for which application threads were stopped: 0.0002945 seconds, Stopping threads took: 0.0000228 seconds
2019-10-31T19:14:23.517+0530: 243.880: Total time for which application threads were stopped: 0.0003223 seconds, Stopping threads took: 0.0000253 seconds
2019-10-31T19:14:23.517+0530: 243.880: Total time for which application threads were stopped: 0.0002914 seconds, Stopping threads took: 0.0000207 seconds
2019-10-31T19:14:23.517+0530: 243.880: Total time for which application threads were stopped: 0.0002946 seconds, Stopping threads took: 0.0000200 seconds
2019-10-31T19:14:23.518+0530: 243.881: Total time for which application threads were stopped: 0.0002976 seconds, Stopping threads took: 0.0000255 seconds
2019-10-31T19:14:23.518+0530: 243.881: Total time for which application threads were stopped: 0.0002931 seconds, Stopping threads took: 0.0000213 seconds
2019-10-31T19:14:23.518+0530: 243.881: Total time for which application threads were stopped: 0.0002901 seconds, Stopping threads took: 0.0000208 seconds
2019-10-31T19:14:23.519+0530: 243.882: Total time for which application threads were stopped: 0.0002936 seconds, Stopping threads took: 0.0000215 seconds
2019-10-31T19:14:23.519+0530: 243.882: Total time for which application threads were stopped: 0.0002923 seconds, Stopping threads took: 0.0000235 seconds
2019-10-31T19:14:23.520+0530: 243.882: Total time for which application threads were stopped: 0.0002942 seconds, Stopping threads took: 0.0000220 seconds
2019-10-31T19:14:23.520+0530: 243.883: Total time for which application threads were stopped: 0.0003720 seconds, Stopping threads took: 0.0000543 seconds
2019-10-31T19:14:23.522+0530: 243.885: Total time for which application threads were stopped: 0.0023490 seconds, Stopping threads took: 0.0000222 seconds
2019-10-31T19:14:24.523+0530: 244.886: Total time for which application threads were stopped: 0.0008045 seconds, Stopping threads took: 0.0001570 seconds
2019-10-31T19:14:26.524+0530: 246.887: Total time for which application threads were stopped: 0.0007651 seconds, Stopping threads took: 0.0001551 seconds
2019-10-31T19:14:30.525+0530: 250.888: Total time for which application threads were stopped: 0.0008585 seconds, Stopping threads took: 0.0001492 seconds
2019-10-31T19:14:32.526+0530: 252.889: Total time for which application threads were stopped: 0.0007819 seconds, Stopping threads took: 0.0001587 seconds
2019-10-31T19:14:33.527+0530: 253.890: Total time for which application threads were stopped: 0.0007957 seconds, Stopping threads took: 0.0001576 seconds
2019-10-31T19:14:34.528+0530: 254.891: Total time for which application threads were stopped: 0.0008077 seconds, Stopping threads took: 0.0001551 seconds
2019-10-31T19:14:36.529+0530: 256.892: Total time for which application threads were stopped: 0.0008305 seconds, Stopping threads took: 0.0001597 seconds
2019-10-31T19:14:38.530+0530: 258.893: Total time for which application threads were stopped: 0.0008018 seconds, Stopping threads took: 0.0001533 seconds
2019-10-31T19:14:42.531+0530: 262.894: Total time for which application threads were stopped: 0.0009196 seconds, Stopping threads took: 0.0001555 seconds
2019-10-31T19:14:43.532+0530: 263.895: Total time for which application threads were stopped: 0.0007739 seconds, Stopping threads took: 0.0001538 seconds
2019-10-31T19:14:45.533+0530: 265.896: Total time for which application threads were stopped: 0.0007920 seconds, Stopping threads took: 0.0001469 seconds
2019-10-31T19:15:03.535+0530: 283.898: Total time for which application threads were stopped: 0.0008169 seconds, Stopping threads took: 0.0001500 seconds
2019-10-31T19:15:05.533+0530: 285.896: [GC pause (G1 Evacuation Pause) (young), 0.0169694 secs]
   [Parallel Time: 10.2 ms, GC Workers: 8]
      [GC Worker Start (ms): Min: 285896.0, Avg: 285896.0, Max: 285896.1, Diff: 0.1]
      [Ext Root Scanning (ms): Min: 0.6, Avg: 0.6, Max: 0.8, Diff: 0.2, Sum: 5.1]
      [Update RS (ms): Min: 2.1, Avg: 2.1, Max: 2.2, Diff: 0.1, Sum: 17.1]
         [Processed Buffers: Min: 30, Avg: 32.9, Max: 37, Diff: 7, Sum: 263]
      [Scan RS (ms): Min: 0.5, Avg: 1.1, Max: 1.3, Diff: 0.8, Sum: 8.8]
      [Code Root Scanning (ms): Min: 0.0, Avg: 0.2, Max: 0.8, Diff: 0.8, Sum: 1.6]
      [Object Copy (ms): Min: 5.9, Avg: 6.0, Max: 6.1, Diff: 0.2, Sum: 47.8]
      [Termination (ms): Min: 0.0, Avg: 0.0, Max: 0.0, Diff: 0.0, Sum: 0.0]
         [Termination Attempts: Min: 1, Avg: 1.0, Max: 1, Diff: 0, Sum: 8]
      [GC Worker Other (ms): Min: 0.0, Avg: 0.0, Max: 0.1, Diff: 0.1, Sum: 0.4]
      [GC Worker Total (ms): Min: 10.0, Avg: 10.1, Max: 10.2, Diff: 0.2, Sum: 80.8]
      [GC Worker End (ms): Min: 285906.1, Avg: 285906.1, Max: 285906.1, Diff: 0.1]
   [Code Root Fixup: 0.4 ms]
   [Code Root Purge: 0.0 ms]
   [Clear CT: 0.2 ms]
   [Other: 6.2 ms]
      [Choose CSet: 0.0 ms]
      [Ref Proc: 5.2 ms]
      [Ref Enq: 0.0 ms]
      [Redirty Cards: 0.1 ms]
      [Humongous Register: 0.1 ms]
      [Humongous Reclaim: 0.0 ms]
      [Free CSet: 0.1 ms]
   [Eden: 238.0M(238.0M)->0.0B(232.0M) Survivors: 18.0M->24.0M Heap: 271.0M(4096.0M)->39.0M(4096.0M)]
 [Times: user=0.09 sys=0.00, real=0.02 secs] 
2019-10-31T19:15:05.550+0530: 285.913: Total time for which application threads were stopped: 0.0180953 seconds, Stopping threads took: 0.0001520 seconds
2019-10-31T19:15:05.551+0530: 285.914: Total time for which application threads were stopped: 0.0008693 seconds, Stopping threads took: 0.0001370 seconds
2019-10-31T19:15:05.552+0530: 285.915: Total time for which application threads were stopped: 0.0006825 seconds, Stopping threads took: 0.0000760 seconds
2019-10-31T19:15:05.554+0530: 285.916: Total time for which application threads were stopped: 0.0006021 seconds, Stopping threads took: 0.0000569 seconds
2019-10-31T19:15:05.554+0530: 285.917: Total time for which application threads were stopped: 0.0004111 seconds, Stopping threads took: 0.0000235 seconds
2019-10-31T19:15:05.554+0530: 285.917: Total time for which application threads were stopped: 0.0003449 seconds, Stopping threads took: 0.0000196 seconds
2019-10-31T19:15:05.555+0530: 285.918: Total time for which application threads were stopped: 0.0003286 seconds, Stopping threads took: 0.0000188 seconds
2019-10-31T19:15:05.555+0530: 285.918: Total time for which application threads were stopped: 0.0003297 seconds, Stopping threads took: 0.0000193 seconds
2019-10-31T19:15:05.555+0530: 285.918: Total time for which application threads were stopped: 0.0003328 seconds, Stopping threads took: 0.0000187 seconds
2019-10-31T19:15:05.556+0530: 285.919: Total time for which application threads were stopped: 0.0003304 seconds, Stopping threads took: 0.0000186 seconds
2019-10-31T19:15:05.556+0530: 285.919: Total time for which application threads were stopped: 0.0003252 seconds, Stopping threads took: 0.0000183 seconds
2019-10-31T19:15:05.557+0530: 285.919: Total time for which application threads were stopped: 0.0003299 seconds, Stopping threads took: 0.0000182 seconds
2019-10-31T19:15:05.557+0530: 285.920: Total time for which application threads were stopped: 0.0003535 seconds, Stopping threads took: 0.0000184 seconds
2019-10-31T19:15:05.557+0530: 285.920: Total time for which application threads were stopped: 0.0003326 seconds, Stopping threads took: 0.0000192 seconds
2019-10-31T19:15:05.558+0530: 285.920: Total time for which application threads were stopped: 0.0003259 seconds, Stopping threads took: 0.0000187 seconds
2019-10-31T19:15:05.558+0530: 285.921: Total time for which application threads were stopped: 0.0003263 seconds, Stopping threads took: 0.0000180 seconds
2019-10-31T19:15:05.558+0530: 285.921: Total time for which application threads were stopped: 0.0003316 seconds, Stopping threads took: 0.0000214 seconds
2019-10-31T19:15:05.559+0530: 285.922: Total time for which application threads were stopped: 0.0003854 seconds, Stopping threads took: 0.0000646 seconds
2019-10-31T19:15:05.559+0530: 285.922: Total time for which application threads were stopped: 0.0003733 seconds, Stopping threads took: 0.0000524 seconds
2019-10-31T19:15:05.560+0530: 285.922: Total time for which application threads were stopped: 0.0003711 seconds, Stopping threads took: 0.0000498 seconds
2019-10-31T19:15:05.562+0530: 285.925: Total time for which application threads were stopped: 0.0027426 seconds, Stopping threads took: 0.0000378 seconds
2019-10-31T19:15:14.564+0530: 294.927: Total time for which application threads were stopped: 0.0008510 seconds, Stopping threads took: 0.0001349 seconds
2019-10-31T19:15:30.566+0530: 310.929: Total time for which application threads were stopped: 0.0008973 seconds, Stopping threads took: 0.0001273 seconds
2019-10-31T19:15:44.751+0530: 325.114: [GC pause (G1 Evacuation Pause) (young), 0.0175494 secs]
   [Parallel Time: 11.4 ms, GC Workers: 8]
      [GC Worker Start (ms): Min: 325114.6, Avg: 325114.6, Max: 325114.7, Diff: 0.1]
      [Ext Root Scanning (ms): Min: 0.5, Avg: 0.6, Max: 0.8, Diff: 0.2, Sum: 5.0]
      [Update RS (ms): Min: 2.3, Avg: 2.3, Max: 2.4, Diff: 0.1, Sum: 18.5]
         [Processed Buffers: Min: 32, Avg: 34.5, Max: 37, Diff: 5, Sum: 276]
      [Scan RS (ms): Min: 0.5, Avg: 0.9, Max: 1.1, Diff: 0.7, Sum: 7.6]
      [Code Root Scanning (ms): Min: 0.0, Avg: 0.2, Max: 0.6, Diff: 0.6, Sum: 1.3]
      [Object Copy (ms): Min: 7.1, Avg: 7.2, Max: 7.3, Diff: 0.2, Sum: 57.6]
      [Termination (ms): Min: 0.0, Avg: 0.0, Max: 0.0, Diff: 0.0, Sum: 0.0]
         [Termination Attempts: Min: 1, Avg: 1.0, Max: 1, Diff: 0, Sum: 8]
      [GC Worker Other (ms): Min: 0.0, Avg: 0.0, Max: 0.1, Diff: 0.0, Sum: 0.3]
      [GC Worker Total (ms): Min: 11.2, Avg: 11.3, Max: 11.3, Diff: 0.1, Sum: 90.3]
      [GC Worker End (ms): Min: 325125.9, Avg: 325125.9, Max: 325125.9, Diff: 0.0]
   [Code Root Fixup: 0.3 ms]
   [Code Root Purge: 0.0 ms]
   [Clear CT: 0.2 ms]
   [Other: 5.6 ms]
      [Choose CSet: 0.0 ms]
      [Ref Proc: 4.6 ms]
      [Ref Enq: 0.0 ms]
      [Redirty Cards: 0.1 ms]
      [Humongous Register: 0.1 ms]
      [Humongous Reclaim: 0.0 ms]
      [Free CSet: 0.1 ms]
   [Eden: 232.0M(232.0M)->0.0B(242.0M) Survivors: 24.0M->14.0M Heap: 271.0M(4096.0M)->38.8M(4096.0M)]
 [Times: user=0.10 sys=0.01, real=0.02 secs] 
2019-10-31T19:15:44.769+0530: 325.132: Total time for which application threads were stopped: 0.0186961 seconds, Stopping threads took: 0.0001287 seconds
2019-10-31T19:15:44.771+0530: 325.133: Total time for which application threads were stopped: 0.0008460 seconds, Stopping threads took: 0.0001172 seconds
2019-10-31T19:15:44.771+0530: 325.134: Total time for which application threads were stopped: 0.0007714 seconds, Stopping threads took: 0.0001353 seconds
2019-10-31T19:15:44.772+0530: 325.135: Total time for which application threads were stopped: 0.0007008 seconds, Stopping threads took: 0.0001260 seconds
2019-10-31T19:15:44.773+0530: 325.136: Total time for which application threads were stopped: 0.0005276 seconds, Stopping threads took: 0.0000717 seconds
2019-10-31T19:15:44.777+0530: 325.139: Total time for which application threads were stopped: 0.0005017 seconds, Stopping threads took: 0.0000642 seconds
2019-10-31T19:15:44.777+0530: 325.140: Total time for which application threads were stopped: 0.0005178 seconds, Stopping threads took: 0.0001111 seconds
2019-10-31T19:15:44.778+0530: 325.141: Total time for which application threads were stopped: 0.0004768 seconds, Stopping threads took: 0.0001011 seconds
2019-10-31T19:15:44.781+0530: 325.144: Total time for which application threads were stopped: 0.0005019 seconds, Stopping threads took: 0.0000921 seconds
2019-10-31T19:15:44.781+0530: 325.144: Total time for which application threads were stopped: 0.0004264 seconds, Stopping threads took: 0.0000821 seconds
2019-10-31T19:15:44.782+0530: 325.145: Total time for which application threads were stopped: 0.0003903 seconds, Stopping threads took: 0.0000560 seconds
2019-10-31T19:15:44.782+0530: 325.145: Total time for which application threads were stopped: 0.0003759 seconds, Stopping threads took: 0.0000463 seconds
2019-10-31T19:15:44.783+0530: 325.146: Total time for which application threads were stopped: 0.0003782 seconds, Stopping threads took: 0.0000514 seconds
2019-10-31T19:15:44.783+0530: 325.146: Total time for which application threads were stopped: 0.0003751 seconds, Stopping threads took: 0.0000395 seconds
2019-10-31T19:15:44.783+0530: 325.146: Total time for which application threads were stopped: 0.0003966 seconds, Stopping threads took: 0.0000623 seconds
2019-10-31T19:15:44.784+0530: 325.147: Total time for which application threads were stopped: 0.0003723 seconds, Stopping threads took: 0.0000471 seconds
2019-10-31T19:15:44.784+0530: 325.147: Total time for which application threads were stopped: 0.0003657 seconds, Stopping threads took: 0.0000408 seconds
2019-10-31T19:15:44.785+0530: 325.148: Total time for which application threads were stopped: 0.0003871 seconds, Stopping threads took: 0.0000613 seconds
2019-10-31T19:15:44.785+0530: 325.148: Total time for which application threads were stopped: 0.0004146 seconds, Stopping threads took: 0.0000804 seconds
2019-10-31T19:15:44.786+0530: 325.148: Total time for which application threads were stopped: 0.0003794 seconds, Stopping threads took: 0.0000507 seconds
2019-10-31T19:15:44.788+0530: 325.151: Total time for which application threads were stopped: 0.0021243 seconds, Stopping threads took: 0.0000732 seconds
2019-10-31T19:16:03.790+0530: 344.153: Total time for which application threads were stopped: 0.0007798 seconds, Stopping threads took: 0.0001254 seconds
2019-10-31T19:16:04.791+0530: 345.154: Total time for which application threads were stopped: 0.0007461 seconds, Stopping threads took: 0.0001221 seconds
2019-10-31T19:16:21.062+0530: 361.424: [GC pause (G1 Evacuation Pause) (young), 0.0141072 secs]
   [Parallel Time: 7.9 ms, GC Workers: 8]
      [GC Worker Start (ms): Min: 361424.9, Avg: 361425.0, Max: 361425.0, Diff: 0.1]
      [Ext Root Scanning (ms): Min: 0.5, Avg: 0.6, Max: 0.7, Diff: 0.1, Sum: 4.7]
      [Update RS (ms): Min: 3.6, Avg: 3.6, Max: 3.6, Diff: 0.1, Sum: 28.8]
         [Processed Buffers: Min: 45, Avg: 47.5, Max: 51, Diff: 6, Sum: 380]
      [Scan RS (ms): Min: 1.0, Avg: 1.1, Max: 1.2, Diff: 0.1, Sum: 8.8]
      [Code Root Scanning (ms): Min: 0.0, Avg: 0.0, Max: 0.0, Diff: 0.0, Sum: 0.1]
      [Object Copy (ms): Min: 2.3, Avg: 2.4, Max: 2.4, Diff: 0.1, Sum: 18.8]
      [Termination (ms): Min: 0.0, Avg: 0.0, Max: 0.0, Diff: 0.0, Sum: 0.0]
         [Termination Attempts: Min: 1, Avg: 1.1, Max: 2, Diff: 1, Sum: 9]
      [GC Worker Other (ms): Min: 0.0, Avg: 0.0, Max: 0.1, Diff: 0.1, Sum: 0.3]
      [GC Worker Total (ms): Min: 7.7, Avg: 7.7, Max: 7.8, Diff: 0.1, Sum: 61.6]
      [GC Worker End (ms): Min: 361432.6, Avg: 361432.7, Max: 361432.7, Diff: 0.1]
   [Code Root Fixup: 0.1 ms]
   [Code Root Purge: 0.0 ms]
   [Clear CT: 0.2 ms]
   [Other: 6.0 ms]
      [Choose CSet: 0.0 ms]
      [Ref Proc: 5.0 ms]
      [Ref Enq: 0.0 ms]
      [Redirty Cards: 0.1 ms]
      [Humongous Register: 0.1 ms]
      [Humongous Reclaim: 0.0 ms]
      [Free CSet: 0.1 ms]
   [Eden: 242.0M(242.0M)->0.0B(240.0M) Survivors: 14.0M->16.0M Heap: 280.8M(4096.0M)->41.8M(4096.0M)]
 [Times: user=0.07 sys=0.00, real=0.02 secs] 
2019-10-31T19:16:21.076+0530: 361.439: Total time for which application threads were stopped: 0.0152148 seconds, Stopping threads took: 0.0001371 seconds
2019-10-31T19:16:21.078+0530: 361.441: Total time for which application threads were stopped: 0.0008625 seconds, Stopping threads took: 0.0001705 seconds
2019-10-31T19:16:21.078+0530: 361.441: Total time for which application threads were stopped: 0.0005443 seconds, Stopping threads took: 0.0000761 seconds
2019-10-31T19:16:21.079+0530: 361.442: Total time for which application threads were stopped: 0.0003751 seconds, Stopping threads took: 0.0000560 seconds
2019-10-31T19:16:21.079+0530: 361.442: Total time for which application threads were stopped: 0.0003543 seconds, Stopping threads took: 0.0000304 seconds
2019-10-31T19:16:21.080+0530: 361.443: Total time for which application threads were stopped: 0.0003903 seconds, Stopping threads took: 0.0000675 seconds
2019-10-31T19:16:21.080+0530: 361.443: Total time for which application threads were stopped: 0.0003635 seconds, Stopping threads took: 0.0000541 seconds
2019-10-31T19:16:21.080+0530: 361.443: Total time for which application threads were stopped: 0.0003734 seconds, Stopping threads took: 0.0000570 seconds
2019-10-31T19:16:21.081+0530: 361.444: Total time for which application threads were stopped: 0.0003808 seconds, Stopping threads took: 0.0000349 seconds
2019-10-31T19:16:21.081+0530: 361.444: Total time for which application threads were stopped: 0.0003530 seconds, Stopping threads took: 0.0000306 seconds
2019-10-31T19:16:21.082+0530: 361.445: Total time for which application threads were stopped: 0.0003591 seconds, Stopping threads took: 0.0000458 seconds
2019-10-31T19:16:21.082+0530: 361.445: Total time for which application threads were stopped: 0.0003829 seconds, Stopping threads took: 0.0000640 seconds
2019-10-31T19:16:21.083+0530: 361.445: Total time for which application threads were stopped: 0.0003557 seconds, Stopping threads took: 0.0000435 seconds
2019-10-31T19:16:21.083+0530: 361.446: Total time for which application threads were stopped: 0.0003793 seconds, Stopping threads took: 0.0000469 seconds
2019-10-31T19:16:21.083+0530: 361.446: Total time for which application threads were stopped: 0.0003385 seconds, Stopping threads took: 0.0000290 seconds
2019-10-31T19:16:21.084+0530: 361.447: Total time for which application threads were stopped: 0.0003349 seconds, Stopping threads took: 0.0000249 seconds
2019-10-31T19:16:21.084+0530: 361.447: Total time for which application threads were stopped: 0.0003654 seconds, Stopping threads took: 0.0000481 seconds
2019-10-31T19:16:21.084+0530: 361.447: Total time for which application threads were stopped: 0.0003620 seconds, Stopping threads took: 0.0000458 seconds
2019-10-31T19:16:21.085+0530: 361.448: Total time for which application threads were stopped: 0.0003866 seconds, Stopping threads took: 0.0000451 seconds
2019-10-31T19:16:21.085+0530: 361.448: Total time for which application threads were stopped: 0.0003747 seconds, Stopping threads took: 0.0000328 seconds
2019-10-31T19:16:21.087+0530: 361.450: Total time for which application threads were stopped: 0.0019981 seconds, Stopping threads took: 0.0000276 seconds
2019-10-31T19:16:50.090+0530: 390.453: Total time for which application threads were stopped: 0.0007649 seconds, Stopping threads took: 0.0001181 seconds
2019-10-31T19:16:53.091+0530: 393.454: Total time for which application threads were stopped: 0.0008586 seconds, Stopping threads took: 0.0001356 seconds
2019-10-31T19:16:54.361+0530: 394.724: [GC pause (G1 Evacuation Pause) (young), 0.0137616 secs]
   [Parallel Time: 7.6 ms, GC Workers: 8]
      [GC Worker Start (ms): Min: 394724.1, Avg: 394724.1, Max: 394724.2, Diff: 0.1]
      [Ext Root Scanning (ms): Min: 0.5, Avg: 0.5, Max: 0.6, Diff: 0.1, Sum: 4.3]
      [Update RS (ms): Min: 3.6, Avg: 3.6, Max: 3.7, Diff: 0.1, Sum: 29.1]
         [Processed Buffers: Min: 46, Avg: 52.1, Max: 56, Diff: 10, Sum: 417]
      [Scan RS (ms): Min: 0.5, Avg: 0.5, Max: 0.5, Diff: 0.1, Sum: 4.0]
      [Code Root Scanning (ms): Min: 0.0, Avg: 0.0, Max: 0.1, Diff: 0.1, Sum: 0.1]
      [Object Copy (ms): Min: 2.7, Avg: 2.8, Max: 2.8, Diff: 0.1, Sum: 22.0]
      [Termination (ms): Min: 0.0, Avg: 0.0, Max: 0.0, Diff: 0.0, Sum: 0.0]
         [Termination Attempts: Min: 1, Avg: 5.2, Max: 9, Diff: 8, Sum: 42]
      [GC Worker Other (ms): Min: 0.0, Avg: 0.0, Max: 0.1, Diff: 0.1, Sum: 0.4]
      [GC Worker Total (ms): Min: 7.4, Avg: 7.5, Max: 7.6, Diff: 0.1, Sum: 60.0]
      [GC Worker End (ms): Min: 394731.6, Avg: 394731.6, Max: 394731.6, Diff: 0.1]
   [Code Root Fixup: 0.1 ms]
   [Code Root Purge: 0.0 ms]
   [Clear CT: 0.2 ms]
   [Other: 5.9 ms]
      [Choose CSet: 0.0 ms]
      [Ref Proc: 4.8 ms]
      [Ref Enq: 0.0 ms]
      [Redirty Cards: 0.1 ms]
      [Humongous Register: 0.1 ms]
      [Humongous Reclaim: 0.0 ms]
      [Free CSet: 0.1 ms]
   [Eden: 240.0M(240.0M)->0.0B(240.0M) Survivors: 16.0M->16.0M Heap: 281.8M(4096.0M)->41.8M(4096.0M)]
 [Times: user=0.05 sys=0.01, real=0.02 secs] 
2019-10-31T19:16:54.375+0530: 394.738: Total time for which application threads were stopped: 0.0148521 seconds, Stopping threads took: 0.0001369 seconds
2019-10-31T19:16:54.376+0530: 394.739: Total time for which application threads were stopped: 0.0007317 seconds, Stopping threads took: 0.0000966 seconds
2019-10-31T19:16:54.377+0530: 394.739: Total time for which application threads were stopped: 0.0004342 seconds, Stopping threads took: 0.0000321 seconds
2019-10-31T19:16:54.377+0530: 394.740: Total time for which application threads were stopped: 0.0003884 seconds, Stopping threads took: 0.0000522 seconds
2019-10-31T19:16:54.377+0530: 394.740: Total time for which application threads were stopped: 0.0003101 seconds, Stopping threads took: 0.0000289 seconds
2019-10-31T19:16:54.378+0530: 394.741: Total time for which application threads were stopped: 0.0003130 seconds, Stopping threads took: 0.0000200 seconds
2019-10-31T19:16:54.378+0530: 394.741: Total time for which application threads were stopped: 0.0003354 seconds, Stopping threads took: 0.0000468 seconds
2019-10-31T19:16:54.378+0530: 394.741: Total time for which application threads were stopped: 0.0003310 seconds, Stopping threads took: 0.0000484 seconds
2019-10-31T19:16:54.379+0530: 394.742: Total time for which application threads were stopped: 0.0003193 seconds, Stopping threads took: 0.0000368 seconds
2019-10-31T19:16:54.379+0530: 394.742: Total time for which application threads were stopped: 0.0003314 seconds, Stopping threads took: 0.0000304 seconds
2019-10-31T19:16:54.380+0530: 394.742: Total time for which application threads were stopped: 0.0003158 seconds, Stopping threads took: 0.0000276 seconds
2019-10-31T19:16:54.380+0530: 394.743: Total time for which application threads were stopped: 0.0003037 seconds, Stopping threads took: 0.0000262 seconds
2019-10-31T19:16:54.380+0530: 394.743: Total time for which application threads were stopped: 0.0002952 seconds, Stopping threads took: 0.0000173 seconds
2019-10-31T19:16:54.381+0530: 394.743: Total time for which application threads were stopped: 0.0002935 seconds, Stopping threads took: 0.0000203 seconds
2019-10-31T19:16:54.381+0530: 394.744: Total time for which application threads were stopped: 0.0003211 seconds, Stopping threads took: 0.0000169 seconds
2019-10-31T19:16:54.381+0530: 394.744: Total time for which application threads were stopped: 0.0003118 seconds, Stopping threads took: 0.0000269 seconds
2019-10-31T19:16:54.382+0530: 394.745: Total time for which application threads were stopped: 0.0003150 seconds, Stopping threads took: 0.0000283 seconds
2019-10-31T19:16:54.382+0530: 394.745: Total time for which application threads were stopped: 0.0003248 seconds, Stopping threads took: 0.0000468 seconds
2019-10-31T19:16:54.382+0530: 394.745: Total time for which application threads were stopped: 0.0003077 seconds, Stopping threads took: 0.0000254 seconds
2019-10-31T19:16:54.383+0530: 394.746: Total time for which application threads were stopped: 0.0003167 seconds, Stopping threads took: 0.0000234 seconds
2019-10-31T19:16:54.384+0530: 394.747: Total time for which application threads were stopped: 0.0016323 seconds, Stopping threads took: 0.0000168 seconds
2019-10-31T19:17:10.386+0530: 410.749: Total time for which application threads were stopped: 0.0008482 seconds, Stopping threads took: 0.0001237 seconds
2019-10-31T19:17:25.030+0530: 425.393: [GC pause (G1 Evacuation Pause) (young), 0.0148766 secs]
   [Parallel Time: 8.8 ms, GC Workers: 8]
      [GC Worker Start (ms): Min: 425393.7, Avg: 425393.8, Max: 425393.8, Diff: 0.1]
      [Ext Root Scanning (ms): Min: 0.6, Avg: 0.6, Max: 0.8, Diff: 0.2, Sum: 5.0]
      [Update RS (ms): Min: 3.8, Avg: 3.8, Max: 3.9, Diff: 0.1, Sum: 30.6]
         [Processed Buffers: Min: 51, Avg: 54.8, Max: 59, Diff: 8, Sum: 438]
      [Scan RS (ms): Min: 0.9, Avg: 1.0, Max: 1.0, Diff: 0.1, Sum: 7.8]
      [Code Root Scanning (ms): Min: 0.0, Avg: 0.0, Max: 0.1, Diff: 0.1, Sum: 0.1]
      [Object Copy (ms): Min: 3.0, Avg: 3.2, Max: 3.2, Diff: 0.2, Sum: 25.5]
      [Termination (ms): Min: 0.0, Avg: 0.0, Max: 0.0, Diff: 0.0, Sum: 0.0]
         [Termination Attempts: Min: 1, Avg: 1.1, Max: 2, Diff: 1, Sum: 9]
      [GC Worker Other (ms): Min: 0.0, Avg: 0.0, Max: 0.1, Diff: 0.1, Sum: 0.3]
      [GC Worker Total (ms): Min: 8.6, Avg: 8.7, Max: 8.7, Diff: 0.1, Sum: 69.4]
      [GC Worker End (ms): Min: 425402.4, Avg: 425402.4, Max: 425402.5, Diff: 0.1]
   [Code Root Fixup: 0.1 ms]
   [Code Root Purge: 0.0 ms]
   [Clear CT: 0.2 ms]
   [Other: 5.8 ms]
      [Choose CSet: 0.0 ms]
      [Ref Proc: 4.7 ms]
      [Ref Enq: 0.0 ms]
      [Redirty Cards: 0.1 ms]
      [Humongous Register: 0.1 ms]
      [Humongous Reclaim: 0.0 ms]
      [Free CSet: 0.1 ms]
   [Eden: 240.0M(240.0M)->0.0B(238.0M) Survivors: 16.0M->18.0M Heap: 281.8M(4096.0M)->42.8M(4096.0M)]
 [Times: user=0.07 sys=0.00, real=0.02 secs] 
2019-10-31T19:17:25.045+0530: 425.408: Total time for which application threads were stopped: 0.0161391 seconds, Stopping threads took: 0.0001354 seconds
2019-10-31T19:17:25.047+0530: 425.409: Total time for which application threads were stopped: 0.0009376 seconds, Stopping threads took: 0.0001171 seconds
2019-10-31T19:17:25.047+0530: 425.410: Total time for which application threads were stopped: 0.0007242 seconds, Stopping threads took: 0.0000763 seconds
2019-10-31T19:17:25.048+0530: 425.411: Total time for which application threads were stopped: 0.0005894 seconds, Stopping threads took: 0.0000658 seconds
2019-10-31T19:17:25.049+0530: 425.412: Total time for which application threads were stopped: 0.0005231 seconds, Stopping threads took: 0.0000510 seconds
2019-10-31T19:17:25.050+0530: 425.412: Total time for which application threads were stopped: 0.0004825 seconds, Stopping threads took: 0.0000353 seconds
2019-10-31T19:17:25.050+0530: 425.413: Total time for which application threads were stopped: 0.0004497 seconds, Stopping threads took: 0.0000258 seconds
2019-10-31T19:17:25.051+0530: 425.413: Total time for which application threads were stopped: 0.0004479 seconds, Stopping threads took: 0.0000308 seconds
2019-10-31T19:17:25.051+0530: 425.414: Total time for which application threads were stopped: 0.0004486 seconds, Stopping threads took: 0.0000318 seconds
2019-10-31T19:17:25.051+0530: 425.414: Total time for which application threads were stopped: 0.0004529 seconds, Stopping threads took: 0.0000304 seconds
2019-10-31T19:17:25.052+0530: 425.415: Total time for which application threads were stopped: 0.0004529 seconds, Stopping threads took: 0.0000338 seconds
2019-10-31T19:17:25.052+0530: 425.415: Total time for which application threads were stopped: 0.0004504 seconds, Stopping threads took: 0.0000309 seconds
2019-10-31T19:17:25.053+0530: 425.416: Total time for which application threads were stopped: 0.0005443 seconds, Stopping threads took: 0.0000582 seconds
2019-10-31T19:17:25.054+0530: 425.416: Total time for which application threads were stopped: 0.0004712 seconds, Stopping threads took: 0.0000310 seconds
2019-10-31T19:17:25.054+0530: 425.417: Total time for which application threads were stopped: 0.0004612 seconds, Stopping threads took: 0.0000301 seconds
2019-10-31T19:17:25.055+0530: 425.418: Total time for which application threads were stopped: 0.0004738 seconds, Stopping threads took: 0.0000306 seconds
2019-10-31T19:17:25.055+0530: 425.418: Total time for which application threads were stopped: 0.0004637 seconds, Stopping threads took: 0.0000312 seconds
2019-10-31T19:17:25.056+0530: 425.419: Total time for which application threads were stopped: 0.0004574 seconds, Stopping threads took: 0.0000298 seconds
2019-10-31T19:17:25.056+0530: 425.419: Total time for which application threads were stopped: 0.0004618 seconds, Stopping threads took: 0.0000293 seconds
2019-10-31T19:17:25.057+0530: 425.420: Total time for which application threads were stopped: 0.0004704 seconds, Stopping threads took: 0.0000313 seconds
2019-10-31T19:17:25.061+0530: 425.424: Total time for which application threads were stopped: 0.0042649 seconds, Stopping threads took: 0.0000358 seconds
2019-10-31T19:17:26.062+0530: 426.425: Total time for which application threads were stopped: 0.0008897 seconds, Stopping threads took: 0.0001556 seconds
2019-10-31T19:17:30.063+0530: 430.426: Total time for which application threads were stopped: 0.0008313 seconds, Stopping threads took: 0.0001557 seconds
2019-10-31T19:17:55.140+0530: 455.503: [GC pause (G1 Evacuation Pause) (young), 0.0152978 secs]
   [Parallel Time: 9.0 ms, GC Workers: 8]
      [GC Worker Start (ms): Min: 455503.3, Avg: 455503.3, Max: 455503.4, Diff: 0.1]
      [Ext Root Scanning (ms): Min: 0.5, Avg: 0.5, Max: 0.6, Diff: 0.2, Sum: 4.3]
      [Update RS (ms): Min: 4.0, Avg: 4.0, Max: 4.1, Diff: 0.1, Sum: 32.2]
         [Processed Buffers: Min: 55, Avg: 58.6, Max: 61, Diff: 6, Sum: 469]
      [Scan RS (ms): Min: 1.2, Avg: 1.2, Max: 1.3, Diff: 0.1, Sum: 9.9]
      [Code Root Scanning (ms): Min: 0.0, Avg: 0.0, Max: 0.0, Diff: 0.0, Sum: 0.1]
      [Object Copy (ms): Min: 2.9, Avg: 3.0, Max: 3.0, Diff: 0.1, Sum: 23.8]
      [Termination (ms): Min: 0.0, Avg: 0.0, Max: 0.0, Diff: 0.0, Sum: 0.0]
         [Termination Attempts: Min: 1, Avg: 1.4, Max: 3, Diff: 2, Sum: 11]
      [GC Worker Other (ms): Min: 0.0, Avg: 0.0, Max: 0.1, Diff: 0.0, Sum: 0.2]
      [GC Worker Total (ms): Min: 8.8, Avg: 8.8, Max: 8.9, Diff: 0.1, Sum: 70.5]
      [GC Worker End (ms): Min: 455512.1, Avg: 455512.1, Max: 455512.2, Diff: 0.0]
   [Code Root Fixup: 0.1 ms]
   [Code Root Purge: 0.0 ms]
   [Clear CT: 0.2 ms]
   [Other: 6.1 ms]
      [Choose CSet: 0.0 ms]
      [Ref Proc: 5.0 ms]
      [Ref Enq: 0.0 ms]
      [Redirty Cards: 0.1 ms]
      [Humongous Register: 0.1 ms]
      [Humongous Reclaim: 0.0 ms]
      [Free CSet: 0.1 ms]
   [Eden: 238.0M(238.0M)->0.0B(238.0M) Survivors: 18.0M->18.0M Heap: 280.8M(4096.0M)->42.8M(4096.0M)]
 [Times: user=0.08 sys=0.00, real=0.02 secs] 
2019-10-31T19:17:55.155+0530: 455.518: Total time for which application threads were stopped: 0.0164076 seconds, Stopping threads took: 0.0001559 seconds
2019-10-31T19:17:55.156+0530: 455.519: Total time for which application threads were stopped: 0.0007873 seconds, Stopping threads took: 0.0001464 seconds
2019-10-31T19:17:55.157+0530: 455.520: Total time for which application threads were stopped: 0.0006145 seconds, Stopping threads took: 0.0000820 seconds
2019-10-31T19:17:55.158+0530: 455.520: Total time for which application threads were stopped: 0.0004117 seconds, Stopping threads took: 0.0000359 seconds
2019-10-31T19:17:55.158+0530: 455.521: Total time for which application threads were stopped: 0.0003033 seconds, Stopping threads took: 0.0000239 seconds
2019-10-31T19:17:55.158+0530: 455.521: Total time for which application threads were stopped: 0.0002978 seconds, Stopping threads took: 0.0000257 seconds
2019-10-31T19:17:55.159+0530: 455.521: Total time for which application threads were stopped: 0.0003124 seconds, Stopping threads took: 0.0000317 seconds
2019-10-31T19:17:55.159+0530: 455.522: Total time for which application threads were stopped: 0.0003156 seconds, Stopping threads took: 0.0000405 seconds
2019-10-31T19:17:55.159+0530: 455.522: Total time for which application threads were stopped: 0.0002958 seconds, Stopping threads took: 0.0000228 seconds
2019-10-31T19:17:55.160+0530: 455.523: Total time for which application threads were stopped: 0.0002977 seconds, Stopping threads took: 0.0000248 seconds
2019-10-31T19:17:55.160+0530: 455.523: Total time for which application threads were stopped: 0.0002962 seconds, Stopping threads took: 0.0000254 seconds
2019-10-31T19:17:55.160+0530: 455.523: Total time for which application threads were stopped: 0.0003025 seconds, Stopping threads took: 0.0000313 seconds
2019-10-31T19:17:55.161+0530: 455.524: Total time for which application threads were stopped: 0.0003872 seconds, Stopping threads took: 0.0000483 seconds
2019-10-31T19:17:55.161+0530: 455.524: Total time for which application threads were stopped: 0.0003595 seconds, Stopping threads took: 0.0000628 seconds
2019-10-31T19:17:55.162+0530: 455.524: Total time for which application threads were stopped: 0.0003455 seconds, Stopping threads took: 0.0000570 seconds
2019-10-31T19:17:55.162+0530: 455.525: Total time for which application threads were stopped: 0.0003675 seconds, Stopping threads took: 0.0000670 seconds
2019-10-31T19:17:55.162+0530: 455.525: Total time for which application threads were stopped: 0.0003598 seconds, Stopping threads took: 0.0000561 seconds
2019-10-31T19:17:55.163+0530: 455.526: Total time for which application threads were stopped: 0.0003508 seconds, Stopping threads took: 0.0000514 seconds
2019-10-31T19:17:55.163+0530: 455.526: Total time for which application threads were stopped: 0.0003223 seconds, Stopping threads took: 0.0000262 seconds
2019-10-31T19:17:55.164+0530: 455.527: Total time for which application threads were stopped: 0.0003565 seconds, Stopping threads took: 0.0000555 seconds
2019-10-31T19:17:55.166+0530: 455.529: Total time for which application threads were stopped: 0.0025737 seconds, Stopping threads took: 0.0000561 seconds
2019-10-31T19:17:57.167+0530: 457.530: Total time for which application threads were stopped: 0.0009605 seconds, Stopping threads took: 0.0001512 seconds
2019-10-31T19:18:05.169+0530: 465.532: Total time for which application threads were stopped: 0.0008730 seconds, Stopping threads took: 0.0001430 seconds
2019-10-31T19:18:17.170+0530: 477.533: Total time for which application threads were stopped: 0.0008290 seconds, Stopping threads took: 0.0001440 seconds
2019-10-31T19:18:24.138+0530: 484.501: [GC pause (G1 Evacuation Pause) (young), 0.0156934 secs]
   [Parallel Time: 9.3 ms, GC Workers: 8]
      [GC Worker Start (ms): Min: 484501.2, Avg: 484501.3, Max: 484501.3, Diff: 0.1]
      [Ext Root Scanning (ms): Min: 0.5, Avg: 0.6, Max: 0.7, Diff: 0.2, Sum: 4.5]
      [Update RS (ms): Min: 4.3, Avg: 4.3, Max: 4.3, Diff: 0.1, Sum: 34.3]
         [Processed Buffers: Min: 60, Avg: 62.5, Max: 66, Diff: 6, Sum: 500]
      [Scan RS (ms): Min: 1.0, Avg: 1.1, Max: 1.1, Diff: 0.1, Sum: 8.4]
      [Code Root Scanning (ms): Min: 0.0, Avg: 0.0, Max: 0.0, Diff: 0.0, Sum: 0.1]
      [Object Copy (ms): Min: 3.1, Avg: 3.2, Max: 3.3, Diff: 0.2, Sum: 25.8]
      [Termination (ms): Min: 0.0, Avg: 0.0, Max: 0.0, Diff: 0.0, Sum: 0.0]
         [Termination Attempts: Min: 1, Avg: 2.5, Max: 6, Diff: 5, Sum: 20]
      [GC Worker Other (ms): Min: 0.0, Avg: 0.0, Max: 0.1, Diff: 0.0, Sum: 0.2]
      [GC Worker Total (ms): Min: 9.1, Avg: 9.2, Max: 9.2, Diff: 0.1, Sum: 73.3]
      [GC Worker End (ms): Min: 484510.4, Avg: 484510.4, Max: 484510.4, Diff: 0.0]
   [Code Root Fixup: 0.1 ms]
   [Code Root Purge: 0.0 ms]
   [Clear CT: 0.2 ms]
   [Other: 6.1 ms]
      [Choose CSet: 0.0 ms]
      [Ref Proc: 5.0 ms]
      [Ref Enq: 0.0 ms]
      [Redirty Cards: 0.1 ms]
      [Humongous Register: 0.1 ms]
      [Humongous Reclaim: 0.0 ms]
      [Free CSet: 0.1 ms]
   [Eden: 238.0M(238.0M)->0.0B(238.0M) Survivors: 18.0M->18.0M Heap: 280.8M(4096.0M)->43.8M(4096.0M)]
 [Times: user=0.08 sys=0.00, real=0.02 secs] 
2019-10-31T19:18:24.154+0530: 484.517: Total time for which application threads were stopped: 0.0168400 seconds, Stopping threads took: 0.0001618 seconds
2019-10-31T19:18:24.155+0530: 484.518: Total time for which application threads were stopped: 0.0007899 seconds, Stopping threads took: 0.0001253 seconds
2019-10-31T19:18:24.156+0530: 484.519: Total time for which application threads were stopped: 0.0004755 seconds, Stopping threads took: 0.0000329 seconds
2019-10-31T19:18:24.156+0530: 484.519: Total time for which application threads were stopped: 0.0003484 seconds, Stopping threads took: 0.0000264 seconds
2019-10-31T19:18:24.156+0530: 484.519: Total time for which application threads were stopped: 0.0003518 seconds, Stopping threads took: 0.0000261 seconds
2019-10-31T19:18:24.157+0530: 484.520: Total time for which application threads were stopped: 0.0003736 seconds, Stopping threads took: 0.0000230 seconds
2019-10-31T19:18:24.157+0530: 484.520: Total time for which application threads were stopped: 0.0003489 seconds, Stopping threads took: 0.0000275 seconds
2019-10-31T19:18:24.158+0530: 484.521: Total time for which application threads were stopped: 0.0003509 seconds, Stopping threads took: 0.0000273 seconds
2019-10-31T19:18:24.158+0530: 484.521: Total time for which application threads were stopped: 0.0003511 seconds, Stopping threads took: 0.0000267 seconds
2019-10-31T19:18:24.159+0530: 484.521: Total time for which application threads were stopped: 0.0003466 seconds, Stopping threads took: 0.0000256 seconds
2019-10-31T19:18:24.159+0530: 484.522: Total time for which application threads were stopped: 0.0003397 seconds, Stopping threads took: 0.0000208 seconds
2019-10-31T19:18:24.159+0530: 484.522: Total time for which application threads were stopped: 0.0003457 seconds, Stopping threads took: 0.0000244 seconds
2019-10-31T19:18:24.160+0530: 484.523: Total time for which application threads were stopped: 0.0003494 seconds, Stopping threads took: 0.0000256 seconds
2019-10-31T19:18:24.160+0530: 484.523: Total time for which application threads were stopped: 0.0003514 seconds, Stopping threads took: 0.0000258 seconds
2019-10-31T19:18:24.160+0530: 484.523: Total time for which application threads were stopped: 0.0003481 seconds, Stopping threads took: 0.0000220 seconds
2019-10-31T19:18:24.161+0530: 484.524: Total time for which application threads were stopped: 0.0003721 seconds, Stopping threads took: 0.0000254 seconds
2019-10-31T19:18:24.161+0530: 484.524: Total time for which application threads were stopped: 0.0003492 seconds, Stopping threads took: 0.0000275 seconds
2019-10-31T19:18:24.162+0530: 484.525: Total time for which application threads were stopped: 0.0003480 seconds, Stopping threads took: 0.0000266 seconds
2019-10-31T19:18:24.162+0530: 484.525: Total time for which application threads were stopped: 0.0003389 seconds, Stopping threads took: 0.0000204 seconds
2019-10-31T19:18:24.162+0530: 484.525: Total time for which application threads were stopped: 0.0003664 seconds, Stopping threads took: 0.0000265 seconds
2019-10-31T19:18:24.165+0530: 484.528: Total time for which application threads were stopped: 0.0025095 seconds, Stopping threads took: 0.0000274 seconds
2019-10-31T19:18:31.166+0530: 491.529: Total time for which application threads were stopped: 0.0008844 seconds, Stopping threads took: 0.0001531 seconds
2019-10-31T19:18:32.167+0530: 492.530: Total time for which application threads were stopped: 0.0007697 seconds, Stopping threads took: 0.0001560 seconds
2019-10-31T19:18:50.804+0530: 511.167: [GC pause (G1 Evacuation Pause) (young), 0.0168202 secs]
   [Parallel Time: 10.4 ms, GC Workers: 8]
      [GC Worker Start (ms): Min: 511167.6, Avg: 511167.6, Max: 511167.7, Diff: 0.1]
      [Ext Root Scanning (ms): Min: 0.6, Avg: 0.6, Max: 0.8, Diff: 0.3, Sum: 5.0]
      [Update RS (ms): Min: 4.4, Avg: 4.5, Max: 4.5, Diff: 0.1, Sum: 35.6]
         [Processed Buffers: Min: 58, Avg: 65.1, Max: 70, Diff: 12, Sum: 521]
      [Scan RS (ms): Min: 1.1, Avg: 1.2, Max: 1.2, Diff: 0.1, Sum: 9.5]
      [Code Root Scanning (ms): Min: 0.0, Avg: 0.0, Max: 0.1, Diff: 0.1, Sum: 0.1]
      [Object Copy (ms): Min: 3.8, Avg: 4.0, Max: 4.0, Diff: 0.2, Sum: 31.8]
      [Termination (ms): Min: 0.0, Avg: 0.0, Max: 0.0, Diff: 0.0, Sum: 0.0]
         [Termination Attempts: Min: 1, Avg: 1.8, Max: 3, Diff: 2, Sum: 14]
      [GC Worker Other (ms): Min: 0.0, Avg: 0.0, Max: 0.1, Diff: 0.0, Sum: 0.2]
      [GC Worker Total (ms): Min: 10.2, Avg: 10.3, Max: 10.4, Diff: 0.2, Sum: 82.2]
      [GC Worker End (ms): Min: 511177.9, Avg: 511177.9, Max: 511177.9, Diff: 0.0]
   [Code Root Fixup: 0.1 ms]
   [Code Root Purge: 0.0 ms]
   [Clear CT: 0.2 ms]
   [Other: 6.1 ms]
      [Choose CSet: 0.0 ms]
      [Ref Proc: 5.0 ms]
      [Ref Enq: 0.0 ms]
      [Redirty Cards: 0.1 ms]
      [Humongous Register: 0.1 ms]
      [Humongous Reclaim: 0.0 ms]
      [Free CSet: 0.1 ms]
   [Eden: 238.0M(238.0M)->0.0B(232.0M) Survivors: 18.0M->24.0M Heap: 281.8M(4096.0M)->48.8M(4096.0M)]
 [Times: user=0.09 sys=0.00, real=0.02 secs] 
2019-10-31T19:18:50.821+0530: 511.184: Total time for which application threads were stopped: 0.0181182 seconds, Stopping threads took: 0.0001609 seconds
2019-10-31T19:18:50.823+0530: 511.186: Total time for which application threads were stopped: 0.0009453 seconds, Stopping threads took: 0.0001163 seconds
2019-10-31T19:18:50.824+0530: 511.187: Total time for which application threads were stopped: 0.0006309 seconds, Stopping threads took: 0.0000416 seconds
2019-10-31T19:18:50.824+0530: 511.187: Total time for which application threads were stopped: 0.0004626 seconds, Stopping threads took: 0.0000247 seconds
2019-10-31T19:18:50.825+0530: 511.188: Total time for which application threads were stopped: 0.0004577 seconds, Stopping threads took: 0.0000234 seconds
2019-10-31T19:18:50.825+0530: 511.188: Total time for which application threads were stopped: 0.0004837 seconds, Stopping threads took: 0.0000469 seconds
2019-10-31T19:18:50.826+0530: 511.189: Total time for which application threads were stopped: 0.0004636 seconds, Stopping threads took: 0.0000254 seconds
2019-10-31T19:18:50.826+0530: 511.189: Total time for which application threads were stopped: 0.0005117 seconds, Stopping threads took: 0.0000705 seconds
2019-10-31T19:18:50.827+0530: 511.190: Total time for which application threads were stopped: 0.0005075 seconds, Stopping threads took: 0.0000662 seconds
2019-10-31T19:18:50.827+0530: 511.190: Total time for which application threads were stopped: 0.0005109 seconds, Stopping threads took: 0.0000691 seconds
2019-10-31T19:18:50.828+0530: 511.191: Total time for which application threads were stopped: 0.0005018 seconds, Stopping threads took: 0.0000555 seconds
2019-10-31T19:18:50.828+0530: 511.191: Total time for which application threads were stopped: 0.0005067 seconds, Stopping threads took: 0.0000662 seconds
2019-10-31T19:18:50.829+0530: 511.192: Total time for which application threads were stopped: 0.0005136 seconds, Stopping threads took: 0.0000521 seconds
2019-10-31T19:18:50.829+0530: 511.192: Total time for which application threads were stopped: 0.0004869 seconds, Stopping threads took: 0.0000439 seconds
2019-10-31T19:18:50.830+0530: 511.193: Total time for which application threads were stopped: 0.0005030 seconds, Stopping threads took: 0.0000677 seconds
2019-10-31T19:18:50.831+0530: 511.193: Total time for which application threads were stopped: 0.0005018 seconds, Stopping threads took: 0.0000366 seconds
2019-10-31T19:18:50.831+0530: 511.194: Total time for which application threads were stopped: 0.0004796 seconds, Stopping threads took: 0.0000336 seconds
2019-10-31T19:18:50.832+0530: 511.194: Total time for which application threads were stopped: 0.0004537 seconds, Stopping threads took: 0.0000227 seconds
2019-10-31T19:18:50.832+0530: 511.195: Total time for which application threads were stopped: 0.0004660 seconds, Stopping threads took: 0.0000216 seconds
2019-10-31T19:18:50.832+0530: 511.195: Total time for which application threads were stopped: 0.0004655 seconds, Stopping threads took: 0.0000217 seconds
2019-10-31T19:18:50.837+0530: 511.200: Total time for which application threads were stopped: 0.0045691 seconds, Stopping threads took: 0.0000463 seconds
2019-10-31T19:19:12.840+0530: 533.203: Total time for which application threads were stopped: 0.0010032 seconds, Stopping threads took: 0.0001453 seconds
2019-10-31T19:19:16.181+0530: 536.543: [GC pause (G1 Evacuation Pause) (young), 0.0162810 secs]
   [Parallel Time: 10.2 ms, GC Workers: 8]
      [GC Worker Start (ms): Min: 536544.0, Avg: 536544.1, Max: 536544.1, Diff: 0.1]
      [Ext Root Scanning (ms): Min: 0.6, Avg: 0.7, Max: 0.8, Diff: 0.2, Sum: 5.2]
      [Update RS (ms): Min: 4.6, Avg: 4.6, Max: 4.7, Diff: 0.1, Sum: 36.8]
         [Processed Buffers: Min: 61, Avg: 68.1, Max: 74, Diff: 13, Sum: 545]
      [Scan RS (ms): Min: 0.4, Avg: 0.5, Max: 0.5, Diff: 0.1, Sum: 3.7]
      [Code Root Scanning (ms): Min: 0.0, Avg: 0.0, Max: 0.1, Diff: 0.1, Sum: 0.1]
      [Object Copy (ms): Min: 4.1, Avg: 4.2, Max: 4.3, Diff: 0.2, Sum: 33.8]
      [Termination (ms): Min: 0.0, Avg: 0.0, Max: 0.0, Diff: 0.0, Sum: 0.0]
         [Termination Attempts: Min: 1, Avg: 5.8, Max: 9, Diff: 8, Sum: 46]
      [GC Worker Other (ms): Min: 0.0, Avg: 0.0, Max: 0.1, Diff: 0.1, Sum: 0.2]
      [GC Worker Total (ms): Min: 9.9, Avg: 10.0, Max: 10.1, Diff: 0.1, Sum: 80.0]
      [GC Worker End (ms): Min: 536554.1, Avg: 536554.1, Max: 536554.1, Diff: 0.1]
   [Code Root Fixup: 0.1 ms]
   [Code Root Purge: 0.0 ms]
   [Clear CT: 0.2 ms]
   [Other: 5.9 ms]
      [Choose CSet: 0.0 ms]
      [Ref Proc: 4.7 ms]
      [Ref Enq: 0.0 ms]
      [Redirty Cards: 0.1 ms]
      [Humongous Register: 0.1 ms]
      [Humongous Reclaim: 0.0 ms]
      [Free CSet: 0.1 ms]
   [Eden: 232.0M(232.0M)->0.0B(232.0M) Survivors: 24.0M->24.0M Heap: 280.8M(4096.0M)->49.8M(4096.0M)]
 [Times: user=0.08 sys=0.01, real=0.02 secs] 
2019-10-31T19:19:16.197+0530: 536.560: Total time for which application threads were stopped: 0.0176102 seconds, Stopping threads took: 0.0001420 seconds
2019-10-31T19:19:16.198+0530: 536.561: Total time for which application threads were stopped: 0.0010993 seconds, Stopping threads took: 0.0001861 seconds
2019-10-31T19:19:16.199+0530: 536.562: Total time for which application threads were stopped: 0.0008961 seconds, Stopping threads took: 0.0001448 seconds
2019-10-31T19:19:16.201+0530: 536.564: Total time for which application threads were stopped: 0.0007474 seconds, Stopping threads took: 0.0000714 seconds
2019-10-31T19:19:16.201+0530: 536.564: Total time for which application threads were stopped: 0.0006192 seconds, Stopping threads took: 0.0000625 seconds
2019-10-31T19:19:16.202+0530: 536.565: Total time for which application threads were stopped: 0.0005789 seconds, Stopping threads took: 0.0000573 seconds
2019-10-31T19:19:16.203+0530: 536.566: Total time for which application threads were stopped: 0.0005684 seconds, Stopping threads took: 0.0000437 seconds
2019-10-31T19:19:16.204+0530: 536.567: Total time for which application threads were stopped: 0.0004950 seconds, Stopping threads took: 0.0000261 seconds
2019-10-31T19:19:16.204+0530: 536.567: Total time for which application threads were stopped: 0.0004664 seconds, Stopping threads took: 0.0000228 seconds
2019-10-31T19:19:16.205+0530: 536.568: Total time for which application threads were stopped: 0.0004990 seconds, Stopping threads took: 0.0000259 seconds
2019-10-31T19:19:16.205+0530: 536.568: Total time for which application threads were stopped: 0.0004924 seconds, Stopping threads took: 0.0000445 seconds
2019-10-31T19:19:16.206+0530: 536.569: Total time for which application threads were stopped: 0.0005010 seconds, Stopping threads took: 0.0000437 seconds
2019-10-31T19:19:16.207+0530: 536.569: Total time for which application threads were stopped: 0.0004957 seconds, Stopping threads took: 0.0000434 seconds
2019-10-31T19:19:16.207+0530: 536.570: Total time for which application threads were stopped: 0.0004928 seconds, Stopping threads took: 0.0000307 seconds
2019-10-31T19:19:16.208+0530: 536.570: Total time for which application threads were stopped: 0.0004830 seconds, Stopping threads took: 0.0000364 seconds
2019-10-31T19:19:16.208+0530: 536.571: Total time for which application threads were stopped: 0.0004897 seconds, Stopping threads took: 0.0000453 seconds
2019-10-31T19:19:16.209+0530: 536.571: Total time for which application threads were stopped: 0.0005128 seconds, Stopping threads took: 0.0000625 seconds
2019-10-31T19:19:16.209+0530: 536.572: Total time for which application threads were stopped: 0.0005369 seconds, Stopping threads took: 0.0000594 seconds
2019-10-31T19:19:16.210+0530: 536.573: Total time for which application threads were stopped: 0.0004705 seconds, Stopping threads took: 0.0000274 seconds
2019-10-31T19:19:16.210+0530: 536.573: Total time for which application threads were stopped: 0.0004666 seconds, Stopping threads took: 0.0000228 seconds
2019-10-31T19:19:16.216+0530: 536.579: Total time for which application threads were stopped: 0.0061382 seconds, Stopping threads took: 0.0000211 seconds
2019-10-31T19:19:44.030+0530: 564.393: [GC pause (G1 Evacuation Pause) (young), 0.0167118 secs]
   [Parallel Time: 10.6 ms, GC Workers: 8]
      [GC Worker Start (ms): Min: 564393.2, Avg: 564393.3, Max: 564393.3, Diff: 0.1]
      [Ext Root Scanning (ms): Min: 0.6, Avg: 0.6, Max: 0.8, Diff: 0.2, Sum: 5.0]
      [Update RS (ms): Min: 4.5, Avg: 4.5, Max: 4.6, Diff: 0.1, Sum: 36.3]
         [Processed Buffers: Min: 61, Avg: 67.8, Max: 73, Diff: 12, Sum: 542]
      [Scan RS (ms): Min: 0.8, Avg: 0.9, Max: 0.9, Diff: 0.1, Sum: 6.8]
      [Code Root Scanning (ms): Min: 0.0, Avg: 0.0, Max: 0.0, Diff: 0.0, Sum: 0.1]
      [Object Copy (ms): Min: 4.2, Avg: 4.4, Max: 4.5, Diff: 0.2, Sum: 35.3]
      [Termination (ms): Min: 0.0, Avg: 0.0, Max: 0.0, Diff: 0.0, Sum: 0.0]
         [Termination Attempts: Min: 1, Avg: 9.0, Max: 13, Diff: 12, Sum: 72]
      [GC Worker Other (ms): Min: 0.0, Avg: 0.0, Max: 0.1, Diff: 0.0, Sum: 0.2]
      [GC Worker Total (ms): Min: 10.4, Avg: 10.5, Max: 10.5, Diff: 0.1, Sum: 83.8]
      [GC Worker End (ms): Min: 564403.7, Avg: 564403.7, Max: 564403.8, Diff: 0.0]
   [Code Root Fixup: 0.1 ms]
   [Code Root Purge: 0.0 ms]
   [Clear CT: 0.2 ms]
   [Other: 5.8 ms]
      [Choose CSet: 0.0 ms]
      [Ref Proc: 4.7 ms]
      [Ref Enq: 0.0 ms]
      [Redirty Cards: 0.1 ms]
      [Humongous Register: 0.1 ms]
      [Humongous Reclaim: 0.0 ms]
      [Free CSet: 0.1 ms]
   [Eden: 232.0M(232.0M)->0.0B(238.0M) Survivors: 24.0M->18.0M Heap: 281.8M(4096.0M)->45.3M(4096.0M)]
 [Times: user=0.09 sys=0.00, real=0.02 secs] 
2019-10-31T19:19:44.047+0530: 564.410: Total time for which application threads were stopped: 0.0179802 seconds, Stopping threads took: 0.0001394 seconds
2019-10-31T19:19:44.048+0530: 564.411: Total time for which application threads were stopped: 0.0009399 seconds, Stopping threads took: 0.0001074 seconds
2019-10-31T19:19:44.050+0530: 564.412: Total time for which application threads were stopped: 0.0008220 seconds, Stopping threads took: 0.0000711 seconds
2019-10-31T19:19:44.050+0530: 564.413: Total time for which application threads were stopped: 0.0005117 seconds, Stopping threads took: 0.0000243 seconds
2019-10-31T19:19:44.051+0530: 564.413: Total time for which application threads were stopped: 0.0004362 seconds, Stopping threads took: 0.0000215 seconds
2019-10-31T19:19:44.051+0530: 564.414: Total time for which application threads were stopped: 0.0004477 seconds, Stopping threads took: 0.0000216 seconds
2019-10-31T19:19:44.052+0530: 564.414: Total time for which application threads were stopped: 0.0004352 seconds, Stopping threads took: 0.0000207 seconds
2019-10-31T19:19:44.052+0530: 564.415: Total time for which application threads were stopped: 0.0004353 seconds, Stopping threads took: 0.0000209 seconds
2019-10-31T19:19:44.052+0530: 564.415: Total time for which application threads were stopped: 0.0004639 seconds, Stopping threads took: 0.0000214 seconds
2019-10-31T19:19:44.053+0530: 564.416: Total time for which application threads were stopped: 0.0004669 seconds, Stopping threads took: 0.0000208 seconds
2019-10-31T19:19:44.053+0530: 564.416: Total time for which application threads were stopped: 0.0004374 seconds, Stopping threads took: 0.0000219 seconds
2019-10-31T19:19:44.054+0530: 564.417: Total time for which application threads were stopped: 0.0004351 seconds, Stopping threads took: 0.0000208 seconds
2019-10-31T19:19:44.054+0530: 564.417: Total time for which application threads were stopped: 0.0004335 seconds, Stopping threads took: 0.0000205 seconds
2019-10-31T19:19:44.055+0530: 564.418: Total time for which application threads were stopped: 0.0004428 seconds, Stopping threads took: 0.0000209 seconds
2019-10-31T19:19:44.055+0530: 564.418: Total time for which application threads were stopped: 0.0004357 seconds, Stopping threads took: 0.0000207 seconds
2019-10-31T19:19:44.056+0530: 564.419: Total time for which application threads were stopped: 0.0004339 seconds, Stopping threads took: 0.0000205 seconds
2019-10-31T19:19:44.056+0530: 564.419: Total time for which application threads were stopped: 0.0004645 seconds, Stopping threads took: 0.0000220 seconds
2019-10-31T19:19:44.057+0530: 564.420: Total time for which application threads were stopped: 0.0004901 seconds, Stopping threads took: 0.0000676 seconds
2019-10-31T19:19:44.057+0530: 564.420: Total time for which application threads were stopped: 0.0004706 seconds, Stopping threads took: 0.0000315 seconds
2019-10-31T19:19:44.058+0530: 564.421: Total time for which application threads were stopped: 0.0004566 seconds, Stopping threads took: 0.0000328 seconds
2019-10-31T19:19:44.060+0530: 564.423: Total time for which application threads were stopped: 0.0027033 seconds, Stopping threads took: 0.0000582 seconds
2019-10-31T19:20:10.088+0530: 590.451: [GC pause (G1 Evacuation Pause) (young), 0.0159478 secs]
   [Parallel Time: 9.8 ms, GC Workers: 8]
      [GC Worker Start (ms): Min: 590451.2, Avg: 590451.3, Max: 590451.3, Diff: 0.1]
      [Ext Root Scanning (ms): Min: 0.5, Avg: 0.6, Max: 0.7, Diff: 0.2, Sum: 4.8]
      [Update RS (ms): Min: 5.0, Avg: 5.0, Max: 5.1, Diff: 0.1, Sum: 40.0]
         [Processed Buffers: Min: 62, Avg: 69.0, Max: 75, Diff: 13, Sum: 552]
      [Scan RS (ms): Min: 0.5, Avg: 0.5, Max: 0.6, Diff: 0.1, Sum: 4.2]
      [Code Root Scanning (ms): Min: 0.0, Avg: 0.0, Max: 0.0, Diff: 0.0, Sum: 0.1]
      [Object Copy (ms): Min: 3.4, Avg: 3.5, Max: 3.5, Diff: 0.1, Sum: 27.9]
      [Termination (ms): Min: 0.0, Avg: 0.0, Max: 0.0, Diff: 0.0, Sum: 0.0]
         [Termination Attempts: Min: 1, Avg: 4.2, Max: 8, Diff: 7, Sum: 34]
      [GC Worker Other (ms): Min: 0.0, Avg: 0.0, Max: 0.1, Diff: 0.1, Sum: 0.3]
      [GC Worker Total (ms): Min: 9.6, Avg: 9.7, Max: 9.7, Diff: 0.1, Sum: 77.4]
      [GC Worker End (ms): Min: 590460.9, Avg: 590461.0, Max: 590461.0, Diff: 0.1]
   [Code Root Fixup: 0.1 ms]
   [Code Root Purge: 0.0 ms]
   [Clear CT: 0.1 ms]
   [Other: 5.9 ms]
      [Choose CSet: 0.0 ms]
      [Ref Proc: 4.9 ms]
      [Ref Enq: 0.0 ms]
      [Redirty Cards: 0.1 ms]
      [Humongous Register: 0.1 ms]
      [Humongous Reclaim: 0.0 ms]
      [Free CSet: 0.1 ms]
   [Eden: 238.0M(238.0M)->0.0B(238.0M) Survivors: 18.0M->18.0M Heap: 283.3M(4096.0M)->45.3M(4096.0M)]
 [Times: user=0.08 sys=0.00, real=0.01 secs] 
2019-10-31T19:20:10.104+0530: 590.467: Total time for which application threads were stopped: 0.0171315 seconds, Stopping threads took: 0.0001915 seconds
2019-10-31T19:20:10.106+0530: 590.468: Total time for which application threads were stopped: 0.0008397 seconds, Stopping threads took: 0.0001204 seconds
2019-10-31T19:20:10.106+0530: 590.469: Total time for which application threads were stopped: 0.0007728 seconds, Stopping threads took: 0.0001641 seconds
2019-10-31T19:20:10.107+0530: 590.470: Total time for which application threads were stopped: 0.0005963 seconds, Stopping threads took: 0.0000806 seconds
2019-10-31T19:20:10.108+0530: 590.470: Total time for which application threads were stopped: 0.0005142 seconds, Stopping threads took: 0.0000809 seconds
2019-10-31T19:20:10.108+0530: 590.471: Total time for which application threads were stopped: 0.0005273 seconds, Stopping threads took: 0.0001153 seconds
2019-10-31T19:20:10.109+0530: 590.472: Total time for which application threads were stopped: 0.0005229 seconds, Stopping threads took: 0.0000876 seconds
2019-10-31T19:20:10.109+0530: 590.472: Total time for which application threads were stopped: 0.0004451 seconds, Stopping threads took: 0.0000673 seconds
2019-10-31T19:20:10.110+0530: 590.473: Total time for which application threads were stopped: 0.0004602 seconds, Stopping threads took: 0.0000640 seconds
2019-10-31T19:20:10.110+0530: 590.473: Total time for which application threads were stopped: 0.0004109 seconds, Stopping threads took: 0.0000515 seconds
2019-10-31T19:20:10.111+0530: 590.473: Total time for which application threads were stopped: 0.0004190 seconds, Stopping threads took: 0.0000631 seconds
2019-10-31T19:20:10.111+0530: 590.474: Total time for which application threads were stopped: 0.0003994 seconds, Stopping threads took: 0.0000399 seconds
2019-10-31T19:20:10.111+0530: 590.474: Total time for which application threads were stopped: 0.0004051 seconds, Stopping threads took: 0.0000484 seconds
2019-10-31T19:20:10.112+0530: 590.475: Total time for which application threads were stopped: 0.0004411 seconds, Stopping threads took: 0.0000463 seconds
2019-10-31T19:20:10.112+0530: 590.475: Total time for which application threads were stopped: 0.0004652 seconds, Stopping threads took: 0.0000718 seconds
2019-10-31T19:20:10.113+0530: 590.476: Total time for which application threads were stopped: 0.0004628 seconds, Stopping threads took: 0.0000524 seconds
2019-10-31T19:20:10.113+0530: 590.476: Total time for which application threads were stopped: 0.0004355 seconds, Stopping threads took: 0.0000636 seconds
2019-10-31T19:20:10.114+0530: 590.477: Total time for which application threads were stopped: 0.0004323 seconds, Stopping threads took: 0.0000579 seconds
2019-10-31T19:20:10.114+0530: 590.477: Total time for which application threads were stopped: 0.0004132 seconds, Stopping threads took: 0.0000433 seconds
2019-10-31T19:20:10.115+0530: 590.478: Total time for which application threads were stopped: 0.0004723 seconds, Stopping threads took: 0.0000936 seconds
2019-10-31T19:20:10.119+0530: 590.482: Total time for which application threads were stopped: 0.0041011 seconds, Stopping threads took: 0.0000478 seconds
2019-10-31T19:20:38.344+0530: 618.707: [GC pause (G1 Evacuation Pause) (young), 0.0152908 secs]
   [Parallel Time: 9.1 ms, GC Workers: 8]
      [GC Worker Start (ms): Min: 618707.5, Avg: 618707.5, Max: 618707.6, Diff: 0.1]
      [Ext Root Scanning (ms): Min: 0.6, Avg: 0.6, Max: 0.7, Diff: 0.2, Sum: 5.0]
      [Update RS (ms): Min: 4.6, Avg: 4.7, Max: 4.8, Diff: 0.1, Sum: 37.6]
         [Processed Buffers: Min: 62, Avg: 68.1, Max: 76, Diff: 14, Sum: 545]
      [Scan RS (ms): Min: 0.2, Avg: 0.2, Max: 0.3, Diff: 0.1, Sum: 2.0]
      [Code Root Scanning (ms): Min: 0.0, Avg: 0.0, Max: 0.0, Diff: 0.0, Sum: 0.1]
      [Object Copy (ms): Min: 3.3, Avg: 3.3, Max: 3.4, Diff: 0.1, Sum: 26.6]
      [Termination (ms): Min: 0.0, Avg: 0.0, Max: 0.0, Diff: 0.0, Sum: 0.0]
         [Termination Attempts: Min: 1, Avg: 1.2, Max: 3, Diff: 2, Sum: 10]
      [GC Worker Other (ms): Min: 0.0, Avg: 0.0, Max: 0.1, Diff: 0.1, Sum: 0.2]
      [GC Worker Total (ms): Min: 8.9, Avg: 8.9, Max: 9.0, Diff: 0.1, Sum: 71.4]
      [GC Worker End (ms): Min: 618716.4, Avg: 618716.5, Max: 618716.5, Diff: 0.1]
   [Code Root Fixup: 0.1 ms]
   [Code Root Purge: 0.0 ms]
   [Clear CT: 0.2 ms]
   [Other: 6.0 ms]
      [Choose CSet: 0.0 ms]
      [Ref Proc: 4.8 ms]
      [Ref Enq: 0.0 ms]
      [Redirty Cards: 0.1 ms]
      [Humongous Register: 0.1 ms]
      [Humongous Reclaim: 0.0 ms]
      [Free CSet: 0.1 ms]
   [Eden: 238.0M(238.0M)->0.0B(238.0M) Survivors: 18.0M->18.0M Heap: 283.3M(4096.0M)->44.3M(4096.0M)]
 [Times: user=0.08 sys=0.00, real=0.02 secs] 
2019-10-31T19:20:38.360+0530: 618.722: Total time for which application threads were stopped: 0.0164836 seconds, Stopping threads took: 0.0001313 seconds
2019-10-31T19:20:38.361+0530: 618.724: Total time for which application threads were stopped: 0.0009494 seconds, Stopping threads took: 0.0001643 seconds
2019-10-31T19:20:38.362+0530: 618.725: Total time for which application threads were stopped: 0.0008652 seconds, Stopping threads took: 0.0001435 seconds
2019-10-31T19:20:38.363+0530: 618.726: Total time for which application threads were stopped: 0.0007469 seconds, Stopping threads took: 0.0000897 seconds
2019-10-31T19:20:38.364+0530: 618.727: Total time for which application threads were stopped: 0.0006019 seconds, Stopping threads took: 0.0000953 seconds
2019-10-31T19:20:38.364+0530: 618.727: Total time for which application threads were stopped: 0.0004865 seconds, Stopping threads took: 0.0000649 seconds
2019-10-31T19:20:38.365+0530: 618.728: Total time for which application threads were stopped: 0.0004957 seconds, Stopping threads took: 0.0000711 seconds
2019-10-31T19:20:38.365+0530: 618.728: Total time for which application threads were stopped: 0.0004770 seconds, Stopping threads took: 0.0000802 seconds
2019-10-31T19:20:38.366+0530: 618.729: Total time for which application threads were stopped: 0.0004573 seconds, Stopping threads took: 0.0000700 seconds
2019-10-31T19:20:38.366+0530: 618.729: Total time for which application threads were stopped: 0.0004767 seconds, Stopping threads took: 0.0000700 seconds
2019-10-31T19:20:38.367+0530: 618.730: Total time for which application threads were stopped: 0.0004763 seconds, Stopping threads took: 0.0000788 seconds
2019-10-31T19:20:38.367+0530: 618.730: Total time for which application threads were stopped: 0.0004548 seconds, Stopping threads took: 0.0000608 seconds
2019-10-31T19:20:38.368+0530: 618.731: Total time for which application threads were stopped: 0.0004830 seconds, Stopping threads took: 0.0000793 seconds
2019-10-31T19:20:38.368+0530: 618.731: Total time for which application threads were stopped: 0.0004751 seconds, Stopping threads took: 0.0000796 seconds
2019-10-31T19:20:38.369+0530: 618.732: Total time for which application threads were stopped: 0.0004807 seconds, Stopping threads took: 0.0000575 seconds
2019-10-31T19:20:38.369+0530: 618.732: Total time for which application threads were stopped: 0.0004824 seconds, Stopping threads took: 0.0000737 seconds
2019-10-31T19:20:38.370+0530: 618.733: Total time for which application threads were stopped: 0.0004737 seconds, Stopping threads took: 0.0000774 seconds
2019-10-31T19:20:38.370+0530: 618.733: Total time for which application threads were stopped: 0.0004984 seconds, Stopping threads took: 0.0000881 seconds
2019-10-31T19:20:38.371+0530: 618.734: Total time for which application threads were stopped: 0.0004841 seconds, Stopping threads took: 0.0000887 seconds
2019-10-31T19:20:38.371+0530: 618.734: Total time for which application threads were stopped: 0.0004437 seconds, Stopping threads took: 0.0000448 seconds
2019-10-31T19:20:38.375+0530: 618.737: Total time for which application threads were stopped: 0.0032334 seconds, Stopping threads took: 0.0000812 seconds
2019-10-31T19:20:39.376+0530: 619.739: Total time for which application threads were stopped: 0.0011023 seconds, Stopping threads took: 0.0001570 seconds
2019-10-31T19:21:05.677+0530: 646.040: [GC pause (G1 Evacuation Pause) (young), 0.0153789 secs]
   [Parallel Time: 9.2 ms, GC Workers: 8]
      [GC Worker Start (ms): Min: 646040.5, Avg: 646040.5, Max: 646040.6, Diff: 0.1]
      [Ext Root Scanning (ms): Min: 0.5, Avg: 0.6, Max: 0.7, Diff: 0.2, Sum: 4.7]
      [Update RS (ms): Min: 4.7, Avg: 4.8, Max: 4.8, Diff: 0.1, Sum: 38.1]
         [Processed Buffers: Min: 65, Avg: 68.4, Max: 74, Diff: 9, Sum: 547]
      [Scan RS (ms): Min: 0.1, Avg: 0.2, Max: 0.2, Diff: 0.1, Sum: 1.4]
      [Code Root Scanning (ms): Min: 0.0, Avg: 0.0, Max: 0.0, Diff: 0.0, Sum: 0.1]
      [Object Copy (ms): Min: 3.4, Avg: 3.5, Max: 3.5, Diff: 0.1, Sum: 27.7]
      [Termination (ms): Min: 0.0, Avg: 0.0, Max: 0.0, Diff: 0.0, Sum: 0.0]
         [Termination Attempts: Min: 1, Avg: 6.2, Max: 11, Diff: 10, Sum: 50]
      [GC Worker Other (ms): Min: 0.0, Avg: 0.0, Max: 0.1, Diff: 0.1, Sum: 0.3]
      [GC Worker Total (ms): Min: 9.0, Avg: 9.0, Max: 9.1, Diff: 0.1, Sum: 72.2]
      [GC Worker End (ms): Min: 646049.5, Avg: 646049.6, Max: 646049.6, Diff: 0.1]
   [Code Root Fixup: 0.1 ms]
   [Code Root Purge: 0.0 ms]
   [Clear CT: 0.2 ms]
   [Other: 6.0 ms]
      [Choose CSet: 0.0 ms]
      [Ref Proc: 4.8 ms]
      [Ref Enq: 0.0 ms]
      [Redirty Cards: 0.1 ms]
      [Humongous Register: 0.1 ms]
      [Humongous Reclaim: 0.0 ms]
      [Free CSet: 0.1 ms]
   [Eden: 238.0M(238.0M)->0.0B(238.0M) Survivors: 18.0M->18.0M Heap: 282.3M(4096.0M)->44.3M(4096.0M)]
 [Times: user=0.08 sys=0.01, real=0.01 secs] 
2019-10-31T19:21:05.693+0530: 646.056: Total time for which application threads were stopped: 0.0166282 seconds, Stopping threads took: 0.0001693 seconds
2019-10-31T19:21:05.694+0530: 646.057: Total time for which application threads were stopped: 0.0009339 seconds, Stopping threads took: 0.0001957 seconds
2019-10-31T19:21:05.695+0530: 646.058: Total time for which application threads were stopped: 0.0008341 seconds, Stopping threads took: 0.0001774 seconds
2019-10-31T19:21:05.696+0530: 646.059: Total time for which application threads were stopped: 0.0005180 seconds, Stopping threads took: 0.0000700 seconds
2019-10-31T19:21:05.696+0530: 646.059: Total time for which application threads were stopped: 0.0005406 seconds, Stopping threads took: 0.0000969 seconds
2019-10-31T19:21:05.697+0530: 646.060: Total time for which application threads were stopped: 0.0004484 seconds, Stopping threads took: 0.0000482 seconds
2019-10-31T19:21:05.697+0530: 646.060: Total time for which application threads were stopped: 0.0004179 seconds, Stopping threads took: 0.0000408 seconds
2019-10-31T19:21:05.698+0530: 646.061: Total time for which application threads were stopped: 0.0004295 seconds, Stopping threads took: 0.0000470 seconds
2019-10-31T19:21:05.698+0530: 646.061: Total time for which application threads were stopped: 0.0004674 seconds, Stopping threads took: 0.0000566 seconds
2019-10-31T19:21:05.699+0530: 646.062: Total time for which application threads were stopped: 0.0005188 seconds, Stopping threads took: 0.0000984 seconds
2019-10-31T19:21:05.700+0530: 646.062: Total time for which application threads were stopped: 0.0005178 seconds, Stopping threads took: 0.0000776 seconds
2019-10-31T19:21:05.700+0530: 646.063: Total time for which application threads were stopped: 0.0004769 seconds, Stopping threads took: 0.0000725 seconds
2019-10-31T19:21:05.701+0530: 646.064: Total time for which application threads were stopped: 0.0004984 seconds, Stopping threads took: 0.0000756 seconds
2019-10-31T19:21:05.701+0530: 646.064: Total time for which application threads were stopped: 0.0004735 seconds, Stopping threads took: 0.0000675 seconds
2019-10-31T19:21:05.702+0530: 646.065: Total time for which application threads were stopped: 0.0005109 seconds, Stopping threads took: 0.0000628 seconds
2019-10-31T19:21:05.702+0530: 646.065: Total time for which application threads were stopped: 0.0004599 seconds, Stopping threads took: 0.0000290 seconds
2019-10-31T19:21:05.703+0530: 646.066: Total time for which application threads were stopped: 0.0004326 seconds, Stopping threads took: 0.0000277 seconds
2019-10-31T19:21:05.703+0530: 646.066: Total time for which application threads were stopped: 0.0004218 seconds, Stopping threads took: 0.0000270 seconds
2019-10-31T19:21:05.704+0530: 646.067: Total time for which application threads were stopped: 0.0004514 seconds, Stopping threads took: 0.0000471 seconds
2019-10-31T19:21:05.704+0530: 646.067: Total time for which application threads were stopped: 0.0004281 seconds, Stopping threads took: 0.0000278 seconds
2019-10-31T19:21:05.707+0530: 646.070: Total time for which application threads were stopped: 0.0027467 seconds, Stopping threads took: 0.0000651 seconds
2019-10-31T19:21:06.708+0530: 647.071: Total time for which application threads were stopped: 0.0008999 seconds, Stopping threads took: 0.0001488 seconds
2019-10-31T19:21:33.935+0530: 674.298: [GC pause (G1 Evacuation Pause) (young), 0.0152616 secs]
   [Parallel Time: 9.1 ms, GC Workers: 8]
      [GC Worker Start (ms): Min: 674298.6, Avg: 674298.7, Max: 674298.7, Diff: 0.1]
      [Ext Root Scanning (ms): Min: 0.5, Avg: 0.6, Max: 0.7, Diff: 0.2, Sum: 4.5]
      [Update RS (ms): Min: 4.8, Avg: 4.8, Max: 4.8, Diff: 0.1, Sum: 38.3]
         [Processed Buffers: Min: 59, Avg: 69.0, Max: 76, Diff: 17, Sum: 552]
      [Scan RS (ms): Min: 0.0, Avg: 0.1, Max: 0.1, Diff: 0.1, Sum: 0.7]
      [Code Root Scanning (ms): Min: 0.0, Avg: 0.0, Max: 0.0, Diff: 0.0, Sum: 0.1]
      [Object Copy (ms): Min: 3.4, Avg: 3.5, Max: 3.6, Diff: 0.2, Sum: 28.0]
      [Termination (ms): Min: 0.0, Avg: 0.0, Max: 0.0, Diff: 0.0, Sum: 0.1]
         [Termination Attempts: Min: 1, Avg: 5.4, Max: 7, Diff: 6, Sum: 43]
      [GC Worker Other (ms): Min: 0.0, Avg: 0.0, Max: 0.0, Diff: 0.0, Sum: 0.1]
      [GC Worker Total (ms): Min: 8.9, Avg: 9.0, Max: 9.0, Diff: 0.1, Sum: 71.8]
      [GC Worker End (ms): Min: 674307.6, Avg: 674307.6, Max: 674307.7, Diff: 0.0]
   [Code Root Fixup: 0.1 ms]
   [Code Root Purge: 0.0 ms]
   [Clear CT: 0.2 ms]
   [Other: 5.9 ms]
      [Choose CSet: 0.0 ms]
      [Ref Proc: 4.8 ms]
      [Ref Enq: 0.0 ms]
      [Redirty Cards: 0.1 ms]
      [Humongous Register: 0.1 ms]
      [Humongous Reclaim: 0.0 ms]
      [Free CSet: 0.1 ms]
   [Eden: 238.0M(238.0M)->0.0B(238.0M) Survivors: 18.0M->18.0M Heap: 282.3M(4096.0M)->44.3M(4096.0M)]
 [Times: user=0.08 sys=0.00, real=0.01 secs] 
2019-10-31T19:21:33.951+0530: 674.314: Total time for which application threads were stopped: 0.0164035 seconds, Stopping threads took: 0.0001482 seconds
2019-10-31T19:21:33.952+0530: 674.315: Total time for which application threads were stopped: 0.0008344 seconds, Stopping threads took: 0.0001427 seconds
2019-10-31T19:21:33.954+0530: 674.316: Total time for which application threads were stopped: 0.0007580 seconds, Stopping threads took: 0.0001102 seconds
2019-10-31T19:21:33.954+0530: 674.317: Total time for which application threads were stopped: 0.0006407 seconds, Stopping threads took: 0.0001178 seconds
2019-10-31T19:21:33.955+0530: 674.318: Total time for which application threads were stopped: 0.0005020 seconds, Stopping threads took: 0.0000856 seconds
2019-10-31T19:21:33.955+0530: 674.318: Total time for which application threads were stopped: 0.0004603 seconds, Stopping threads took: 0.0000536 seconds
2019-10-31T19:21:33.956+0530: 674.319: Total time for which application threads were stopped: 0.0004306 seconds, Stopping threads took: 0.0000373 seconds
2019-10-31T19:21:33.956+0530: 674.319: Total time for which application threads were stopped: 0.0003901 seconds, Stopping threads took: 0.0000245 seconds
2019-10-31T19:21:33.957+0530: 674.320: Total time for which application threads were stopped: 0.0003932 seconds, Stopping threads took: 0.0000223 seconds
2019-10-31T19:21:33.957+0530: 674.320: Total time for which application threads were stopped: 0.0003967 seconds, Stopping threads took: 0.0000288 seconds
2019-10-31T19:21:33.958+0530: 674.320: Total time for which application threads were stopped: 0.0003872 seconds, Stopping threads took: 0.0000231 seconds
2019-10-31T19:21:33.958+0530: 674.321: Total time for which application threads were stopped: 0.0004082 seconds, Stopping threads took: 0.0000247 seconds
2019-10-31T19:21:33.959+0530: 674.321: Total time for which application threads were stopped: 0.0005056 seconds, Stopping threads took: 0.0001141 seconds
2019-10-31T19:21:33.959+0530: 674.322: Total time for which application threads were stopped: 0.0004596 seconds, Stopping threads took: 0.0000667 seconds
2019-10-31T19:21:33.960+0530: 674.323: Total time for which application threads were stopped: 0.0004385 seconds, Stopping threads took: 0.0000304 seconds
2019-10-31T19:21:33.960+0530: 674.323: Total time for which application threads were stopped: 0.0004320 seconds, Stopping threads took: 0.0000482 seconds
2019-10-31T19:21:33.961+0530: 674.323: Total time for which application threads were stopped: 0.0004057 seconds, Stopping threads took: 0.0000192 seconds
2019-10-31T19:21:33.961+0530: 674.324: Total time for which application threads were stopped: 0.0004499 seconds, Stopping threads took: 0.0000606 seconds
2019-10-31T19:21:33.962+0530: 674.324: Total time for which application threads were stopped: 0.0004288 seconds, Stopping threads took: 0.0000576 seconds
2019-10-31T19:21:33.962+0530: 674.325: Total time for which application threads were stopped: 0.0004378 seconds, Stopping threads took: 0.0000622 seconds
2019-10-31T19:21:33.964+0530: 674.327: Total time for which application threads were stopped: 0.0023904 seconds, Stopping threads took: 0.0000722 seconds
2019-10-31T19:22:00.007+0530: 700.370: [GC pause (G1 Evacuation Pause) (young), 0.0153926 secs]
   [Parallel Time: 9.2 ms, GC Workers: 8]
      [GC Worker Start (ms): Min: 700370.3, Avg: 700370.4, Max: 700370.4, Diff: 0.1]
      [Ext Root Scanning (ms): Min: 0.5, Avg: 0.6, Max: 0.7, Diff: 0.2, Sum: 4.6]
      [Update RS (ms): Min: 4.7, Avg: 4.7, Max: 4.8, Diff: 0.1, Sum: 37.9]
         [Processed Buffers: Min: 64, Avg: 68.2, Max: 74, Diff: 10, Sum: 546]
      [Scan RS (ms): Min: 0.2, Avg: 0.3, Max: 0.3, Diff: 0.1, Sum: 2.2]
      [Code Root Scanning (ms): Min: 0.0, Avg: 0.0, Max: 0.0, Diff: 0.0, Sum: 0.1]
      [Object Copy (ms): Min: 3.4, Avg: 3.5, Max: 3.6, Diff: 0.2, Sum: 28.0]
      [Termination (ms): Min: 0.0, Avg: 0.0, Max: 0.0, Diff: 0.0, Sum: 0.0]
         [Termination Attempts: Min: 1, Avg: 3.0, Max: 5, Diff: 4, Sum: 24]
      [GC Worker Other (ms): Min: 0.0, Avg: 0.0, Max: 0.1, Diff: 0.1, Sum: 0.3]
      [GC Worker Total (ms): Min: 9.1, Avg: 9.1, Max: 9.2, Diff: 0.1, Sum: 73.0]
      [GC Worker End (ms): Min: 700379.5, Avg: 700379.5, Max: 700379.5, Diff: 0.1]
   [Code Root Fixup: 0.1 ms]
   [Code Root Purge: 0.0 ms]
   [Clear CT: 0.1 ms]
   [Other: 5.9 ms]
      [Choose CSet: 0.0 ms]
      [Ref Proc: 4.8 ms]
      [Ref Enq: 0.0 ms]
      [Redirty Cards: 0.1 ms]
      [Humongous Register: 0.1 ms]
      [Humongous Reclaim: 0.0 ms]
      [Free CSet: 0.1 ms]
   [Eden: 238.0M(238.0M)->0.0B(238.0M) Survivors: 18.0M->18.0M Heap: 282.3M(4096.0M)->45.5M(4096.0M)]
 [Times: user=0.08 sys=0.00, real=0.01 secs] 
2019-10-31T19:22:00.023+0530: 700.385: Total time for which application threads were stopped: 0.0165674 seconds, Stopping threads took: 0.0001401 seconds
2019-10-31T19:22:00.024+0530: 700.386: Total time for which application threads were stopped: 0.0008489 seconds, Stopping threads took: 0.0000966 seconds
2019-10-31T19:22:00.025+0530: 700.387: Total time for which application threads were stopped: 0.0008204 seconds, Stopping threads took: 0.0001425 seconds
2019-10-31T19:22:00.026+0530: 700.388: Total time for which application threads were stopped: 0.0005859 seconds, Stopping threads took: 0.0001297 seconds
2019-10-31T19:22:00.026+0530: 700.389: Total time for which application threads were stopped: 0.0004774 seconds, Stopping threads took: 0.0000919 seconds
2019-10-31T19:22:00.027+0530: 700.390: Total time for which application threads were stopped: 0.0004232 seconds, Stopping threads took: 0.0000545 seconds
2019-10-31T19:22:00.028+0530: 700.390: Total time for which application threads were stopped: 0.0003370 seconds, Stopping threads took: 0.0000185 seconds
2019-10-31T19:22:00.028+0530: 700.391: Total time for which application threads were stopped: 0.0003303 seconds, Stopping threads took: 0.0000172 seconds
2019-10-31T19:22:00.028+0530: 700.391: Total time for which application threads were stopped: 0.0003327 seconds, Stopping threads took: 0.0000176 seconds
2019-10-31T19:22:00.029+0530: 700.392: Total time for which application threads were stopped: 0.0003310 seconds, Stopping threads took: 0.0000181 seconds
2019-10-31T19:22:00.029+0530: 700.392: Total time for which application threads were stopped: 0.0003629 seconds, Stopping threads took: 0.0000388 seconds
2019-10-31T19:22:00.029+0530: 700.392: Total time for which application threads were stopped: 0.0003300 seconds, Stopping threads took: 0.0000175 seconds
2019-10-31T19:22:00.030+0530: 700.393: Total time for which application threads were stopped: 0.0003294 seconds, Stopping threads took: 0.0000172 seconds
2019-10-31T19:22:00.030+0530: 700.393: Total time for which application threads were stopped: 0.0003344 seconds, Stopping threads took: 0.0000165 seconds
2019-10-31T19:22:00.030+0530: 700.393: Total time for which application threads were stopped: 0.0003282 seconds, Stopping threads took: 0.0000165 seconds
2019-10-31T19:22:00.031+0530: 700.394: Total time for which application threads were stopped: 0.0003414 seconds, Stopping threads took: 0.0000172 seconds
2019-10-31T19:22:00.031+0530: 700.394: Total time for which application threads were stopped: 0.0003276 seconds, Stopping threads took: 0.0000164 seconds
2019-10-31T19:22:00.032+0530: 700.394: Total time for which application threads were stopped: 0.0003291 seconds, Stopping threads took: 0.0000172 seconds
2019-10-31T19:22:00.032+0530: 700.395: Total time for which application threads were stopped: 0.0003297 seconds, Stopping threads took: 0.0000171 seconds
2019-10-31T19:22:00.032+0530: 700.395: Total time for which application threads were stopped: 0.0003439 seconds, Stopping threads took: 0.0000169 seconds
2019-10-31T19:22:00.034+0530: 700.397: Total time for which application threads were stopped: 0.0020109 seconds, Stopping threads took: 0.0000175 seconds
2019-10-31T19:22:28.533+0530: 728.896: [GC pause (G1 Evacuation Pause) (young), 0.0156324 secs]
   [Parallel Time: 9.5 ms, GC Workers: 8]
      [GC Worker Start (ms): Min: 728896.5, Avg: 728896.6, Max: 728896.6, Diff: 0.1]
      [Ext Root Scanning (ms): Min: 0.5, Avg: 0.6, Max: 0.8, Diff: 0.2, Sum: 5.0]
      [Update RS (ms): Min: 5.1, Avg: 5.1, Max: 5.1, Diff: 0.0, Sum: 40.8]
         [Processed Buffers: Min: 67, Avg: 69.5, Max: 72, Diff: 5, Sum: 556]
      [Scan RS (ms): Min: 0.0, Avg: 0.1, Max: 0.1, Diff: 0.1, Sum: 0.4]
      [Code Root Scanning (ms): Min: 0.0, Avg: 0.0, Max: 0.0, Diff: 0.0, Sum: 0.1]
      [Object Copy (ms): Min: 3.4, Avg: 3.5, Max: 3.6, Diff: 0.2, Sum: 27.9]
      [Termination (ms): Min: 0.0, Avg: 0.0, Max: 0.0, Diff: 0.0, Sum: 0.0]
         [Termination Attempts: Min: 1, Avg: 6.2, Max: 9, Diff: 8, Sum: 50]
      [GC Worker Other (ms): Min: 0.0, Avg: 0.0, Max: 0.1, Diff: 0.1, Sum: 0.2]
      [GC Worker Total (ms): Min: 9.2, Avg: 9.3, Max: 9.4, Diff: 0.1, Sum: 74.5]
      [GC Worker End (ms): Min: 728905.8, Avg: 728905.9, Max: 728905.9, Diff: 0.1]
   [Code Root Fixup: 0.1 ms]
   [Code Root Purge: 0.0 ms]
   [Clear CT: 0.2 ms]
   [Other: 5.9 ms]
      [Choose CSet: 0.0 ms]
      [Ref Proc: 4.8 ms]
      [Ref Enq: 0.0 ms]
      [Redirty Cards: 0.1 ms]
      [Humongous Register: 0.1 ms]
      [Humongous Reclaim: 0.0 ms]
      [Free CSet: 0.1 ms]
   [Eden: 238.0M(238.0M)->0.0B(238.0M) Survivors: 18.0M->18.0M Heap: 283.5M(4096.0M)->46.7M(4096.0M)]
 [Times: user=0.09 sys=0.00, real=0.01 secs] 
2019-10-31T19:22:28.549+0530: 728.912: Total time for which application threads were stopped: 0.0169548 seconds, Stopping threads took: 0.0001382 seconds
2019-10-31T19:22:28.550+0530: 728.913: Total time for which application threads were stopped: 0.0009621 seconds, Stopping threads took: 0.0001430 seconds
2019-10-31T19:22:28.551+0530: 728.914: Total time for which application threads were stopped: 0.0006501 seconds, Stopping threads took: 0.0000535 seconds
2019-10-31T19:22:28.552+0530: 728.915: Total time for which application threads were stopped: 0.0004574 seconds, Stopping threads took: 0.0000316 seconds
2019-10-31T19:22:28.552+0530: 728.915: Total time for which application threads were stopped: 0.0004805 seconds, Stopping threads took: 0.0000561 seconds
2019-10-31T19:22:28.553+0530: 728.916: Total time for which application threads were stopped: 0.0004579 seconds, Stopping threads took: 0.0000394 seconds
2019-10-31T19:22:28.553+0530: 728.916: Total time for which application threads were stopped: 0.0004600 seconds, Stopping threads took: 0.0000231 seconds
2019-10-31T19:22:28.554+0530: 728.916: Total time for which application threads were stopped: 0.0004280 seconds, Stopping threads took: 0.0000212 seconds
2019-10-31T19:22:28.554+0530: 728.917: Total time for which application threads were stopped: 0.0004274 seconds, Stopping threads took: 0.0000213 seconds
2019-10-31T19:22:28.555+0530: 728.917: Total time for which application threads were stopped: 0.0004298 seconds, Stopping threads took: 0.0000215 seconds
2019-10-31T19:22:28.555+0530: 728.918: Total time for which application threads were stopped: 0.0004301 seconds, Stopping threads took: 0.0000212 seconds
2019-10-31T19:22:28.555+0530: 728.918: Total time for which application threads were stopped: 0.0004275 seconds, Stopping threads took: 0.0000206 seconds
2019-10-31T19:22:28.556+0530: 728.919: Total time for which application threads were stopped: 0.0004374 seconds, Stopping threads took: 0.0000215 seconds
2019-10-31T19:22:28.556+0530: 728.919: Total time for which application threads were stopped: 0.0004375 seconds, Stopping threads took: 0.0000211 seconds
2019-10-31T19:22:28.557+0530: 728.920: Total time for which application threads were stopped: 0.0004654 seconds, Stopping threads took: 0.0000215 seconds
2019-10-31T19:22:28.557+0530: 728.920: Total time for which application threads were stopped: 0.0004291 seconds, Stopping threads took: 0.0000210 seconds
2019-10-31T19:22:28.558+0530: 728.921: Total time for which application threads were stopped: 0.0004273 seconds, Stopping threads took: 0.0000211 seconds
2019-10-31T19:22:28.558+0530: 728.921: Total time for which application threads were stopped: 0.0004272 seconds, Stopping threads took: 0.0000206 seconds
2019-10-31T19:22:28.559+0530: 728.922: Total time for which application threads were stopped: 0.0004346 seconds, Stopping threads took: 0.0000217 seconds
2019-10-31T19:22:28.559+0530: 728.922: Total time for which application threads were stopped: 0.0004352 seconds, Stopping threads took: 0.0000204 seconds
2019-10-31T19:22:28.562+0530: 728.925: Total time for which application threads were stopped: 0.0028586 seconds, Stopping threads took: 0.0000206 seconds
2019-10-31T19:22:56.254+0530: 756.617: [GC pause (G1 Evacuation Pause) (young), 0.0152296 secs]
   [Parallel Time: 8.8 ms, GC Workers: 8]
      [GC Worker Start (ms): Min: 756617.6, Avg: 756617.6, Max: 756617.7, Diff: 0.1]
      [Ext Root Scanning (ms): Min: 0.5, Avg: 0.6, Max: 0.7, Diff: 0.2, Sum: 4.5]
      [Update RS (ms): Min: 5.1, Avg: 5.1, Max: 5.1, Diff: 0.1, Sum: 40.8]
         [Processed Buffers: Min: 62, Avg: 68.8, Max: 74, Diff: 12, Sum: 550]
      [Scan RS (ms): Min: 0.0, Avg: 0.1, Max: 0.1, Diff: 0.1, Sum: 0.6]
      [Code Root Scanning (ms): Min: 0.0, Avg: 0.0, Max: 0.0, Diff: 0.0, Sum: 0.0]
      [Object Copy (ms): Min: 2.8, Avg: 2.8, Max: 2.9, Diff: 0.1, Sum: 22.6]
      [Termination (ms): Min: 0.0, Avg: 0.0, Max: 0.0, Diff: 0.0, Sum: 0.0]
         [Termination Attempts: Min: 1, Avg: 2.8, Max: 4, Diff: 3, Sum: 22]
      [GC Worker Other (ms): Min: 0.0, Avg: 0.0, Max: 0.1, Diff: 0.1, Sum: 0.2]
      [GC Worker Total (ms): Min: 8.6, Avg: 8.6, Max: 8.7, Diff: 0.1, Sum: 68.8]
      [GC Worker End (ms): Min: 756626.2, Avg: 756626.2, Max: 756626.3, Diff: 0.1]
   [Code Root Fixup: 0.1 ms]
   [Code Root Purge: 0.0 ms]
   [Clear CT: 0.2 ms]
   [Other: 6.2 ms]
      [Choose CSet: 0.0 ms]
      [Ref Proc: 5.1 ms]
      [Ref Enq: 0.0 ms]
      [Redirty Cards: 0.1 ms]
      [Humongous Register: 0.1 ms]
      [Humongous Reclaim: 0.0 ms]
      [Free CSet: 0.1 ms]
   [Eden: 238.0M(238.0M)->0.0B(240.0M) Survivors: 18.0M->16.0M Heap: 284.7M(4096.0M)->46.3M(4096.0M)]
 [Times: user=0.07 sys=0.00, real=0.01 secs] 
2019-10-31T19:22:56.270+0530: 756.633: Total time for which application threads were stopped: 0.0163998 seconds, Stopping threads took: 0.0001335 seconds
2019-10-31T19:22:56.271+0530: 756.633: Total time for which application threads were stopped: 0.0008530 seconds, Stopping threads took: 0.0001253 seconds
2019-10-31T19:22:56.272+0530: 756.635: Total time for which application threads were stopped: 0.0008335 seconds, Stopping threads took: 0.0001311 seconds
2019-10-31T19:22:56.273+0530: 756.636: Total time for which application threads were stopped: 0.0007445 seconds, Stopping threads took: 0.0001070 seconds
2019-10-31T19:22:56.273+0530: 756.636: Total time for which application threads were stopped: 0.0004556 seconds, Stopping threads took: 0.0000322 seconds
2019-10-31T19:22:56.274+0530: 756.637: Total time for which application threads were stopped: 0.0004579 seconds, Stopping threads took: 0.0000539 seconds
2019-10-31T19:22:56.274+0530: 756.637: Total time for which application threads were stopped: 0.0004412 seconds, Stopping threads took: 0.0000552 seconds
2019-10-31T19:22:56.275+0530: 756.638: Total time for which application threads were stopped: 0.0004136 seconds, Stopping threads took: 0.0000320 seconds
2019-10-31T19:22:56.275+0530: 756.638: Total time for which application threads were stopped: 0.0004241 seconds, Stopping threads took: 0.0000540 seconds
2019-10-31T19:22:56.276+0530: 756.639: Total time for which application threads were stopped: 0.0004253 seconds, Stopping threads took: 0.0000465 seconds
2019-10-31T19:22:56.276+0530: 756.639: Total time for which application threads were stopped: 0.0004604 seconds, Stopping threads took: 0.0000840 seconds
2019-10-31T19:22:56.277+0530: 756.640: Total time for which application threads were stopped: 0.0004363 seconds, Stopping threads took: 0.0000621 seconds
2019-10-31T19:22:56.277+0530: 756.640: Total time for which application threads were stopped: 0.0004244 seconds, Stopping threads took: 0.0000508 seconds
2019-10-31T19:22:56.278+0530: 756.641: Total time for which application threads were stopped: 0.0004173 seconds, Stopping threads took: 0.0000466 seconds
2019-10-31T19:22:56.278+0530: 756.641: Total time for which application threads were stopped: 0.0004170 seconds, Stopping threads took: 0.0000473 seconds
2019-10-31T19:22:56.279+0530: 756.641: Total time for which application threads were stopped: 0.0004118 seconds, Stopping threads took: 0.0000277 seconds
2019-10-31T19:22:56.279+0530: 756.642: Total time for which application threads were stopped: 0.0004404 seconds, Stopping threads took: 0.0000429 seconds
2019-10-31T19:22:56.280+0530: 756.642: Total time for which application threads were stopped: 0.0004384 seconds, Stopping threads took: 0.0000547 seconds
2019-10-31T19:22:56.280+0530: 756.643: Total time for which application threads were stopped: 0.0004334 seconds, Stopping threads took: 0.0000595 seconds
2019-10-31T19:22:56.281+0530: 756.643: Total time for which application threads were stopped: 0.0004537 seconds, Stopping threads took: 0.0000603 seconds
2019-10-31T19:22:56.283+0530: 756.646: Total time for which application threads were stopped: 0.0024586 seconds, Stopping threads took: 0.0001063 seconds
2019-10-31T19:23:23.968+0530: 784.331: [GC pause (G1 Evacuation Pause) (young), 0.0148618 secs]
   [Parallel Time: 8.7 ms, GC Workers: 8]
      [GC Worker Start (ms): Min: 784331.5, Avg: 784331.6, Max: 784331.6, Diff: 0.1]
      [Ext Root Scanning (ms): Min: 0.5, Avg: 0.6, Max: 0.7, Diff: 0.2, Sum: 4.6]
      [Update RS (ms): Min: 5.1, Avg: 5.1, Max: 5.1, Diff: 0.1, Sum: 40.8]
         [Processed Buffers: Min: 58, Avg: 68.4, Max: 75, Diff: 17, Sum: 547]
      [Scan RS (ms): Min: 0.0, Avg: 0.0, Max: 0.1, Diff: 0.1, Sum: 0.2]
      [Code Root Scanning (ms): Min: 0.0, Avg: 0.0, Max: 0.0, Diff: 0.0, Sum: 0.0]
      [Object Copy (ms): Min: 2.7, Avg: 2.8, Max: 2.9, Diff: 0.1, Sum: 22.5]
      [Termination (ms): Min: 0.0, Avg: 0.0, Max: 0.0, Diff: 0.0, Sum: 0.0]
         [Termination Attempts: Min: 1, Avg: 5.6, Max: 9, Diff: 8, Sum: 45]
      [GC Worker Other (ms): Min: 0.0, Avg: 0.1, Max: 0.1, Diff: 0.1, Sum: 0.4]
      [GC Worker Total (ms): Min: 8.5, Avg: 8.6, Max: 8.6, Diff: 0.1, Sum: 68.6]
      [GC Worker End (ms): Min: 784340.1, Avg: 784340.1, Max: 784340.2, Diff: 0.1]
   [Code Root Fixup: 0.1 ms]
   [Code Root Purge: 0.0 ms]
   [Clear CT: 0.2 ms]
   [Other: 5.9 ms]
      [Choose CSet: 0.0 ms]
      [Ref Proc: 4.8 ms]
      [Ref Enq: 0.0 ms]
      [Redirty Cards: 0.1 ms]
      [Humongous Register: 0.1 ms]
      [Humongous Reclaim: 0.0 ms]
      [Free CSet: 0.1 ms]
   [Eden: 240.0M(240.0M)->0.0B(244.0M) Survivors: 16.0M->12.0M Heap: 286.3M(4096.0M)->43.9M(4096.0M)]
 [Times: user=0.07 sys=0.00, real=0.01 secs] 
2019-10-31T19:23:23.983+0530: 784.346: Total time for which application threads were stopped: 0.0160397 seconds, Stopping threads took: 0.0001664 seconds
2019-10-31T19:23:23.985+0530: 784.348: Total time for which application threads were stopped: 0.0008949 seconds, Stopping threads took: 0.0001788 seconds
2019-10-31T19:23:23.986+0530: 784.349: Total time for which application threads were stopped: 0.0007009 seconds, Stopping threads took: 0.0000975 seconds
2019-10-31T19:23:23.986+0530: 784.349: Total time for which application threads were stopped: 0.0004929 seconds, Stopping threads took: 0.0000293 seconds
2019-10-31T19:23:23.987+0530: 784.350: Total time for which application threads were stopped: 0.0003786 seconds, Stopping threads took: 0.0000190 seconds
2019-10-31T19:23:23.987+0530: 784.350: Total time for which application threads were stopped: 0.0003647 seconds, Stopping threads took: 0.0000184 seconds
2019-10-31T19:23:23.987+0530: 784.350: Total time for which application threads were stopped: 0.0003634 seconds, Stopping threads took: 0.0000184 seconds
2019-10-31T19:23:23.988+0530: 784.351: Total time for which application threads were stopped: 0.0003624 seconds, Stopping threads took: 0.0000178 seconds
2019-10-31T19:23:23.988+0530: 784.351: Total time for which application threads were stopped: 0.0003645 seconds, Stopping threads took: 0.0000180 seconds
2019-10-31T19:23:23.989+0530: 784.352: Total time for which application threads were stopped: 0.0004260 seconds, Stopping threads took: 0.0000611 seconds
2019-10-31T19:23:23.989+0530: 784.352: Total time for which application threads were stopped: 0.0004458 seconds, Stopping threads took: 0.0000808 seconds
2019-10-31T19:23:23.990+0530: 784.352: Total time for which application threads were stopped: 0.0004211 seconds, Stopping threads took: 0.0000619 seconds
2019-10-31T19:23:23.990+0530: 784.353: Total time for which application threads were stopped: 0.0004452 seconds, Stopping threads took: 0.0000831 seconds
2019-10-31T19:23:23.991+0530: 784.353: Total time for which application threads were stopped: 0.0004384 seconds, Stopping threads took: 0.0000765 seconds
2019-10-31T19:23:23.991+0530: 784.354: Total time for which application threads were stopped: 0.0004309 seconds, Stopping threads took: 0.0000672 seconds
2019-10-31T19:23:23.991+0530: 784.354: Total time for which application threads were stopped: 0.0004389 seconds, Stopping threads took: 0.0000746 seconds
2019-10-31T19:23:23.992+0530: 784.355: Total time for which application threads were stopped: 0.0004349 seconds, Stopping threads took: 0.0000570 seconds
2019-10-31T19:23:23.992+0530: 784.355: Total time for which application threads were stopped: 0.0004377 seconds, Stopping threads took: 0.0000693 seconds
2019-10-31T19:23:23.993+0530: 784.356: Total time for which application threads were stopped: 0.0004417 seconds, Stopping threads took: 0.0000436 seconds
2019-10-31T19:23:23.993+0530: 784.356: Total time for which application threads were stopped: 0.0004438 seconds, Stopping threads took: 0.0000696 seconds
2019-10-31T19:23:23.996+0530: 784.358: Total time for which application threads were stopped: 0.0022270 seconds, Stopping threads took: 0.0000769 seconds
2019-10-31T19:23:40.998+0530: 801.361: Total time for which application threads were stopped: 0.0012686 seconds, Stopping threads took: 0.0001820 seconds
2019-10-31T19:23:53.892+0530: 814.255: [GC pause (G1 Evacuation Pause) (young), 0.0146799 secs]
   [Parallel Time: 8.2 ms, GC Workers: 8]
      [GC Worker Start (ms): Min: 814255.2, Avg: 814255.2, Max: 814255.2, Diff: 0.1]
      [Ext Root Scanning (ms): Min: 0.5, Avg: 0.6, Max: 0.7, Diff: 0.2, Sum: 4.7]
      [Update RS (ms): Min: 5.1, Avg: 5.1, Max: 5.2, Diff: 0.1, Sum: 41.2]
         [Processed Buffers: Min: 66, Avg: 68.1, Max: 70, Diff: 4, Sum: 545]
      [Scan RS (ms): Min: 0.0, Avg: 0.0, Max: 0.0, Diff: 0.0, Sum: 0.1]
      [Code Root Scanning (ms): Min: 0.0, Avg: 0.0, Max: 0.1, Diff: 0.1, Sum: 0.1]
      [Object Copy (ms): Min: 2.2, Avg: 2.3, Max: 2.3, Diff: 0.1, Sum: 18.2]
      [Termination (ms): Min: 0.0, Avg: 0.0, Max: 0.0, Diff: 0.0, Sum: 0.0]
         [Termination Attempts: Min: 1, Avg: 2.1, Max: 3, Diff: 2, Sum: 17]
      [GC Worker Other (ms): Min: 0.0, Avg: 0.0, Max: 0.1, Diff: 0.1, Sum: 0.3]
      [GC Worker Total (ms): Min: 8.0, Avg: 8.1, Max: 8.1, Diff: 0.1, Sum: 64.6]
      [GC Worker End (ms): Min: 814263.3, Avg: 814263.3, Max: 814263.3, Diff: 0.1]
   [Code Root Fixup: 0.1 ms]
   [Code Root Purge: 0.0 ms]
   [Clear CT: 0.2 ms]
   [Other: 6.2 ms]
      [Choose CSet: 0.0 ms]
      [Ref Proc: 5.1 ms]
      [Ref Enq: 0.0 ms]
      [Redirty Cards: 0.1 ms]
      [Humongous Register: 0.1 ms]
      [Humongous Reclaim: 0.0 ms]
      [Free CSet: 0.1 ms]
   [Eden: 244.0M(244.0M)->0.0B(246.0M) Survivors: 12.0M->10.0M Heap: 287.9M(4096.0M)->44.2M(4096.0M)]
 [Times: user=0.07 sys=0.01, real=0.02 secs] 
2019-10-31T19:23:53.907+0530: 814.270: Total time for which application threads were stopped: 0.0158728 seconds, Stopping threads took: 0.0001453 seconds
2019-10-31T19:23:53.908+0530: 814.271: Total time for which application threads were stopped: 0.0009564 seconds, Stopping threads took: 0.0002113 seconds
2019-10-31T19:23:53.909+0530: 814.272: Total time for which application threads were stopped: 0.0007889 seconds, Stopping threads took: 0.0000914 seconds
2019-10-31T19:23:53.910+0530: 814.273: Total time for which application threads were stopped: 0.0005484 seconds, Stopping threads took: 0.0000584 seconds
2019-10-31T19:23:53.911+0530: 814.273: Total time for which application threads were stopped: 0.0004686 seconds, Stopping threads took: 0.0000611 seconds
2019-10-31T19:23:53.911+0530: 814.274: Total time for which application threads were stopped: 0.0004544 seconds, Stopping threads took: 0.0000546 seconds
2019-10-31T19:23:53.912+0530: 814.274: Total time for which application threads were stopped: 0.0004621 seconds, Stopping threads took: 0.0000357 seconds
2019-10-31T19:23:53.912+0530: 814.275: Total time for which application threads were stopped: 0.0005253 seconds, Stopping threads took: 0.0001226 seconds
2019-10-31T19:23:53.913+0530: 814.276: Total time for which application threads were stopped: 0.0004096 seconds, Stopping threads took: 0.0000329 seconds
2019-10-31T19:23:53.913+0530: 814.276: Total time for which application threads were stopped: 0.0004206 seconds, Stopping threads took: 0.0000583 seconds
2019-10-31T19:23:53.914+0530: 814.276: Total time for which application threads were stopped: 0.0004222 seconds, Stopping threads took: 0.0000429 seconds
2019-10-31T19:23:53.914+0530: 814.277: Total time for which application threads were stopped: 0.0004412 seconds, Stopping threads took: 0.0000644 seconds
2019-10-31T19:23:53.915+0530: 814.277: Total time for which application threads were stopped: 0.0004565 seconds, Stopping threads took: 0.0000708 seconds
2019-10-31T19:23:53.915+0530: 814.278: Total time for which application threads were stopped: 0.0005421 seconds, Stopping threads took: 0.0001250 seconds
2019-10-31T19:23:53.916+0530: 814.279: Total time for which application threads were stopped: 0.0004540 seconds, Stopping threads took: 0.0000486 seconds
2019-10-31T19:23:53.916+0530: 814.279: Total time for which application threads were stopped: 0.0004568 seconds, Stopping threads took: 0.0000749 seconds
2019-10-31T19:23:53.917+0530: 814.280: Total time for which application threads were stopped: 0.0004883 seconds, Stopping threads took: 0.0000746 seconds
2019-10-31T19:23:53.917+0530: 814.280: Total time for which application threads were stopped: 0.0004147 seconds, Stopping threads took: 0.0000456 seconds
2019-10-31T19:23:53.918+0530: 814.281: Total time for which application threads were stopped: 0.0004143 seconds, Stopping threads took: 0.0000284 seconds
2019-10-31T19:23:53.918+0530: 814.281: Total time for which application threads were stopped: 0.0004108 seconds, Stopping threads took: 0.0000408 seconds
2019-10-31T19:23:53.921+0530: 814.283: Total time for which application threads were stopped: 0.0023101 seconds, Stopping threads took: 0.0000669 seconds
2019-10-31T19:23:54.922+0530: 815.284: Total time for which application threads were stopped: 0.0008863 seconds, Stopping threads took: 0.0001755 seconds
2019-10-31T19:24:22.895+0530: 843.258: [GC pause (G1 Evacuation Pause) (young), 0.0148838 secs]
   [Parallel Time: 8.7 ms, GC Workers: 8]
      [GC Worker Start (ms): Min: 843258.2, Avg: 843258.3, Max: 843258.3, Diff: 0.1]
      [Ext Root Scanning (ms): Min: 0.5, Avg: 0.6, Max: 0.7, Diff: 0.2, Sum: 4.7]
      [Update RS (ms): Min: 5.2, Avg: 5.2, Max: 5.2, Diff: 0.1, Sum: 41.6]
         [Processed Buffers: Min: 62, Avg: 67.8, Max: 76, Diff: 14, Sum: 542]
      [Scan RS (ms): Min: 0.0, Avg: 0.0, Max: 0.0, Diff: 0.0, Sum: 0.1]
      [Code Root Scanning (ms): Min: 0.0, Avg: 0.0, Max: 0.0, Diff: 0.0, Sum: 0.0]
      [Object Copy (ms): Min: 2.6, Avg: 2.7, Max: 2.8, Diff: 0.2, Sum: 21.8]
      [Termination (ms): Min: 0.0, Avg: 0.0, Max: 0.0, Diff: 0.0, Sum: 0.1]
         [Termination Attempts: Min: 1, Avg: 10.2, Max: 13, Diff: 12, Sum: 82]
      [GC Worker Other (ms): Min: 0.0, Avg: 0.0, Max: 0.1, Diff: 0.1, Sum: 0.3]
      [GC Worker Total (ms): Min: 8.5, Avg: 8.6, Max: 8.6, Diff: 0.1, Sum: 68.6]
      [GC Worker End (ms): Min: 843266.8, Avg: 843266.8, Max: 843266.9, Diff: 0.1]
   [Code Root Fixup: 0.1 ms]
   [Code Root Purge: 0.0 ms]
   [Clear CT: 0.1 ms]
   [Other: 6.0 ms]
      [Choose CSet: 0.0 ms]
      [Ref Proc: 4.9 ms]
      [Ref Enq: 0.0 ms]
      [Redirty Cards: 0.1 ms]
      [Humongous Register: 0.1 ms]
      [Humongous Reclaim: 0.0 ms]
      [Free CSet: 0.1 ms]
   [Eden: 246.0M(246.0M)->0.0B(242.0M) Survivors: 10.0M->14.0M Heap: 290.2M(4096.0M)->48.5M(4096.0M)]
 [Times: user=0.08 sys=0.01, real=0.01 secs] 
2019-10-31T19:24:22.910+0530: 843.273: Total time for which application threads were stopped: 0.0160769 seconds, Stopping threads took: 0.0001251 seconds
2019-10-31T19:24:22.911+0530: 843.274: Total time for which application threads were stopped: 0.0009354 seconds, Stopping threads took: 0.0001659 seconds
2019-10-31T19:24:22.912+0530: 843.275: Total time for which application threads were stopped: 0.0007432 seconds, Stopping threads took: 0.0001215 seconds
2019-10-31T19:24:22.913+0530: 843.276: Total time for which application threads were stopped: 0.0005963 seconds, Stopping threads took: 0.0000825 seconds
2019-10-31T19:24:22.913+0530: 843.276: Total time for which application threads were stopped: 0.0005252 seconds, Stopping threads took: 0.0000781 seconds
2019-10-31T19:24:22.914+0530: 843.277: Total time for which application threads were stopped: 0.0005013 seconds, Stopping threads took: 0.0000750 seconds
2019-10-31T19:24:22.915+0530: 843.277: Total time for which application threads were stopped: 0.0005155 seconds, Stopping threads took: 0.0000893 seconds
2019-10-31T19:24:22.915+0530: 843.278: Total time for which application threads were stopped: 0.0005184 seconds, Stopping threads took: 0.0000944 seconds
2019-10-31T19:24:22.916+0530: 843.278: Total time for which application threads were stopped: 0.0004746 seconds, Stopping threads took: 0.0000559 seconds
2019-10-31T19:24:22.916+0530: 843.279: Total time for which application threads were stopped: 0.0004934 seconds, Stopping threads took: 0.0000682 seconds
2019-10-31T19:24:22.917+0530: 843.279: Total time for which application threads were stopped: 0.0005075 seconds, Stopping threads took: 0.0000791 seconds
2019-10-31T19:24:22.917+0530: 843.280: Total time for which application threads were stopped: 0.0005215 seconds, Stopping threads took: 0.0000813 seconds
2019-10-31T19:24:22.918+0530: 843.281: Total time for which application threads were stopped: 0.0004967 seconds, Stopping threads took: 0.0000754 seconds
2019-10-31T19:24:22.918+0530: 843.281: Total time for which application threads were stopped: 0.0005266 seconds, Stopping threads took: 0.0001046 seconds
2019-10-31T19:24:22.919+0530: 843.282: Total time for which application threads were stopped: 0.0004949 seconds, Stopping threads took: 0.0000704 seconds
2019-10-31T19:24:22.919+0530: 843.282: Total time for which application threads were stopped: 0.0004985 seconds, Stopping threads took: 0.0000780 seconds
2019-10-31T19:24:22.920+0530: 843.283: Total time for which application threads were stopped: 0.0004975 seconds, Stopping threads took: 0.0000760 seconds
2019-10-31T19:24:22.920+0530: 843.283: Total time for which application threads were stopped: 0.0004718 seconds, Stopping threads took: 0.0000508 seconds
2019-10-31T19:24:22.921+0530: 843.284: Total time for which application threads were stopped: 0.0005358 seconds, Stopping threads took: 0.0000918 seconds
2019-10-31T19:24:22.921+0530: 843.284: Total time for which application threads were stopped: 0.0005055 seconds, Stopping threads took: 0.0000764 seconds
2019-10-31T19:24:22.924+0530: 843.287: Total time for which application threads were stopped: 0.0026854 seconds, Stopping threads took: 0.0000614 seconds
2019-10-31T19:24:34.926+0530: 855.289: Total time for which application threads were stopped: 0.0009576 seconds, Stopping threads took: 0.0001322 seconds
2019-10-31T19:24:35.927+0530: 856.290: Total time for which application threads were stopped: 0.0008725 seconds, Stopping threads took: 0.0001417 seconds
2019-10-31T19:24:38.928+0530: 859.291: Total time for which application threads were stopped: 0.0012544 seconds, Stopping threads took: 0.0001498 seconds
2019-10-31T19:24:43.930+0530: 864.293: Total time for which application threads were stopped: 0.0012709 seconds, Stopping threads took: 0.0001534 seconds
2019-10-31T19:24:49.931+0530: 870.294: Total time for which application threads were stopped: 0.0008692 seconds, Stopping threads took: 0.0001246 seconds
2019-10-31T19:24:52.752+0530: 873.114: [GC pause (G1 Evacuation Pause) (young), 0.0147513 secs]
   [Parallel Time: 8.6 ms, GC Workers: 8]
      [GC Worker Start (ms): Min: 873115.0, Avg: 873115.0, Max: 873115.1, Diff: 0.1]
      [Ext Root Scanning (ms): Min: 0.6, Avg: 0.6, Max: 0.8, Diff: 0.2, Sum: 5.2]
      [Update RS (ms): Min: 5.2, Avg: 5.3, Max: 5.3, Diff: 0.1, Sum: 42.1]
         [Processed Buffers: Min: 63, Avg: 67.6, Max: 72, Diff: 9, Sum: 541]
      [Scan RS (ms): Min: 0.0, Avg: 0.0, Max: 0.0, Diff: 0.0, Sum: 0.1]
      [Code Root Scanning (ms): Min: 0.0, Avg: 0.0, Max: 0.0, Diff: 0.0, Sum: 0.0]
      [Object Copy (ms): Min: 2.4, Avg: 2.5, Max: 2.5, Diff: 0.2, Sum: 19.9]
      [Termination (ms): Min: 0.0, Avg: 0.0, Max: 0.0, Diff: 0.0, Sum: 0.0]
         [Termination Attempts: Min: 1, Avg: 2.1, Max: 5, Diff: 4, Sum: 17]
      [GC Worker Other (ms): Min: 0.0, Avg: 0.0, Max: 0.1, Diff: 0.0, Sum: 0.2]
      [GC Worker Total (ms): Min: 8.4, Avg: 8.4, Max: 8.5, Diff: 0.1, Sum: 67.6]
      [GC Worker End (ms): Min: 873123.5, Avg: 873123.5, Max: 873123.5, Diff: 0.0]
   [Code Root Fixup: 0.1 ms]
   [Code Root Purge: 0.0 ms]
   [Clear CT: 0.1 ms]
   [Other: 6.0 ms]
      [Choose CSet: 0.0 ms]
      [Ref Proc: 4.9 ms]
      [Ref Enq: 0.0 ms]
      [Redirty Cards: 0.1 ms]
      [Humongous Register: 0.1 ms]
      [Humongous Reclaim: 0.0 ms]
      [Free CSet: 0.1 ms]
   [Eden: 242.0M(242.0M)->0.0B(244.0M) Survivors: 14.0M->12.0M Heap: 290.5M(4096.0M)->48.6M(4096.0M)]
 [Times: user=0.08 sys=0.00, real=0.02 secs] 
2019-10-31T19:24:52.767+0530: 873.129: Total time for which application threads were stopped: 0.0160403 seconds, Stopping threads took: 0.0001251 seconds
2019-10-31T19:24:52.768+0530: 873.130: Total time for which application threads were stopped: 0.0008850 seconds, Stopping threads took: 0.0000881 seconds
2019-10-31T19:24:52.770+0530: 873.133: Total time for which application threads were stopped: 0.0007568 seconds, Stopping threads took: 0.0001030 seconds
2019-10-31T19:24:52.770+0530: 873.133: Total time for which application threads were stopped: 0.0005267 seconds, Stopping threads took: 0.0000723 seconds
2019-10-31T19:24:52.771+0530: 873.134: Total time for which application threads were stopped: 0.0004754 seconds, Stopping threads took: 0.0000757 seconds
2019-10-31T19:24:52.771+0530: 873.134: Total time for which application threads were stopped: 0.0004337 seconds, Stopping threads took: 0.0000556 seconds
2019-10-31T19:24:52.772+0530: 873.135: Total time for which application threads were stopped: 0.0004412 seconds, Stopping threads took: 0.0000492 seconds
2019-10-31T19:24:52.772+0530: 873.135: Total time for which application threads were stopped: 0.0004553 seconds, Stopping threads took: 0.0000763 seconds
2019-10-31T19:24:52.773+0530: 873.136: Total time for which application threads were stopped: 0.0004263 seconds, Stopping threads took: 0.0000412 seconds
2019-10-31T19:24:52.773+0530: 873.136: Total time for which application threads were stopped: 0.0004815 seconds, Stopping threads took: 0.0000963 seconds
2019-10-31T19:24:52.774+0530: 873.137: Total time for which application threads were stopped: 0.0004297 seconds, Stopping threads took: 0.0000468 seconds
2019-10-31T19:24:52.774+0530: 873.137: Total time for which application threads were stopped: 0.0004401 seconds, Stopping threads took: 0.0000485 seconds
2019-10-31T19:24:52.775+0530: 873.137: Total time for which application threads were stopped: 0.0004694 seconds, Stopping threads took: 0.0000807 seconds
2019-10-31T19:24:52.775+0530: 873.138: Total time for which application threads were stopped: 0.0005928 seconds, Stopping threads took: 0.0001098 seconds
2019-10-31T19:24:52.776+0530: 873.139: Total time for which application threads were stopped: 0.0004705 seconds, Stopping threads took: 0.0000678 seconds
2019-10-31T19:24:52.776+0530: 873.139: Total time for which application threads were stopped: 0.0004171 seconds, Stopping threads took: 0.0000269 seconds
2019-10-31T19:24:52.777+0530: 873.140: Total time for which application threads were stopped: 0.0005312 seconds, Stopping threads took: 0.0000804 seconds
2019-10-31T19:24:52.777+0530: 873.140: Total time for which application threads were stopped: 0.0005067 seconds, Stopping threads took: 0.0000875 seconds
2019-10-31T19:24:52.778+0530: 873.141: Total time for which application threads were stopped: 0.0004999 seconds, Stopping threads took: 0.0000898 seconds
2019-10-31T19:24:52.778+0530: 873.141: Total time for which application threads were stopped: 0.0004841 seconds, Stopping threads took: 0.0001007 seconds
2019-10-31T19:24:52.781+0530: 873.143: Total time for which application threads were stopped: 0.0022420 seconds, Stopping threads took: 0.0000460 seconds
2019-10-31T19:24:53.782+0530: 874.144: Total time for which application threads were stopped: 0.0009346 seconds, Stopping threads took: 0.0001459 seconds
2019-10-31T19:25:00.783+0530: 881.146: Total time for which application threads were stopped: 0.0012478 seconds, Stopping threads took: 0.0001506 seconds
2019-10-31T19:25:11.786+0530: 892.149: Total time for which application threads were stopped: 0.0013794 seconds, Stopping threads took: 0.0001807 seconds
2019-10-31T19:25:22.229+0530: 902.591: [GC pause (G1 Evacuation Pause) (young), 0.0140669 secs]
   [Parallel Time: 7.8 ms, GC Workers: 8]
      [GC Worker Start (ms): Min: 902592.0, Avg: 902592.0, Max: 902592.1, Diff: 0.1]
      [Ext Root Scanning (ms): Min: 0.5, Avg: 0.5, Max: 0.6, Diff: 0.1, Sum: 4.3]
      [Update RS (ms): Min: 5.2, Avg: 5.2, Max: 5.2, Diff: 0.0, Sum: 41.7]
         [Processed Buffers: Min: 61, Avg: 67.1, Max: 77, Diff: 16, Sum: 537]
      [Scan RS (ms): Min: 0.0, Avg: 0.0, Max: 0.0, Diff: 0.0, Sum: 0.1]
      [Code Root Scanning (ms): Min: 0.0, Avg: 0.0, Max: 0.0, Diff: 0.0, Sum: 0.0]
      [Object Copy (ms): Min: 1.8, Avg: 1.8, Max: 1.9, Diff: 0.1, Sum: 14.8]
      [Termination (ms): Min: 0.0, Avg: 0.0, Max: 0.0, Diff: 0.0, Sum: 0.0]
         [Termination Attempts: Min: 1, Avg: 3.0, Max: 6, Diff: 5, Sum: 24]
      [GC Worker Other (ms): Min: 0.0, Avg: 0.0, Max: 0.1, Diff: 0.0, Sum: 0.2]
      [GC Worker Total (ms): Min: 7.6, Avg: 7.7, Max: 7.7, Diff: 0.1, Sum: 61.2]
      [GC Worker End (ms): Min: 902599.7, Avg: 902599.7, Max: 902599.7, Diff: 0.0]
   [Code Root Fixup: 0.1 ms]
   [Code Root Purge: 0.0 ms]
   [Clear CT: 0.1 ms]
   [Other: 6.1 ms]
      [Choose CSet: 0.0 ms]
      [Ref Proc: 5.0 ms]
      [Ref Enq: 0.0 ms]
      [Redirty Cards: 0.1 ms]
      [Humongous Register: 0.1 ms]
      [Humongous Reclaim: 0.0 ms]
      [Free CSet: 0.1 ms]
   [Eden: 244.0M(244.0M)->0.0B(246.0M) Survivors: 12.0M->10.0M Heap: 292.6M(4096.0M)->47.7M(4096.0M)]
 [Times: user=0.06 sys=0.00, real=0.01 secs] 
2019-10-31T19:25:22.243+0530: 902.606: Total time for which application threads were stopped: 0.0151657 seconds, Stopping threads took: 0.0001287 seconds
2019-10-31T19:25:22.244+0530: 902.607: Total time for which application threads were stopped: 0.0008308 seconds, Stopping threads took: 0.0001511 seconds
2019-10-31T19:25:22.245+0530: 902.608: Total time for which application threads were stopped: 0.0007480 seconds, Stopping threads took: 0.0000941 seconds
2019-10-31T19:25:22.246+0530: 902.609: Total time for which application threads were stopped: 0.0005327 seconds, Stopping threads took: 0.0000635 seconds
2019-10-31T19:25:22.246+0530: 902.609: Total time for which application threads were stopped: 0.0004437 seconds, Stopping threads took: 0.0000624 seconds
2019-10-31T19:25:22.247+0530: 902.610: Total time for which application threads were stopped: 0.0004360 seconds, Stopping threads took: 0.0000739 seconds
2019-10-31T19:25:22.247+0530: 902.610: Total time for which application threads were stopped: 0.0003791 seconds, Stopping threads took: 0.0000270 seconds
2019-10-31T19:25:22.248+0530: 902.611: Total time for which application threads were stopped: 0.0003981 seconds, Stopping threads took: 0.0000487 seconds
2019-10-31T19:25:22.248+0530: 902.611: Total time for which application threads were stopped: 0.0004107 seconds, Stopping threads took: 0.0000551 seconds
2019-10-31T19:25:22.249+0530: 902.612: Total time for which application threads were stopped: 0.0004147 seconds, Stopping threads took: 0.0000582 seconds
2019-10-31T19:25:22.249+0530: 902.612: Total time for which application threads were stopped: 0.0004024 seconds, Stopping threads took: 0.0000508 seconds
2019-10-31T19:25:22.250+0530: 902.612: Total time for which application threads were stopped: 0.0003964 seconds, Stopping threads took: 0.0000266 seconds
2019-10-31T19:25:22.250+0530: 902.613: Total time for which application threads were stopped: 0.0003902 seconds, Stopping threads took: 0.0000417 seconds
2019-10-31T19:25:22.251+0530: 902.613: Total time for which application threads were stopped: 0.0004177 seconds, Stopping threads took: 0.0000518 seconds
2019-10-31T19:25:22.251+0530: 902.614: Total time for which application threads were stopped: 0.0004423 seconds, Stopping threads took: 0.0000896 seconds
2019-10-31T19:25:22.252+0530: 902.614: Total time for which application threads were stopped: 0.0003923 seconds, Stopping threads took: 0.0000385 seconds
2019-10-31T19:25:22.252+0530: 902.615: Total time for which application threads were stopped: 0.0005117 seconds, Stopping threads took: 0.0000745 seconds
2019-10-31T19:25:22.253+0530: 902.615: Total time for which application threads were stopped: 0.0004324 seconds, Stopping threads took: 0.0000709 seconds
2019-10-31T19:25:22.253+0530: 902.616: Total time for which application threads were stopped: 0.0004441 seconds, Stopping threads took: 0.0000703 seconds
2019-10-31T19:25:22.254+0530: 902.616: Total time for which application threads were stopped: 0.0004463 seconds, Stopping threads took: 0.0000701 seconds
2019-10-31T19:25:22.256+0530: 902.619: Total time for which application threads were stopped: 0.0022079 seconds, Stopping threads took: 0.0000357 seconds
2019-10-31T19:25:23.257+0530: 903.620: Total time for which application threads were stopped: 0.0009628 seconds, Stopping threads took: 0.0001378 seconds
2019-10-31T19:25:30.258+0530: 910.621: Total time for which application threads were stopped: 0.0008711 seconds, Stopping threads took: 0.0001849 seconds
2019-10-31T19:25:50.530+0530: 930.893: [GC pause (G1 Evacuation Pause) (young), 0.0146455 secs]
   [Parallel Time: 8.3 ms, GC Workers: 8]
      [GC Worker Start (ms): Min: 930893.2, Avg: 930893.3, Max: 930893.3, Diff: 0.1]
      [Ext Root Scanning (ms): Min: 0.6, Avg: 0.6, Max: 0.8, Diff: 0.2, Sum: 5.1]
      [Update RS (ms): Min: 5.2, Avg: 5.3, Max: 5.3, Diff: 0.1, Sum: 42.1]
         [Processed Buffers: Min: 58, Avg: 67.0, Max: 75, Diff: 17, Sum: 536]
      [Scan RS (ms): Min: 0.0, Avg: 0.0, Max: 0.0, Diff: 0.0, Sum: 0.1]
      [Code Root Scanning (ms): Min: 0.0, Avg: 0.0, Max: 0.0, Diff: 0.0, Sum: 0.0]
      [Object Copy (ms): Min: 2.1, Avg: 2.2, Max: 2.2, Diff: 0.1, Sum: 17.4]
      [Termination (ms): Min: 0.0, Avg: 0.0, Max: 0.0, Diff: 0.0, Sum: 0.0]
         [Termination Attempts: Min: 1, Avg: 3.9, Max: 6, Diff: 5, Sum: 31]
      [GC Worker Other (ms): Min: 0.0, Avg: 0.0, Max: 0.1, Diff: 0.1, Sum: 0.3]
      [GC Worker Total (ms): Min: 8.1, Avg: 8.1, Max: 8.2, Diff: 0.1, Sum: 65.1]
      [GC Worker End (ms): Min: 930901.4, Avg: 930901.4, Max: 930901.5, Diff: 0.1]
   [Code Root Fixup: 0.1 ms]
   [Code Root Purge: 0.0 ms]
   [Clear CT: 0.2 ms]
   [Other: 6.1 ms]
      [Choose CSet: 0.0 ms]
      [Ref Proc: 5.0 ms]
      [Ref Enq: 0.0 ms]
      [Redirty Cards: 0.1 ms]
      [Humongous Register: 0.1 ms]
      [Humongous Reclaim: 0.0 ms]
      [Free CSet: 0.1 ms]
   [Eden: 246.0M(246.0M)->0.0B(246.0M) Survivors: 10.0M->10.0M Heap: 293.7M(4096.0M)->47.6M(4096.0M)]
 [Times: user=0.08 sys=0.00, real=0.01 secs] 
2019-10-31T19:25:50.545+0530: 930.908: Total time for which application threads were stopped: 0.0159659 seconds, Stopping threads took: 0.0001509 seconds
2019-10-31T19:25:50.546+0530: 930.909: Total time for which application threads were stopped: 0.0009845 seconds, Stopping threads took: 0.0001311 seconds
2019-10-31T19:25:50.547+0530: 930.910: Total time for which application threads were stopped: 0.0007682 seconds, Stopping threads took: 0.0000628 seconds
2019-10-31T19:25:50.547+0530: 930.910: Total time for which application threads were stopped: 0.0004879 seconds, Stopping threads took: 0.0000302 seconds
2019-10-31T19:25:50.548+0530: 930.911: Total time for which application threads were stopped: 0.0004732 seconds, Stopping threads took: 0.0000292 seconds
2019-10-31T19:25:50.548+0530: 930.911: Total time for which application threads were stopped: 0.0004498 seconds, Stopping threads took: 0.0000323 seconds
2019-10-31T19:25:50.549+0530: 930.912: Total time for which application threads were stopped: 0.0004938 seconds, Stopping threads took: 0.0000417 seconds
2019-10-31T19:25:50.549+0530: 930.912: Total time for which application threads were stopped: 0.0004747 seconds, Stopping threads took: 0.0000563 seconds
2019-10-31T19:25:50.550+0530: 930.913: Total time for which application threads were stopped: 0.0004788 seconds, Stopping threads took: 0.0000492 seconds
2019-10-31T19:25:50.550+0530: 930.913: Total time for which application threads were stopped: 0.0004548 seconds, Stopping threads took: 0.0000380 seconds
2019-10-31T19:25:50.551+0530: 930.914: Total time for which application threads were stopped: 0.0004636 seconds, Stopping threads took: 0.0000459 seconds
2019-10-31T19:25:50.551+0530: 930.914: Total time for which application threads were stopped: 0.0004384 seconds, Stopping threads took: 0.0000249 seconds
2019-10-31T19:25:50.552+0530: 930.915: Total time for which application threads were stopped: 0.0004541 seconds, Stopping threads took: 0.0000235 seconds
2019-10-31T19:25:50.552+0530: 930.915: Total time for which application threads were stopped: 0.0004374 seconds, Stopping threads took: 0.0000227 seconds
2019-10-31T19:25:50.553+0530: 930.916: Total time for which application threads were stopped: 0.0004733 seconds, Stopping threads took: 0.0000227 seconds
2019-10-31T19:25:50.553+0530: 930.916: Total time for which application threads were stopped: 0.0004566 seconds, Stopping threads took: 0.0000356 seconds
2019-10-31T19:25:50.554+0530: 930.917: Total time for which application threads were stopped: 0.0004624 seconds, Stopping threads took: 0.0000443 seconds
2019-10-31T19:25:50.554+0530: 930.917: Total time for which application threads were stopped: 0.0004627 seconds, Stopping threads took: 0.0000433 seconds
2019-10-31T19:25:50.555+0530: 930.918: Total time for which application threads were stopped: 0.0004634 seconds, Stopping threads took: 0.0000429 seconds
2019-10-31T19:25:50.555+0530: 930.918: Total time for which application threads were stopped: 0.0004477 seconds, Stopping threads took: 0.0000338 seconds
2019-10-31T19:25:50.558+0530: 930.921: Total time for which application threads were stopped: 0.0025467 seconds, Stopping threads took: 0.0000269 seconds
2019-10-31T19:25:55.559+0530: 935.922: Total time for which application threads were stopped: 0.0007998 seconds, Stopping threads took: 0.0001297 seconds
2019-10-31T19:26:00.560+0530: 940.923: Total time for which application threads were stopped: 0.0011411 seconds, Stopping threads took: 0.0001550 seconds
2019-10-31T19:26:24.009+0530: 964.372: [GC pause (G1 Evacuation Pause) (young), 0.0137378 secs]
   [Parallel Time: 7.3 ms, GC Workers: 8]
      [GC Worker Start (ms): Min: 964372.3, Avg: 964372.3, Max: 964372.4, Diff: 0.1]
      [Ext Root Scanning (ms): Min: 0.5, Avg: 0.5, Max: 0.6, Diff: 0.1, Sum: 4.3]
      [Update RS (ms): Min: 5.2, Avg: 5.2, Max: 5.2, Diff: 0.1, Sum: 41.5]
         [Processed Buffers: Min: 62, Avg: 66.5, Max: 71, Diff: 9, Sum: 532]
      [Scan RS (ms): Min: 0.0, Avg: 0.0, Max: 0.0, Diff: 0.0, Sum: 0.1]
      [Code Root Scanning (ms): Min: 0.0, Avg: 0.0, Max: 0.0, Diff: 0.0, Sum: 0.0]
      [Object Copy (ms): Min: 1.3, Avg: 1.4, Max: 1.4, Diff: 0.1, Sum: 10.9]
      [Termination (ms): Min: 0.0, Avg: 0.0, Max: 0.0, Diff: 0.0, Sum: 0.0]
         [Termination Attempts: Min: 1, Avg: 1.8, Max: 3, Diff: 2, Sum: 14]
      [GC Worker Other (ms): Min: 0.0, Avg: 0.0, Max: 0.1, Diff: 0.1, Sum: 0.3]
      [GC Worker Total (ms): Min: 7.1, Avg: 7.1, Max: 7.2, Diff: 0.1, Sum: 57.2]
      [GC Worker End (ms): Min: 964379.5, Avg: 964379.5, Max: 964379.5, Diff: 0.1]
   [Code Root Fixup: 0.1 ms]
   [Code Root Purge: 0.0 ms]
   [Clear CT: 0.1 ms]
   [Other: 6.2 ms]
      [Choose CSet: 0.0 ms]
      [Ref Proc: 5.1 ms]
      [Ref Enq: 0.0 ms]
      [Redirty Cards: 0.1 ms]
      [Humongous Register: 0.1 ms]
      [Humongous Reclaim: 0.0 ms]
      [Free CSet: 0.1 ms]
   [Eden: 246.0M(246.0M)->0.0B(244.0M) Survivors: 10.0M->12.0M Heap: 293.6M(4096.0M)->50.0M(4096.0M)]
 [Times: user=0.05 sys=0.01, real=0.01 secs] 
2019-10-31T19:26:24.023+0530: 964.386: Total time for which application threads were stopped: 0.0148768 seconds, Stopping threads took: 0.0001455 seconds
2019-10-31T19:26:24.024+0530: 964.387: Total time for which application threads were stopped: 0.0007466 seconds, Stopping threads took: 0.0001342 seconds
2019-10-31T19:26:24.024+0530: 964.387: Total time for which application threads were stopped: 0.0004936 seconds, Stopping threads took: 0.0000561 seconds
2019-10-31T19:26:24.025+0530: 964.388: Total time for which application threads were stopped: 0.0004558 seconds, Stopping threads took: 0.0000554 seconds
2019-10-31T19:26:24.025+0530: 964.388: Total time for which application threads were stopped: 0.0004094 seconds, Stopping threads took: 0.0000725 seconds
2019-10-31T19:26:24.026+0530: 964.389: Total time for which application threads were stopped: 0.0003711 seconds, Stopping threads took: 0.0000445 seconds
2019-10-31T19:26:24.026+0530: 964.389: Total time for which application threads were stopped: 0.0003509 seconds, Stopping threads took: 0.0000293 seconds
2019-10-31T19:26:24.027+0530: 964.389: Total time for which application threads were stopped: 0.0003416 seconds, Stopping threads took: 0.0000241 seconds
2019-10-31T19:26:24.027+0530: 964.390: Total time for which application threads were stopped: 0.0003354 seconds, Stopping threads took: 0.0000211 seconds
2019-10-31T19:26:24.027+0530: 964.390: Total time for which application threads were stopped: 0.0003366 seconds, Stopping threads took: 0.0000234 seconds
2019-10-31T19:26:24.028+0530: 964.391: Total time for which application threads were stopped: 0.0003353 seconds, Stopping threads took: 0.0000235 seconds
2019-10-31T19:26:24.028+0530: 964.391: Total time for which application threads were stopped: 0.0003361 seconds, Stopping threads took: 0.0000244 seconds
2019-10-31T19:26:24.028+0530: 964.391: Total time for which application threads were stopped: 0.0003346 seconds, Stopping threads took: 0.0000233 seconds
2019-10-31T19:26:24.029+0530: 964.392: Total time for which application threads were stopped: 0.0003627 seconds, Stopping threads took: 0.0000233 seconds
2019-10-31T19:26:24.029+0530: 964.392: Total time for which application threads were stopped: 0.0003671 seconds, Stopping threads took: 0.0000545 seconds
2019-10-31T19:26:24.030+0530: 964.392: Total time for which application threads were stopped: 0.0003645 seconds, Stopping threads took: 0.0000508 seconds
2019-10-31T19:26:24.030+0530: 964.393: Total time for which application threads were stopped: 0.0003533 seconds, Stopping threads took: 0.0000401 seconds
2019-10-31T19:26:24.030+0530: 964.393: Total time for which application threads were stopped: 0.0003378 seconds, Stopping threads took: 0.0000266 seconds
2019-10-31T19:26:24.031+0530: 964.394: Total time for which application threads were stopped: 0.0003422 seconds, Stopping threads took: 0.0000261 seconds
2019-10-31T19:26:24.031+0530: 964.394: Total time for which application threads were stopped: 0.0003633 seconds, Stopping threads took: 0.0000441 seconds
2019-10-31T19:26:24.033+0530: 964.396: Total time for which application threads were stopped: 0.0018327 seconds, Stopping threads took: 0.0000606 seconds
2019-10-31T19:26:39.035+0530: 979.398: Total time for which application threads were stopped: 0.0009369 seconds, Stopping threads took: 0.0001285 seconds
2019-10-31T19:26:51.850+0530: 992.212: [GC pause (G1 Evacuation Pause) (young), 0.0135759 secs]
   [Parallel Time: 7.4 ms, GC Workers: 8]
      [GC Worker Start (ms): Min: 992213.0, Avg: 992213.0, Max: 992213.1, Diff: 0.1]
      [Ext Root Scanning (ms): Min: 0.5, Avg: 0.6, Max: 0.6, Diff: 0.1, Sum: 4.5]
      [Update RS (ms): Min: 5.1, Avg: 5.1, Max: 5.1, Diff: 0.1, Sum: 40.9]
         [Processed Buffers: Min: 63, Avg: 66.1, Max: 70, Diff: 7, Sum: 529]
      [Scan RS (ms): Min: 0.0, Avg: 0.0, Max: 0.0, Diff: 0.0, Sum: 0.1]
      [Code Root Scanning (ms): Min: 0.0, Avg: 0.0, Max: 0.0, Diff: 0.0, Sum: 0.0]
      [Object Copy (ms): Min: 1.5, Avg: 1.5, Max: 1.6, Diff: 0.1, Sum: 12.2]
      [Termination (ms): Min: 0.0, Avg: 0.0, Max: 0.0, Diff: 0.0, Sum: 0.0]
         [Termination Attempts: Min: 1, Avg: 4.9, Max: 7, Diff: 6, Sum: 39]
      [GC Worker Other (ms): Min: 0.0, Avg: 0.0, Max: 0.1, Diff: 0.1, Sum: 0.3]
      [GC Worker Total (ms): Min: 7.2, Avg: 7.3, Max: 7.3, Diff: 0.1, Sum: 58.0]
      [GC Worker End (ms): Min: 992220.3, Avg: 992220.3, Max: 992220.3, Diff: 0.1]
   [Code Root Fixup: 0.1 ms]
   [Code Root Purge: 0.0 ms]
   [Clear CT: 0.1 ms]
   [Other: 6.0 ms]
      [Choose CSet: 0.0 ms]
      [Ref Proc: 4.9 ms]
      [Ref Enq: 0.0 ms]
      [Redirty Cards: 0.1 ms]
      [Humongous Register: 0.1 ms]
      [Humongous Reclaim: 0.0 ms]
      [Free CSet: 0.1 ms]
   [Eden: 244.0M(244.0M)->0.0B(248.0M) Survivors: 12.0M->8192.0K Heap: 294.0M(4096.0M)->46.5M(4096.0M)]
 [Times: user=0.06 sys=0.00, real=0.01 secs] 
2019-10-31T19:26:51.863+0530: 992.226: Total time for which application threads were stopped: 0.0147391 seconds, Stopping threads took: 0.0001724 seconds
2019-10-31T19:26:51.864+0530: 992.227: Total time for which application threads were stopped: 0.0008575 seconds, Stopping threads took: 0.0001590 seconds
2019-10-31T19:26:51.866+0530: 992.229: Total time for which application threads were stopped: 0.0007427 seconds, Stopping threads took: 0.0001289 seconds
2019-10-31T19:26:51.867+0530: 992.230: Total time for which application threads were stopped: 0.0005568 seconds, Stopping threads took: 0.0000794 seconds
2019-10-31T19:26:51.867+0530: 992.230: Total time for which application threads were stopped: 0.0005097 seconds, Stopping threads took: 0.0001006 seconds
2019-10-31T19:26:51.868+0530: 992.231: Total time for which application threads were stopped: 0.0005402 seconds, Stopping threads took: 0.0000886 seconds
2019-10-31T19:26:51.868+0530: 992.231: Total time for which application threads were stopped: 0.0004231 seconds, Stopping threads took: 0.0000449 seconds
2019-10-31T19:26:51.869+0530: 992.232: Total time for which application threads were stopped: 0.0004159 seconds, Stopping threads took: 0.0000218 seconds
2019-10-31T19:26:51.869+0530: 992.232: Total time for which application threads were stopped: 0.0004238 seconds, Stopping threads took: 0.0000497 seconds
2019-10-31T19:26:51.870+0530: 992.233: Total time for which application threads were stopped: 0.0003862 seconds, Stopping threads took: 0.0000251 seconds
2019-10-31T19:26:51.870+0530: 992.233: Total time for which application threads were stopped: 0.0004467 seconds, Stopping threads took: 0.0000786 seconds
2019-10-31T19:26:51.871+0530: 992.234: Total time for which application threads were stopped: 0.0004286 seconds, Stopping threads took: 0.0000663 seconds
2019-10-31T19:26:51.871+0530: 992.234: Total time for which application threads were stopped: 0.0004089 seconds, Stopping threads took: 0.0000405 seconds
2019-10-31T19:26:51.872+0530: 992.234: Total time for which application threads were stopped: 0.0003857 seconds, Stopping threads took: 0.0000269 seconds
2019-10-31T19:26:51.872+0530: 992.235: Total time for which application threads were stopped: 0.0003834 seconds, Stopping threads took: 0.0000317 seconds
2019-10-31T19:26:51.872+0530: 992.235: Total time for which application threads were stopped: 0.0003872 seconds, Stopping threads took: 0.0000346 seconds
2019-10-31T19:26:51.873+0530: 992.236: Total time for which application threads were stopped: 0.0004061 seconds, Stopping threads took: 0.0000224 seconds
2019-10-31T19:26:51.873+0530: 992.236: Total time for which application threads were stopped: 0.0004065 seconds, Stopping threads took: 0.0000507 seconds
2019-10-31T19:26:51.874+0530: 992.237: Total time for which application threads were stopped: 0.0003978 seconds, Stopping threads took: 0.0000413 seconds
2019-10-31T19:26:51.874+0530: 992.237: Total time for which application threads were stopped: 0.0003713 seconds, Stopping threads took: 0.0000211 seconds
2019-10-31T19:26:51.876+0530: 992.239: Total time for which application threads were stopped: 0.0020128 seconds, Stopping threads took: 0.0000203 seconds
2019-10-31T19:27:02.878+0530: 1003.241: Total time for which application threads were stopped: 0.0009371 seconds, Stopping threads took: 0.0001259 seconds
2019-10-31T19:27:22.530+0530: 1022.893: [GC pause (G1 Evacuation Pause) (young), 0.0137269 secs]
   [Parallel Time: 7.6 ms, GC Workers: 8]
      [GC Worker Start (ms): Min: 1022893.2, Avg: 1022893.2, Max: 1022893.3, Diff: 0.1]
      [Ext Root Scanning (ms): Min: 0.5, Avg: 0.6, Max: 0.6, Diff: 0.1, Sum: 4.5]
      [Update RS (ms): Min: 5.0, Avg: 5.1, Max: 5.1, Diff: 0.1, Sum: 40.6]
         [Processed Buffers: Min: 63, Avg: 66.4, Max: 71, Diff: 8, Sum: 531]
      [Scan RS (ms): Min: 0.0, Avg: 0.0, Max: 0.0, Diff: 0.0, Sum: 0.1]
      [Code Root Scanning (ms): Min: 0.0, Avg: 0.0, Max: 0.0, Diff: 0.0, Sum: 0.0]
      [Object Copy (ms): Min: 1.7, Avg: 1.7, Max: 1.7, Diff: 0.1, Sum: 13.8]
      [Termination (ms): Min: 0.0, Avg: 0.0, Max: 0.0, Diff: 0.0, Sum: 0.1]
         [Termination Attempts: Min: 1, Avg: 16.0, Max: 25, Diff: 24, Sum: 128]
      [GC Worker Other (ms): Min: 0.0, Avg: 0.0, Max: 0.1, Diff: 0.0, Sum: 0.2]
      [GC Worker Total (ms): Min: 7.4, Avg: 7.4, Max: 7.5, Diff: 0.1, Sum: 59.5]
      [GC Worker End (ms): Min: 1022900.6, Avg: 1022900.6, Max: 1022900.7, Diff: 0.1]
   [Code Root Fixup: 0.1 ms]
   [Code Root Purge: 0.0 ms]
   [Clear CT: 0.2 ms]
   [Other: 5.9 ms]
      [Choose CSet: 0.0 ms]
      [Ref Proc: 4.8 ms]
      [Ref Enq: 0.0 ms]
      [Redirty Cards: 0.1 ms]
      [Humongous Register: 0.1 ms]
      [Humongous Reclaim: 0.0 ms]
      [Free CSet: 0.1 ms]
   [Eden: 248.0M(248.0M)->0.0B(248.0M) Survivors: 8192.0K->8192.0K Heap: 294.5M(4096.0M)->47.0M(4096.0M)]
 [Times: user=0.06 sys=0.00, real=0.01 secs] 
2019-10-31T19:27:22.544+0530: 1022.907: Total time for which application threads were stopped: 0.0148273 seconds, Stopping threads took: 0.0001285 seconds
2019-10-31T19:27:22.545+0530: 1022.908: Total time for which application threads were stopped: 0.0008370 seconds, Stopping threads took: 0.0002050 seconds
2019-10-31T19:27:22.546+0530: 1022.909: Total time for which application threads were stopped: 0.0007068 seconds, Stopping threads took: 0.0000937 seconds
2019-10-31T19:27:22.546+0530: 1022.909: Total time for which application threads were stopped: 0.0005658 seconds, Stopping threads took: 0.0000599 seconds
2019-10-31T19:27:22.547+0530: 1022.910: Total time for which application threads were stopped: 0.0004471 seconds, Stopping threads took: 0.0000363 seconds
2019-10-31T19:27:22.547+0530: 1022.910: Total time for which application threads were stopped: 0.0004081 seconds, Stopping threads took: 0.0000282 seconds
2019-10-31T19:27:22.548+0530: 1022.911: Total time for which application threads were stopped: 0.0004050 seconds, Stopping threads took: 0.0000477 seconds
2019-10-31T19:27:22.548+0530: 1022.911: Total time for which application threads were stopped: 0.0003921 seconds, Stopping threads took: 0.0000435 seconds
2019-10-31T19:27:22.549+0530: 1022.912: Total time for which application threads were stopped: 0.0004398 seconds, Stopping threads took: 0.0000563 seconds
2019-10-31T19:27:22.549+0530: 1022.912: Total time for which application threads were stopped: 0.0004042 seconds, Stopping threads took: 0.0000338 seconds
2019-10-31T19:27:22.550+0530: 1022.913: Total time for which application threads were stopped: 0.0003885 seconds, Stopping threads took: 0.0000296 seconds
2019-10-31T19:27:22.550+0530: 1022.913: Total time for which application threads were stopped: 0.0003582 seconds, Stopping threads took: 0.0000222 seconds
2019-10-31T19:27:22.551+0530: 1022.913: Total time for which application threads were stopped: 0.0003923 seconds, Stopping threads took: 0.0000446 seconds
2019-10-31T19:27:22.551+0530: 1022.914: Total time for which application threads were stopped: 0.0003962 seconds, Stopping threads took: 0.0000413 seconds
2019-10-31T19:27:22.551+0530: 1022.914: Total time for which application threads were stopped: 0.0004027 seconds, Stopping threads took: 0.0000556 seconds
2019-10-31T19:27:22.552+0530: 1022.915: Total time for which application threads were stopped: 0.0004015 seconds, Stopping threads took: 0.0000429 seconds
2019-10-31T19:27:22.552+0530: 1022.915: Total time for which application threads were stopped: 0.0003658 seconds, Stopping threads took: 0.0000224 seconds
2019-10-31T19:27:22.553+0530: 1022.916: Total time for which application threads were stopped: 0.0003595 seconds, Stopping threads took: 0.0000203 seconds
2019-10-31T19:27:22.553+0530: 1022.916: Total time for which application threads were stopped: 0.0003671 seconds, Stopping threads took: 0.0000241 seconds
2019-10-31T19:27:22.554+0530: 1022.916: Total time for which application threads were stopped: 0.0003655 seconds, Stopping threads took: 0.0000225 seconds
2019-10-31T19:27:22.556+0530: 1022.918: Total time for which application threads were stopped: 0.0020047 seconds, Stopping threads took: 0.0000201 seconds
2019-10-31T19:27:51.110+0530: 1051.473: [GC pause (G1 Evacuation Pause) (young), 0.0136429 secs]
   [Parallel Time: 7.4 ms, GC Workers: 8]
      [GC Worker Start (ms): Min: 1051473.0, Avg: 1051473.1, Max: 1051473.1, Diff: 0.1]
      [Ext Root Scanning (ms): Min: 0.5, Avg: 0.5, Max: 0.6, Diff: 0.1, Sum: 4.4]
      [Update RS (ms): Min: 5.0, Avg: 5.1, Max: 5.1, Diff: 0.1, Sum: 40.6]
         [Processed Buffers: Min: 64, Avg: 66.2, Max: 70, Diff: 6, Sum: 530]
      [Scan RS (ms): Min: 0.0, Avg: 0.0, Max: 0.0, Diff: 0.0, Sum: 0.1]
      [Code Root Scanning (ms): Min: 0.0, Avg: 0.0, Max: 0.0, Diff: 0.0, Sum: 0.0]
      [Object Copy (ms): Min: 1.5, Avg: 1.6, Max: 1.6, Diff: 0.1, Sum: 12.5]
      [Termination (ms): Min: 0.0, Avg: 0.0, Max: 0.0, Diff: 0.0, Sum: 0.0]
         [Termination Attempts: Min: 1, Avg: 5.1, Max: 8, Diff: 7, Sum: 41]
      [GC Worker Other (ms): Min: 0.0, Avg: 0.0, Max: 0.1, Diff: 0.1, Sum: 0.2]
      [GC Worker Total (ms): Min: 7.2, Avg: 7.2, Max: 7.3, Diff: 0.1, Sum: 57.9]
      [GC Worker End (ms): Min: 1051480.3, Avg: 1051480.3, Max: 1051480.4, Diff: 0.1]
   [Code Root Fixup: 0.1 ms]
   [Code Root Purge: 0.0 ms]
   [Clear CT: 0.2 ms]
   [Other: 6.1 ms]
      [Choose CSet: 0.0 ms]
      [Ref Proc: 4.9 ms]
      [Ref Enq: 0.0 ms]
      [Redirty Cards: 0.1 ms]
      [Humongous Register: 0.1 ms]
      [Humongous Reclaim: 0.0 ms]
      [Free CSet: 0.1 ms]
   [Eden: 248.0M(248.0M)->0.0B(248.0M) Survivors: 8192.0K->8192.0K Heap: 295.0M(4096.0M)->47.0M(4096.0M)]
 [Times: user=0.06 sys=0.00, real=0.01 secs] 
2019-10-31T19:27:51.124+0530: 1051.486: Total time for which application threads were stopped: 0.0147527 seconds, Stopping threads took: 0.0001199 seconds
2019-10-31T19:27:51.124+0530: 1051.487: Total time for which application threads were stopped: 0.0007662 seconds, Stopping threads took: 0.0001021 seconds
2019-10-31T19:27:51.125+0530: 1051.488: Total time for which application threads were stopped: 0.0006011 seconds, Stopping threads took: 0.0000511 seconds
2019-10-31T19:27:51.126+0530: 1051.489: Total time for which application threads were stopped: 0.0004933 seconds, Stopping threads took: 0.0000631 seconds
2019-10-31T19:27:51.126+0530: 1051.489: Total time for which application threads were stopped: 0.0003780 seconds, Stopping threads took: 0.0000306 seconds
2019-10-31T19:27:51.126+0530: 1051.489: Total time for which application threads were stopped: 0.0003419 seconds, Stopping threads took: 0.0000253 seconds
2019-10-31T19:27:51.127+0530: 1051.490: Total time for which application threads were stopped: 0.0003673 seconds, Stopping threads took: 0.0000499 seconds
2019-10-31T19:27:51.127+0530: 1051.490: Total time for which application threads were stopped: 0.0003330 seconds, Stopping threads took: 0.0000222 seconds
2019-10-31T19:27:51.128+0530: 1051.490: Total time for which application threads were stopped: 0.0003390 seconds, Stopping threads took: 0.0000188 seconds
2019-10-31T19:27:51.128+0530: 1051.491: Total time for which application threads were stopped: 0.0003455 seconds, Stopping threads took: 0.0000217 seconds
2019-10-31T19:27:51.128+0530: 1051.491: Total time for which application threads were stopped: 0.0003665 seconds, Stopping threads took: 0.0000510 seconds
2019-10-31T19:27:51.129+0530: 1051.492: Total time for which application threads were stopped: 0.0003753 seconds, Stopping threads took: 0.0000422 seconds
2019-10-31T19:27:51.129+0530: 1051.492: Total time for which application threads were stopped: 0.0003670 seconds, Stopping threads took: 0.0000550 seconds
2019-10-31T19:27:51.130+0530: 1051.492: Total time for which application threads were stopped: 0.0003609 seconds, Stopping threads took: 0.0000467 seconds
2019-10-31T19:27:51.130+0530: 1051.493: Total time for which application threads were stopped: 0.0003380 seconds, Stopping threads took: 0.0000220 seconds
2019-10-31T19:27:51.130+0530: 1051.493: Total time for which application threads were stopped: 0.0003515 seconds, Stopping threads took: 0.0000290 seconds
2019-10-31T19:27:51.131+0530: 1051.494: Total time for which application threads were stopped: 0.0003704 seconds, Stopping threads took: 0.0000537 seconds
2019-10-31T19:27:51.131+0530: 1051.494: Total time for which application threads were stopped: 0.0003557 seconds, Stopping threads took: 0.0000451 seconds
2019-10-31T19:27:51.132+0530: 1051.494: Total time for which application threads were stopped: 0.0003410 seconds, Stopping threads took: 0.0000194 seconds
2019-10-31T19:27:51.132+0530: 1051.495: Total time for which application threads were stopped: 0.0003278 seconds, Stopping threads took: 0.0000189 seconds
2019-10-31T19:27:51.134+0530: 1051.497: Total time for which application threads were stopped: 0.0017932 seconds, Stopping threads took: 0.0000190 seconds
2019-10-31T19:28:22.059+0530: 1082.422: [GC pause (G1 Evacuation Pause) (young), 0.0135859 secs]
   [Parallel Time: 7.3 ms, GC Workers: 8]
      [GC Worker Start (ms): Min: 1082422.7, Avg: 1082422.7, Max: 1082422.7, Diff: 0.1]
      [Ext Root Scanning (ms): Min: 0.5, Avg: 0.5, Max: 0.6, Diff: 0.1, Sum: 4.3]
      [Update RS (ms): Min: 5.1, Avg: 5.1, Max: 5.1, Diff: 0.1, Sum: 40.9]
         [Processed Buffers: Min: 63, Avg: 66.1, Max: 68, Diff: 5, Sum: 529]
      [Scan RS (ms): Min: 0.0, Avg: 0.0, Max: 0.0, Diff: 0.0, Sum: 0.1]
      [Code Root Scanning (ms): Min: 0.0, Avg: 0.0, Max: 0.0, Diff: 0.0, Sum: 0.0]
      [Object Copy (ms): Min: 1.4, Avg: 1.4, Max: 1.4, Diff: 0.1, Sum: 11.4]
      [Termination (ms): Min: 0.0, Avg: 0.0, Max: 0.0, Diff: 0.0, Sum: 0.0]
         [Termination Attempts: Min: 1, Avg: 2.9, Max: 6, Diff: 5, Sum: 23]
      [GC Worker Other (ms): Min: 0.0, Avg: 0.0, Max: 0.0, Diff: 0.0, Sum: 0.2]
      [GC Worker Total (ms): Min: 7.1, Avg: 7.1, Max: 7.2, Diff: 0.1, Sum: 56.9]
      [GC Worker End (ms): Min: 1082429.8, Avg: 1082429.8, Max: 1082429.8, Diff: 0.0]
   [Code Root Fixup: 0.1 ms]
   [Code Root Purge: 0.0 ms]
   [Clear CT: 0.1 ms]
   [Other: 6.1 ms]
      [Choose CSet: 0.0 ms]
      [Ref Proc: 5.0 ms]
      [Ref Enq: 0.0 ms]
      [Redirty Cards: 0.1 ms]
      [Humongous Register: 0.1 ms]
      [Humongous Reclaim: 0.0 ms]
      [Free CSet: 0.1 ms]
   [Eden: 248.0M(248.0M)->0.0B(248.0M) Survivors: 8192.0K->8192.0K Heap: 295.0M(4096.0M)->47.0M(4096.0M)]
 [Times: user=0.06 sys=0.00, real=0.02 secs] 
2019-10-31T19:28:22.073+0530: 1082.436: Total time for which application threads were stopped: 0.0147778 seconds, Stopping threads took: 0.0001442 seconds
2019-10-31T19:28:22.074+0530: 1082.437: Total time for which application threads were stopped: 0.0008223 seconds, Stopping threads took: 0.0001343 seconds
2019-10-31T19:28:22.075+0530: 1082.438: Total time for which application threads were stopped: 0.0007066 seconds, Stopping threads took: 0.0000963 seconds
2019-10-31T19:28:22.076+0530: 1082.438: Total time for which application threads were stopped: 0.0004341 seconds, Stopping threads took: 0.0000430 seconds
2019-10-31T19:28:22.076+0530: 1082.439: Total time for which application threads were stopped: 0.0003864 seconds, Stopping threads took: 0.0000315 seconds
2019-10-31T19:28:22.076+0530: 1082.439: Total time for which application threads were stopped: 0.0003351 seconds, Stopping threads took: 0.0000247 seconds
2019-10-31T19:28:22.077+0530: 1082.440: Total time for which application threads were stopped: 0.0003702 seconds, Stopping threads took: 0.0000510 seconds
2019-10-31T19:28:22.077+0530: 1082.440: Total time for which application threads were stopped: 0.0003662 seconds, Stopping threads took: 0.0000472 seconds
2019-10-31T19:28:22.078+0530: 1082.440: Total time for which application threads were stopped: 0.0003612 seconds, Stopping threads took: 0.0000436 seconds
2019-10-31T19:28:22.078+0530: 1082.441: Total time for which application threads were stopped: 0.0003342 seconds, Stopping threads took: 0.0000222 seconds
2019-10-31T19:28:22.078+0530: 1082.441: Total time for which application threads were stopped: 0.0003326 seconds, Stopping threads took: 0.0000218 seconds
2019-10-31T19:28:22.079+0530: 1082.442: Total time for which application threads were stopped: 0.0003561 seconds, Stopping threads took: 0.0000373 seconds
2019-10-31T19:28:22.079+0530: 1082.442: Total time for which application threads were stopped: 0.0003936 seconds, Stopping threads took: 0.0000687 seconds
2019-10-31T19:28:22.080+0530: 1082.442: Total time for which application threads were stopped: 0.0003424 seconds, Stopping threads took: 0.0000238 seconds
2019-10-31T19:28:22.080+0530: 1082.443: Total time for which application threads were stopped: 0.0003673 seconds, Stopping threads took: 0.0000502 seconds
2019-10-31T19:28:22.080+0530: 1082.443: Total time for which application threads were stopped: 0.0003512 seconds, Stopping threads took: 0.0000340 seconds
2019-10-31T19:28:22.081+0530: 1082.444: Total time for which application threads were stopped: 0.0003754 seconds, Stopping threads took: 0.0000346 seconds
2019-10-31T19:28:22.081+0530: 1082.444: Total time for which application threads were stopped: 0.0003486 seconds, Stopping threads took: 0.0000193 seconds
2019-10-31T19:28:22.082+0530: 1082.444: Total time for which application threads were stopped: 0.0003392 seconds, Stopping threads took: 0.0000193 seconds
2019-10-31T19:28:22.082+0530: 1082.445: Total time for which application threads were stopped: 0.0003363 seconds, Stopping threads took: 0.0000256 seconds
2019-10-31T19:28:22.084+0530: 1082.446: Total time for which application threads were stopped: 0.0016900 seconds, Stopping threads took: 0.0000197 seconds
2019-10-31T19:28:49.195+0530: 1109.558: [GC pause (G1 Evacuation Pause) (young), 0.0136992 secs]
   [Parallel Time: 7.6 ms, GC Workers: 8]
      [GC Worker Start (ms): Min: 1109558.2, Avg: 1109558.3, Max: 1109558.3, Diff: 0.1]
      [Ext Root Scanning (ms): Min: 0.6, Avg: 0.6, Max: 0.7, Diff: 0.2, Sum: 4.9]
      [Update RS (ms): Min: 5.1, Avg: 5.1, Max: 5.1, Diff: 0.1, Sum: 40.7]
         [Processed Buffers: Min: 64, Avg: 65.9, Max: 69, Diff: 5, Sum: 527]
      [Scan RS (ms): Min: 0.0, Avg: 0.0, Max: 0.0, Diff: 0.0, Sum: 0.1]
      [Code Root Scanning (ms): Min: 0.0, Avg: 0.0, Max: 0.0, Diff: 0.0, Sum: 0.0]
      [Object Copy (ms): Min: 1.6, Avg: 1.7, Max: 1.7, Diff: 0.1, Sum: 13.6]
      [Termination (ms): Min: 0.0, Avg: 0.0, Max: 0.0, Diff: 0.0, Sum: 0.0]
         [Termination Attempts: Min: 1, Avg: 3.2, Max: 6, Diff: 5, Sum: 26]
      [GC Worker Other (ms): Min: 0.0, Avg: 0.0, Max: 0.1, Diff: 0.1, Sum: 0.3]
      [GC Worker Total (ms): Min: 7.4, Avg: 7.5, Max: 7.5, Diff: 0.1, Sum: 59.7]
      [GC Worker End (ms): Min: 1109565.7, Avg: 1109565.7, Max: 1109565.8, Diff: 0.1]
   [Code Root Fixup: 0.1 ms]
   [Code Root Purge: 0.0 ms]
   [Clear CT: 0.1 ms]
   [Other: 5.9 ms]
      [Choose CSet: 0.0 ms]
      [Ref Proc: 4.8 ms]
      [Ref Enq: 0.0 ms]
      [Redirty Cards: 0.1 ms]
      [Humongous Register: 0.1 ms]
      [Humongous Reclaim: 0.0 ms]
      [Free CSet: 0.1 ms]
   [Eden: 248.0M(248.0M)->0.0B(244.0M) Survivors: 8192.0K->12.0M Heap: 295.0M(4096.0M)->51.0M(4096.0M)]
 [Times: user=0.07 sys=0.00, real=0.01 secs] 
2019-10-31T19:28:49.209+0530: 1109.572: Total time for which application threads were stopped: 0.0149419 seconds, Stopping threads took: 0.0001290 seconds
2019-10-31T19:28:49.210+0530: 1109.573: Total time for which application threads were stopped: 0.0008616 seconds, Stopping threads took: 0.0001532 seconds
2019-10-31T19:28:49.210+0530: 1109.573: Total time for which application threads were stopped: 0.0006155 seconds, Stopping threads took: 0.0000721 seconds
2019-10-31T19:28:49.211+0530: 1109.574: Total time for which application threads were stopped: 0.0004770 seconds, Stopping threads took: 0.0000432 seconds
2019-10-31T19:28:49.211+0530: 1109.574: Total time for which application threads were stopped: 0.0004608 seconds, Stopping threads took: 0.0000468 seconds
2019-10-31T19:28:49.212+0530: 1109.575: Total time for which application threads were stopped: 0.0004502 seconds, Stopping threads took: 0.0000349 seconds
2019-10-31T19:28:49.212+0530: 1109.575: Total time for which application threads were stopped: 0.0004448 seconds, Stopping threads took: 0.0000252 seconds
2019-10-31T19:28:49.213+0530: 1109.576: Total time for which application threads were stopped: 0.0005114 seconds, Stopping threads took: 0.0000645 seconds
2019-10-31T19:28:49.213+0530: 1109.576: Total time for which application threads were stopped: 0.0004295 seconds, Stopping threads took: 0.0000236 seconds
2019-10-31T19:28:49.214+0530: 1109.577: Total time for which application threads were stopped: 0.0004293 seconds, Stopping threads took: 0.0000227 seconds
2019-10-31T19:28:49.214+0530: 1109.577: Total time for which application threads were stopped: 0.0004436 seconds, Stopping threads took: 0.0000372 seconds
2019-10-31T19:28:49.215+0530: 1109.578: Total time for which application threads were stopped: 0.0004329 seconds, Stopping threads took: 0.0000218 seconds
2019-10-31T19:28:49.215+0530: 1109.578: Total time for which application threads were stopped: 0.0004290 seconds, Stopping threads took: 0.0000226 seconds
2019-10-31T19:28:49.216+0530: 1109.579: Total time for which application threads were stopped: 0.0004357 seconds, Stopping threads took: 0.0000220 seconds
2019-10-31T19:28:49.216+0530: 1109.579: Total time for which application threads were stopped: 0.0004281 seconds, Stopping threads took: 0.0000225 seconds
2019-10-31T19:28:49.217+0530: 1109.580: Total time for which application threads were stopped: 0.0004358 seconds, Stopping threads took: 0.0000223 seconds
2019-10-31T19:28:49.217+0530: 1109.580: Total time for which application threads were stopped: 0.0004540 seconds, Stopping threads took: 0.0000227 seconds
2019-10-31T19:28:49.218+0530: 1109.580: Total time for which application threads were stopped: 0.0004276 seconds, Stopping threads took: 0.0000226 seconds
2019-10-31T19:28:49.218+0530: 1109.581: Total time for which application threads were stopped: 0.0004374 seconds, Stopping threads took: 0.0000240 seconds
2019-10-31T19:28:49.218+0530: 1109.581: Total time for which application threads were stopped: 0.0004311 seconds, Stopping threads took: 0.0000245 seconds
2019-10-31T19:28:49.221+0530: 1109.584: Total time for which application threads were stopped: 0.0024476 seconds, Stopping threads took: 0.0000228 seconds
2019-10-31T19:29:16.561+0530: 1136.924: [GC pause (G1 Evacuation Pause) (young), 0.0142845 secs]
   [Parallel Time: 8.3 ms, GC Workers: 8]
      [GC Worker Start (ms): Min: 1136924.7, Avg: 1136924.8, Max: 1136924.8, Diff: 0.1]
      [Ext Root Scanning (ms): Min: 0.6, Avg: 0.7, Max: 0.9, Diff: 0.3, Sum: 5.4]
      [Update RS (ms): Min: 5.0, Avg: 5.1, Max: 5.1, Diff: 0.1, Sum: 40.7]
         [Processed Buffers: Min: 64, Avg: 66.0, Max: 68, Diff: 4, Sum: 528]
      [Scan RS (ms): Min: 0.0, Avg: 0.0, Max: 0.0, Diff: 0.0, Sum: 0.1]
      [Code Root Scanning (ms): Min: 0.0, Avg: 0.0, Max: 0.0, Diff: 0.0, Sum: 0.0]
      [Object Copy (ms): Min: 2.1, Avg: 2.3, Max: 2.3, Diff: 0.2, Sum: 18.4]
      [Termination (ms): Min: 0.0, Avg: 0.0, Max: 0.0, Diff: 0.0, Sum: 0.0]
         [Termination Attempts: Min: 1, Avg: 1.9, Max: 3, Diff: 2, Sum: 15]
      [GC Worker Other (ms): Min: 0.0, Avg: 0.0, Max: 0.0, Diff: 0.0, Sum: 0.2]
      [GC Worker Total (ms): Min: 8.1, Avg: 8.1, Max: 8.1, Diff: 0.1, Sum: 64.9]
      [GC Worker End (ms): Min: 1136932.9, Avg: 1136932.9, Max: 1136932.9, Diff: 0.0]
   [Code Root Fixup: 0.1 ms]
   [Code Root Purge: 0.0 ms]
   [Clear CT: 0.1 ms]
   [Other: 5.8 ms]
      [Choose CSet: 0.0 ms]
      [Ref Proc: 4.7 ms]
      [Ref Enq: 0.0 ms]
      [Redirty Cards: 0.1 ms]
      [Humongous Register: 0.1 ms]
      [Humongous Reclaim: 0.0 ms]
      [Free CSet: 0.1 ms]
   [Eden: 244.0M(244.0M)->0.0B(238.0M) Survivors: 12.0M->18.0M Heap: 295.0M(4096.0M)->56.2M(4096.0M)]
 [Times: user=0.07 sys=0.00, real=0.02 secs] 
2019-10-31T19:29:16.576+0530: 1136.939: Total time for which application threads were stopped: 0.0158325 seconds, Stopping threads took: 0.0001712 seconds
2019-10-31T19:29:16.577+0530: 1136.940: Total time for which application threads were stopped: 0.0011473 seconds, Stopping threads took: 0.0001521 seconds
2019-10-31T19:29:16.578+0530: 1136.941: Total time for which application threads were stopped: 0.0009295 seconds, Stopping threads took: 0.0000672 seconds
2019-10-31T19:29:16.579+0530: 1136.942: Total time for which application threads were stopped: 0.0007000 seconds, Stopping threads took: 0.0000416 seconds
2019-10-31T19:29:16.580+0530: 1136.943: Total time for which application threads were stopped: 0.0006399 seconds, Stopping threads took: 0.0000566 seconds
2019-10-31T19:29:16.581+0530: 1136.943: Total time for which application threads were stopped: 0.0006308 seconds, Stopping threads took: 0.0000518 seconds
2019-10-31T19:29:16.581+0530: 1136.944: Total time for which application threads were stopped: 0.0006644 seconds, Stopping threads took: 0.0000611 seconds
2019-10-31T19:29:16.582+0530: 1136.945: Total time for which application threads were stopped: 0.0006493 seconds, Stopping threads took: 0.0000635 seconds
2019-10-31T19:29:16.583+0530: 1136.946: Total time for which application threads were stopped: 0.0006195 seconds, Stopping threads took: 0.0000482 seconds
2019-10-31T19:29:16.583+0530: 1136.946: Total time for which application threads were stopped: 0.0006092 seconds, Stopping threads took: 0.0000333 seconds
2019-10-31T19:29:16.584+0530: 1136.947: Total time for which application threads were stopped: 0.0005958 seconds, Stopping threads took: 0.0000294 seconds
2019-10-31T19:29:16.585+0530: 1136.947: Total time for which application threads were stopped: 0.0006301 seconds, Stopping threads took: 0.0000639 seconds
2019-10-31T19:29:16.585+0530: 1136.948: Total time for which application threads were stopped: 0.0006475 seconds, Stopping threads took: 0.0000535 seconds
2019-10-31T19:29:16.586+0530: 1136.949: Total time for which application threads were stopped: 0.0006279 seconds, Stopping threads took: 0.0000636 seconds
2019-10-31T19:29:16.587+0530: 1136.949: Total time for which application threads were stopped: 0.0006259 seconds, Stopping threads took: 0.0000611 seconds
2019-10-31T19:29:16.587+0530: 1136.950: Total time for which application threads were stopped: 0.0005881 seconds, Stopping threads took: 0.0000291 seconds
2019-10-31T19:29:16.588+0530: 1136.951: Total time for which application threads were stopped: 0.0005942 seconds, Stopping threads took: 0.0000294 seconds
2019-10-31T19:29:16.589+0530: 1136.951: Total time for which application threads were stopped: 0.0005978 seconds, Stopping threads took: 0.0000321 seconds
2019-10-31T19:29:16.589+0530: 1136.952: Total time for which application threads were stopped: 0.0006493 seconds, Stopping threads took: 0.0000575 seconds
2019-10-31T19:29:16.590+0530: 1136.953: Total time for which application threads were stopped: 0.0006083 seconds, Stopping threads took: 0.0000409 seconds
2019-10-31T19:29:16.595+0530: 1136.958: Total time for which application threads were stopped: 0.0055318 seconds, Stopping threads took: 0.0000650 seconds
2019-10-31T19:29:48.039+0530: 1168.402: [GC pause (G1 Evacuation Pause) (young), 0.0134976 secs]
   [Parallel Time: 7.4 ms, GC Workers: 8]
      [GC Worker Start (ms): Min: 1168402.4, Avg: 1168402.4, Max: 1168402.5, Diff: 0.1]
      [Ext Root Scanning (ms): Min: 0.6, Avg: 0.7, Max: 0.7, Diff: 0.1, Sum: 5.5]
      [Update RS (ms): Min: 5.0, Avg: 5.1, Max: 5.1, Diff: 0.1, Sum: 40.6]
         [Processed Buffers: Min: 64, Avg: 66.2, Max: 71, Diff: 7, Sum: 530]
      [Scan RS (ms): Min: 0.0, Avg: 0.0, Max: 0.0, Diff: 0.0, Sum: 0.1]
      [Code Root Scanning (ms): Min: 0.0, Avg: 0.0, Max: 0.0, Diff: 0.0, Sum: 0.0]
      [Object Copy (ms): Min: 1.4, Avg: 1.4, Max: 1.5, Diff: 0.1, Sum: 11.4]
      [Termination (ms): Min: 0.0, Avg: 0.0, Max: 0.0, Diff: 0.0, Sum: 0.0]
         [Termination Attempts: Min: 1, Avg: 5.0, Max: 9, Diff: 8, Sum: 40]
      [GC Worker Other (ms): Min: 0.0, Avg: 0.0, Max: 0.1, Diff: 0.1, Sum: 0.3]
      [GC Worker Total (ms): Min: 7.2, Avg: 7.2, Max: 7.3, Diff: 0.1, Sum: 57.9]
      [GC Worker End (ms): Min: 1168409.6, Avg: 1168409.7, Max: 1168409.7, Diff: 0.1]
   [Code Root Fixup: 0.0 ms]
   [Code Root Purge: 0.0 ms]
   [Clear CT: 0.2 ms]
   [Other: 5.9 ms]
      [Choose CSet: 0.0 ms]
      [Ref Proc: 4.8 ms]
      [Ref Enq: 0.0 ms]
      [Redirty Cards: 0.1 ms]
      [Humongous Register: 0.1 ms]
      [Humongous Reclaim: 0.0 ms]
      [Free CSet: 0.1 ms]
   [Eden: 238.0M(238.0M)->0.0B(246.0M) Survivors: 18.0M->10.0M Heap: 294.2M(4096.0M)->49.3M(4096.0M)]
 [Times: user=0.07 sys=0.00, real=0.01 secs] 
2019-10-31T19:29:48.053+0530: 1168.416: Total time for which application threads were stopped: 0.0145812 seconds, Stopping threads took: 0.0001412 seconds
2019-10-31T19:29:48.053+0530: 1168.416: Total time for which application threads were stopped: 0.0006533 seconds, Stopping threads took: 0.0000952 seconds
2019-10-31T19:29:48.054+0530: 1168.417: Total time for which application threads were stopped: 0.0004376 seconds, Stopping threads took: 0.0000259 seconds
2019-10-31T19:29:48.054+0530: 1168.417: Total time for which application threads were stopped: 0.0003235 seconds, Stopping threads took: 0.0000198 seconds
2019-10-31T19:29:48.055+0530: 1168.417: Total time for which application threads were stopped: 0.0003239 seconds, Stopping threads took: 0.0000202 seconds
2019-10-31T19:29:48.055+0530: 1168.418: Total time for which application threads were stopped: 0.0003264 seconds, Stopping threads took: 0.0000201 seconds
2019-10-31T19:29:48.055+0530: 1168.418: Total time for which application threads were stopped: 0.0003423 seconds, Stopping threads took: 0.0000359 seconds
2019-10-31T19:29:48.056+0530: 1168.419: Total time for which application threads were stopped: 0.0003221 seconds, Stopping threads took: 0.0000203 seconds
2019-10-31T19:29:48.056+0530: 1168.419: Total time for which application threads were stopped: 0.0003245 seconds, Stopping threads took: 0.0000202 seconds
2019-10-31T19:29:48.056+0530: 1168.419: Total time for which application threads were stopped: 0.0003228 seconds, Stopping threads took: 0.0000205 seconds
2019-10-31T19:29:48.057+0530: 1168.420: Total time for which application threads were stopped: 0.0003418 seconds, Stopping threads took: 0.0000203 seconds
2019-10-31T19:29:48.057+0530: 1168.420: Total time for which application threads were stopped: 0.0003384 seconds, Stopping threads took: 0.0000348 seconds
2019-10-31T19:29:48.057+0530: 1168.420: Total time for which application threads were stopped: 0.0003206 seconds, Stopping threads took: 0.0000187 seconds
2019-10-31T19:29:48.058+0530: 1168.421: Total time for which application threads were stopped: 0.0003278 seconds, Stopping threads took: 0.0000207 seconds
2019-10-31T19:29:48.058+0530: 1168.421: Total time for which application threads were stopped: 0.0003231 seconds, Stopping threads took: 0.0000206 seconds
2019-10-31T19:29:48.059+0530: 1168.421: Total time for which application threads were stopped: 0.0003229 seconds, Stopping threads took: 0.0000205 seconds
2019-10-31T19:29:48.059+0530: 1168.422: Total time for which application threads were stopped: 0.0003251 seconds, Stopping threads took: 0.0000186 seconds
2019-10-31T19:29:48.059+0530: 1168.422: Total time for which application threads were stopped: 0.0003222 seconds, Stopping threads took: 0.0000205 seconds
2019-10-31T19:29:48.060+0530: 1168.422: Total time for which application threads were stopped: 0.0003373 seconds, Stopping threads took: 0.0000346 seconds
2019-10-31T19:29:48.060+0530: 1168.423: Total time for which application threads were stopped: 0.0003254 seconds, Stopping threads took: 0.0000188 seconds
2019-10-31T19:29:48.062+0530: 1168.424: Total time for which application threads were stopped: 0.0016089 seconds, Stopping threads took: 0.0000179 seconds
2019-10-31T19:30:16.460+0530: 1196.823: [GC pause (G1 Evacuation Pause) (young), 0.0138170 secs]
   [Parallel Time: 7.6 ms, GC Workers: 8]
      [GC Worker Start (ms): Min: 1196823.3, Avg: 1196823.3, Max: 1196823.4, Diff: 0.1]
      [Ext Root Scanning (ms): Min: 0.6, Avg: 0.6, Max: 0.7, Diff: 0.1, Sum: 5.0]
      [Update RS (ms): Min: 5.0, Avg: 5.1, Max: 5.1, Diff: 0.1, Sum: 40.5]
         [Processed Buffers: Min: 63, Avg: 66.2, Max: 70, Diff: 7, Sum: 530]
      [Scan RS (ms): Min: 0.0, Avg: 0.0, Max: 0.0, Diff: 0.0, Sum: 0.1]
      [Code Root Scanning (ms): Min: 0.0, Avg: 0.0, Max: 0.0, Diff: 0.0, Sum: 0.0]
      [Object Copy (ms): Min: 1.6, Avg: 1.6, Max: 1.7, Diff: 0.1, Sum: 13.2]
      [Termination (ms): Min: 0.0, Avg: 0.0, Max: 0.0, Diff: 0.0, Sum: 0.0]
         [Termination Attempts: Min: 1, Avg: 5.6, Max: 8, Diff: 7, Sum: 45]
      [GC Worker Other (ms): Min: 0.0, Avg: 0.0, Max: 0.1, Diff: 0.0, Sum: 0.2]
      [GC Worker Total (ms): Min: 7.3, Avg: 7.4, Max: 7.5, Diff: 0.1, Sum: 59.2]
      [GC Worker End (ms): Min: 1196830.7, Avg: 1196830.7, Max: 1196830.7, Diff: 0.0]
   [Code Root Fixup: 0.1 ms]
   [Code Root Purge: 0.0 ms]
   [Clear CT: 0.2 ms]
   [Other: 6.0 ms]
      [Choose CSet: 0.0 ms]
      [Ref Proc: 4.9 ms]
      [Ref Enq: 0.0 ms]
      [Redirty Cards: 0.1 ms]
      [Humongous Register: 0.1 ms]
      [Humongous Reclaim: 0.0 ms]
      [Free CSet: 0.1 ms]
   [Eden: 246.0M(246.0M)->0.0B(246.0M) Survivors: 10.0M->10.0M Heap: 295.3M(4096.0M)->47.9M(4096.0M)]
 [Times: user=0.07 sys=0.00, real=0.02 secs] 
2019-10-31T19:30:16.474+0530: 1196.837: Total time for which application threads were stopped: 0.0149982 seconds, Stopping threads took: 0.0001399 seconds
2019-10-31T19:30:16.475+0530: 1196.838: Total time for which application threads were stopped: 0.0008927 seconds, Stopping threads took: 0.0001652 seconds
2019-10-31T19:30:16.476+0530: 1196.839: Total time for which application threads were stopped: 0.0007558 seconds, Stopping threads took: 0.0001069 seconds
2019-10-31T19:30:16.476+0530: 1196.839: Total time for which application threads were stopped: 0.0005876 seconds, Stopping threads took: 0.0000747 seconds
2019-10-31T19:30:16.477+0530: 1196.840: Total time for which application threads were stopped: 0.0004308 seconds, Stopping threads took: 0.0000225 seconds
2019-10-31T19:30:16.477+0530: 1196.840: Total time for which application threads were stopped: 0.0004443 seconds, Stopping threads took: 0.0000598 seconds
2019-10-31T19:30:16.478+0530: 1196.841: Total time for which application threads were stopped: 0.0004233 seconds, Stopping threads took: 0.0000600 seconds
2019-10-31T19:30:16.478+0530: 1196.841: Total time for which application threads were stopped: 0.0003757 seconds, Stopping threads took: 0.0000332 seconds
2019-10-31T19:30:16.479+0530: 1196.842: Total time for which application threads were stopped: 0.0003736 seconds, Stopping threads took: 0.0000324 seconds
2019-10-31T19:30:16.479+0530: 1196.842: Total time for which application threads were stopped: 0.0003806 seconds, Stopping threads took: 0.0000408 seconds
2019-10-31T19:30:16.480+0530: 1196.842: Total time for which application threads were stopped: 0.0003635 seconds, Stopping threads took: 0.0000213 seconds
2019-10-31T19:30:16.480+0530: 1196.843: Total time for which application threads were stopped: 0.0003576 seconds, Stopping threads took: 0.0000203 seconds
2019-10-31T19:30:16.480+0530: 1196.843: Total time for which application threads were stopped: 0.0003573 seconds, Stopping threads took: 0.0000208 seconds
2019-10-31T19:30:16.481+0530: 1196.844: Total time for which application threads were stopped: 0.0003544 seconds, Stopping threads took: 0.0000201 seconds
2019-10-31T19:30:16.481+0530: 1196.844: Total time for which application threads were stopped: 0.0003591 seconds, Stopping threads took: 0.0000218 seconds
2019-10-31T19:30:16.482+0530: 1196.844: Total time for which application threads were stopped: 0.0003697 seconds, Stopping threads took: 0.0000198 seconds
2019-10-31T19:30:16.482+0530: 1196.845: Total time for which application threads were stopped: 0.0003613 seconds, Stopping threads took: 0.0000208 seconds
2019-10-31T19:30:16.482+0530: 1196.845: Total time for which application threads were stopped: 0.0003588 seconds, Stopping threads took: 0.0000203 seconds
2019-10-31T19:30:16.483+0530: 1196.846: Total time for which application threads were stopped: 0.0003748 seconds, Stopping threads took: 0.0000376 seconds
2019-10-31T19:30:16.483+0530: 1196.846: Total time for which application threads were stopped: 0.0003892 seconds, Stopping threads took: 0.0000380 seconds
2019-10-31T19:30:16.485+0530: 1196.848: Total time for which application threads were stopped: 0.0019470 seconds, Stopping threads took: 0.0000206 seconds
2019-10-31T19:30:30.487+0530: 1210.850: Total time for which application threads were stopped: 0.0009726 seconds, Stopping threads took: 0.0001242 seconds
2019-10-31T19:30:47.358+0530: 1227.721: [GC pause (G1 Evacuation Pause) (young), 0.0138721 secs]
   [Parallel Time: 7.9 ms, GC Workers: 8]
      [GC Worker Start (ms): Min: 1227721.2, Avg: 1227721.2, Max: 1227721.3, Diff: 0.1]
      [Ext Root Scanning (ms): Min: 0.6, Avg: 0.6, Max: 0.8, Diff: 0.2, Sum: 5.0]
      [Update RS (ms): Min: 5.1, Avg: 5.1, Max: 5.1, Diff: 0.1, Sum: 40.9]
         [Processed Buffers: Min: 63, Avg: 66.1, Max: 69, Diff: 6, Sum: 529]
      [Scan RS (ms): Min: 0.0, Avg: 0.0, Max: 0.0, Diff: 0.0, Sum: 0.1]
      [Code Root Scanning (ms): Min: 0.0, Avg: 0.0, Max: 0.0, Diff: 0.0, Sum: 0.0]
      [Object Copy (ms): Min: 1.8, Avg: 1.9, Max: 2.0, Diff: 0.2, Sum: 15.6]
      [Termination (ms): Min: 0.0, Avg: 0.0, Max: 0.0, Diff: 0.0, Sum: 0.0]
         [Termination Attempts: Min: 1, Avg: 3.4, Max: 5, Diff: 4, Sum: 27]
      [GC Worker Other (ms): Min: 0.0, Avg: 0.0, Max: 0.1, Diff: 0.1, Sum: 0.3]
      [GC Worker Total (ms): Min: 7.7, Avg: 7.7, Max: 7.8, Diff: 0.1, Sum: 62.0]
      [GC Worker End (ms): Min: 1227728.9, Avg: 1227729.0, Max: 1227729.0, Diff: 0.1]
   [Code Root Fixup: 0.1 ms]
   [Code Root Purge: 0.0 ms]
   [Clear CT: 0.1 ms]
   [Other: 5.8 ms]
      [Choose CSet: 0.0 ms]
      [Ref Proc: 4.7 ms]
      [Ref Enq: 0.0 ms]
      [Redirty Cards: 0.1 ms]
      [Humongous Register: 0.1 ms]
      [Humongous Reclaim: 0.0 ms]
      [Free CSet: 0.1 ms]
   [Eden: 246.0M(246.0M)->0.0B(244.0M) Survivors: 10.0M->12.0M Heap: 293.9M(4096.0M)->50.5M(4096.0M)]
 [Times: user=0.07 sys=0.00, real=0.01 secs] 
2019-10-31T19:30:47.372+0530: 1227.735: Total time for which application threads were stopped: 0.0152503 seconds, Stopping threads took: 0.0001608 seconds
2019-10-31T19:30:47.373+0530: 1227.736: Total time for which application threads were stopped: 0.0009870 seconds, Stopping threads took: 0.0001210 seconds
2019-10-31T19:30:47.374+0530: 1227.737: Total time for which application threads were stopped: 0.0007770 seconds, Stopping threads took: 0.0000674 seconds
2019-10-31T19:30:47.375+0530: 1227.737: Total time for which application threads were stopped: 0.0005552 seconds, Stopping threads took: 0.0000332 seconds
2019-10-31T19:30:47.375+0530: 1227.738: Total time for which application threads were stopped: 0.0005344 seconds, Stopping threads took: 0.0000575 seconds
2019-10-31T19:30:47.376+0530: 1227.739: Total time for which application threads were stopped: 0.0005256 seconds, Stopping threads took: 0.0000463 seconds
2019-10-31T19:30:47.376+0530: 1227.739: Total time for which application threads were stopped: 0.0005155 seconds, Stopping threads took: 0.0000432 seconds
2019-10-31T19:30:47.377+0530: 1227.740: Total time for which application threads were stopped: 0.0004978 seconds, Stopping threads took: 0.0000274 seconds
2019-10-31T19:30:47.377+0530: 1227.740: Total time for which application threads were stopped: 0.0005282 seconds, Stopping threads took: 0.0000329 seconds
2019-10-31T19:30:47.378+0530: 1227.741: Total time for which application threads were stopped: 0.0005050 seconds, Stopping threads took: 0.0000278 seconds
2019-10-31T19:30:47.378+0530: 1227.741: Total time for which application threads were stopped: 0.0004890 seconds, Stopping threads took: 0.0000253 seconds
2019-10-31T19:30:47.379+0530: 1227.742: Total time for which application threads were stopped: 0.0005227 seconds, Stopping threads took: 0.0000435 seconds
2019-10-31T19:30:47.379+0530: 1227.742: Total time for which application threads were stopped: 0.0004935 seconds, Stopping threads took: 0.0000273 seconds
2019-10-31T19:30:47.380+0530: 1227.743: Total time for which application threads were stopped: 0.0005406 seconds, Stopping threads took: 0.0000588 seconds
2019-10-31T19:30:47.381+0530: 1227.743: Total time for which application threads were stopped: 0.0005308 seconds, Stopping threads took: 0.0000601 seconds
2019-10-31T19:30:47.381+0530: 1227.744: Total time for which application threads were stopped: 0.0005682 seconds, Stopping threads took: 0.0000845 seconds
2019-10-31T19:30:47.382+0530: 1227.745: Total time for which application threads were stopped: 0.0005433 seconds, Stopping threads took: 0.0000288 seconds
2019-10-31T19:30:47.382+0530: 1227.745: Total time for which application threads were stopped: 0.0005284 seconds, Stopping threads took: 0.0000451 seconds
2019-10-31T19:30:47.383+0530: 1227.746: Total time for which application threads were stopped: 0.0004975 seconds, Stopping threads took: 0.0000258 seconds
2019-10-31T19:30:47.383+0530: 1227.746: Total time for which application threads were stopped: 0.0004995 seconds, Stopping threads took: 0.0000262 seconds
2019-10-31T19:30:47.388+0530: 1227.750: Total time for which application threads were stopped: 0.0040414 seconds, Stopping threads took: 0.0000274 seconds
2019-10-31T19:31:18.511+0530: 1258.874: [GC pause (G1 Evacuation Pause) (young), 0.0144882 secs]
   [Parallel Time: 8.3 ms, GC Workers: 8]
      [GC Worker Start (ms): Min: 1258874.5, Avg: 1258874.5, Max: 1258874.6, Diff: 0.1]
      [Ext Root Scanning (ms): Min: 0.6, Avg: 0.6, Max: 0.8, Diff: 0.2, Sum: 5.2]
      [Update RS (ms): Min: 5.1, Avg: 5.2, Max: 5.2, Diff: 0.1, Sum: 41.2]
         [Processed Buffers: Min: 63, Avg: 66.0, Max: 69, Diff: 6, Sum: 528]
      [Scan RS (ms): Min: 0.0, Avg: 0.0, Max: 0.0, Diff: 0.0, Sum: 0.1]
      [Code Root Scanning (ms): Min: 0.0, Avg: 0.0, Max: 0.0, Diff: 0.0, Sum: 0.0]
      [Object Copy (ms): Min: 2.1, Avg: 2.3, Max: 2.4, Diff: 0.2, Sum: 18.4]
      [Termination (ms): Min: 0.0, Avg: 0.0, Max: 0.0, Diff: 0.0, Sum: 0.0]
         [Termination Attempts: Min: 1, Avg: 5.4, Max: 9, Diff: 8, Sum: 43]
      [GC Worker Other (ms): Min: 0.0, Avg: 0.0, Max: 0.1, Diff: 0.1, Sum: 0.3]
      [GC Worker Total (ms): Min: 8.1, Avg: 8.2, Max: 8.2, Diff: 0.1, Sum: 65.2]
      [GC Worker End (ms): Min: 1258882.7, Avg: 1258882.7, Max: 1258882.7, Diff: 0.0]
   [Code Root Fixup: 0.1 ms]
   [Code Root Purge: 0.0 ms]
   [Clear CT: 0.1 ms]
   [Other: 6.0 ms]
      [Choose CSet: 0.0 ms]
      [Ref Proc: 4.9 ms]
      [Ref Enq: 0.0 ms]
      [Redirty Cards: 0.1 ms]
      [Humongous Register: 0.1 ms]
      [Humongous Reclaim: 0.0 ms]
      [Free CSet: 0.1 ms]
   [Eden: 244.0M(244.0M)->0.0B(240.0M) Survivors: 12.0M->16.0M Heap: 294.5M(4096.0M)->54.3M(4096.0M)]
 [Times: user=0.07 sys=0.00, real=0.02 secs] 
2019-10-31T19:31:18.526+0530: 1258.889: Total time for which application threads were stopped: 0.0158814 seconds, Stopping threads took: 0.0001478 seconds
2019-10-31T19:31:18.527+0530: 1258.890: Total time for which application threads were stopped: 0.0010736 seconds, Stopping threads took: 0.0001729 seconds
2019-10-31T19:31:18.529+0530: 1258.892: Total time for which application threads were stopped: 0.0008613 seconds, Stopping threads took: 0.0000709 seconds
2019-10-31T19:31:18.529+0530: 1258.892: Total time for which application threads were stopped: 0.0006193 seconds, Stopping threads took: 0.0000261 seconds
2019-10-31T19:31:18.530+0530: 1258.893: Total time for which application threads were stopped: 0.0005381 seconds, Stopping threads took: 0.0000689 seconds
2019-10-31T19:31:18.530+0530: 1258.893: Total time for which application threads were stopped: 0.0005517 seconds, Stopping threads took: 0.0000503 seconds
2019-10-31T19:31:18.531+0530: 1258.894: Total time for which application threads were stopped: 0.0005190 seconds, Stopping threads took: 0.0000474 seconds
2019-10-31T19:31:18.532+0530: 1258.894: Total time for which application threads were stopped: 0.0005578 seconds, Stopping threads took: 0.0000818 seconds
2019-10-31T19:31:18.532+0530: 1258.895: Total time for which application threads were stopped: 0.0005468 seconds, Stopping threads took: 0.0000780 seconds
2019-10-31T19:31:18.533+0530: 1258.896: Total time for which application threads were stopped: 0.0005207 seconds, Stopping threads took: 0.0000570 seconds
2019-10-31T19:31:18.533+0530: 1258.896: Total time for which application threads were stopped: 0.0005526 seconds, Stopping threads took: 0.0000883 seconds
2019-10-31T19:31:18.534+0530: 1258.897: Total time for which application threads were stopped: 0.0005538 seconds, Stopping threads took: 0.0000573 seconds
2019-10-31T19:31:18.534+0530: 1258.897: Total time for which application threads were stopped: 0.0005273 seconds, Stopping threads took: 0.0000503 seconds
2019-10-31T19:31:18.535+0530: 1258.898: Total time for which application threads were stopped: 0.0005618 seconds, Stopping threads took: 0.0000957 seconds
2019-10-31T19:31:18.536+0530: 1258.898: Total time for which application threads were stopped: 0.0005433 seconds, Stopping threads took: 0.0000733 seconds
2019-10-31T19:31:18.536+0530: 1258.899: Total time for which application threads were stopped: 0.0005231 seconds, Stopping threads took: 0.0000593 seconds
2019-10-31T19:31:18.537+0530: 1258.900: Total time for which application threads were stopped: 0.0005314 seconds, Stopping threads took: 0.0000530 seconds
2019-10-31T19:31:18.537+0530: 1258.900: Total time for which application threads were stopped: 0.0005588 seconds, Stopping threads took: 0.0000866 seconds
2019-10-31T19:31:18.538+0530: 1258.901: Total time for which application threads were stopped: 0.0005132 seconds, Stopping threads took: 0.0000516 seconds
2019-10-31T19:31:18.538+0530: 1258.901: Total time for which application threads were stopped: 0.0005255 seconds, Stopping threads took: 0.0000651 seconds
2019-10-31T19:31:18.541+0530: 1258.904: Total time for which application threads were stopped: 0.0030090 seconds, Stopping threads took: 0.0000575 seconds
2019-10-31T19:31:48.144+0530: 1288.507: [GC pause (G1 Evacuation Pause) (young), 0.0143039 secs]
   [Parallel Time: 8.0 ms, GC Workers: 8]
      [GC Worker Start (ms): Min: 1288507.4, Avg: 1288507.4, Max: 1288507.4, Diff: 0.1]
      [Ext Root Scanning (ms): Min: 0.6, Avg: 0.6, Max: 0.7, Diff: 0.2, Sum: 5.2]
      [Update RS (ms): Min: 5.0, Avg: 5.1, Max: 5.1, Diff: 0.1, Sum: 40.6]
         [Processed Buffers: Min: 64, Avg: 66.2, Max: 72, Diff: 8, Sum: 530]
      [Scan RS (ms): Min: 0.0, Avg: 0.0, Max: 0.0, Diff: 0.0, Sum: 0.1]
      [Code Root Scanning (ms): Min: 0.0, Avg: 0.0, Max: 0.0, Diff: 0.0, Sum: 0.0]
      [Object Copy (ms): Min: 2.0, Avg: 2.1, Max: 2.1, Diff: 0.1, Sum: 16.8]
      [Termination (ms): Min: 0.0, Avg: 0.0, Max: 0.0, Diff: 0.0, Sum: 0.2]
         [Termination Attempts: Min: 1, Avg: 29.1, Max: 37, Diff: 36, Sum: 233]
      [GC Worker Other (ms): Min: 0.0, Avg: 0.0, Max: 0.1, Diff: 0.0, Sum: 0.2]
      [GC Worker Total (ms): Min: 7.9, Avg: 7.9, Max: 8.0, Diff: 0.1, Sum: 63.2]
      [GC Worker End (ms): Min: 1288515.3, Avg: 1288515.3, Max: 1288515.3, Diff: 0.0]
   [Code Root Fixup: 0.1 ms]
   [Code Root Purge: 0.0 ms]
   [Clear CT: 0.1 ms]
   [Other: 6.0 ms]
      [Choose CSet: 0.0 ms]
      [Ref Proc: 5.0 ms]
      [Ref Enq: 0.0 ms]
      [Redirty Cards: 0.1 ms]
      [Humongous Register: 0.1 ms]
      [Humongous Reclaim: 0.0 ms]
      [Free CSet: 0.1 ms]
   [Eden: 240.0M(240.0M)->0.0B(246.0M) Survivors: 16.0M->10.0M Heap: 294.3M(4096.0M)->49.4M(4096.0M)]
 [Times: user=0.07 sys=0.00, real=0.02 secs] 
2019-10-31T19:31:48.159+0530: 1288.521: Total time for which application threads were stopped: 0.0155229 seconds, Stopping threads took: 0.0001195 seconds
2019-10-31T19:31:48.159+0530: 1288.522: Total time for which application threads were stopped: 0.0008917 seconds, Stopping threads took: 0.0001672 seconds
2019-10-31T19:31:48.161+0530: 1288.524: Total time for which application threads were stopped: 0.0008340 seconds, Stopping threads took: 0.0001562 seconds
2019-10-31T19:31:48.162+0530: 1288.525: Total time for which application threads were stopped: 0.0007229 seconds, Stopping threads took: 0.0001439 seconds
2019-10-31T19:31:48.163+0530: 1288.526: Total time for which application threads were stopped: 0.0005893 seconds, Stopping threads took: 0.0000898 seconds
2019-10-31T19:31:48.163+0530: 1288.526: Total time for which application threads were stopped: 0.0005187 seconds, Stopping threads took: 0.0000730 seconds
2019-10-31T19:31:48.164+0530: 1288.527: Total time for which application threads were stopped: 0.0004287 seconds, Stopping threads took: 0.0000335 seconds
2019-10-31T19:31:48.164+0530: 1288.527: Total time for which application threads were stopped: 0.0004196 seconds, Stopping threads took: 0.0000454 seconds
2019-10-31T19:31:48.165+0530: 1288.528: Total time for which application threads were stopped: 0.0004276 seconds, Stopping threads took: 0.0000346 seconds
2019-10-31T19:31:48.165+0530: 1288.528: Total time for which application threads were stopped: 0.0003899 seconds, Stopping threads took: 0.0000304 seconds
2019-10-31T19:31:48.166+0530: 1288.529: Total time for which application threads were stopped: 0.0004219 seconds, Stopping threads took: 0.0000521 seconds
2019-10-31T19:31:48.166+0530: 1288.529: Total time for which application threads were stopped: 0.0004388 seconds, Stopping threads took: 0.0000584 seconds
2019-10-31T19:31:48.167+0530: 1288.530: Total time for which application threads were stopped: 0.0004275 seconds, Stopping threads took: 0.0000671 seconds
2019-10-31T19:31:48.167+0530: 1288.530: Total time for which application threads were stopped: 0.0003988 seconds, Stopping threads took: 0.0000423 seconds
2019-10-31T19:31:48.168+0530: 1288.530: Total time for which application threads were stopped: 0.0004022 seconds, Stopping threads took: 0.0000271 seconds
2019-10-31T19:31:48.168+0530: 1288.531: Total time for which application threads were stopped: 0.0004163 seconds, Stopping threads took: 0.0000515 seconds
2019-10-31T19:31:48.168+0530: 1288.531: Total time for which application threads were stopped: 0.0004121 seconds, Stopping threads took: 0.0000618 seconds
2019-10-31T19:31:48.169+0530: 1288.532: Total time for which application threads were stopped: 0.0004351 seconds, Stopping threads took: 0.0000633 seconds
2019-10-31T19:31:48.169+0530: 1288.532: Total time for which application threads were stopped: 0.0003610 seconds, Stopping threads took: 0.0000202 seconds
2019-10-31T19:31:48.170+0530: 1288.533: Total time for which application threads were stopped: 0.0003609 seconds, Stopping threads took: 0.0000205 seconds
2019-10-31T19:31:48.172+0530: 1288.535: Total time for which application threads were stopped: 0.0019659 seconds, Stopping threads took: 0.0000229 seconds
2019-10-31T19:32:17.856+0530: 1318.219: [GC pause (G1 Evacuation Pause) (young), 0.0146654 secs]
   [Parallel Time: 8.4 ms, GC Workers: 8]
      [GC Worker Start (ms): Min: 1318219.1, Avg: 1318219.2, Max: 1318219.2, Diff: 0.1]
      [Ext Root Scanning (ms): Min: 0.6, Avg: 0.7, Max: 0.9, Diff: 0.3, Sum: 5.5]
      [Update RS (ms): Min: 5.1, Avg: 5.1, Max: 5.2, Diff: 0.1, Sum: 41.2]
         [Processed Buffers: Min: 63, Avg: 66.1, Max: 70, Diff: 7, Sum: 529]
      [Scan RS (ms): Min: 0.0, Avg: 0.0, Max: 0.0, Diff: 0.0, Sum: 0.1]
      [Code Root Scanning (ms): Min: 0.0, Avg: 0.0, Max: 0.0, Diff: 0.0, Sum: 0.0]
      [Object Copy (ms): Min: 2.1, Avg: 2.3, Max: 2.4, Diff: 0.2, Sum: 18.6]
      [Termination (ms): Min: 0.0, Avg: 0.0, Max: 0.0, Diff: 0.0, Sum: 0.0]
         [Termination Attempts: Min: 1, Avg: 2.4, Max: 4, Diff: 3, Sum: 19]
      [GC Worker Other (ms): Min: 0.0, Avg: 0.0, Max: 0.1, Diff: 0.1, Sum: 0.2]
      [GC Worker Total (ms): Min: 8.2, Avg: 8.2, Max: 8.2, Diff: 0.1, Sum: 65.7]
      [GC Worker End (ms): Min: 1318227.3, Avg: 1318227.4, Max: 1318227.4, Diff: 0.1]
   [Code Root Fixup: 0.1 ms]
   [Code Root Purge: 0.0 ms]
   [Clear CT: 0.2 ms]
   [Other: 6.0 ms]
      [Choose CSet: 0.0 ms]
      [Ref Proc: 4.9 ms]
      [Ref Enq: 0.0 ms]
      [Redirty Cards: 0.1 ms]
      [Humongous Register: 0.1 ms]
      [Humongous Reclaim: 0.0 ms]
      [Free CSet: 0.1 ms]
   [Eden: 246.0M(246.0M)->0.0B(238.0M) Survivors: 10.0M->18.0M Heap: 295.4M(4096.0M)->55.9M(4096.0M)]
 [Times: user=0.08 sys=0.00, real=0.01 secs] 
2019-10-31T19:32:17.871+0530: 1318.233: Total time for which application threads were stopped: 0.0161403 seconds, Stopping threads took: 0.0001590 seconds
2019-10-31T19:32:17.872+0530: 1318.235: Total time for which application threads were stopped: 0.0011822 seconds, Stopping threads took: 0.0001457 seconds
2019-10-31T19:32:17.873+0530: 1318.236: Total time for which application threads were stopped: 0.0010554 seconds, Stopping threads took: 0.0000872 seconds
2019-10-31T19:32:17.874+0530: 1318.237: Total time for which application threads were stopped: 0.0007203 seconds, Stopping threads took: 0.0000443 seconds
2019-10-31T19:32:17.875+0530: 1318.238: Total time for which application threads were stopped: 0.0006290 seconds, Stopping threads took: 0.0000807 seconds
2019-10-31T19:32:17.876+0530: 1318.238: Total time for which application threads were stopped: 0.0007201 seconds, Stopping threads took: 0.0001219 seconds
2019-10-31T19:32:17.876+0530: 1318.239: Total time for which application threads were stopped: 0.0006546 seconds, Stopping threads took: 0.0000961 seconds
2019-10-31T19:32:17.877+0530: 1318.240: Total time for which application threads were stopped: 0.0006046 seconds, Stopping threads took: 0.0000395 seconds
2019-10-31T19:32:17.878+0530: 1318.240: Total time for which application threads were stopped: 0.0006388 seconds, Stopping threads took: 0.0000909 seconds
2019-10-31T19:32:17.878+0530: 1318.241: Total time for which application threads were stopped: 0.0005666 seconds, Stopping threads took: 0.0000362 seconds
2019-10-31T19:32:17.879+0530: 1318.242: Total time for which application threads were stopped: 0.0006447 seconds, Stopping threads took: 0.0000834 seconds
2019-10-31T19:32:17.880+0530: 1318.242: Total time for which application threads were stopped: 0.0006412 seconds, Stopping threads took: 0.0000781 seconds
2019-10-31T19:32:17.880+0530: 1318.243: Total time for which application threads were stopped: 0.0006729 seconds, Stopping threads took: 0.0001072 seconds
2019-10-31T19:32:17.881+0530: 1318.244: Total time for which application threads were stopped: 0.0006199 seconds, Stopping threads took: 0.0000538 seconds
2019-10-31T19:32:17.882+0530: 1318.245: Total time for which application threads were stopped: 0.0005923 seconds, Stopping threads took: 0.0000540 seconds
2019-10-31T19:32:17.882+0530: 1318.245: Total time for which application threads were stopped: 0.0005900 seconds, Stopping threads took: 0.0000598 seconds
2019-10-31T19:32:17.883+0530: 1318.246: Total time for which application threads were stopped: 0.0006065 seconds, Stopping threads took: 0.0000742 seconds
2019-10-31T19:32:17.884+0530: 1318.246: Total time for which application threads were stopped: 0.0006271 seconds, Stopping threads took: 0.0000941 seconds
2019-10-31T19:32:17.884+0530: 1318.247: Total time for which application threads were stopped: 0.0005876 seconds, Stopping threads took: 0.0000663 seconds
2019-10-31T19:32:17.885+0530: 1318.248: Total time for which application threads were stopped: 0.0006073 seconds, Stopping threads took: 0.0000646 seconds
2019-10-31T19:32:17.889+0530: 1318.252: Total time for which application threads were stopped: 0.0042130 seconds, Stopping threads took: 0.0000822 seconds
2019-10-31T19:32:38.892+0530: 1339.254: Total time for which application threads were stopped: 0.0009312 seconds, Stopping threads took: 0.0001216 seconds
2019-10-31T19:32:46.899+0530: 1347.262: [GC pause (G1 Evacuation Pause) (young), 0.0136846 secs]
   [Parallel Time: 7.5 ms, GC Workers: 8]
      [GC Worker Start (ms): Min: 1347262.4, Avg: 1347262.5, Max: 1347262.5, Diff: 0.1]
      [Ext Root Scanning (ms): Min: 0.5, Avg: 0.6, Max: 0.6, Diff: 0.1, Sum: 4.5]
      [Update RS (ms): Min: 5.1, Avg: 5.1, Max: 5.1, Diff: 0.0, Sum: 41.0]
         [Processed Buffers: Min: 65, Avg: 66.1, Max: 67, Diff: 2, Sum: 529]
      [Scan RS (ms): Min: 0.0, Avg: 0.0, Max: 0.0, Diff: 0.0, Sum: 0.1]
      [Code Root Scanning (ms): Min: 0.0, Avg: 0.0, Max: 0.0, Diff: 0.0, Sum: 0.0]
      [Object Copy (ms): Min: 1.6, Avg: 1.6, Max: 1.7, Diff: 0.1, Sum: 13.0]
      [Termination (ms): Min: 0.0, Avg: 0.0, Max: 0.0, Diff: 0.0, Sum: 0.0]
         [Termination Attempts: Min: 1, Avg: 3.0, Max: 7, Diff: 6, Sum: 24]
      [GC Worker Other (ms): Min: 0.0, Avg: 0.0, Max: 0.1, Diff: 0.0, Sum: 0.3]
      [GC Worker Total (ms): Min: 7.3, Avg: 7.4, Max: 7.4, Diff: 0.1, Sum: 58.9]
      [GC Worker End (ms): Min: 1347269.8, Avg: 1347269.8, Max: 1347269.9, Diff: 0.0]
   [Code Root Fixup: 0.1 ms]
   [Code Root Purge: 0.0 ms]
   [Clear CT: 0.2 ms]
   [Other: 6.0 ms]
      [Choose CSet: 0.0 ms]
      [Ref Proc: 4.9 ms]
      [Ref Enq: 0.0 ms]
      [Redirty Cards: 0.1 ms]
      [Humongous Register: 0.1 ms]
      [Humongous Reclaim: 0.0 ms]
      [Free CSet: 0.1 ms]
   [Eden: 238.0M(238.0M)->0.0B(246.0M) Survivors: 18.0M->10.0M Heap: 293.9M(4096.0M)->49.4M(4096.0M)]
 [Times: user=0.06 sys=0.00, real=0.02 secs] 
2019-10-31T19:32:46.913+0530: 1347.276: Total time for which application threads were stopped: 0.0148263 seconds, Stopping threads took: 0.0001254 seconds
2019-10-31T19:32:46.914+0530: 1347.277: Total time for which application threads were stopped: 0.0007841 seconds, Stopping threads took: 0.0001437 seconds
2019-10-31T19:32:46.915+0530: 1347.278: Total time for which application threads were stopped: 0.0007175 seconds, Stopping threads took: 0.0001063 seconds
2019-10-31T19:32:46.916+0530: 1347.279: Total time for which application threads were stopped: 0.0004757 seconds, Stopping threads took: 0.0000326 seconds
2019-10-31T19:32:46.917+0530: 1347.279: Total time for which application threads were stopped: 0.0005110 seconds, Stopping threads took: 0.0001084 seconds
2019-10-31T19:32:46.917+0530: 1347.280: Total time for which application threads were stopped: 0.0005043 seconds, Stopping threads took: 0.0001062 seconds
2019-10-31T19:32:46.918+0530: 1347.281: Total time for which application threads were stopped: 0.0004800 seconds, Stopping threads took: 0.0000776 seconds
2019-10-31T19:32:46.918+0530: 1347.281: Total time for which application threads were stopped: 0.0004133 seconds, Stopping threads took: 0.0000307 seconds
2019-10-31T19:32:46.919+0530: 1347.282: Total time for which application threads were stopped: 0.0004039 seconds, Stopping threads took: 0.0000230 seconds
2019-10-31T19:32:46.919+0530: 1347.282: Total time for which application threads were stopped: 0.0004748 seconds, Stopping threads took: 0.0000758 seconds
2019-10-31T19:32:46.920+0530: 1347.283: Total time for which application threads were stopped: 0.0004176 seconds, Stopping threads took: 0.0000270 seconds
2019-10-31T19:32:46.920+0530: 1347.283: Total time for which application threads were stopped: 0.0004483 seconds, Stopping threads took: 0.0000666 seconds
2019-10-31T19:32:46.921+0530: 1347.284: Total time for which application threads were stopped: 0.0004284 seconds, Stopping threads took: 0.0000246 seconds
2019-10-31T19:32:46.921+0530: 1347.284: Total time for which application threads were stopped: 0.0004293 seconds, Stopping threads took: 0.0000290 seconds
2019-10-31T19:32:46.922+0530: 1347.285: Total time for which application threads were stopped: 0.0004953 seconds, Stopping threads took: 0.0001003 seconds
2019-10-31T19:32:46.923+0530: 1347.285: Total time for which application threads were stopped: 0.0005029 seconds, Stopping threads took: 0.0000782 seconds
2019-10-31T19:32:46.923+0530: 1347.286: Total time for which application threads were stopped: 0.0004830 seconds, Stopping threads took: 0.0000786 seconds
2019-10-31T19:32:46.924+0530: 1347.286: Total time for which application threads were stopped: 0.0004726 seconds, Stopping threads took: 0.0000725 seconds
2019-10-31T19:32:46.924+0530: 1347.287: Total time for which application threads were stopped: 0.0004314 seconds, Stopping threads took: 0.0000355 seconds
2019-10-31T19:32:46.924+0530: 1347.287: Total time for which application threads were stopped: 0.0004449 seconds, Stopping threads took: 0.0000586 seconds
2019-10-31T19:32:46.927+0530: 1347.290: Total time for which application threads were stopped: 0.0021494 seconds, Stopping threads took: 0.0000294 seconds
2019-10-31T19:33:00.929+0530: 1361.292: Total time for which application threads were stopped: 0.0014225 seconds, Stopping threads took: 0.0001793 seconds
2019-10-31T19:33:09.931+0530: 1370.294: Total time for which application threads were stopped: 0.0010476 seconds, Stopping threads took: 0.0001459 seconds
2019-10-31T19:33:16.269+0530: 1376.632: [GC pause (G1 Evacuation Pause) (young), 0.0139094 secs]
   [Parallel Time: 7.5 ms, GC Workers: 8]
      [GC Worker Start (ms): Min: 1376632.6, Avg: 1376632.6, Max: 1376632.7, Diff: 0.1]
      [Ext Root Scanning (ms): Min: 0.5, Avg: 0.6, Max: 0.6, Diff: 0.1, Sum: 4.5]
      [Update RS (ms): Min: 5.1, Avg: 5.1, Max: 5.2, Diff: 0.1, Sum: 40.9]
         [Processed Buffers: Min: 63, Avg: 66.0, Max: 70, Diff: 7, Sum: 528]
      [Scan RS (ms): Min: 0.0, Avg: 0.0, Max: 0.0, Diff: 0.0, Sum: 0.1]
      [Code Root Scanning (ms): Min: 0.0, Avg: 0.0, Max: 0.0, Diff: 0.0, Sum: 0.0]
      [Object Copy (ms): Min: 1.6, Avg: 1.6, Max: 1.7, Diff: 0.1, Sum: 12.9]
      [Termination (ms): Min: 0.0, Avg: 0.0, Max: 0.0, Diff: 0.0, Sum: 0.0]
         [Termination Attempts: Min: 1, Avg: 6.4, Max: 11, Diff: 10, Sum: 51]
      [GC Worker Other (ms): Min: 0.0, Avg: 0.0, Max: 0.1, Diff: 0.0, Sum: 0.2]
      [GC Worker Total (ms): Min: 7.3, Avg: 7.3, Max: 7.4, Diff: 0.1, Sum: 58.7]
      [GC Worker End (ms): Min: 1376640.0, Avg: 1376640.0, Max: 1376640.0, Diff: 0.0]
   [Code Root Fixup: 0.1 ms]
   [Code Root Purge: 0.0 ms]
   [Clear CT: 0.1 ms]
   [Other: 6.2 ms]
      [Choose CSet: 0.0 ms]
      [Ref Proc: 5.1 ms]
      [Ref Enq: 0.0 ms]
      [Redirty Cards: 0.1 ms]
      [Humongous Register: 0.1 ms]
      [Humongous Reclaim: 0.0 ms]
      [Free CSet: 0.1 ms]
   [Eden: 246.0M(246.0M)->0.0B(248.0M) Survivors: 10.0M->8192.0K Heap: 295.4M(4096.0M)->46.9M(4096.0M)]
 [Times: user=0.07 sys=0.00, real=0.01 secs] 
2019-10-31T19:33:16.283+0530: 1376.646: Total time for which application threads were stopped: 0.0150970 seconds, Stopping threads took: 0.0001273 seconds
2019-10-31T19:33:16.284+0530: 1376.647: Total time for which application threads were stopped: 0.0009455 seconds, Stopping threads took: 0.0002117 seconds
2019-10-31T19:33:16.285+0530: 1376.648: Total time for which application threads were stopped: 0.0007294 seconds, Stopping threads took: 0.0001042 seconds
2019-10-31T19:33:16.286+0530: 1376.649: Total time for which application threads were stopped: 0.0003931 seconds, Stopping threads took: 0.0000244 seconds
2019-10-31T19:33:16.286+0530: 1376.649: Total time for which application threads were stopped: 0.0003422 seconds, Stopping threads took: 0.0000200 seconds
2019-10-31T19:33:16.287+0530: 1376.649: Total time for which application threads were stopped: 0.0003351 seconds, Stopping threads took: 0.0000198 seconds
2019-10-31T19:33:16.287+0530: 1376.650: Total time for which application threads were stopped: 0.0003384 seconds, Stopping threads took: 0.0000217 seconds
2019-10-31T19:33:16.287+0530: 1376.650: Total time for which application threads were stopped: 0.0003356 seconds, Stopping threads took: 0.0000215 seconds
2019-10-31T19:33:16.288+0530: 1376.651: Total time for which application threads were stopped: 0.0003353 seconds, Stopping threads took: 0.0000216 seconds
2019-10-31T19:33:16.288+0530: 1376.651: Total time for which application threads were stopped: 0.0003331 seconds, Stopping threads took: 0.0000205 seconds
2019-10-31T19:33:16.288+0530: 1376.651: Total time for which application threads were stopped: 0.0003576 seconds, Stopping threads took: 0.0000197 seconds
2019-10-31T19:33:16.289+0530: 1376.652: Total time for which application threads were stopped: 0.0003659 seconds, Stopping threads took: 0.0000199 seconds
2019-10-31T19:33:16.289+0530: 1376.652: Total time for which application threads were stopped: 0.0003365 seconds, Stopping threads took: 0.0000202 seconds
2019-10-31T19:33:16.290+0530: 1376.652: Total time for which application threads were stopped: 0.0003346 seconds, Stopping threads took: 0.0000208 seconds
2019-10-31T19:33:16.290+0530: 1376.653: Total time for which application threads were stopped: 0.0003335 seconds, Stopping threads took: 0.0000199 seconds
2019-10-31T19:33:16.290+0530: 1376.653: Total time for which application threads were stopped: 0.0003373 seconds, Stopping threads took: 0.0000213 seconds
2019-10-31T19:33:16.291+0530: 1376.653: Total time for which application threads were stopped: 0.0003601 seconds, Stopping threads took: 0.0000402 seconds
2019-10-31T19:33:16.291+0530: 1376.654: Total time for which application threads were stopped: 0.0003351 seconds, Stopping threads took: 0.0000193 seconds
2019-10-31T19:33:16.291+0530: 1376.654: Total time for which application threads were stopped: 0.0003551 seconds, Stopping threads took: 0.0000198 seconds
2019-10-31T19:33:16.292+0530: 1376.655: Total time for which application threads were stopped: 0.0003355 seconds, Stopping threads took: 0.0000203 seconds
2019-10-31T19:33:16.293+0530: 1376.656: Total time for which application threads were stopped: 0.0017207 seconds, Stopping threads took: 0.0000208 seconds
2019-10-31T19:33:24.295+0530: 1384.658: Total time for which application threads were stopped: 0.0009532 seconds, Stopping threads took: 0.0001330 seconds
2019-10-31T19:33:26.296+0530: 1386.659: Total time for which application threads were stopped: 0.0008305 seconds, Stopping threads took: 0.0001261 seconds
2019-10-31T19:33:42.695+0530: 1403.058: [GC pause (G1 Evacuation Pause) (young), 0.0141067 secs]
   [Parallel Time: 8.0 ms, GC Workers: 8]
      [GC Worker Start (ms): Min: 1403058.2, Avg: 1403058.3, Max: 1403058.3, Diff: 0.1]
      [Ext Root Scanning (ms): Min: 0.6, Avg: 0.6, Max: 0.8, Diff: 0.2, Sum: 5.0]
      [Update RS (ms): Min: 5.1, Avg: 5.1, Max: 5.2, Diff: 0.1, Sum: 41.0]
         [Processed Buffers: Min: 62, Avg: 66.2, Max: 70, Diff: 8, Sum: 530]
      [Scan RS (ms): Min: 0.0, Avg: 0.0, Max: 0.0, Diff: 0.0, Sum: 0.2]
      [Code Root Scanning (ms): Min: 0.0, Avg: 0.0, Max: 0.0, Diff: 0.0, Sum: 0.0]
      [Object Copy (ms): Min: 1.9, Avg: 2.0, Max: 2.0, Diff: 0.2, Sum: 16.0]
      [Termination (ms): Min: 0.0, Avg: 0.0, Max: 0.0, Diff: 0.0, Sum: 0.0]
         [Termination Attempts: Min: 1, Avg: 2.4, Max: 5, Diff: 4, Sum: 19]
      [GC Worker Other (ms): Min: 0.0, Avg: 0.0, Max: 0.1, Diff: 0.1, Sum: 0.3]
      [GC Worker Total (ms): Min: 7.8, Avg: 7.8, Max: 7.9, Diff: 0.1, Sum: 62.5]
      [GC Worker End (ms): Min: 1403066.0, Avg: 1403066.1, Max: 1403066.1, Diff: 0.1]
   [Code Root Fixup: 0.1 ms]
   [Code Root Purge: 0.0 ms]
   [Clear CT: 0.1 ms]
   [Other: 5.9 ms]
      [Choose CSet: 0.0 ms]
      [Ref Proc: 4.9 ms]
      [Ref Enq: 0.0 ms]
      [Redirty Cards: 0.1 ms]
      [Humongous Register: 0.1 ms]
      [Humongous Reclaim: 0.0 ms]
      [Free CSet: 0.1 ms]
   [Eden: 248.0M(248.0M)->0.0B(244.0M) Survivors: 8192.0K->12.0M Heap: 294.9M(4096.0M)->51.0M(4096.0M)]
 [Times: user=0.07 sys=0.00, real=0.01 secs] 
2019-10-31T19:33:42.709+0530: 1403.072: Total time for which application threads were stopped: 0.0154211 seconds, Stopping threads took: 0.0001519 seconds
2019-10-31T19:33:42.710+0530: 1403.073: Total time for which application threads were stopped: 0.0009324 seconds, Stopping threads took: 0.0001414 seconds
2019-10-31T19:33:42.711+0530: 1403.074: Total time for which application threads were stopped: 0.0007677 seconds, Stopping threads took: 0.0000948 seconds
2019-10-31T19:33:42.712+0530: 1403.075: Total time for which application threads were stopped: 0.0005651 seconds, Stopping threads took: 0.0000347 seconds
2019-10-31T19:33:42.713+0530: 1403.075: Total time for which application threads were stopped: 0.0004713 seconds, Stopping threads took: 0.0000228 seconds
2019-10-31T19:33:42.713+0530: 1403.076: Total time for which application threads were stopped: 0.0004896 seconds, Stopping threads took: 0.0000209 seconds
2019-10-31T19:33:42.714+0530: 1403.076: Total time for which application threads were stopped: 0.0004595 seconds, Stopping threads took: 0.0000213 seconds
2019-10-31T19:33:42.714+0530: 1403.077: Total time for which application threads were stopped: 0.0004589 seconds, Stopping threads took: 0.0000215 seconds
2019-10-31T19:33:42.714+0530: 1403.077: Total time for which application threads were stopped: 0.0004563 seconds, Stopping threads took: 0.0000215 seconds
2019-10-31T19:33:42.715+0530: 1403.078: Total time for which application threads were stopped: 0.0004599 seconds, Stopping threads took: 0.0000207 seconds
2019-10-31T19:33:42.715+0530: 1403.078: Total time for which application threads were stopped: 0.0004690 seconds, Stopping threads took: 0.0000201 seconds
2019-10-31T19:33:42.716+0530: 1403.079: Total time for which application threads were stopped: 0.0004584 seconds, Stopping threads took: 0.0000205 seconds
2019-10-31T19:33:42.716+0530: 1403.079: Total time for which application threads were stopped: 0.0004594 seconds, Stopping threads took: 0.0000209 seconds
2019-10-31T19:33:42.717+0530: 1403.080: Total time for which application threads were stopped: 0.0004837 seconds, Stopping threads took: 0.0000203 seconds
2019-10-31T19:33:42.717+0530: 1403.080: Total time for which application threads were stopped: 0.0004736 seconds, Stopping threads took: 0.0000338 seconds
2019-10-31T19:33:42.718+0530: 1403.081: Total time for which application threads were stopped: 0.0005073 seconds, Stopping threads took: 0.0000651 seconds
2019-10-31T19:33:42.718+0530: 1403.081: Total time for which application threads were stopped: 0.0005016 seconds, Stopping threads took: 0.0000602 seconds
2019-10-31T19:33:42.719+0530: 1403.082: Total time for which application threads were stopped: 0.0005099 seconds, Stopping threads took: 0.0000664 seconds
2019-10-31T19:33:42.720+0530: 1403.082: Total time for which application threads were stopped: 0.0004937 seconds, Stopping threads took: 0.0000550 seconds
2019-10-31T19:33:42.720+0530: 1403.083: Total time for which application threads were stopped: 0.0004592 seconds, Stopping threads took: 0.0000209 seconds
2019-10-31T19:33:42.724+0530: 1403.086: Total time for which application threads were stopped: 0.0034842 seconds, Stopping threads took: 0.0000403 seconds
2019-10-31T19:34:12.576+0530: 1432.939: [GC pause (G1 Evacuation Pause) (young), 0.0141600 secs]
   [Parallel Time: 8.0 ms, GC Workers: 8]
      [GC Worker Start (ms): Min: 1432939.3, Avg: 1432939.4, Max: 1432939.4, Diff: 0.1]
      [Ext Root Scanning (ms): Min: 0.6, Avg: 0.6, Max: 0.8, Diff: 0.3, Sum: 5.2]
      [Update RS (ms): Min: 5.1, Avg: 5.1, Max: 5.1, Diff: 0.1, Sum: 40.9]
         [Processed Buffers: Min: 63, Avg: 66.1, Max: 69, Diff: 6, Sum: 529]
      [Scan RS (ms): Min: 0.0, Avg: 0.0, Max: 0.0, Diff: 0.0, Sum: 0.1]
      [Code Root Scanning (ms): Min: 0.0, Avg: 0.0, Max: 0.0, Diff: 0.0, Sum: 0.0]
      [Object Copy (ms): Min: 1.9, Avg: 2.1, Max: 2.1, Diff: 0.2, Sum: 16.7]
      [Termination (ms): Min: 0.0, Avg: 0.0, Max: 0.0, Diff: 0.0, Sum: 0.0]
         [Termination Attempts: Min: 1, Avg: 4.9, Max: 9, Diff: 8, Sum: 39]
      [GC Worker Other (ms): Min: 0.0, Avg: 0.0, Max: 0.1, Diff: 0.1, Sum: 0.3]
      [GC Worker Total (ms): Min: 7.9, Avg: 7.9, Max: 8.0, Diff: 0.1, Sum: 63.3]
      [GC Worker End (ms): Min: 1432947.3, Avg: 1432947.3, Max: 1432947.3, Diff: 0.1]
   [Code Root Fixup: 0.1 ms]
   [Code Root Purge: 0.0 ms]
   [Clear CT: 0.1 ms]
   [Other: 5.9 ms]
      [Choose CSet: 0.0 ms]
      [Ref Proc: 4.8 ms]
      [Ref Enq: 0.0 ms]
      [Redirty Cards: 0.1 ms]
      [Humongous Register: 0.1 ms]
      [Humongous Reclaim: 0.0 ms]
      [Free CSet: 0.1 ms]
   [Eden: 244.0M(244.0M)->0.0B(240.0M) Survivors: 12.0M->16.0M Heap: 295.0M(4096.0M)->55.2M(4096.0M)]
 [Times: user=0.07 sys=0.00, real=0.01 secs] 
2019-10-31T19:34:12.590+0530: 1432.953: Total time for which application threads were stopped: 0.0155895 seconds, Stopping threads took: 0.0001531 seconds
2019-10-31T19:34:12.592+0530: 1432.955: Total time for which application threads were stopped: 0.0010868 seconds, Stopping threads took: 0.0001261 seconds
2019-10-31T19:34:12.593+0530: 1432.955: Total time for which application threads were stopped: 0.0007305 seconds, Stopping threads took: 0.0000384 seconds
2019-10-31T19:34:12.593+0530: 1432.956: Total time for which application threads were stopped: 0.0005963 seconds, Stopping threads took: 0.0000270 seconds
2019-10-31T19:34:12.594+0530: 1432.957: Total time for which application threads were stopped: 0.0005842 seconds, Stopping threads took: 0.0000269 seconds
2019-10-31T19:34:12.594+0530: 1432.957: Total time for which application threads were stopped: 0.0005396 seconds, Stopping threads took: 0.0000404 seconds
2019-10-31T19:34:12.595+0530: 1432.958: Total time for which application threads were stopped: 0.0006213 seconds, Stopping threads took: 0.0001245 seconds
2019-10-31T19:34:12.596+0530: 1432.959: Total time for which application threads were stopped: 0.0005772 seconds, Stopping threads took: 0.0000735 seconds
2019-10-31T19:34:12.596+0530: 1432.959: Total time for which application threads were stopped: 0.0005577 seconds, Stopping threads took: 0.0000614 seconds
2019-10-31T19:34:12.597+0530: 1432.960: Total time for which application threads were stopped: 0.0006013 seconds, Stopping threads took: 0.0000624 seconds
2019-10-31T19:34:12.598+0530: 1432.960: Total time for which application threads were stopped: 0.0005728 seconds, Stopping threads took: 0.0000711 seconds
2019-10-31T19:34:12.598+0530: 1432.961: Total time for which application threads were stopped: 0.0005609 seconds, Stopping threads took: 0.0000598 seconds
2019-10-31T19:34:12.599+0530: 1432.962: Total time for which application threads were stopped: 0.0005668 seconds, Stopping threads took: 0.0000691 seconds
2019-10-31T19:34:12.599+0530: 1432.962: Total time for which application threads were stopped: 0.0005680 seconds, Stopping threads took: 0.0000651 seconds
2019-10-31T19:34:12.600+0530: 1432.963: Total time for which application threads were stopped: 0.0005833 seconds, Stopping threads took: 0.0000832 seconds
2019-10-31T19:34:12.601+0530: 1432.963: Total time for which application threads were stopped: 0.0005705 seconds, Stopping threads took: 0.0000719 seconds
2019-10-31T19:34:12.601+0530: 1432.964: Total time for which application threads were stopped: 0.0006023 seconds, Stopping threads took: 0.0000675 seconds
2019-10-31T19:34:12.602+0530: 1432.965: Total time for which application threads were stopped: 0.0005421 seconds, Stopping threads took: 0.0000439 seconds
2019-10-31T19:34:12.602+0530: 1432.965: Total time for which application threads were stopped: 0.0005724 seconds, Stopping threads took: 0.0000760 seconds
2019-10-31T19:34:12.603+0530: 1432.966: Total time for which application threads were stopped: 0.0005473 seconds, Stopping threads took: 0.0000471 seconds
2019-10-31T19:34:12.607+0530: 1432.970: Total time for which application threads were stopped: 0.0039123 seconds, Stopping threads took: 0.0000573 seconds
2019-10-31T19:34:30.609+0530: 1450.972: Total time for which application threads were stopped: 0.0011845 seconds, Stopping threads took: 0.0001451 seconds
2019-10-31T19:34:42.831+0530: 1463.194: [GC pause (G1 Evacuation Pause) (young), 0.0147933 secs]
   [Parallel Time: 8.7 ms, GC Workers: 8]
      [GC Worker Start (ms): Min: 1463194.1, Avg: 1463194.1, Max: 1463194.2, Diff: 0.1]
      [Ext Root Scanning (ms): Min: 0.6, Avg: 0.7, Max: 1.0, Diff: 0.3, Sum: 5.8]
      [Update RS (ms): Min: 5.1, Avg: 5.2, Max: 5.2, Diff: 0.1, Sum: 41.5]
         [Processed Buffers: Min: 64, Avg: 66.0, Max: 68, Diff: 4, Sum: 528]
      [Scan RS (ms): Min: 0.0, Avg: 0.0, Max: 0.0, Diff: 0.0, Sum: 0.1]
      [Code Root Scanning (ms): Min: 0.0, Avg: 0.0, Max: 0.0, Diff: 0.0, Sum: 0.0]
      [Object Copy (ms): Min: 2.4, Avg: 2.5, Max: 2.6, Diff: 0.2, Sum: 20.3]
      [Termination (ms): Min: 0.0, Avg: 0.0, Max: 0.0, Diff: 0.0, Sum: 0.0]
         [Termination Attempts: Min: 1, Avg: 1.1, Max: 2, Diff: 1, Sum: 9]
      [GC Worker Other (ms): Min: 0.0, Avg: 0.0, Max: 0.1, Diff: 0.0, Sum: 0.2]
      [GC Worker Total (ms): Min: 8.4, Avg: 8.5, Max: 8.5, Diff: 0.1, Sum: 68.0]
      [GC Worker End (ms): Min: 1463202.6, Avg: 1463202.6, Max: 1463202.6, Diff: 0.0]
   [Code Root Fixup: 0.1 ms]
   [Code Root Purge: 0.0 ms]
   [Clear CT: 0.2 ms]
   [Other: 5.9 ms]
      [Choose CSet: 0.0 ms]
      [Ref Proc: 4.7 ms]
      [Ref Enq: 0.0 ms]
      [Redirty Cards: 0.1 ms]
      [Humongous Register: 0.1 ms]
      [Humongous Reclaim: 0.0 ms]
      [Free CSet: 0.1 ms]
   [Eden: 240.0M(240.0M)->0.0B(240.0M) Survivors: 16.0M->16.0M Heap: 295.2M(4096.0M)->55.4M(4096.0M)]
 [Times: user=0.07 sys=0.00, real=0.02 secs] 
2019-10-31T19:34:42.846+0530: 1463.209: Total time for which application threads were stopped: 0.0164020 seconds, Stopping threads took: 0.0001601 seconds
2019-10-31T19:34:42.847+0530: 1463.210: Total time for which application threads were stopped: 0.0013672 seconds, Stopping threads took: 0.0002551 seconds
2019-10-31T19:34:42.850+0530: 1463.213: Total time for which application threads were stopped: 0.0013463 seconds, Stopping threads took: 0.0002124 seconds
2019-10-31T19:34:42.852+0530: 1463.214: Total time for which application threads were stopped: 0.0011575 seconds, Stopping threads took: 0.0001303 seconds
2019-10-31T19:34:42.853+0530: 1463.215: Total time for which application threads were stopped: 0.0009346 seconds, Stopping threads took: 0.0000657 seconds
2019-10-31T19:34:42.853+0530: 1463.216: Total time for which application threads were stopped: 0.0008233 seconds, Stopping threads took: 0.0000478 seconds
2019-10-31T19:34:42.854+0530: 1463.217: Total time for which application threads were stopped: 0.0007504 seconds, Stopping threads took: 0.0000394 seconds
2019-10-31T19:34:42.855+0530: 1463.218: Total time for which application threads were stopped: 0.0007687 seconds, Stopping threads took: 0.0000663 seconds
2019-10-31T19:34:42.856+0530: 1463.219: Total time for which application threads were stopped: 0.0007930 seconds, Stopping threads took: 0.0000905 seconds
2019-10-31T19:34:42.857+0530: 1463.220: Total time for which application threads were stopped: 0.0008259 seconds, Stopping threads took: 0.0000776 seconds
2019-10-31T19:34:42.858+0530: 1463.221: Total time for which application threads were stopped: 0.0007906 seconds, Stopping threads took: 0.0000743 seconds
2019-10-31T19:34:42.859+0530: 1463.221: Total time for which application threads were stopped: 0.0007309 seconds, Stopping threads took: 0.0000370 seconds
2019-10-31T19:34:42.859+0530: 1463.222: Total time for which application threads were stopped: 0.0007410 seconds, Stopping threads took: 0.0000372 seconds
2019-10-31T19:34:42.860+0530: 1463.223: Total time for which application threads were stopped: 0.0007364 seconds, Stopping threads took: 0.0000444 seconds
2019-10-31T19:34:42.861+0530: 1463.224: Total time for which application threads were stopped: 0.0008642 seconds, Stopping threads took: 0.0001147 seconds
2019-10-31T19:34:42.862+0530: 1463.225: Total time for which application threads were stopped: 0.0007815 seconds, Stopping threads took: 0.0000751 seconds
2019-10-31T19:34:42.863+0530: 1463.226: Total time for which application threads were stopped: 0.0007710 seconds, Stopping threads took: 0.0000436 seconds
2019-10-31T19:34:42.863+0530: 1463.226: Total time for which application threads were stopped: 0.0007707 seconds, Stopping threads took: 0.0000623 seconds
2019-10-31T19:34:42.864+0530: 1463.227: Total time for which application threads were stopped: 0.0007948 seconds, Stopping threads took: 0.0000957 seconds
2019-10-31T19:34:42.865+0530: 1463.228: Total time for which application threads were stopped: 0.0007909 seconds, Stopping threads took: 0.0000698 seconds
2019-10-31T19:34:42.873+0530: 1463.236: Total time for which application threads were stopped: 0.0077103 seconds, Stopping threads took: 0.0000921 seconds
2019-10-31T19:35:10.560+0530: 1490.923: [GC pause (G1 Evacuation Pause) (young), 0.0142703 secs]
   [Parallel Time: 7.7 ms, GC Workers: 8]
      [GC Worker Start (ms): Min: 1490923.4, Avg: 1490923.4, Max: 1490923.5, Diff: 0.1]
      [Ext Root Scanning (ms): Min: 0.6, Avg: 1.0, Max: 3.2, Diff: 2.6, Sum: 7.8]
      [Update RS (ms): Min: 2.8, Avg: 5.0, Max: 5.3, Diff: 2.5, Sum: 39.9]
         [Processed Buffers: Min: 49, Avg: 66.5, Max: 79, Diff: 30, Sum: 532]
      [Scan RS (ms): Min: 0.0, Avg: 0.0, Max: 0.0, Diff: 0.0, Sum: 0.1]
      [Code Root Scanning (ms): Min: 0.0, Avg: 0.0, Max: 0.0, Diff: 0.0, Sum: 0.0]
      [Object Copy (ms): Min: 1.5, Avg: 1.6, Max: 1.6, Diff: 0.1, Sum: 12.4]
      [Termination (ms): Min: 0.0, Avg: 0.0, Max: 0.0, Diff: 0.0, Sum: 0.0]
         [Termination Attempts: Min: 1, Avg: 1.4, Max: 2, Diff: 1, Sum: 11]
      [GC Worker Other (ms): Min: 0.0, Avg: 0.0, Max: 0.1, Diff: 0.1, Sum: 0.3]
      [GC Worker Total (ms): Min: 7.5, Avg: 7.6, Max: 7.6, Diff: 0.1, Sum: 60.6]
      [GC Worker End (ms): Min: 1490931.0, Avg: 1490931.0, Max: 1490931.1, Diff: 0.1]
   [Code Root Fixup: 0.1 ms]
   [Code Root Purge: 0.0 ms]
   [Clear CT: 0.2 ms]
   [Other: 6.3 ms]
      [Choose CSet: 0.0 ms]
      [Ref Proc: 5.2 ms]
      [Ref Enq: 0.0 ms]
      [Redirty Cards: 0.1 ms]
      [Humongous Register: 0.1 ms]
      [Humongous Reclaim: 0.0 ms]
      [Free CSet: 0.1 ms]
   [Eden: 240.0M(240.0M)->0.0B(246.0M) Survivors: 16.0M->10.0M Heap: 295.4M(4096.0M)->49.4M(4096.0M)]
 [Times: user=0.07 sys=0.00, real=0.02 secs] 
2019-10-31T19:35:10.575+0530: 1490.937: Total time for which application threads were stopped: 0.0154853 seconds, Stopping threads took: 0.0001378 seconds
2019-10-31T19:35:10.576+0530: 1490.938: Total time for which application threads were stopped: 0.0008519 seconds, Stopping threads took: 0.0001059 seconds
2019-10-31T19:35:10.576+0530: 1490.939: Total time for which application threads were stopped: 0.0005424 seconds, Stopping threads took: 0.0000279 seconds
2019-10-31T19:35:10.577+0530: 1490.939: Total time for which application threads were stopped: 0.0003909 seconds, Stopping threads took: 0.0000238 seconds
2019-10-31T19:35:10.577+0530: 1490.940: Total time for which application threads were stopped: 0.0004021 seconds, Stopping threads took: 0.0000224 seconds
2019-10-31T19:35:10.577+0530: 1490.940: Total time for which application threads were stopped: 0.0003723 seconds, Stopping threads took: 0.0000212 seconds
2019-10-31T19:35:10.578+0530: 1490.941: Total time for which application threads were stopped: 0.0003886 seconds, Stopping threads took: 0.0000366 seconds
2019-10-31T19:35:10.578+0530: 1490.941: Total time for which application threads were stopped: 0.0003848 seconds, Stopping threads took: 0.0000368 seconds
2019-10-31T19:35:10.579+0530: 1490.941: Total time for which application threads were stopped: 0.0003824 seconds, Stopping threads took: 0.0000341 seconds
2019-10-31T19:35:10.579+0530: 1490.942: Total time for which application threads were stopped: 0.0003714 seconds, Stopping threads took: 0.0000204 seconds
2019-10-31T19:35:10.579+0530: 1490.942: Total time for which application threads were stopped: 0.0003683 seconds, Stopping threads took: 0.0000217 seconds
2019-10-31T19:35:10.580+0530: 1490.943: Total time for which application threads were stopped: 0.0003669 seconds, Stopping threads took: 0.0000217 seconds
2019-10-31T19:35:10.580+0530: 1490.943: Total time for which application threads were stopped: 0.0003691 seconds, Stopping threads took: 0.0000224 seconds
2019-10-31T19:35:10.581+0530: 1490.943: Total time for which application threads were stopped: 0.0003653 seconds, Stopping threads took: 0.0000197 seconds
2019-10-31T19:35:10.581+0530: 1490.944: Total time for which application threads were stopped: 0.0003991 seconds, Stopping threads took: 0.0000215 seconds
2019-10-31T19:35:10.581+0530: 1490.944: Total time for which application threads were stopped: 0.0003812 seconds, Stopping threads took: 0.0000220 seconds
2019-10-31T19:35:10.582+0530: 1490.945: Total time for which application threads were stopped: 0.0003665 seconds, Stopping threads took: 0.0000215 seconds
2019-10-31T19:35:10.582+0530: 1490.945: Total time for which application threads were stopped: 0.0003670 seconds, Stopping threads took: 0.0000215 seconds
2019-10-31T19:35:10.583+0530: 1490.945: Total time for which application threads were stopped: 0.0003844 seconds, Stopping threads took: 0.0000355 seconds
2019-10-31T19:35:10.583+0530: 1490.946: Total time for which application threads were stopped: 0.0003644 seconds, Stopping threads took: 0.0000198 seconds
2019-10-31T19:35:10.585+0530: 1490.948: Total time for which application threads were stopped: 0.0019509 seconds, Stopping threads took: 0.0000200 seconds
2019-10-31T19:35:37.491+0530: 1517.854: [GC pause (G1 Evacuation Pause) (young), 0.0142639 secs]
   [Parallel Time: 8.1 ms, GC Workers: 8]
      [GC Worker Start (ms): Min: 1517854.8, Avg: 1517854.8, Max: 1517854.9, Diff: 0.1]
      [Ext Root Scanning (ms): Min: 0.6, Avg: 0.7, Max: 0.8, Diff: 0.2, Sum: 5.4]
      [Update RS (ms): Min: 5.1, Avg: 5.1, Max: 5.1, Diff: 0.1, Sum: 40.8]
         [Processed Buffers: Min: 64, Avg: 66.1, Max: 68, Diff: 4, Sum: 529]
      [Scan RS (ms): Min: 0.0, Avg: 0.0, Max: 0.0, Diff: 0.0, Sum: 0.1]
      [Code Root Scanning (ms): Min: 0.0, Avg: 0.0, Max: 0.0, Diff: 0.0, Sum: 0.0]
      [Object Copy (ms): Min: 1.9, Avg: 2.1, Max: 2.1, Diff: 0.2, Sum: 16.5]
      [Termination (ms): Min: 0.0, Avg: 0.0, Max: 0.0, Diff: 0.0, Sum: 0.0]
         [Termination Attempts: Min: 1, Avg: 5.1, Max: 8, Diff: 7, Sum: 41]
      [GC Worker Other (ms): Min: 0.0, Avg: 0.0, Max: 0.1, Diff: 0.1, Sum: 0.3]
      [GC Worker Total (ms): Min: 7.8, Avg: 7.9, Max: 8.0, Diff: 0.1, Sum: 63.2]
      [GC Worker End (ms): Min: 1517862.7, Avg: 1517862.7, Max: 1517862.8, Diff: 0.1]
   [Code Root Fixup: 0.1 ms]
   [Code Root Purge: 0.0 ms]
   [Clear CT: 0.2 ms]
   [Other: 6.0 ms]
      [Choose CSet: 0.0 ms]
      [Ref Proc: 4.8 ms]
      [Ref Enq: 0.0 ms]
      [Redirty Cards: 0.1 ms]
      [Humongous Register: 0.1 ms]
      [Humongous Reclaim: 0.0 ms]
      [Free CSet: 0.1 ms]
   [Eden: 246.0M(246.0M)->0.0B(242.0M) Survivors: 10.0M->14.0M Heap: 295.4M(4096.0M)->52.0M(4096.0M)]
 [Times: user=0.07 sys=0.00, real=0.02 secs] 
2019-10-31T19:35:37.506+0530: 1517.869: Total time for which application threads were stopped: 0.0156791 seconds, Stopping threads took: 0.0001413 seconds
2019-10-31T19:35:37.507+0530: 1517.870: Total time for which application threads were stopped: 0.0010775 seconds, Stopping threads took: 0.0001159 seconds
2019-10-31T19:35:37.508+0530: 1517.871: Total time for which application threads were stopped: 0.0008367 seconds, Stopping threads took: 0.0000535 seconds
2019-10-31T19:35:37.509+0530: 1517.872: Total time for which application threads were stopped: 0.0005714 seconds, Stopping threads took: 0.0000309 seconds
2019-10-31T19:35:37.509+0530: 1517.872: Total time for which application threads were stopped: 0.0005241 seconds, Stopping threads took: 0.0000274 seconds
2019-10-31T19:35:37.510+0530: 1517.873: Total time for which application threads were stopped: 0.0005295 seconds, Stopping threads took: 0.0000258 seconds
2019-10-31T19:35:37.510+0530: 1517.873: Total time for which application threads were stopped: 0.0005225 seconds, Stopping threads took: 0.0000263 seconds
2019-10-31T19:35:37.511+0530: 1517.874: Total time for which application threads were stopped: 0.0005212 seconds, Stopping threads took: 0.0000284 seconds
2019-10-31T19:35:37.512+0530: 1517.874: Total time for which application threads were stopped: 0.0005428 seconds, Stopping threads took: 0.0000264 seconds
2019-10-31T19:35:37.512+0530: 1517.875: Total time for which application threads were stopped: 0.0005671 seconds, Stopping threads took: 0.0000516 seconds
2019-10-31T19:35:37.513+0530: 1517.876: Total time for which application threads were stopped: 0.0005548 seconds, Stopping threads took: 0.0000523 seconds
2019-10-31T19:35:37.513+0530: 1517.876: Total time for which application threads were stopped: 0.0005605 seconds, Stopping threads took: 0.0000555 seconds
2019-10-31T19:35:37.514+0530: 1517.877: Total time for which application threads were stopped: 0.0005306 seconds, Stopping threads took: 0.0000331 seconds
2019-10-31T19:35:37.515+0530: 1517.877: Total time for which application threads were stopped: 0.0005717 seconds, Stopping threads took: 0.0000424 seconds
2019-10-31T19:35:37.515+0530: 1517.878: Total time for which application threads were stopped: 0.0005620 seconds, Stopping threads took: 0.0000372 seconds
2019-10-31T19:35:37.516+0530: 1517.879: Total time for which application threads were stopped: 0.0005347 seconds, Stopping threads took: 0.0000293 seconds
2019-10-31T19:35:37.516+0530: 1517.879: Total time for which application threads were stopped: 0.0005248 seconds, Stopping threads took: 0.0000269 seconds
2019-10-31T19:35:37.517+0530: 1517.880: Total time for which application threads were stopped: 0.0005466 seconds, Stopping threads took: 0.0000264 seconds
2019-10-31T19:35:37.517+0530: 1517.880: Total time for which application threads were stopped: 0.0005309 seconds, Stopping threads took: 0.0000275 seconds
2019-10-31T19:35:37.518+0530: 1517.881: Total time for which application threads were stopped: 0.0005313 seconds, Stopping threads took: 0.0000267 seconds
2019-10-31T19:35:37.523+0530: 1517.885: Total time for which application threads were stopped: 0.0046078 seconds, Stopping threads took: 0.0000263 seconds
2019-10-31T19:36:06.828+0530: 1547.191: [GC pause (G1 Evacuation Pause) (young), 0.0138307 secs]
   [Parallel Time: 7.5 ms, GC Workers: 8]
      [GC Worker Start (ms): Min: 1547191.2, Avg: 1547191.3, Max: 1547191.3, Diff: 0.1]
      [Ext Root Scanning (ms): Min: 0.5, Avg: 0.6, Max: 0.7, Diff: 0.1, Sum: 4.7]
      [Update RS (ms): Min: 5.1, Avg: 5.1, Max: 5.1, Diff: 0.0, Sum: 40.7]
         [Processed Buffers: Min: 63, Avg: 66.1, Max: 69, Diff: 6, Sum: 529]
      [Scan RS (ms): Min: 0.0, Avg: 0.0, Max: 0.0, Diff: 0.0, Sum: 0.1]
      [Code Root Scanning (ms): Min: 0.0, Avg: 0.0, Max: 0.0, Diff: 0.0, Sum: 0.0]
      [Object Copy (ms): Min: 1.6, Avg: 1.6, Max: 1.7, Diff: 0.1, Sum: 13.1]
      [Termination (ms): Min: 0.0, Avg: 0.0, Max: 0.0, Diff: 0.0, Sum: 0.0]
         [Termination Attempts: Min: 1, Avg: 5.8, Max: 9, Diff: 8, Sum: 46]
      [GC Worker Other (ms): Min: 0.0, Avg: 0.0, Max: 0.1, Diff: 0.0, Sum: 0.3]
      [GC Worker Total (ms): Min: 7.3, Avg: 7.4, Max: 7.4, Diff: 0.1, Sum: 58.9]
      [GC Worker End (ms): Min: 1547198.6, Avg: 1547198.6, Max: 1547198.7, Diff: 0.1]
   [Code Root Fixup: 0.1 ms]
   [Code Root Purge: 0.0 ms]
   [Clear CT: 0.2 ms]
   [Other: 6.1 ms]
      [Choose CSet: 0.0 ms]
      [Ref Proc: 5.0 ms]
      [Ref Enq: 0.0 ms]
      [Redirty Cards: 0.2 ms]
      [Humongous Register: 0.1 ms]
      [Humongous Reclaim: 0.0 ms]
      [Free CSet: 0.1 ms]
   [Eden: 242.0M(242.0M)->0.0B(246.0M) Survivors: 14.0M->10.0M Heap: 294.0M(4096.0M)->49.4M(4096.0M)]
 [Times: user=0.07 sys=0.00, real=0.01 secs] 
2019-10-31T19:36:06.842+0530: 1547.205: Total time for which application threads were stopped: 0.0150148 seconds, Stopping threads took: 0.0001299 seconds
2019-10-31T19:36:06.843+0530: 1547.206: Total time for which application threads were stopped: 0.0009152 seconds, Stopping threads took: 0.0001957 seconds
2019-10-31T19:36:06.844+0530: 1547.207: Total time for which application threads were stopped: 0.0006800 seconds, Stopping threads took: 0.0001044 seconds
2019-10-31T19:36:06.844+0530: 1547.207: Total time for which application threads were stopped: 0.0005058 seconds, Stopping threads took: 0.0000322 seconds
2019-10-31T19:36:06.845+0530: 1547.208: Total time for which application threads were stopped: 0.0004903 seconds, Stopping threads took: 0.0000480 seconds
2019-10-31T19:36:06.845+0530: 1547.208: Total time for which application threads were stopped: 0.0003765 seconds, Stopping threads took: 0.0000213 seconds
2019-10-31T19:36:06.846+0530: 1547.209: Total time for which application threads were stopped: 0.0004141 seconds, Stopping threads took: 0.0000585 seconds
2019-10-31T19:36:06.846+0530: 1547.209: Total time for which application threads were stopped: 0.0004064 seconds, Stopping threads took: 0.0000548 seconds
2019-10-31T19:36:06.847+0530: 1547.209: Total time for which application threads were stopped: 0.0003845 seconds, Stopping threads took: 0.0000239 seconds
2019-10-31T19:36:06.847+0530: 1547.210: Total time for which application threads were stopped: 0.0003882 seconds, Stopping threads took: 0.0000273 seconds
2019-10-31T19:36:06.847+0530: 1547.210: Total time for which application threads were stopped: 0.0003689 seconds, Stopping threads took: 0.0000228 seconds
2019-10-31T19:36:06.848+0530: 1547.211: Total time for which application threads were stopped: 0.0003692 seconds, Stopping threads took: 0.0000230 seconds
2019-10-31T19:36:06.848+0530: 1547.211: Total time for which application threads were stopped: 0.0003881 seconds, Stopping threads took: 0.0000394 seconds
2019-10-31T19:36:06.849+0530: 1547.212: Total time for which application threads were stopped: 0.0003719 seconds, Stopping threads took: 0.0000221 seconds
2019-10-31T19:36:06.849+0530: 1547.212: Total time for which application threads were stopped: 0.0003680 seconds, Stopping threads took: 0.0000219 seconds
2019-10-31T19:36:06.850+0530: 1547.212: Total time for which application threads were stopped: 0.0003657 seconds, Stopping threads took: 0.0000200 seconds
2019-10-31T19:36:06.850+0530: 1547.213: Total time for which application threads were stopped: 0.0003669 seconds, Stopping threads took: 0.0000220 seconds
2019-10-31T19:36:06.850+0530: 1547.213: Total time for which application threads were stopped: 0.0003656 seconds, Stopping threads took: 0.0000213 seconds
2019-10-31T19:36:06.851+0530: 1547.214: Total time for which application threads were stopped: 0.0003703 seconds, Stopping threads took: 0.0000216 seconds
2019-10-31T19:36:06.851+0530: 1547.214: Total time for which application threads were stopped: 0.0003974 seconds, Stopping threads took: 0.0000217 seconds
2019-10-31T19:36:06.853+0530: 1547.216: Total time for which application threads were stopped: 0.0019950 seconds, Stopping threads took: 0.0000458 seconds
2019-10-31T19:36:34.140+0530: 1574.503: [GC pause (G1 Evacuation Pause) (young), 0.0137161 secs]
   [Parallel Time: 7.6 ms, GC Workers: 8]
      [GC Worker Start (ms): Min: 1574503.1, Avg: 1574503.1, Max: 1574503.2, Diff: 0.1]
      [Ext Root Scanning (ms): Min: 0.6, Avg: 0.7, Max: 0.8, Diff: 0.2, Sum: 5.4]
      [Update RS (ms): Min: 5.1, Avg: 5.1, Max: 5.2, Diff: 0.1, Sum: 40.9]
         [Processed Buffers: Min: 64, Avg: 66.2, Max: 69, Diff: 5, Sum: 530]
      [Scan RS (ms): Min: 0.0, Avg: 0.0, Max: 0.0, Diff: 0.0, Sum: 0.1]
      [Code Root Scanning (ms): Min: 0.0, Avg: 0.0, Max: 0.0, Diff: 0.0, Sum: 0.0]
      [Object Copy (ms): Min: 1.6, Avg: 1.6, Max: 1.7, Diff: 0.1, Sum: 13.1]
      [Termination (ms): Min: 0.0, Avg: 0.0, Max: 0.0, Diff: 0.0, Sum: 0.0]
         [Termination Attempts: Min: 1, Avg: 2.9, Max: 5, Diff: 4, Sum: 23]
      [GC Worker Other (ms): Min: 0.0, Avg: 0.0, Max: 0.1, Diff: 0.0, Sum: 0.3]
      [GC Worker Total (ms): Min: 7.4, Avg: 7.5, Max: 7.5, Diff: 0.1, Sum: 59.8]
      [GC Worker End (ms): Min: 1574510.6, Avg: 1574510.6, Max: 1574510.6, Diff: 0.1]
   [Code Root Fixup: 0.1 ms]
   [Code Root Purge: 0.0 ms]
   [Clear CT: 0.1 ms]
   [Other: 5.9 ms]
      [Choose CSet: 0.0 ms]
      [Ref Proc: 4.9 ms]
      [Ref Enq: 0.0 ms]
      [Redirty Cards: 0.1 ms]
      [Humongous Register: 0.1 ms]
      [Humongous Reclaim: 0.0 ms]
      [Free CSet: 0.1 ms]
   [Eden: 246.0M(246.0M)->0.0B(246.0M) Survivors: 10.0M->10.0M Heap: 295.4M(4096.0M)->47.9M(4096.0M)]
 [Times: user=0.06 sys=0.00, real=0.02 secs] 
2019-10-31T19:36:34.154+0530: 1574.517: Total time for which application threads were stopped: 0.0148990 seconds, Stopping threads took: 0.0001220 seconds
2019-10-31T19:36:34.154+0530: 1574.517: Total time for which application threads were stopped: 0.0007430 seconds, Stopping threads took: 0.0000779 seconds
2019-10-31T19:36:34.156+0530: 1574.518: Total time for which application threads were stopped: 0.0006742 seconds, Stopping threads took: 0.0000968 seconds
2019-10-31T19:36:34.156+0530: 1574.519: Total time for which application threads were stopped: 0.0005448 seconds, Stopping threads took: 0.0000679 seconds
2019-10-31T19:36:34.157+0530: 1574.520: Total time for which application threads were stopped: 0.0004314 seconds, Stopping threads took: 0.0000302 seconds
2019-10-31T19:36:34.157+0530: 1574.520: Total time for which application threads were stopped: 0.0004684 seconds, Stopping threads took: 0.0000841 seconds
2019-10-31T19:36:34.158+0530: 1574.521: Total time for which application threads were stopped: 0.0004350 seconds, Stopping threads took: 0.0000688 seconds
2019-10-31T19:36:34.158+0530: 1574.521: Total time for which application threads were stopped: 0.0004159 seconds, Stopping threads took: 0.0000568 seconds
2019-10-31T19:36:34.159+0530: 1574.522: Total time for which application threads were stopped: 0.0004438 seconds, Stopping threads took: 0.0000673 seconds
2019-10-31T19:36:34.159+0530: 1574.522: Total time for which application threads were stopped: 0.0003827 seconds, Stopping threads took: 0.0000346 seconds
2019-10-31T19:36:34.159+0530: 1574.522: Total time for which application threads were stopped: 0.0003592 seconds, Stopping threads took: 0.0000195 seconds
2019-10-31T19:36:34.160+0530: 1574.523: Total time for which application threads were stopped: 0.0003587 seconds, Stopping threads took: 0.0000208 seconds
2019-10-31T19:36:34.160+0530: 1574.523: Total time for which application threads were stopped: 0.0003559 seconds, Stopping threads took: 0.0000195 seconds
2019-10-31T19:36:34.161+0530: 1574.524: Total time for which application threads were stopped: 0.0003620 seconds, Stopping threads took: 0.0000214 seconds
2019-10-31T19:36:34.161+0530: 1574.524: Total time for which application threads were stopped: 0.0004006 seconds, Stopping threads took: 0.0000342 seconds
2019-10-31T19:36:34.161+0530: 1574.524: Total time for which application threads were stopped: 0.0003841 seconds, Stopping threads took: 0.0000332 seconds
2019-10-31T19:36:34.162+0530: 1574.525: Total time for which application threads were stopped: 0.0003970 seconds, Stopping threads took: 0.0000547 seconds
2019-10-31T19:36:34.162+0530: 1574.525: Total time for which application threads were stopped: 0.0003696 seconds, Stopping threads took: 0.0000276 seconds
2019-10-31T19:36:34.163+0530: 1574.526: Total time for which application threads were stopped: 0.0003700 seconds, Stopping threads took: 0.0000314 seconds
2019-10-31T19:36:34.163+0530: 1574.526: Total time for which application threads were stopped: 0.0003625 seconds, Stopping threads took: 0.0000213 seconds
2019-10-31T19:36:34.165+0530: 1574.528: Total time for which application threads were stopped: 0.0019208 seconds, Stopping threads took: 0.0000215 seconds
2019-10-31T19:37:03.457+0530: 1603.820: [GC pause (G1 Evacuation Pause) (young), 0.0145978 secs]
   [Parallel Time: 8.4 ms, GC Workers: 8]
      [GC Worker Start (ms): Min: 1603820.4, Avg: 1603820.5, Max: 1603820.5, Diff: 0.1]
      [Ext Root Scanning (ms): Min: 0.6, Avg: 0.7, Max: 0.9, Diff: 0.3, Sum: 5.5]
      [Update RS (ms): Min: 5.1, Avg: 5.2, Max: 5.2, Diff: 0.1, Sum: 41.2]
         [Processed Buffers: Min: 63, Avg: 66.2, Max: 71, Diff: 8, Sum: 530]
      [Scan RS (ms): Min: 0.0, Avg: 0.0, Max: 0.0, Diff: 0.0, Sum: 0.1]
      [Code Root Scanning (ms): Min: 0.0, Avg: 0.0, Max: 0.0, Diff: 0.0, Sum: 0.0]
      [Object Copy (ms): Min: 2.2, Avg: 2.3, Max: 2.4, Diff: 0.2, Sum: 18.6]
      [Termination (ms): Min: 0.0, Avg: 0.0, Max: 0.0, Diff: 0.0, Sum: 0.0]
         [Termination Attempts: Min: 1, Avg: 4.8, Max: 10, Diff: 9, Sum: 38]
      [GC Worker Other (ms): Min: 0.0, Avg: 0.0, Max: 0.0, Diff: 0.0, Sum: 0.2]
      [GC Worker Total (ms): Min: 8.2, Avg: 8.2, Max: 8.3, Diff: 0.1, Sum: 65.6]
      [GC Worker End (ms): Min: 1603828.7, Avg: 1603828.7, Max: 1603828.7, Diff: 0.0]
   [Code Root Fixup: 0.1 ms]
   [Code Root Purge: 0.0 ms]
   [Clear CT: 0.2 ms]
   [Other: 6.0 ms]
      [Choose CSet: 0.0 ms]
      [Ref Proc: 4.9 ms]
      [Ref Enq: 0.0 ms]
      [Redirty Cards: 0.1 ms]
      [Humongous Register: 0.1 ms]
      [Humongous Reclaim: 0.0 ms]
      [Free CSet: 0.1 ms]
   [Eden: 246.0M(246.0M)->0.0B(236.0M) Survivors: 10.0M->20.0M Heap: 293.9M(4096.0M)->58.8M(4096.0M)]
 [Times: user=0.07 sys=0.01, real=0.01 secs] 
2019-10-31T19:37:03.472+0530: 1603.835: Total time for which application threads were stopped: 0.0160612 seconds, Stopping threads took: 0.0001552 seconds
2019-10-31T19:37:03.473+0530: 1603.836: Total time for which application threads were stopped: 0.0011444 seconds, Stopping threads took: 0.0001878 seconds
2019-10-31T19:37:03.475+0530: 1603.838: Total time for which application threads were stopped: 0.0010220 seconds, Stopping threads took: 0.0001315 seconds
2019-10-31T19:37:03.476+0530: 1603.839: Total time for which application threads were stopped: 0.0008005 seconds, Stopping threads took: 0.0000719 seconds
2019-10-31T19:37:03.477+0530: 1603.839: Total time for which application threads were stopped: 0.0007503 seconds, Stopping threads took: 0.0000660 seconds
2019-10-31T19:37:03.477+0530: 1603.840: Total time for which application threads were stopped: 0.0006391 seconds, Stopping threads took: 0.0000311 seconds
2019-10-31T19:37:03.478+0530: 1603.841: Total time for which application threads were stopped: 0.0006082 seconds, Stopping threads took: 0.0000304 seconds
2019-10-31T19:37:03.479+0530: 1603.841: Total time for which application threads were stopped: 0.0006017 seconds, Stopping threads took: 0.0000296 seconds
2019-10-31T19:37:03.479+0530: 1603.842: Total time for which application threads were stopped: 0.0005970 seconds, Stopping threads took: 0.0000300 seconds
2019-10-31T19:37:03.480+0530: 1603.843: Total time for which application threads were stopped: 0.0006022 seconds, Stopping threads took: 0.0000292 seconds
2019-10-31T19:37:03.480+0530: 1603.843: Total time for which application threads were stopped: 0.0006013 seconds, Stopping threads took: 0.0000295 seconds
2019-10-31T19:37:03.481+0530: 1603.844: Total time for which application threads were stopped: 0.0006408 seconds, Stopping threads took: 0.0000446 seconds
2019-10-31T19:37:03.482+0530: 1603.845: Total time for which application threads were stopped: 0.0006237 seconds, Stopping threads took: 0.0000436 seconds
2019-10-31T19:37:03.482+0530: 1603.845: Total time for which application threads were stopped: 0.0006055 seconds, Stopping threads took: 0.0000299 seconds
2019-10-31T19:37:03.483+0530: 1603.846: Total time for which application threads were stopped: 0.0006438 seconds, Stopping threads took: 0.0000655 seconds
2019-10-31T19:37:03.484+0530: 1603.847: Total time for which application threads were stopped: 0.0006437 seconds, Stopping threads took: 0.0000609 seconds
2019-10-31T19:37:03.484+0530: 1603.847: Total time for which application threads were stopped: 0.0006358 seconds, Stopping threads took: 0.0000511 seconds
2019-10-31T19:37:03.485+0530: 1603.848: Total time for which application threads were stopped: 0.0006342 seconds, Stopping threads took: 0.0000388 seconds
2019-10-31T19:37:03.486+0530: 1603.849: Total time for which application threads were stopped: 0.0006329 seconds, Stopping threads took: 0.0000545 seconds
2019-10-31T19:37:03.486+0530: 1603.849: Total time for which application threads were stopped: 0.0006262 seconds, Stopping threads took: 0.0000520 seconds
2019-10-31T19:37:03.491+0530: 1603.854: Total time for which application threads were stopped: 0.0045414 seconds, Stopping threads took: 0.0000518 seconds
2019-10-31T19:37:31.801+0530: 1632.164: [GC pause (G1 Evacuation Pause) (young), 0.0142152 secs]
   [Parallel Time: 8.1 ms, GC Workers: 8]
      [GC Worker Start (ms): Min: 1632164.7, Avg: 1632164.8, Max: 1632164.8, Diff: 0.1]
      [Ext Root Scanning (ms): Min: 0.6, Avg: 0.7, Max: 0.9, Diff: 0.3, Sum: 5.4]
      [Update RS (ms): Min: 5.1, Avg: 5.2, Max: 5.2, Diff: 0.1, Sum: 41.4]
         [Processed Buffers: Min: 62, Avg: 66.4, Max: 68, Diff: 6, Sum: 531]
      [Scan RS (ms): Min: 0.0, Avg: 0.0, Max: 0.0, Diff: 0.0, Sum: 0.1]
      [Code Root Scanning (ms): Min: 0.0, Avg: 0.0, Max: 0.0, Diff: 0.0, Sum: 0.0]
      [Object Copy (ms): Min: 2.0, Avg: 2.1, Max: 2.2, Diff: 0.2, Sum: 17.1]
      [Termination (ms): Min: 0.0, Avg: 0.0, Max: 0.0, Diff: 0.0, Sum: 0.0]
         [Termination Attempts: Min: 1, Avg: 1.4, Max: 2, Diff: 1, Sum: 11]
      [GC Worker Other (ms): Min: 0.0, Avg: 0.0, Max: 0.0, Diff: 0.0, Sum: 0.1]
      [GC Worker Total (ms): Min: 8.0, Avg: 8.0, Max: 8.1, Diff: 0.1, Sum: 64.2]
      [GC Worker End (ms): Min: 1632172.8, Avg: 1632172.8, Max: 1632172.8, Diff: 0.0]
   [Code Root Fixup: 0.1 ms]
   [Code Root Purge: 0.0 ms]
   [Clear CT: 0.1 ms]
   [Other: 5.9 ms]
      [Choose CSet: 0.0 ms]
      [Ref Proc: 4.8 ms]
      [Ref Enq: 0.0 ms]
      [Redirty Cards: 0.1 ms]
      [Humongous Register: 0.1 ms]
      [Humongous Reclaim: 0.0 ms]
      [Free CSet: 0.1 ms]
   [Eden: 236.0M(236.0M)->0.0B(240.0M) Survivors: 20.0M->16.0M Heap: 294.8M(4096.0M)->54.4M(4096.0M)]
 [Times: user=0.07 sys=0.00, real=0.02 secs] 
2019-10-31T19:37:31.816+0530: 1632.179: Total time for which application threads were stopped: 0.0156578 seconds, Stopping threads took: 0.0001380 seconds
2019-10-31T19:37:31.817+0530: 1632.180: Total time for which application threads were stopped: 0.0011665 seconds, Stopping threads took: 0.0001617 seconds
2019-10-31T19:37:31.819+0530: 1632.182: Total time for which application threads were stopped: 0.0009695 seconds, Stopping threads took: 0.0001571 seconds
2019-10-31T19:37:31.820+0530: 1632.183: Total time for which application threads were stopped: 0.0008709 seconds, Stopping threads took: 0.0001538 seconds
2019-10-31T19:37:31.821+0530: 1632.184: Total time for which application threads were stopped: 0.0007835 seconds, Stopping threads took: 0.0001165 seconds
2019-10-31T19:37:31.822+0530: 1632.184: Total time for which application threads were stopped: 0.0007285 seconds, Stopping threads took: 0.0001202 seconds
2019-10-31T19:37:31.822+0530: 1632.185: Total time for which application threads were stopped: 0.0006533 seconds, Stopping threads took: 0.0000874 seconds
2019-10-31T19:37:31.823+0530: 1632.186: Total time for which application threads were stopped: 0.0006460 seconds, Stopping threads took: 0.0001108 seconds
2019-10-31T19:37:31.824+0530: 1632.187: Total time for which application threads were stopped: 0.0006455 seconds, Stopping threads took: 0.0001067 seconds
2019-10-31T19:37:31.825+0530: 1632.187: Total time for which application threads were stopped: 0.0006292 seconds, Stopping threads took: 0.0001012 seconds
2019-10-31T19:37:31.825+0530: 1632.188: Total time for which application threads were stopped: 0.0005904 seconds, Stopping threads took: 0.0000546 seconds
2019-10-31T19:37:31.826+0530: 1632.189: Total time for which application threads were stopped: 0.0005738 seconds, Stopping threads took: 0.0000657 seconds
2019-10-31T19:37:31.826+0530: 1632.189: Total time for which application threads were stopped: 0.0005961 seconds, Stopping threads took: 0.0000676 seconds
2019-10-31T19:37:31.827+0530: 1632.190: Total time for which application threads were stopped: 0.0005982 seconds, Stopping threads took: 0.0000864 seconds
2019-10-31T19:37:31.828+0530: 1632.191: Total time for which application threads were stopped: 0.0005131 seconds, Stopping threads took: 0.0000266 seconds
2019-10-31T19:37:31.828+0530: 1632.191: Total time for which application threads were stopped: 0.0005322 seconds, Stopping threads took: 0.0000464 seconds
2019-10-31T19:37:31.829+0530: 1632.192: Total time for which application threads were stopped: 0.0006046 seconds, Stopping threads took: 0.0000454 seconds
2019-10-31T19:37:31.830+0530: 1632.193: Total time for which application threads were stopped: 0.0006525 seconds, Stopping threads took: 0.0001509 seconds
2019-10-31T19:37:31.830+0530: 1632.193: Total time for which application threads were stopped: 0.0005583 seconds, Stopping threads took: 0.0000664 seconds
2019-10-31T19:37:31.831+0530: 1632.194: Total time for which application threads were stopped: 0.0005600 seconds, Stopping threads took: 0.0000786 seconds
2019-10-31T19:37:31.834+0530: 1632.197: Total time for which application threads were stopped: 0.0029084 seconds, Stopping threads took: 0.0000477 seconds
2019-10-31T19:38:00.245+0530: 1660.608: [GC pause (G1 Evacuation Pause) (young), 0.0144845 secs]
   [Parallel Time: 8.4 ms, GC Workers: 8]
      [GC Worker Start (ms): Min: 1660608.4, Avg: 1660608.5, Max: 1660608.5, Diff: 0.1]
      [Ext Root Scanning (ms): Min: 0.6, Avg: 0.7, Max: 0.8, Diff: 0.2, Sum: 5.4]
      [Update RS (ms): Min: 5.1, Avg: 5.1, Max: 5.2, Diff: 0.1, Sum: 41.2]
         [Processed Buffers: Min: 64, Avg: 66.2, Max: 68, Diff: 4, Sum: 530]
      [Scan RS (ms): Min: 0.0, Avg: 0.0, Max: 0.0, Diff: 0.0, Sum: 0.1]
      [Code Root Scanning (ms): Min: 0.0, Avg: 0.0, Max: 0.0, Diff: 0.0, Sum: 0.0]
      [Object Copy (ms): Min: 2.2, Avg: 2.3, Max: 2.4, Diff: 0.2, Sum: 18.7]
      [Termination (ms): Min: 0.0, Avg: 0.0, Max: 0.0, Diff: 0.0, Sum: 0.0]
         [Termination Attempts: Min: 1, Avg: 5.2, Max: 10, Diff: 9, Sum: 42]
      [GC Worker Other (ms): Min: 0.0, Avg: 0.0, Max: 0.1, Diff: 0.0, Sum: 0.3]
      [GC Worker Total (ms): Min: 8.2, Avg: 8.2, Max: 8.3, Diff: 0.1, Sum: 65.7]
      [GC Worker End (ms): Min: 1660616.7, Avg: 1660616.7, Max: 1660616.7, Diff: 0.0]
   [Code Root Fixup: 0.1 ms]
   [Code Root Purge: 0.0 ms]
   [Clear CT: 0.2 ms]
   [Other: 5.9 ms]
      [Choose CSet: 0.0 ms]
      [Ref Proc: 4.8 ms]
      [Ref Enq: 0.0 ms]
      [Redirty Cards: 0.1 ms]
      [Humongous Register: 0.1 ms]
      [Humongous Reclaim: 0.0 ms]
      [Free CSet: 0.1 ms]
   [Eden: 240.0M(240.0M)->0.0B(240.0M) Survivors: 16.0M->16.0M Heap: 294.4M(4096.0M)->54.5M(4096.0M)]
 [Times: user=0.07 sys=0.00, real=0.01 secs] 
2019-10-31T19:38:00.260+0530: 1660.623: Total time for which application threads were stopped: 0.0159841 seconds, Stopping threads took: 0.0001466 seconds
2019-10-31T19:38:00.262+0530: 1660.624: Total time for which application threads were stopped: 0.0012883 seconds, Stopping threads took: 0.0002323 seconds
2019-10-31T19:38:00.262+0530: 1660.625: Total time for which application threads were stopped: 0.0008147 seconds, Stopping threads took: 0.0000767 seconds
2019-10-31T19:38:00.263+0530: 1660.626: Total time for which application threads were stopped: 0.0006635 seconds, Stopping threads took: 0.0000659 seconds
2019-10-31T19:38:00.264+0530: 1660.627: Total time for which application threads were stopped: 0.0006562 seconds, Stopping threads took: 0.0000912 seconds
2019-10-31T19:38:00.265+0530: 1660.627: Total time for which application threads were stopped: 0.0006353 seconds, Stopping threads took: 0.0000640 seconds
2019-10-31T19:38:00.265+0530: 1660.628: Total time for which application threads were stopped: 0.0006546 seconds, Stopping threads took: 0.0000660 seconds
2019-10-31T19:38:00.266+0530: 1660.629: Total time for which application threads were stopped: 0.0006356 seconds, Stopping threads took: 0.0000687 seconds
2019-10-31T19:38:00.267+0530: 1660.629: Total time for which application threads were stopped: 0.0006313 seconds, Stopping threads took: 0.0000649 seconds
2019-10-31T19:38:00.267+0530: 1660.630: Total time for which application threads were stopped: 0.0006426 seconds, Stopping threads took: 0.0000708 seconds
2019-10-31T19:38:00.268+0530: 1660.631: Total time for which application threads were stopped: 0.0006568 seconds, Stopping threads took: 0.0000859 seconds
2019-10-31T19:38:00.269+0530: 1660.631: Total time for which application threads were stopped: 0.0006517 seconds, Stopping threads took: 0.0000750 seconds
2019-10-31T19:38:00.269+0530: 1660.632: Total time for which application threads were stopped: 0.0006581 seconds, Stopping threads took: 0.0000528 seconds
2019-10-31T19:38:00.270+0530: 1660.633: Total time for which application threads were stopped: 0.0007499 seconds, Stopping threads took: 0.0000775 seconds
2019-10-31T19:38:00.271+0530: 1660.634: Total time for which application threads were stopped: 0.0007195 seconds, Stopping threads took: 0.0001291 seconds
2019-10-31T19:38:00.271+0530: 1660.634: Total time for which application threads were stopped: 0.0006622 seconds, Stopping threads took: 0.0000787 seconds
2019-10-31T19:38:00.272+0530: 1660.635: Total time for which application threads were stopped: 0.0006575 seconds, Stopping threads took: 0.0000825 seconds
2019-10-31T19:38:00.273+0530: 1660.636: Total time for which application threads were stopped: 0.0006713 seconds, Stopping threads took: 0.0000725 seconds
2019-10-31T19:38:00.274+0530: 1660.636: Total time for which application threads were stopped: 0.0006296 seconds, Stopping threads took: 0.0000568 seconds
2019-10-31T19:38:00.274+0530: 1660.637: Total time for which application threads were stopped: 0.0006440 seconds, Stopping threads took: 0.0000567 seconds
2019-10-31T19:38:00.278+0530: 1660.641: Total time for which application threads were stopped: 0.0040089 seconds, Stopping threads took: 0.0000894 seconds
2019-10-31T19:38:31.851+0530: 1692.214: [GC pause (G1 Evacuation Pause) (young), 0.0144469 secs]
   [Parallel Time: 8.2 ms, GC Workers: 8]
      [GC Worker Start (ms): Min: 1692214.6, Avg: 1692214.6, Max: 1692214.6, Diff: 0.1]
      [Ext Root Scanning (ms): Min: 0.6, Avg: 0.7, Max: 0.8, Diff: 0.3, Sum: 5.3]
      [Update RS (ms): Min: 5.1, Avg: 5.2, Max: 5.2, Diff: 0.1, Sum: 41.5]
         [Processed Buffers: Min: 65, Avg: 66.4, Max: 68, Diff: 3, Sum: 531]
      [Scan RS (ms): Min: 0.0, Avg: 0.0, Max: 0.0, Diff: 0.0, Sum: 0.1]
      [Code Root Scanning (ms): Min: 0.0, Avg: 0.0, Max: 0.0, Diff: 0.0, Sum: 0.0]
      [Object Copy (ms): Min: 2.0, Avg: 2.1, Max: 2.2, Diff: 0.2, Sum: 17.1]
      [Termination (ms): Min: 0.0, Avg: 0.0, Max: 0.0, Diff: 0.0, Sum: 0.0]
         [Termination Attempts: Min: 1, Avg: 4.5, Max: 7, Diff: 6, Sum: 36]
      [GC Worker Other (ms): Min: 0.0, Avg: 0.0, Max: 0.1, Diff: 0.0, Sum: 0.3]
      [GC Worker Total (ms): Min: 8.0, Avg: 8.0, Max: 8.1, Diff: 0.1, Sum: 64.3]
      [GC Worker End (ms): Min: 1692222.6, Avg: 1692222.6, Max: 1692222.7, Diff: 0.0]
   [Code Root Fixup: 0.1 ms]
   [Code Root Purge: 0.0 ms]
   [Clear CT: 0.1 ms]
   [Other: 6.1 ms]
      [Choose CSet: 0.0 ms]
      [Ref Proc: 4.9 ms]
      [Ref Enq: 0.0 ms]
      [Redirty Cards: 0.1 ms]
      [Humongous Register: 0.1 ms]
      [Humongous Reclaim: 0.0 ms]
      [Free CSet: 0.1 ms]
   [Eden: 240.0M(240.0M)->0.0B(240.0M) Survivors: 16.0M->16.0M Heap: 294.5M(4096.0M)->54.5M(4096.0M)]
 [Times: user=0.08 sys=0.00, real=0.02 secs] 
2019-10-31T19:38:31.866+0530: 1692.229: Total time for which application threads were stopped: 0.0158604 seconds, Stopping threads took: 0.0001395 seconds
2019-10-31T19:38:31.867+0530: 1692.230: Total time for which application threads were stopped: 0.0010982 seconds, Stopping threads took: 0.0001686 seconds
2019-10-31T19:38:31.868+0530: 1692.231: Total time for which application threads were stopped: 0.0009451 seconds, Stopping threads took: 0.0001251 seconds
2019-10-31T19:38:31.869+0530: 1692.232: Total time for which application threads were stopped: 0.0008246 seconds, Stopping threads took: 0.0000916 seconds
2019-10-31T19:38:31.870+0530: 1692.233: Total time for which application threads were stopped: 0.0007835 seconds, Stopping threads took: 0.0001175 seconds
2019-10-31T19:38:31.871+0530: 1692.234: Total time for which application threads were stopped: 0.0006939 seconds, Stopping threads took: 0.0001186 seconds
2019-10-31T19:38:31.872+0530: 1692.235: Total time for which application threads were stopped: 0.0006761 seconds, Stopping threads took: 0.0001192 seconds
2019-10-31T19:38:31.873+0530: 1692.235: Total time for which application threads were stopped: 0.0006440 seconds, Stopping threads took: 0.0001274 seconds
2019-10-31T19:38:31.873+0530: 1692.236: Total time for which application threads were stopped: 0.0005831 seconds, Stopping threads took: 0.0001044 seconds
2019-10-31T19:38:31.874+0530: 1692.237: Total time for which application threads were stopped: 0.0005039 seconds, Stopping threads took: 0.0000595 seconds
2019-10-31T19:38:31.875+0530: 1692.237: Total time for which application threads were stopped: 0.0005175 seconds, Stopping threads took: 0.0000702 seconds
2019-10-31T19:38:31.875+0530: 1692.238: Total time for which application threads were stopped: 0.0004722 seconds, Stopping threads took: 0.0000377 seconds
2019-10-31T19:38:31.876+0530: 1692.238: Total time for which application threads were stopped: 0.0004880 seconds, Stopping threads took: 0.0000319 seconds
2019-10-31T19:38:31.876+0530: 1692.239: Total time for which application threads were stopped: 0.0005005 seconds, Stopping threads took: 0.0000645 seconds
2019-10-31T19:38:31.877+0530: 1692.240: Total time for which application threads were stopped: 0.0005004 seconds, Stopping threads took: 0.0000575 seconds
2019-10-31T19:38:31.877+0530: 1692.240: Total time for which application threads were stopped: 0.0005113 seconds, Stopping threads took: 0.0000777 seconds
2019-10-31T19:38:31.878+0530: 1692.241: Total time for which application threads were stopped: 0.0004879 seconds, Stopping threads took: 0.0000543 seconds
2019-10-31T19:38:31.878+0530: 1692.241: Total time for which application threads were stopped: 0.0004495 seconds, Stopping threads took: 0.0000240 seconds
2019-10-31T19:38:31.879+0530: 1692.242: Total time for which application threads were stopped: 0.0004894 seconds, Stopping threads took: 0.0000235 seconds
2019-10-31T19:38:31.879+0530: 1692.242: Total time for which application threads were stopped: 0.0004984 seconds, Stopping threads took: 0.0000392 seconds
2019-10-31T19:38:31.882+0530: 1692.245: Total time for which application threads were stopped: 0.0028123 seconds, Stopping threads took: 0.0000574 seconds
2019-10-31T19:39:00.586+0530: 1720.949: [GC pause (G1 Evacuation Pause) (young), 0.0138525 secs]
   [Parallel Time: 7.7 ms, GC Workers: 8]
      [GC Worker Start (ms): Min: 1720949.8, Avg: 1720949.9, Max: 1720949.9, Diff: 0.1]
      [Ext Root Scanning (ms): Min: 0.6, Avg: 0.6, Max: 0.7, Diff: 0.1, Sum: 4.9]
      [Update RS (ms): Min: 5.1, Avg: 5.2, Max: 5.2, Diff: 0.1, Sum: 41.3]
         [Processed Buffers: Min: 64, Avg: 66.4, Max: 67, Diff: 3, Sum: 531]
      [Scan RS (ms): Min: 0.0, Avg: 0.0, Max: 0.0, Diff: 0.0, Sum: 0.1]
      [Code Root Scanning (ms): Min: 0.0, Avg: 0.0, Max: 0.0, Diff: 0.0, Sum: 0.0]
      [Object Copy (ms): Min: 1.7, Avg: 1.8, Max: 1.8, Diff: 0.1, Sum: 14.1]
      [Termination (ms): Min: 0.0, Avg: 0.0, Max: 0.0, Diff: 0.0, Sum: 0.0]
         [Termination Attempts: Min: 1, Avg: 5.4, Max: 9, Diff: 8, Sum: 43]
      [GC Worker Other (ms): Min: 0.0, Avg: 0.0, Max: 0.1, Diff: 0.0, Sum: 0.2]
      [GC Worker Total (ms): Min: 7.5, Avg: 7.6, Max: 7.6, Diff: 0.1, Sum: 60.6]
      [GC Worker End (ms): Min: 1720957.4, Avg: 1720957.5, Max: 1720957.5, Diff: 0.0]
   [Code Root Fixup: 0.1 ms]
   [Code Root Purge: 0.0 ms]
   [Clear CT: 0.1 ms]
   [Other: 6.0 ms]
      [Choose CSet: 0.0 ms]
      [Ref Proc: 4.9 ms]
      [Ref Enq: 0.0 ms]
      [Redirty Cards: 0.1 ms]
      [Humongous Register: 0.1 ms]
      [Humongous Reclaim: 0.0 ms]
      [Free CSet: 0.1 ms]
   [Eden: 240.0M(240.0M)->0.0B(246.0M) Survivors: 16.0M->10.0M Heap: 294.5M(4096.0M)->49.5M(4096.0M)]
 [Times: user=0.07 sys=0.00, real=0.01 secs] 
2019-10-31T19:39:00.601+0530: 1720.963: Total time for which application threads were stopped: 0.0151399 seconds, Stopping threads took: 0.0001391 seconds
2019-10-31T19:39:00.602+0530: 1720.965: Total time for which application threads were stopped: 0.0009536 seconds, Stopping threads took: 0.0001954 seconds
2019-10-31T19:39:00.603+0530: 1720.966: Total time for which application threads were stopped: 0.0007154 seconds, Stopping threads took: 0.0001303 seconds
2019-10-31T19:39:00.604+0530: 1720.967: Total time for which application threads were stopped: 0.0006437 seconds, Stopping threads took: 0.0001339 seconds
2019-10-31T19:39:00.604+0530: 1720.967: Total time for which application threads were stopped: 0.0004856 seconds, Stopping threads took: 0.0000983 seconds
2019-10-31T19:39:00.605+0530: 1720.968: Total time for which application threads were stopped: 0.0005065 seconds, Stopping threads took: 0.0001062 seconds
2019-10-31T19:39:00.605+0530: 1720.968: Total time for which application threads were stopped: 0.0004184 seconds, Stopping threads took: 0.0000674 seconds
2019-10-31T19:39:00.606+0530: 1720.969: Total time for which application threads were stopped: 0.0004303 seconds, Stopping threads took: 0.0000881 seconds
2019-10-31T19:39:00.606+0530: 1720.969: Total time for which application threads were stopped: 0.0004095 seconds, Stopping threads took: 0.0000775 seconds
2019-10-31T19:39:00.607+0530: 1720.970: Total time for which application threads were stopped: 0.0004444 seconds, Stopping threads took: 0.0001062 seconds
2019-10-31T19:39:00.607+0530: 1720.970: Total time for which application threads were stopped: 0.0003996 seconds, Stopping threads took: 0.0000637 seconds
2019-10-31T19:39:00.608+0530: 1720.971: Total time for which application threads were stopped: 0.0003947 seconds, Stopping threads took: 0.0000684 seconds
2019-10-31T19:39:00.608+0530: 1720.971: Total time for which application threads were stopped: 0.0004483 seconds, Stopping threads took: 0.0001069 seconds
2019-10-31T19:39:00.609+0530: 1720.972: Total time for which application threads were stopped: 0.0004844 seconds, Stopping threads took: 0.0000954 seconds
2019-10-31T19:39:00.609+0530: 1720.972: Total time for which application threads were stopped: 0.0003968 seconds, Stopping threads took: 0.0000646 seconds
2019-10-31T19:39:00.610+0530: 1720.973: Total time for which application threads were stopped: 0.0004065 seconds, Stopping threads took: 0.0000766 seconds
2019-10-31T19:39:00.610+0530: 1720.973: Total time for which application threads were stopped: 0.0003655 seconds, Stopping threads took: 0.0000421 seconds
2019-10-31T19:39:00.611+0530: 1720.973: Total time for which application threads were stopped: 0.0003861 seconds, Stopping threads took: 0.0000605 seconds
2019-10-31T19:39:00.611+0530: 1720.974: Total time for which application threads were stopped: 0.0003788 seconds, Stopping threads took: 0.0000406 seconds
2019-10-31T19:39:00.611+0530: 1720.974: Total time for which application threads were stopped: 0.0003606 seconds, Stopping threads took: 0.0000265 seconds
2019-10-31T19:39:00.613+0530: 1720.976: Total time for which application threads were stopped: 0.0017860 seconds, Stopping threads took: 0.0000667 seconds
2019-10-31T19:39:32.651+0530: 1753.014: [GC pause (G1 Evacuation Pause) (young), 0.0149293 secs]
   [Parallel Time: 8.6 ms, GC Workers: 8]
      [GC Worker Start (ms): Min: 1753014.4, Avg: 1753014.5, Max: 1753014.5, Diff: 0.1]
      [Ext Root Scanning (ms): Min: 0.6, Avg: 0.7, Max: 0.8, Diff: 0.2, Sum: 5.4]
      [Update RS (ms): Min: 5.1, Avg: 5.2, Max: 5.2, Diff: 0.1, Sum: 41.4]
         [Processed Buffers: Min: 63, Avg: 66.2, Max: 69, Diff: 6, Sum: 530]
      [Scan RS (ms): Min: 0.0, Avg: 0.0, Max: 0.0, Diff: 0.0, Sum: 0.1]
      [Code Root Scanning (ms): Min: 0.0, Avg: 0.0, Max: 0.0, Diff: 0.0, Sum: 0.0]
      [Object Copy (ms): Min: 2.4, Avg: 2.5, Max: 2.6, Diff: 0.2, Sum: 20.4]
      [Termination (ms): Min: 0.0, Avg: 0.0, Max: 0.0, Diff: 0.0, Sum: 0.1]
         [Termination Attempts: Min: 1, Avg: 9.4, Max: 13, Diff: 12, Sum: 75]
      [GC Worker Other (ms): Min: 0.0, Avg: 0.0, Max: 0.1, Diff: 0.1, Sum: 0.3]
      [GC Worker Total (ms): Min: 8.4, Avg: 8.5, Max: 8.5, Diff: 0.1, Sum: 67.6]
      [GC Worker End (ms): Min: 1753022.9, Avg: 1753022.9, Max: 1753023.0, Diff: 0.1]
   [Code Root Fixup: 0.1 ms]
   [Code Root Purge: 0.0 ms]
   [Clear CT: 0.1 ms]
   [Other: 6.1 ms]
      [Choose CSet: 0.0 ms]
      [Ref Proc: 5.0 ms]
      [Ref Enq: 0.0 ms]
      [Redirty Cards: 0.1 ms]
      [Humongous Register: 0.1 ms]
      [Humongous Reclaim: 0.0 ms]
      [Free CSet: 0.1 ms]
   [Eden: 246.0M(246.0M)->0.0B(238.0M) Survivors: 10.0M->18.0M Heap: 295.5M(4096.0M)->56.3M(4096.0M)]
 [Times: user=0.08 sys=0.00, real=0.02 secs] 
2019-10-31T19:39:32.666+0530: 1753.029: Total time for which application threads were stopped: 0.0163930 seconds, Stopping threads took: 0.0001445 seconds
2019-10-31T19:39:32.667+0530: 1753.030: Total time for which application threads were stopped: 0.0012225 seconds, Stopping threads took: 0.0001871 seconds
2019-10-31T19:39:32.669+0530: 1753.032: Total time for which application threads were stopped: 0.0011545 seconds, Stopping threads took: 0.0001465 seconds
2019-10-31T19:39:32.670+0530: 1753.033: Total time for which application threads were stopped: 0.0008803 seconds, Stopping threads took: 0.0000590 seconds
2019-10-31T19:39:32.671+0530: 1753.034: Total time for which application threads were stopped: 0.0007292 seconds, Stopping threads took: 0.0000451 seconds
2019-10-31T19:39:32.672+0530: 1753.035: Total time for which application threads were stopped: 0.0006223 seconds, Stopping threads took: 0.0000317 seconds
2019-10-31T19:39:32.673+0530: 1753.035: Total time for which application threads were stopped: 0.0006373 seconds, Stopping threads took: 0.0000540 seconds
2019-10-31T19:39:32.673+0530: 1753.036: Total time for which application threads were stopped: 0.0008210 seconds, Stopping threads took: 0.0001084 seconds
2019-10-31T19:39:32.674+0530: 1753.037: Total time for which application threads were stopped: 0.0006632 seconds, Stopping threads took: 0.0000545 seconds
2019-10-31T19:39:32.675+0530: 1753.038: Total time for which application threads were stopped: 0.0006273 seconds, Stopping threads took: 0.0000387 seconds
2019-10-31T19:39:32.676+0530: 1753.038: Total time for which application threads were stopped: 0.0006111 seconds, Stopping threads took: 0.0000308 seconds
2019-10-31T19:39:32.676+0530: 1753.039: Total time for which application threads were stopped: 0.0006342 seconds, Stopping threads took: 0.0000482 seconds
2019-10-31T19:39:32.677+0530: 1753.040: Total time for which application threads were stopped: 0.0007070 seconds, Stopping threads took: 0.0000793 seconds
2019-10-31T19:39:32.678+0530: 1753.041: Total time for which application threads were stopped: 0.0006871 seconds, Stopping threads took: 0.0000484 seconds
2019-10-31T19:39:32.679+0530: 1753.041: Total time for which application threads were stopped: 0.0006656 seconds, Stopping threads took: 0.0000598 seconds
2019-10-31T19:39:32.679+0530: 1753.042: Total time for which application threads were stopped: 0.0006127 seconds, Stopping threads took: 0.0000317 seconds
2019-10-31T19:39:32.680+0530: 1753.043: Total time for which application threads were stopped: 0.0006142 seconds, Stopping threads took: 0.0000312 seconds
2019-10-31T19:39:32.681+0530: 1753.043: Total time for which application threads were stopped: 0.0006084 seconds, Stopping threads took: 0.0000302 seconds
2019-10-31T19:39:32.681+0530: 1753.044: Total time for which application threads were stopped: 0.0006510 seconds, Stopping threads took: 0.0000320 seconds
2019-10-31T19:39:32.682+0530: 1753.045: Total time for which application threads were stopped: 0.0006217 seconds, Stopping threads took: 0.0000341 seconds
2019-10-31T19:39:32.687+0530: 1753.050: Total time for which application threads were stopped: 0.0056107 seconds, Stopping threads took: 0.0000467 seconds
2019-10-31T19:40:02.977+0530: 1783.340: [GC pause (G1 Evacuation Pause) (young), 0.0138889 secs]
   [Parallel Time: 7.6 ms, GC Workers: 8]
      [GC Worker Start (ms): Min: 1783340.8, Avg: 1783340.9, Max: 1783340.9, Diff: 0.1]
      [Ext Root Scanning (ms): Min: 0.5, Avg: 0.6, Max: 0.7, Diff: 0.2, Sum: 4.9]
      [Update RS (ms): Min: 5.1, Avg: 5.1, Max: 5.2, Diff: 0.1, Sum: 41.0]
         [Processed Buffers: Min: 64, Avg: 66.4, Max: 68, Diff: 4, Sum: 531]
      [Scan RS (ms): Min: 0.0, Avg: 0.0, Max: 0.0, Diff: 0.0, Sum: 0.1]
      [Code Root Scanning (ms): Min: 0.0, Avg: 0.0, Max: 0.0, Diff: 0.0, Sum: 0.0]
      [Object Copy (ms): Min: 1.6, Avg: 1.7, Max: 1.8, Diff: 0.1, Sum: 13.8]
      [Termination (ms): Min: 0.0, Avg: 0.0, Max: 0.0, Diff: 0.0, Sum: 0.0]
         [Termination Attempts: Min: 1, Avg: 3.6, Max: 7, Diff: 6, Sum: 29]
      [GC Worker Other (ms): Min: 0.0, Avg: 0.0, Max: 0.1, Diff: 0.1, Sum: 0.3]
      [GC Worker Total (ms): Min: 7.5, Avg: 7.5, Max: 7.6, Diff: 0.1, Sum: 60.2]
      [GC Worker End (ms): Min: 1783348.3, Avg: 1783348.4, Max: 1783348.4, Diff: 0.1]
   [Code Root Fixup: 0.1 ms]
   [Code Root Purge: 0.0 ms]
   [Clear CT: 0.1 ms]
   [Other: 6.0 ms]
      [Choose CSet: 0.0 ms]
      [Ref Proc: 4.9 ms]
      [Ref Enq: 0.0 ms]
      [Redirty Cards: 0.1 ms]
      [Humongous Register: 0.1 ms]
      [Humongous Reclaim: 0.0 ms]
      [Free CSet: 0.1 ms]
   [Eden: 238.0M(238.0M)->0.0B(246.0M) Survivors: 18.0M->10.0M Heap: 294.3M(4096.0M)->49.5M(4096.0M)]
 [Times: user=0.07 sys=0.00, real=0.01 secs] 
2019-10-31T19:40:02.992+0530: 1783.354: Total time for which application threads were stopped: 0.0151932 seconds, Stopping threads took: 0.0001532 seconds
2019-10-31T19:40:02.993+0530: 1783.356: Total time for which application threads were stopped: 0.0010228 seconds, Stopping threads took: 0.0002112 seconds
2019-10-31T19:40:02.994+0530: 1783.356: Total time for which application threads were stopped: 0.0007822 seconds, Stopping threads took: 0.0000872 seconds
2019-10-31T19:40:02.994+0530: 1783.357: Total time for which application threads were stopped: 0.0004885 seconds, Stopping threads took: 0.0000400 seconds
2019-10-31T19:40:02.995+0530: 1783.357: Total time for which application threads were stopped: 0.0004495 seconds, Stopping threads took: 0.0000541 seconds
2019-10-31T19:40:02.995+0530: 1783.358: Total time for which application threads were stopped: 0.0004388 seconds, Stopping threads took: 0.0000489 seconds
2019-10-31T19:40:02.996+0530: 1783.358: Total time for which application threads were stopped: 0.0004679 seconds, Stopping threads took: 0.0000657 seconds
2019-10-31T19:40:02.996+0530: 1783.359: Total time for which application threads were stopped: 0.0004505 seconds, Stopping threads took: 0.0000611 seconds
2019-10-31T19:40:02.997+0530: 1783.360: Total time for which application threads were stopped: 0.0004741 seconds, Stopping threads took: 0.0000541 seconds
2019-10-31T19:40:02.997+0530: 1783.360: Total time for which application threads were stopped: 0.0004638 seconds, Stopping threads took: 0.0000727 seconds
2019-10-31T19:40:02.998+0530: 1783.361: Total time for which application threads were stopped: 0.0004301 seconds, Stopping threads took: 0.0000349 seconds
2019-10-31T19:40:02.998+0530: 1783.361: Total time for which application threads were stopped: 0.0004284 seconds, Stopping threads took: 0.0000376 seconds
2019-10-31T19:40:02.999+0530: 1783.361: Total time for which application threads were stopped: 0.0004264 seconds, Stopping threads took: 0.0000374 seconds
2019-10-31T19:40:02.999+0530: 1783.362: Total time for which application threads were stopped: 0.0004124 seconds, Stopping threads took: 0.0000237 seconds
2019-10-31T19:40:02.999+0530: 1783.362: Total time for which application threads were stopped: 0.0004084 seconds, Stopping threads took: 0.0000240 seconds
2019-10-31T19:40:03.000+0530: 1783.363: Total time for which application threads were stopped: 0.0004133 seconds, Stopping threads took: 0.0000235 seconds
2019-10-31T19:40:03.000+0530: 1783.363: Total time for which application threads were stopped: 0.0004387 seconds, Stopping threads took: 0.0000360 seconds
2019-10-31T19:40:03.001+0530: 1783.364: Total time for which application threads were stopped: 0.0004441 seconds, Stopping threads took: 0.0000239 seconds
2019-10-31T19:40:03.001+0530: 1783.364: Total time for which application threads were stopped: 0.0004287 seconds, Stopping threads took: 0.0000250 seconds
2019-10-31T19:40:03.002+0530: 1783.365: Total time for which application threads were stopped: 0.0004141 seconds, Stopping threads took: 0.0000247 seconds
2019-10-31T19:40:03.004+0530: 1783.367: Total time for which application threads were stopped: 0.0023151 seconds, Stopping threads took: 0.0000371 seconds
2019-10-31T19:40:30.979+0530: 1811.342: [GC pause (G1 Evacuation Pause) (young), 0.0138688 secs]
   [Parallel Time: 7.6 ms, GC Workers: 8]
      [GC Worker Start (ms): Min: 1811342.1, Avg: 1811342.1, Max: 1811342.1, Diff: 0.1]
      [Ext Root Scanning (ms): Min: 0.5, Avg: 0.6, Max: 0.6, Diff: 0.1, Sum: 4.5]
      [Update RS (ms): Min: 5.1, Avg: 5.2, Max: 5.2, Diff: 0.1, Sum: 41.2]
         [Processed Buffers: Min: 64, Avg: 66.2, Max: 70, Diff: 6, Sum: 530]
      [Scan RS (ms): Min: 0.0, Avg: 0.0, Max: 0.1, Diff: 0.1, Sum: 0.2]
      [Code Root Scanning (ms): Min: 0.0, Avg: 0.0, Max: 0.0, Diff: 0.0, Sum: 0.0]
      [Object Copy (ms): Min: 1.7, Avg: 1.7, Max: 1.7, Diff: 0.1, Sum: 13.6]
      [Termination (ms): Min: 0.0, Avg: 0.0, Max: 0.0, Diff: 0.0, Sum: 0.1]
         [Termination Attempts: Min: 1, Avg: 8.6, Max: 15, Diff: 14, Sum: 69]
      [GC Worker Other (ms): Min: 0.0, Avg: 0.0, Max: 0.1, Diff: 0.0, Sum: 0.2]
      [GC Worker Total (ms): Min: 7.4, Avg: 7.5, Max: 7.5, Diff: 0.1, Sum: 59.8]
      [GC Worker End (ms): Min: 1811349.6, Avg: 1811349.6, Max: 1811349.6, Diff: 0.0]
   [Code Root Fixup: 0.1 ms]
   [Code Root Purge: 0.0 ms]
   [Clear CT: 0.1 ms]
   [Other: 6.1 ms]
      [Choose CSet: 0.0 ms]
      [Ref Proc: 5.0 ms]
      [Ref Enq: 0.0 ms]
      [Redirty Cards: 0.1 ms]
      [Humongous Register: 0.1 ms]
      [Humongous Reclaim: 0.0 ms]
      [Free CSet: 0.1 ms]
   [Eden: 246.0M(246.0M)->0.0B(244.0M) Survivors: 10.0M->12.0M Heap: 295.5M(4096.0M)->50.4M(4096.0M)]
 [Times: user=0.06 sys=0.00, real=0.01 secs] 
2019-10-31T19:40:30.993+0530: 1811.356: Total time for which application threads were stopped: 0.0150312 seconds, Stopping threads took: 0.0001238 seconds
2019-10-31T19:40:30.994+0530: 1811.357: Total time for which application threads were stopped: 0.0008195 seconds, Stopping threads took: 0.0001315 seconds
2019-10-31T19:40:30.995+0530: 1811.358: Total time for which application threads were stopped: 0.0005463 seconds, Stopping threads took: 0.0000652 seconds
2019-10-31T19:40:30.995+0530: 1811.358: Total time for which application threads were stopped: 0.0004330 seconds, Stopping threads took: 0.0000721 seconds
2019-10-31T19:40:30.996+0530: 1811.359: Total time for which application threads were stopped: 0.0004283 seconds, Stopping threads took: 0.0000730 seconds
2019-10-31T19:40:30.996+0530: 1811.359: Total time for which application threads were stopped: 0.0004233 seconds, Stopping threads took: 0.0000797 seconds
2019-10-31T19:40:30.997+0530: 1811.359: Total time for which application threads were stopped: 0.0004472 seconds, Stopping threads took: 0.0000717 seconds
2019-10-31T19:40:30.997+0530: 1811.360: Total time for which application threads were stopped: 0.0004181 seconds, Stopping threads took: 0.0000569 seconds
2019-10-31T19:40:30.998+0530: 1811.360: Total time for which application threads were stopped: 0.0004222 seconds, Stopping threads took: 0.0000783 seconds
2019-10-31T19:40:30.998+0530: 1811.361: Total time for which application threads were stopped: 0.0003874 seconds, Stopping threads took: 0.0000481 seconds
2019-10-31T19:40:30.998+0530: 1811.361: Total time for which application threads were stopped: 0.0004227 seconds, Stopping threads took: 0.0000738 seconds
2019-10-31T19:40:30.999+0530: 1811.362: Total time for which application threads were stopped: 0.0004195 seconds, Stopping threads took: 0.0000772 seconds
2019-10-31T19:40:30.999+0530: 1811.362: Total time for which application threads were stopped: 0.0003888 seconds, Stopping threads took: 0.0000489 seconds
2019-10-31T19:40:31.000+0530: 1811.363: Total time for which application threads were stopped: 0.0003990 seconds, Stopping threads took: 0.0000447 seconds
2019-10-31T19:40:31.000+0530: 1811.363: Total time for which application threads were stopped: 0.0004127 seconds, Stopping threads took: 0.0000632 seconds
2019-10-31T19:40:31.001+0530: 1811.363: Total time for which application threads were stopped: 0.0004529 seconds, Stopping threads took: 0.0000630 seconds
2019-10-31T19:40:31.001+0530: 1811.364: Total time for which application threads were stopped: 0.0004622 seconds, Stopping threads took: 0.0000913 seconds
2019-10-31T19:40:31.002+0530: 1811.364: Total time for which application threads were stopped: 0.0004101 seconds, Stopping threads took: 0.0000525 seconds
2019-10-31T19:40:31.002+0530: 1811.365: Total time for which application threads were stopped: 0.0003910 seconds, Stopping threads took: 0.0000400 seconds
2019-10-31T19:40:31.002+0530: 1811.365: Total time for which application threads were stopped: 0.0004126 seconds, Stopping threads took: 0.0000673 seconds
2019-10-31T19:40:31.004+0530: 1811.367: Total time for which application threads were stopped: 0.0018889 seconds, Stopping threads took: 0.0000268 seconds
2019-10-31T19:41:01.007+0530: 1841.370: Total time for which application threads were stopped: 0.0008771 seconds, Stopping threads took: 0.0001484 seconds
2019-10-31T19:41:02.135+0530: 1842.498: [GC pause (G1 Evacuation Pause) (young), 0.0137021 secs]
   [Parallel Time: 7.6 ms, GC Workers: 8]
      [GC Worker Start (ms): Min: 1842498.5, Avg: 1842498.6, Max: 1842498.6, Diff: 0.1]
      [Ext Root Scanning (ms): Min: 0.5, Avg: 0.6, Max: 0.6, Diff: 0.1, Sum: 4.4]
      [Update RS (ms): Min: 5.1, Avg: 5.1, Max: 5.2, Diff: 0.1, Sum: 41.1]
         [Processed Buffers: Min: 63, Avg: 66.2, Max: 69, Diff: 6, Sum: 530]
      [Scan RS (ms): Min: 0.0, Avg: 0.0, Max: 0.0, Diff: 0.0, Sum: 0.1]
      [Code Root Scanning (ms): Min: 0.0, Avg: 0.0, Max: 0.0, Diff: 0.0, Sum: 0.0]
      [Object Copy (ms): Min: 1.6, Avg: 1.6, Max: 1.7, Diff: 0.1, Sum: 13.1]
      [Termination (ms): Min: 0.0, Avg: 0.0, Max: 0.0, Diff: 0.0, Sum: 0.0]
         [Termination Attempts: Min: 1, Avg: 4.9, Max: 9, Diff: 8, Sum: 39]
      [GC Worker Other (ms): Min: 0.0, Avg: 0.0, Max: 0.1, Diff: 0.0, Sum: 0.2]
      [GC Worker Total (ms): Min: 7.3, Avg: 7.4, Max: 7.5, Diff: 0.1, Sum: 59.0]
      [GC Worker End (ms): Min: 1842505.9, Avg: 1842505.9, Max: 1842506.0, Diff: 0.0]
   [Code Root Fixup: 0.1 ms]
   [Code Root Purge: 0.0 ms]
   [Clear CT: 0.2 ms]
   [Other: 5.9 ms]
      [Choose CSet: 0.0 ms]
      [Ref Proc: 4.8 ms]
      [Ref Enq: 0.0 ms]
      [Redirty Cards: 0.1 ms]
      [Humongous Register: 0.1 ms]
      [Humongous Reclaim: 0.0 ms]
      [Free CSet: 0.1 ms]
   [Eden: 244.0M(244.0M)->0.0B(248.0M) Survivors: 12.0M->8192.0K Heap: 294.4M(4096.0M)->46.8M(4096.0M)]
 [Times: user=0.07 sys=0.00, real=0.01 secs] 
2019-10-31T19:41:02.149+0530: 1842.512: Total time for which application threads were stopped: 0.0148681 seconds, Stopping threads took: 0.0001440 seconds
2019-10-31T19:41:02.150+0530: 1842.513: Total time for which application threads were stopped: 0.0008327 seconds, Stopping threads took: 0.0001114 seconds
2019-10-31T19:41:02.151+0530: 1842.514: Total time for which application threads were stopped: 0.0005446 seconds, Stopping threads took: 0.0000367 seconds
2019-10-31T19:41:02.151+0530: 1842.514: Total time for which application threads were stopped: 0.0003971 seconds, Stopping threads took: 0.0000181 seconds
2019-10-31T19:41:02.152+0530: 1842.515: Total time for which application threads were stopped: 0.0003676 seconds, Stopping threads took: 0.0000180 seconds
2019-10-31T19:41:02.152+0530: 1842.515: Total time for which application threads were stopped: 0.0003658 seconds, Stopping threads took: 0.0000178 seconds
2019-10-31T19:41:02.153+0530: 1842.515: Total time for which application threads were stopped: 0.0003855 seconds, Stopping threads took: 0.0000181 seconds
2019-10-31T19:41:02.153+0530: 1842.516: Total time for which application threads were stopped: 0.0003971 seconds, Stopping threads took: 0.0000173 seconds
2019-10-31T19:41:02.153+0530: 1842.516: Total time for which application threads were stopped: 0.0003666 seconds, Stopping threads took: 0.0000174 seconds
2019-10-31T19:41:02.154+0530: 1842.517: Total time for which application threads were stopped: 0.0003635 seconds, Stopping threads took: 0.0000172 seconds
2019-10-31T19:41:02.154+0530: 1842.517: Total time for which application threads were stopped: 0.0003661 seconds, Stopping threads took: 0.0000172 seconds
2019-10-31T19:41:02.155+0530: 1842.517: Total time for which application threads were stopped: 0.0003654 seconds, Stopping threads took: 0.0000175 seconds
2019-10-31T19:41:02.155+0530: 1842.518: Total time for which application threads were stopped: 0.0003704 seconds, Stopping threads took: 0.0000175 seconds
2019-10-31T19:41:02.155+0530: 1842.518: Total time for which application threads were stopped: 0.0004079 seconds, Stopping threads took: 0.0000535 seconds
2019-10-31T19:41:02.156+0530: 1842.519: Total time for which application threads were stopped: 0.0003985 seconds, Stopping threads took: 0.0000432 seconds
2019-10-31T19:41:02.156+0530: 1842.519: Total time for which application threads were stopped: 0.0003932 seconds, Stopping threads took: 0.0000428 seconds
2019-10-31T19:41:02.157+0530: 1842.520: Total time for which application threads were stopped: 0.0003939 seconds, Stopping threads took: 0.0000376 seconds
2019-10-31T19:41:02.157+0530: 1842.520: Total time for which application threads were stopped: 0.0004101 seconds, Stopping threads took: 0.0000507 seconds
2019-10-31T19:41:02.158+0530: 1842.520: Total time for which application threads were stopped: 0.0003707 seconds, Stopping threads took: 0.0000217 seconds
2019-10-31T19:41:02.158+0530: 1842.521: Total time for which application threads were stopped: 0.0004059 seconds, Stopping threads took: 0.0000268 seconds
2019-10-31T19:41:02.160+0530: 1842.523: Total time for which application threads were stopped: 0.0019441 seconds, Stopping threads took: 0.0000488 seconds
2019-10-31T19:41:31.560+0530: 1871.923: [GC pause (G1 Evacuation Pause) (young), 0.0142279 secs]
   [Parallel Time: 8.2 ms, GC Workers: 8]
      [GC Worker Start (ms): Min: 1871923.2, Avg: 1871923.3, Max: 1871923.3, Diff: 0.1]
      [Ext Root Scanning (ms): Min: 0.6, Avg: 0.7, Max: 0.9, Diff: 0.2, Sum: 5.5]
      [Update RS (ms): Min: 5.1, Avg: 5.1, Max: 5.2, Diff: 0.1, Sum: 41.1]
         [Processed Buffers: Min: 63, Avg: 66.1, Max: 70, Diff: 7, Sum: 529]
      [Scan RS (ms): Min: 0.0, Avg: 0.0, Max: 0.0, Diff: 0.0, Sum: 0.1]
      [Code Root Scanning (ms): Min: 0.0, Avg: 0.0, Max: 0.0, Diff: 0.0, Sum: 0.0]
      [Object Copy (ms): Min: 2.0, Avg: 2.2, Max: 2.2, Diff: 0.2, Sum: 17.6]
      [Termination (ms): Min: 0.0, Avg: 0.0, Max: 0.0, Diff: 0.0, Sum: 0.0]
         [Termination Attempts: Min: 1, Avg: 2.8, Max: 5, Diff: 4, Sum: 22]
      [GC Worker Other (ms): Min: 0.0, Avg: 0.0, Max: 0.1, Diff: 0.0, Sum: 0.3]
      [GC Worker Total (ms): Min: 8.0, Avg: 8.1, Max: 8.1, Diff: 0.1, Sum: 64.7]
      [GC Worker End (ms): Min: 1871931.3, Avg: 1871931.3, Max: 1871931.4, Diff: 0.1]
   [Code Root Fixup: 0.1 ms]
   [Code Root Purge: 0.0 ms]
   [Clear CT: 0.1 ms]
   [Other: 5.8 ms]
      [Choose CSet: 0.0 ms]
      [Ref Proc: 4.8 ms]
      [Ref Enq: 0.0 ms]
      [Redirty Cards: 0.1 ms]
      [Humongous Register: 0.1 ms]
      [Humongous Reclaim: 0.0 ms]
      [Free CSet: 0.1 ms]
   [Eden: 248.0M(248.0M)->0.0B(240.0M) Survivors: 8192.0K->16.0M Heap: 294.8M(4096.0M)->55.2M(4096.0M)]
 [Times: user=0.07 sys=0.01, real=0.02 secs] 
2019-10-31T19:41:31.574+0530: 1871.937: Total time for which application threads were stopped: 0.0156741 seconds, Stopping threads took: 0.0001679 seconds
2019-10-31T19:41:31.575+0530: 1871.938: Total time for which application threads were stopped: 0.0009996 seconds, Stopping threads took: 0.0001165 seconds
2019-10-31T19:41:31.578+0530: 1871.940: Total time for which application threads were stopped: 0.0010270 seconds, Stopping threads took: 0.0001445 seconds
2019-10-31T19:41:31.579+0530: 1871.941: Total time for which application threads were stopped: 0.0008097 seconds, Stopping threads took: 0.0001119 seconds
2019-10-31T19:41:31.579+0530: 1871.942: Total time for which application threads were stopped: 0.0006568 seconds, Stopping threads took: 0.0000407 seconds
2019-10-31T19:41:31.580+0530: 1871.943: Total time for which application threads were stopped: 0.0006093 seconds, Stopping threads took: 0.0000342 seconds
2019-10-31T19:41:31.581+0530: 1871.943: Total time for which application threads were stopped: 0.0006167 seconds, Stopping threads took: 0.0000334 seconds
2019-10-31T19:41:31.581+0530: 1871.944: Total time for which application threads were stopped: 0.0006793 seconds, Stopping threads took: 0.0000722 seconds
2019-10-31T19:41:31.582+0530: 1871.945: Total time for which application threads were stopped: 0.0006587 seconds, Stopping threads took: 0.0000713 seconds
2019-10-31T19:41:31.583+0530: 1871.946: Total time for which application threads were stopped: 0.0006430 seconds, Stopping threads took: 0.0000567 seconds
2019-10-31T19:41:31.583+0530: 1871.946: Total time for which application threads were stopped: 0.0006671 seconds, Stopping threads took: 0.0000704 seconds
2019-10-31T19:41:31.584+0530: 1871.947: Total time for which application threads were stopped: 0.0007478 seconds, Stopping threads took: 0.0000949 seconds
2019-10-31T19:41:31.585+0530: 1871.948: Total time for which application threads were stopped: 0.0006915 seconds, Stopping threads took: 0.0000841 seconds
2019-10-31T19:41:31.586+0530: 1871.949: Total time for which application threads were stopped: 0.0006053 seconds, Stopping threads took: 0.0000374 seconds
2019-10-31T19:41:31.586+0530: 1871.949: Total time for which application threads were stopped: 0.0006350 seconds, Stopping threads took: 0.0000599 seconds
2019-10-31T19:41:31.587+0530: 1871.950: Total time for which application threads were stopped: 0.0006655 seconds, Stopping threads took: 0.0000846 seconds
2019-10-31T19:41:31.588+0530: 1871.951: Total time for which application threads were stopped: 0.0006741 seconds, Stopping threads took: 0.0000879 seconds
2019-10-31T19:41:31.589+0530: 1871.952: Total time for which application threads were stopped: 0.0007162 seconds, Stopping threads took: 0.0000604 seconds
2019-10-31T19:41:31.590+0530: 1871.952: Total time for which application threads were stopped: 0.0006483 seconds, Stopping threads took: 0.0000426 seconds
2019-10-31T19:41:31.590+0530: 1871.953: Total time for which application threads were stopped: 0.0006867 seconds, Stopping threads took: 0.0000869 seconds
2019-10-31T19:41:31.597+0530: 1871.959: Total time for which application threads were stopped: 0.0062853 seconds, Stopping threads took: 0.0000463 seconds
2019-10-31T19:42:01.600+0530: 1901.963: Total time for which application threads were stopped: 0.0009535 seconds, Stopping threads took: 0.0001667 seconds
2019-10-31T19:42:02.282+0530: 1902.645: [GC pause (G1 Evacuation Pause) (young), 0.0151874 secs]
   [Parallel Time: 9.1 ms, GC Workers: 8]
      [GC Worker Start (ms): Min: 1902645.6, Avg: 1902645.6, Max: 1902645.7, Diff: 0.1]
      [Ext Root Scanning (ms): Min: 0.2, Avg: 0.6, Max: 0.9, Diff: 0.8, Sum: 4.9]
      [Update RS (ms): Min: 4.3, Avg: 5.2, Max: 5.5, Diff: 1.2, Sum: 41.4]
         [Processed Buffers: Min: 64, Avg: 66.4, Max: 69, Diff: 5, Sum: 531]
      [Scan RS (ms): Min: 0.0, Avg: 0.0, Max: 0.0, Diff: 0.0, Sum: 0.1]
      [Code Root Scanning (ms): Min: 0.0, Avg: 0.0, Max: 0.0, Diff: 0.0, Sum: 0.0]
      [Object Copy (ms): Min: 2.5, Avg: 3.1, Max: 4.4, Diff: 1.9, Sum: 24.8]
      [Termination (ms): Min: 0.0, Avg: 0.0, Max: 0.0, Diff: 0.0, Sum: 0.1]
         [Termination Attempts: Min: 1, Avg: 21.2, Max: 29, Diff: 28, Sum: 170]
      [GC Worker Other (ms): Min: 0.0, Avg: 0.0, Max: 0.1, Diff: 0.1, Sum: 0.4]
      [GC Worker Total (ms): Min: 8.9, Avg: 9.0, Max: 9.0, Diff: 0.1, Sum: 71.7]
      [GC Worker End (ms): Min: 1902654.6, Avg: 1902654.6, Max: 1902654.6, Diff: 0.1]
   [Code Root Fixup: 0.1 ms]
   [Code Root Purge: 0.0 ms]
   [Clear CT: 0.2 ms]
   [Other: 5.8 ms]
      [Choose CSet: 0.0 ms]
      [Ref Proc: 4.8 ms]
      [Ref Enq: 0.0 ms]
      [Redirty Cards: 0.1 ms]
      [Humongous Register: 0.1 ms]
      [Humongous Reclaim: 0.0 ms]
      [Free CSet: 0.1 ms]
   [Eden: 240.0M(240.0M)->0.0B(240.0M) Survivors: 16.0M->16.0M Heap: 295.2M(4096.0M)->54.6M(4096.0M)]
 [Times: user=0.07 sys=0.01, real=0.02 secs] 
2019-10-31T19:42:02.298+0530: 1902.661: Total time for which application threads were stopped: 0.0166036 seconds, Stopping threads took: 0.0001532 seconds
2019-10-31T19:42:02.299+0530: 1902.662: Total time for which application threads were stopped: 0.0010514 seconds, Stopping threads took: 0.0001688 seconds
2019-10-31T19:42:02.301+0530: 1902.663: Total time for which application threads were stopped: 0.0009856 seconds, Stopping threads took: 0.0001461 seconds
2019-10-31T19:42:02.302+0530: 1902.664: Total time for which application threads were stopped: 0.0009035 seconds, Stopping threads took: 0.0001160 seconds
2019-10-31T19:42:02.303+0530: 1902.665: Total time for which application threads were stopped: 0.0007846 seconds, Stopping threads took: 0.0000538 seconds
2019-10-31T19:42:02.304+0530: 1902.666: Total time for which application threads were stopped: 0.0007419 seconds, Stopping threads took: 0.0000792 seconds
2019-10-31T19:42:02.304+0530: 1902.667: Total time for which application threads were stopped: 0.0006311 seconds, Stopping threads took: 0.0000389 seconds
2019-10-31T19:42:02.305+0530: 1902.668: Total time for which application threads were stopped: 0.0006867 seconds, Stopping threads took: 0.0000836 seconds
2019-10-31T19:42:02.306+0530: 1902.669: Total time for which application threads were stopped: 0.0006019 seconds, Stopping threads took: 0.0000519 seconds
2019-10-31T19:42:02.306+0530: 1902.669: Total time for which application threads were stopped: 0.0005700 seconds, Stopping threads took: 0.0000323 seconds
2019-10-31T19:42:02.307+0530: 1902.670: Total time for which application threads were stopped: 0.0005512 seconds, Stopping threads took: 0.0000247 seconds
2019-10-31T19:42:02.308+0530: 1902.670: Total time for which application threads were stopped: 0.0005482 seconds, Stopping threads took: 0.0000241 seconds
2019-10-31T19:42:02.308+0530: 1902.671: Total time for which application threads were stopped: 0.0005557 seconds, Stopping threads took: 0.0000243 seconds
2019-10-31T19:42:02.309+0530: 1902.672: Total time for which application threads were stopped: 0.0005615 seconds, Stopping threads took: 0.0000240 seconds
2019-10-31T19:42:02.309+0530: 1902.672: Total time for which application threads were stopped: 0.0006076 seconds, Stopping threads took: 0.0000717 seconds
2019-10-31T19:42:02.310+0530: 1902.673: Total time for which application threads were stopped: 0.0006014 seconds, Stopping threads took: 0.0000498 seconds
2019-10-31T19:42:02.311+0530: 1902.673: Total time for which application threads were stopped: 0.0006210 seconds, Stopping threads took: 0.0000796 seconds
2019-10-31T19:42:02.311+0530: 1902.674: Total time for which application threads were stopped: 0.0006132 seconds, Stopping threads took: 0.0000641 seconds
2019-10-31T19:42:02.312+0530: 1902.675: Total time for which application threads were stopped: 0.0006294 seconds, Stopping threads took: 0.0000896 seconds
2019-10-31T19:42:02.312+0530: 1902.675: Total time for which application threads were stopped: 0.0005949 seconds, Stopping threads took: 0.0000644 seconds
2019-10-31T19:42:02.316+0530: 1902.679: Total time for which application threads were stopped: 0.0035057 seconds, Stopping threads took: 0.0000789 seconds
2019-10-31T19:42:30.319+0530: 1930.682: Total time for which application threads were stopped: 0.0010486 seconds, Stopping threads took: 0.0001497 seconds
2019-10-31T19:42:31.358+0530: 1931.720: [GC pause (G1 Evacuation Pause) (young), 0.0139744 secs]
   [Parallel Time: 7.8 ms, GC Workers: 8]
      [GC Worker Start (ms): Min: 1931720.9, Avg: 1931721.0, Max: 1931721.0, Diff: 0.1]
      [Ext Root Scanning (ms): Min: 0.5, Avg: 0.6, Max: 0.7, Diff: 0.2, Sum: 4.9]
      [Update RS (ms): Min: 5.1, Avg: 5.2, Max: 5.2, Diff: 0.1, Sum: 41.3]
         [Processed Buffers: Min: 65, Avg: 66.2, Max: 68, Diff: 3, Sum: 530]
      [Scan RS (ms): Min: 0.0, Avg: 0.0, Max: 0.0, Diff: 0.0, Sum: 0.1]
      [Code Root Scanning (ms): Min: 0.0, Avg: 0.0, Max: 0.0, Diff: 0.0, Sum: 0.0]
      [Object Copy (ms): Min: 1.7, Avg: 1.8, Max: 1.9, Diff: 0.1, Sum: 14.7]
      [Termination (ms): Min: 0.0, Avg: 0.0, Max: 0.0, Diff: 0.0, Sum: 0.0]
         [Termination Attempts: Min: 1, Avg: 3.0, Max: 4, Diff: 3, Sum: 24]
      [GC Worker Other (ms): Min: 0.0, Avg: 0.0, Max: 0.1, Diff: 0.1, Sum: 0.3]
      [GC Worker Total (ms): Min: 7.6, Avg: 7.7, Max: 7.7, Diff: 0.1, Sum: 61.3]
      [GC Worker End (ms): Min: 1931728.6, Avg: 1931728.6, Max: 1931728.7, Diff: 0.1]
   [Code Root Fixup: 0.1 ms]
   [Code Root Purge: 0.0 ms]
   [Clear CT: 0.1 ms]
   [Other: 6.0 ms]
      [Choose CSet: 0.0 ms]
      [Ref Proc: 4.9 ms]
      [Ref Enq: 0.0 ms]
      [Redirty Cards: 0.1 ms]
      [Humongous Register: 0.1 ms]
      [Humongous Reclaim: 0.0 ms]
      [Free CSet: 0.1 ms]
   [Eden: 240.0M(240.0M)->0.0B(246.0M) Survivors: 16.0M->10.0M Heap: 294.6M(4096.0M)->49.6M(4096.0M)]
 [Times: user=0.06 sys=0.00, real=0.01 secs] 
2019-10-31T19:42:31.372+0530: 1931.735: Total time for which application threads were stopped: 0.0152921 seconds, Stopping threads took: 0.0001457 seconds
2019-10-31T19:42:31.373+0530: 1931.736: Total time for which application threads were stopped: 0.0010406 seconds, Stopping threads took: 0.0001383 seconds
2019-10-31T19:42:31.374+0530: 1931.737: Total time for which application threads were stopped: 0.0007516 seconds, Stopping threads took: 0.0001017 seconds
2019-10-31T19:42:31.375+0530: 1931.738: Total time for which application threads were stopped: 0.0005824 seconds, Stopping threads took: 0.0000740 seconds
2019-10-31T19:42:31.375+0530: 1931.738: Total time for which application threads were stopped: 0.0005253 seconds, Stopping threads took: 0.0000699 seconds
2019-10-31T19:42:31.376+0530: 1931.739: Total time for which application threads were stopped: 0.0005429 seconds, Stopping threads took: 0.0000802 seconds
2019-10-31T19:42:31.376+0530: 1931.739: Total time for which application threads were stopped: 0.0005278 seconds, Stopping threads took: 0.0000837 seconds
2019-10-31T19:42:31.377+0530: 1931.740: Total time for which application threads were stopped: 0.0005695 seconds, Stopping threads took: 0.0000964 seconds
2019-10-31T19:42:31.378+0530: 1931.740: Total time for which application threads were stopped: 0.0005236 seconds, Stopping threads took: 0.0000729 seconds
2019-10-31T19:42:31.378+0530: 1931.741: Total time for which application threads were stopped: 0.0005037 seconds, Stopping threads took: 0.0000567 seconds
2019-10-31T19:42:31.379+0530: 1931.742: Total time for which application threads were stopped: 0.0005233 seconds, Stopping threads took: 0.0000682 seconds
2019-10-31T19:42:31.379+0530: 1931.742: Total time for which application threads were stopped: 0.0005795 seconds, Stopping threads took: 0.0001113 seconds
2019-10-31T19:42:31.380+0530: 1931.743: Total time for which application threads were stopped: 0.0005173 seconds, Stopping threads took: 0.0000634 seconds
2019-10-31T19:42:31.380+0530: 1931.743: Total time for which application threads were stopped: 0.0005163 seconds, Stopping threads took: 0.0000618 seconds
2019-10-31T19:42:31.381+0530: 1931.744: Total time for which application threads were stopped: 0.0005340 seconds, Stopping threads took: 0.0000594 seconds
2019-10-31T19:42:31.381+0530: 1931.744: Total time for which application threads were stopped: 0.0005212 seconds, Stopping threads took: 0.0000541 seconds
2019-10-31T19:42:31.382+0530: 1931.745: Total time for which application threads were stopped: 0.0005321 seconds, Stopping threads took: 0.0000641 seconds
2019-10-31T19:42:31.383+0530: 1931.745: Total time for which application threads were stopped: 0.0005232 seconds, Stopping threads took: 0.0000581 seconds
2019-10-31T19:42:31.383+0530: 1931.746: Total time for which application threads were stopped: 0.0004995 seconds, Stopping threads took: 0.0000410 seconds
2019-10-31T19:42:31.384+0530: 1931.747: Total time for which application threads were stopped: 0.0005120 seconds, Stopping threads took: 0.0000363 seconds
2019-10-31T19:42:31.387+0530: 1931.749: Total time for which application threads were stopped: 0.0029341 seconds, Stopping threads took: 0.0000619 seconds
2019-10-31T19:42:59.338+0530: 1959.701: [GC pause (G1 Evacuation Pause) (young), 0.0149222 secs]
   [Parallel Time: 8.8 ms, GC Workers: 8]
      [GC Worker Start (ms): Min: 1959701.1, Avg: 1959701.2, Max: 1959701.2, Diff: 0.1]
      [Ext Root Scanning (ms): Min: 0.6, Avg: 1.0, Max: 2.5, Diff: 1.8, Sum: 7.7]
      [Update RS (ms): Min: 3.6, Avg: 5.1, Max: 5.3, Diff: 1.7, Sum: 40.6]
         [Processed Buffers: Min: 61, Avg: 66.2, Max: 70, Diff: 9, Sum: 530]
      [Scan RS (ms): Min: 0.0, Avg: 0.0, Max: 0.0, Diff: 0.0, Sum: 0.1]
      [Code Root Scanning (ms): Min: 0.0, Avg: 0.0, Max: 0.0, Diff: 0.0, Sum: 0.0]
      [Object Copy (ms): Min: 2.4, Avg: 2.5, Max: 2.6, Diff: 0.2, Sum: 20.4]
      [Termination (ms): Min: 0.0, Avg: 0.0, Max: 0.0, Diff: 0.0, Sum: 0.0]
         [Termination Attempts: Min: 1, Avg: 2.0, Max: 4, Diff: 3, Sum: 16]
      [GC Worker Other (ms): Min: 0.0, Avg: 0.0, Max: 0.0, Diff: 0.0, Sum: 0.2]
      [GC Worker Total (ms): Min: 8.6, Avg: 8.6, Max: 8.7, Diff: 0.1, Sum: 69.0]
      [GC Worker End (ms): Min: 1959709.8, Avg: 1959709.8, Max: 1959709.8, Diff: 0.0]
   [Code Root Fixup: 0.1 ms]
   [Code Root Purge: 0.0 ms]
   [Clear CT: 0.2 ms]
   [Other: 5.9 ms]
      [Choose CSet: 0.0 ms]
      [Ref Proc: 4.8 ms]
      [Ref Enq: 0.0 ms]
      [Redirty Cards: 0.1 ms]
      [Humongous Register: 0.1 ms]
      [Humongous Reclaim: 0.0 ms]
      [Free CSet: 0.1 ms]
   [Eden: 246.0M(246.0M)->0.0B(238.0M) Survivors: 10.0M->18.0M Heap: 295.6M(4096.0M)->56.5M(4096.0M)]
 [Times: user=0.07 sys=0.00, real=0.02 secs] 
2019-10-31T19:42:59.353+0530: 1959.716: Total time for which application threads were stopped: 0.0164806 seconds, Stopping threads took: 0.0001497 seconds
2019-10-31T19:42:59.354+0530: 1959.717: Total time for which application threads were stopped: 0.0011403 seconds, Stopping threads took: 0.0001493 seconds
2019-10-31T19:42:59.355+0530: 1959.718: Total time for which application threads were stopped: 0.0008954 seconds, Stopping threads took: 0.0001020 seconds
2019-10-31T19:42:59.356+0530: 1959.719: Total time for which application threads were stopped: 0.0007070 seconds, Stopping threads took: 0.0000426 seconds
2019-10-31T19:42:59.357+0530: 1959.720: Total time for which application threads were stopped: 0.0006348 seconds, Stopping threads took: 0.0000534 seconds
2019-10-31T19:42:59.357+0530: 1959.720: Total time for which application threads were stopped: 0.0006175 seconds, Stopping threads took: 0.0000333 seconds
2019-10-31T19:42:59.358+0530: 1959.721: Total time for which application threads were stopped: 0.0005889 seconds, Stopping threads took: 0.0000330 seconds
2019-10-31T19:42:59.359+0530: 1959.721: Total time for which application threads were stopped: 0.0005851 seconds, Stopping threads took: 0.0000329 seconds
2019-10-31T19:42:59.359+0530: 1959.722: Total time for which application threads were stopped: 0.0005911 seconds, Stopping threads took: 0.0000325 seconds
2019-10-31T19:42:59.360+0530: 1959.723: Total time for which application threads were stopped: 0.0005885 seconds, Stopping threads took: 0.0000325 seconds
2019-10-31T19:42:59.360+0530: 1959.723: Total time for which application threads were stopped: 0.0005808 seconds, Stopping threads took: 0.0000315 seconds
2019-10-31T19:42:59.361+0530: 1959.724: Total time for which application threads were stopped: 0.0006033 seconds, Stopping threads took: 0.0000321 seconds
2019-10-31T19:42:59.362+0530: 1959.725: Total time for which application threads were stopped: 0.0006224 seconds, Stopping threads took: 0.0000493 seconds
2019-10-31T19:42:59.362+0530: 1959.725: Total time for which application threads were stopped: 0.0005871 seconds, Stopping threads took: 0.0000319 seconds
2019-10-31T19:42:59.363+0530: 1959.726: Total time for which application threads were stopped: 0.0006100 seconds, Stopping threads took: 0.0000499 seconds
2019-10-31T19:42:59.364+0530: 1959.726: Total time for which application threads were stopped: 0.0005873 seconds, Stopping threads took: 0.0000324 seconds
2019-10-31T19:42:59.364+0530: 1959.727: Total time for which application threads were stopped: 0.0006176 seconds, Stopping threads took: 0.0000499 seconds
2019-10-31T19:42:59.365+0530: 1959.728: Total time for which application threads were stopped: 0.0006322 seconds, Stopping threads took: 0.0000498 seconds
2019-10-31T19:42:59.365+0530: 1959.728: Total time for which application threads were stopped: 0.0005885 seconds, Stopping threads took: 0.0000325 seconds
2019-10-31T19:42:59.366+0530: 1959.729: Total time for which application threads were stopped: 0.0006032 seconds, Stopping threads took: 0.0000494 seconds
2019-10-31T19:42:59.372+0530: 1959.735: Total time for which application threads were stopped: 0.0057951 seconds, Stopping threads took: 0.0000497 seconds
2019-10-31T19:43:30.869+0530: 1991.232: [GC pause (G1 Evacuation Pause) (young), 0.0136714 secs]
   [Parallel Time: 7.3 ms, GC Workers: 8]
      [GC Worker Start (ms): Min: 1991232.2, Avg: 1991232.3, Max: 1991232.3, Diff: 0.1]
      [Ext Root Scanning (ms): Min: 0.5, Avg: 0.6, Max: 0.6, Diff: 0.1, Sum: 4.4]
      [Update RS (ms): Min: 5.1, Avg: 5.1, Max: 5.2, Diff: 0.1, Sum: 41.0]
         [Processed Buffers: Min: 64, Avg: 66.4, Max: 69, Diff: 5, Sum: 531]
      [Scan RS (ms): Min: 0.0, Avg: 0.0, Max: 0.0, Diff: 0.0, Sum: 0.1]
      [Code Root Scanning (ms): Min: 0.0, Avg: 0.0, Max: 0.0, Diff: 0.0, Sum: 0.0]
      [Object Copy (ms): Min: 1.3, Avg: 1.4, Max: 1.4, Diff: 0.1, Sum: 11.1]
      [Termination (ms): Min: 0.0, Avg: 0.0, Max: 0.0, Diff: 0.0, Sum: 0.0]
         [Termination Attempts: Min: 1, Avg: 2.0, Max: 3, Diff: 2, Sum: 16]
      [GC Worker Other (ms): Min: 0.0, Avg: 0.1, Max: 0.1, Diff: 0.1, Sum: 0.4]
      [GC Worker Total (ms): Min: 7.0, Avg: 7.1, Max: 7.2, Diff: 0.2, Sum: 57.1]
      [GC Worker End (ms): Min: 1991239.4, Avg: 1991239.4, Max: 1991239.5, Diff: 0.1]
   [Code Root Fixup: 0.1 ms]
   [Code Root Purge: 0.0 ms]
   [Clear CT: 0.2 ms]
   [Other: 6.2 ms]
      [Choose CSet: 0.0 ms]
      [Ref Proc: 5.0 ms]
      [Ref Enq: 0.0 ms]
      [Redirty Cards: 0.1 ms]
      [Humongous Register: 0.1 ms]
      [Humongous Reclaim: 0.0 ms]
      [Free CSet: 0.1 ms]
   [Eden: 238.0M(238.0M)->0.0B(246.0M) Survivors: 18.0M->10.0M Heap: 294.5M(4096.0M)->49.6M(4096.0M)]
 [Times: user=0.05 sys=0.01, real=0.01 secs] 
2019-10-31T19:43:30.883+0530: 1991.246: Total time for which application threads were stopped: 0.0148408 seconds, Stopping threads took: 0.0001291 seconds
2019-10-31T19:43:30.884+0530: 1991.247: Total time for which application threads were stopped: 0.0008340 seconds, Stopping threads took: 0.0000929 seconds
2019-10-31T19:43:30.884+0530: 1991.247: Total time for which application threads were stopped: 0.0006439 seconds, Stopping threads took: 0.0000866 seconds
2019-10-31T19:43:30.885+0530: 1991.248: Total time for which application threads were stopped: 0.0004895 seconds, Stopping threads took: 0.0000545 seconds
2019-10-31T19:43:30.885+0530: 1991.248: Total time for which application threads were stopped: 0.0003907 seconds, Stopping threads took: 0.0000303 seconds
2019-10-31T19:43:30.886+0530: 1991.249: Total time for which application threads were stopped: 0.0003606 seconds, Stopping threads took: 0.0000340 seconds
2019-10-31T19:43:30.886+0530: 1991.249: Total time for which application threads were stopped: 0.0003751 seconds, Stopping threads took: 0.0000428 seconds
2019-10-31T19:43:30.887+0530: 1991.250: Total time for which application threads were stopped: 0.0004034 seconds, Stopping threads took: 0.0000676 seconds
2019-10-31T19:43:30.887+0530: 1991.250: Total time for which application threads were stopped: 0.0003834 seconds, Stopping threads took: 0.0000526 seconds
2019-10-31T19:43:30.888+0530: 1991.250: Total time for which application threads were stopped: 0.0003758 seconds, Stopping threads took: 0.0000428 seconds
2019-10-31T19:43:30.888+0530: 1991.251: Total time for which application threads were stopped: 0.0003551 seconds, Stopping threads took: 0.0000256 seconds
2019-10-31T19:43:30.888+0530: 1991.251: Total time for which application threads were stopped: 0.0003525 seconds, Stopping threads took: 0.0000254 seconds
2019-10-31T19:43:30.889+0530: 1991.252: Total time for which application threads were stopped: 0.0003512 seconds, Stopping threads took: 0.0000248 seconds
2019-10-31T19:43:30.889+0530: 1991.252: Total time for which application threads were stopped: 0.0003561 seconds, Stopping threads took: 0.0000268 seconds
2019-10-31T19:43:30.890+0530: 1991.252: Total time for which application threads were stopped: 0.0003507 seconds, Stopping threads took: 0.0000238 seconds
2019-10-31T19:43:30.890+0530: 1991.253: Total time for which application threads were stopped: 0.0003499 seconds, Stopping threads took: 0.0000234 seconds
2019-10-31T19:43:30.890+0530: 1991.253: Total time for which application threads were stopped: 0.0003675 seconds, Stopping threads took: 0.0000233 seconds
2019-10-31T19:43:30.891+0530: 1991.254: Total time for which application threads were stopped: 0.0003966 seconds, Stopping threads took: 0.0000640 seconds
2019-10-31T19:43:30.891+0530: 1991.254: Total time for which application threads were stopped: 0.0004030 seconds, Stopping threads took: 0.0000667 seconds
2019-10-31T19:43:30.892+0530: 1991.254: Total time for which application threads were stopped: 0.0003845 seconds, Stopping threads took: 0.0000550 seconds
2019-10-31T19:43:30.894+0530: 1991.256: Total time for which application threads were stopped: 0.0018426 seconds, Stopping threads took: 0.0000746 seconds
2019-10-31T19:44:00.114+0530: 2020.477: [GC pause (G1 Evacuation Pause) (young), 0.0139630 secs]
   [Parallel Time: 7.8 ms, GC Workers: 8]
      [GC Worker Start (ms): Min: 2020477.5, Avg: 2020477.6, Max: 2020477.6, Diff: 0.1]
      [Ext Root Scanning (ms): Min: 0.6, Avg: 0.6, Max: 0.8, Diff: 0.2, Sum: 5.1]
      [Update RS (ms): Min: 5.1, Avg: 5.1, Max: 5.2, Diff: 0.1, Sum: 41.1]
         [Processed Buffers: Min: 63, Avg: 66.0, Max: 70, Diff: 7, Sum: 528]
      [Scan RS (ms): Min: 0.0, Avg: 0.0, Max: 0.0, Diff: 0.0, Sum: 0.1]
      [Code Root Scanning (ms): Min: 0.0, Avg: 0.0, Max: 0.0, Diff: 0.0, Sum: 0.0]
      [Object Copy (ms): Min: 1.7, Avg: 1.8, Max: 1.9, Diff: 0.2, Sum: 14.7]
      [Termination (ms): Min: 0.0, Avg: 0.0, Max: 0.0, Diff: 0.0, Sum: 0.0]
         [Termination Attempts: Min: 1, Avg: 1.0, Max: 1, Diff: 0, Sum: 8]
      [GC Worker Other (ms): Min: 0.0, Avg: 0.0, Max: 0.1, Diff: 0.0, Sum: 0.2]
      [GC Worker Total (ms): Min: 7.6, Avg: 7.7, Max: 7.7, Diff: 0.1, Sum: 61.3]
      [GC Worker End (ms): Min: 2020485.2, Avg: 2020485.2, Max: 2020485.3, Diff: 0.0]
   [Code Root Fixup: 0.1 ms]
   [Code Root Purge: 0.0 ms]
   [Clear CT: 0.2 ms]
   [Other: 5.9 ms]
      [Choose CSet: 0.0 ms]
      [Ref Proc: 4.8 ms]
      [Ref Enq: 0.0 ms]
      [Redirty Cards: 0.1 ms]
      [Humongous Register: 0.1 ms]
      [Humongous Reclaim: 0.0 ms]
      [Free CSet: 0.1 ms]
   [Eden: 246.0M(246.0M)->0.0B(244.0M) Survivors: 10.0M->12.0M Heap: 295.6M(4096.0M)->51.1M(4096.0M)]
 [Times: user=0.07 sys=0.00, real=0.01 secs] 
2019-10-31T19:44:00.128+0530: 2020.491: Total time for which application threads were stopped: 0.0152901 seconds, Stopping threads took: 0.0001299 seconds
2019-10-31T19:44:00.130+0530: 2020.492: Total time for which application threads were stopped: 0.0010790 seconds, Stopping threads took: 0.0001923 seconds
2019-10-31T19:44:00.131+0530: 2020.494: Total time for which application threads were stopped: 0.0009194 seconds, Stopping threads took: 0.0001131 seconds
2019-10-31T19:44:00.132+0530: 2020.495: Total time for which application threads were stopped: 0.0008035 seconds, Stopping threads took: 0.0000869 seconds
2019-10-31T19:44:00.132+0530: 2020.495: Total time for which application threads were stopped: 0.0005888 seconds, Stopping threads took: 0.0000655 seconds
2019-10-31T19:44:00.133+0530: 2020.496: Total time for which application threads were stopped: 0.0005603 seconds, Stopping threads took: 0.0000496 seconds
2019-10-31T19:44:00.134+0530: 2020.496: Total time for which application threads were stopped: 0.0005569 seconds, Stopping threads took: 0.0000515 seconds
2019-10-31T19:44:00.134+0530: 2020.497: Total time for which application threads were stopped: 0.0005040 seconds, Stopping threads took: 0.0000300 seconds
2019-10-31T19:44:00.135+0530: 2020.498: Total time for which application threads were stopped: 0.0004975 seconds, Stopping threads took: 0.0000304 seconds
2019-10-31T19:44:00.135+0530: 2020.498: Total time for which application threads were stopped: 0.0004862 seconds, Stopping threads took: 0.0000250 seconds
2019-10-31T19:44:00.136+0530: 2020.499: Total time for which application threads were stopped: 0.0004950 seconds, Stopping threads took: 0.0000264 seconds
2019-10-31T19:44:00.136+0530: 2020.499: Total time for which application threads were stopped: 0.0004839 seconds, Stopping threads took: 0.0000240 seconds
2019-10-31T19:44:00.137+0530: 2020.500: Total time for which application threads were stopped: 0.0005049 seconds, Stopping threads took: 0.0000243 seconds
2019-10-31T19:44:00.137+0530: 2020.500: Total time for which application threads were stopped: 0.0004915 seconds, Stopping threads took: 0.0000235 seconds
2019-10-31T19:44:00.138+0530: 2020.501: Total time for which application threads were stopped: 0.0004825 seconds, Stopping threads took: 0.0000247 seconds
2019-10-31T19:44:00.138+0530: 2020.501: Total time for which application threads were stopped: 0.0004813 seconds, Stopping threads took: 0.0000237 seconds
2019-10-31T19:44:00.139+0530: 2020.502: Total time for which application threads were stopped: 0.0004831 seconds, Stopping threads took: 0.0000252 seconds
2019-10-31T19:44:00.139+0530: 2020.502: Total time for which application threads were stopped: 0.0004812 seconds, Stopping threads took: 0.0000240 seconds
2019-10-31T19:44:00.140+0530: 2020.503: Total time for which application threads were stopped: 0.0004860 seconds, Stopping threads took: 0.0000235 seconds
2019-10-31T19:44:00.140+0530: 2020.503: Total time for which application threads were stopped: 0.0005086 seconds, Stopping threads took: 0.0000417 seconds
2019-10-31T19:44:00.144+0530: 2020.507: Total time for which application threads were stopped: 0.0038568 seconds, Stopping threads took: 0.0000242 seconds
2019-10-31T19:44:33.200+0530: 2053.563: [GC pause (G1 Evacuation Pause) (young), 0.0143602 secs]
   [Parallel Time: 8.0 ms, GC Workers: 8]
      [GC Worker Start (ms): Min: 2053563.9, Avg: 2053563.9, Max: 2053564.0, Diff: 0.1]
      [Ext Root Scanning (ms): Min: 0.6, Avg: 0.6, Max: 0.8, Diff: 0.2, Sum: 5.1]
      [Update RS (ms): Min: 5.1, Avg: 5.2, Max: 5.2, Diff: 0.1, Sum: 41.3]
         [Processed Buffers: Min: 64, Avg: 66.2, Max: 69, Diff: 5, Sum: 530]
      [Scan RS (ms): Min: 0.0, Avg: 0.0, Max: 0.0, Diff: 0.0, Sum: 0.1]
      [Code Root Scanning (ms): Min: 0.0, Avg: 0.0, Max: 0.0, Diff: 0.0, Sum: 0.0]
      [Object Copy (ms): Min: 1.9, Avg: 2.0, Max: 2.0, Diff: 0.1, Sum: 15.7]
      [Termination (ms): Min: 0.0, Avg: 0.0, Max: 0.0, Diff: 0.0, Sum: 0.0]
         [Termination Attempts: Min: 1, Avg: 2.6, Max: 5, Diff: 4, Sum: 21]
      [GC Worker Other (ms): Min: 0.0, Avg: 0.0, Max: 0.1, Diff: 0.1, Sum: 0.3]
      [GC Worker Total (ms): Min: 7.7, Avg: 7.8, Max: 7.9, Diff: 0.2, Sum: 62.5]
      [GC Worker End (ms): Min: 2053571.7, Avg: 2053571.7, Max: 2053571.8, Diff: 0.1]
   [Code Root Fixup: 0.1 ms]
   [Code Root Purge: 0.0 ms]
   [Clear CT: 0.2 ms]
   [Other: 6.2 ms]
      [Choose CSet: 0.0 ms]
      [Ref Proc: 5.0 ms]
      [Ref Enq: 0.0 ms]
      [Redirty Cards: 0.1 ms]
      [Humongous Register: 0.1 ms]
      [Humongous Reclaim: 0.0 ms]
      [Free CSet: 0.1 ms]
   [Eden: 244.0M(244.0M)->0.0B(242.0M) Survivors: 12.0M->14.0M Heap: 295.1M(4096.0M)->52.4M(4096.0M)]
 [Times: user=0.07 sys=0.00, real=0.02 secs] 
2019-10-31T19:44:33.215+0530: 2053.578: Total time for which application threads were stopped: 0.0156526 seconds, Stopping threads took: 0.0001351 seconds
2019-10-31T19:44:33.216+0530: 2053.579: Total time for which application threads were stopped: 0.0010445 seconds, Stopping threads took: 0.0001878 seconds
2019-10-31T19:44:33.217+0530: 2053.580: Total time for which application threads were stopped: 0.0009255 seconds, Stopping threads took: 0.0000966 seconds
2019-10-31T19:44:33.218+0530: 2053.581: Total time for which application threads were stopped: 0.0006831 seconds, Stopping threads took: 0.0000610 seconds
2019-10-31T19:44:33.219+0530: 2053.582: Total time for which application threads were stopped: 0.0005967 seconds, Stopping threads took: 0.0000600 seconds
2019-10-31T19:44:33.219+0530: 2053.582: Total time for which application threads were stopped: 0.0005341 seconds, Stopping threads took: 0.0000661 seconds
2019-10-31T19:44:33.220+0530: 2053.583: Total time for which application threads were stopped: 0.0005025 seconds, Stopping threads took: 0.0000476 seconds
2019-10-31T19:44:33.221+0530: 2053.583: Total time for which application threads were stopped: 0.0004797 seconds, Stopping threads took: 0.0000414 seconds
2019-10-31T19:44:33.221+0530: 2053.584: Total time for which application threads were stopped: 0.0004807 seconds, Stopping threads took: 0.0000276 seconds
2019-10-31T19:44:33.222+0530: 2053.584: Total time for which application threads were stopped: 0.0004954 seconds, Stopping threads took: 0.0000529 seconds
2019-10-31T19:44:33.222+0530: 2053.585: Total time for which application threads were stopped: 0.0004775 seconds, Stopping threads took: 0.0000465 seconds
2019-10-31T19:44:33.223+0530: 2053.586: Total time for which application threads were stopped: 0.0006385 seconds, Stopping threads took: 0.0000987 seconds
2019-10-31T19:44:33.223+0530: 2053.586: Total time for which application threads were stopped: 0.0004755 seconds, Stopping threads took: 0.0000282 seconds
2019-10-31T19:44:33.224+0530: 2053.587: Total time for which application threads were stopped: 0.0004585 seconds, Stopping threads took: 0.0000229 seconds
2019-10-31T19:44:33.224+0530: 2053.587: Total time for which application threads were stopped: 0.0004561 seconds, Stopping threads took: 0.0000228 seconds
2019-10-31T19:44:33.225+0530: 2053.588: Total time for which application threads were stopped: 0.0004997 seconds, Stopping threads took: 0.0000365 seconds
2019-10-31T19:44:33.225+0530: 2053.588: Total time for which application threads were stopped: 0.0004652 seconds, Stopping threads took: 0.0000234 seconds
2019-10-31T19:44:33.226+0530: 2053.589: Total time for which application threads were stopped: 0.0004721 seconds, Stopping threads took: 0.0000368 seconds
2019-10-31T19:44:33.226+0530: 2053.589: Total time for which application threads were stopped: 0.0004694 seconds, Stopping threads took: 0.0000362 seconds
2019-10-31T19:44:33.227+0530: 2053.590: Total time for which application threads were stopped: 0.0004535 seconds, Stopping threads took: 0.0000220 seconds
2019-10-31T19:44:33.229+0530: 2053.592: Total time for which application threads were stopped: 0.0025708 seconds, Stopping threads took: 0.0000219 seconds
2019-10-31T19:45:03.697+0530: 2084.060: [GC pause (G1 Evacuation Pause) (young), 0.0148905 secs]
   [Parallel Time: 8.9 ms, GC Workers: 8]
      [GC Worker Start (ms): Min: 2084060.8, Avg: 2084060.9, Max: 2084060.9, Diff: 0.1]
      [Ext Root Scanning (ms): Min: 0.6, Avg: 0.7, Max: 0.9, Diff: 0.3, Sum: 5.6]
      [Update RS (ms): Min: 5.2, Avg: 5.2, Max: 5.2, Diff: 0.0, Sum: 41.5]
         [Processed Buffers: Min: 64, Avg: 66.4, Max: 70, Diff: 6, Sum: 531]
      [Scan RS (ms): Min: 0.0, Avg: 0.0, Max: 0.0, Diff: 0.0, Sum: 0.1]
      [Code Root Scanning (ms): Min: 0.0, Avg: 0.0, Max: 0.0, Diff: 0.0, Sum: 0.0]
      [Object Copy (ms): Min: 2.6, Avg: 2.8, Max: 2.9, Diff: 0.2, Sum: 22.5]
      [Termination (ms): Min: 0.0, Avg: 0.0, Max: 0.0, Diff: 0.0, Sum: 0.1]
         [Termination Attempts: Min: 1, Avg: 15.0, Max: 21, Diff: 20, Sum: 120]
      [GC Worker Other (ms): Min: 0.0, Avg: 0.0, Max: 0.1, Diff: 0.1, Sum: 0.3]
      [GC Worker Total (ms): Min: 8.7, Avg: 8.8, Max: 8.8, Diff: 0.1, Sum: 70.2]
      [GC Worker End (ms): Min: 2084069.6, Avg: 2084069.6, Max: 2084069.7, Diff: 0.1]
   [Code Root Fixup: 0.1 ms]
   [Code Root Purge: 0.0 ms]
   [Clear CT: 0.2 ms]
   [Other: 5.8 ms]
      [Choose CSet: 0.0 ms]
      [Ref Proc: 4.7 ms]
      [Ref Enq: 0.0 ms]
      [Redirty Cards: 0.1 ms]
      [Humongous Register: 0.1 ms]
      [Humongous Reclaim: 0.0 ms]
      [Free CSet: 0.1 ms]
   [Eden: 242.0M(242.0M)->0.0B(238.0M) Survivors: 14.0M->18.0M Heap: 294.4M(4096.0M)->56.5M(4096.0M)]
 [Times: user=0.07 sys=0.00, real=0.01 secs] 
2019-10-31T19:45:03.713+0530: 2084.075: Total time for which application threads were stopped: 0.0164766 seconds, Stopping threads took: 0.0001567 seconds
2019-10-31T19:45:03.714+0530: 2084.077: Total time for which application threads were stopped: 0.0012513 seconds, Stopping threads took: 0.0001472 seconds
2019-10-31T19:45:03.716+0530: 2084.079: Total time for which application threads were stopped: 0.0011172 seconds, Stopping threads took: 0.0001435 seconds
2019-10-31T19:45:03.717+0530: 2084.080: Total time for which application threads were stopped: 0.0008862 seconds, Stopping threads took: 0.0000543 seconds
2019-10-31T19:45:03.718+0530: 2084.080: Total time for which application threads were stopped: 0.0008152 seconds, Stopping threads took: 0.0000808 seconds
2019-10-31T19:45:03.718+0530: 2084.081: Total time for which application threads were stopped: 0.0008024 seconds, Stopping threads took: 0.0000949 seconds
2019-10-31T19:45:03.719+0530: 2084.082: Total time for which application threads were stopped: 0.0007766 seconds, Stopping threads took: 0.0001006 seconds
2019-10-31T19:45:03.720+0530: 2084.083: Total time for which application threads were stopped: 0.0007444 seconds, Stopping threads took: 0.0000865 seconds
2019-10-31T19:45:03.721+0530: 2084.084: Total time for which application threads were stopped: 0.0007728 seconds, Stopping threads took: 0.0000825 seconds
2019-10-31T19:45:03.722+0530: 2084.085: Total time for which application threads were stopped: 0.0007411 seconds, Stopping threads took: 0.0000659 seconds
2019-10-31T19:45:03.723+0530: 2084.085: Total time for which application threads were stopped: 0.0007020 seconds, Stopping threads took: 0.0000618 seconds
2019-10-31T19:45:03.723+0530: 2084.086: Total time for which application threads were stopped: 0.0006631 seconds, Stopping threads took: 0.0000340 seconds
2019-10-31T19:45:03.724+0530: 2084.087: Total time for which application threads were stopped: 0.0006562 seconds, Stopping threads took: 0.0000320 seconds
2019-10-31T19:45:03.725+0530: 2084.088: Total time for which application threads were stopped: 0.0006821 seconds, Stopping threads took: 0.0000361 seconds
2019-10-31T19:45:03.726+0530: 2084.089: Total time for which application threads were stopped: 0.0007300 seconds, Stopping threads took: 0.0000454 seconds
2019-10-31T19:45:03.726+0530: 2084.089: Total time for which application threads were stopped: 0.0007109 seconds, Stopping threads took: 0.0000644 seconds
2019-10-31T19:45:03.727+0530: 2084.090: Total time for which application threads were stopped: 0.0006725 seconds, Stopping threads took: 0.0000359 seconds
2019-10-31T19:45:03.728+0530: 2084.091: Total time for which application threads were stopped: 0.0006944 seconds, Stopping threads took: 0.0000559 seconds
2019-10-31T19:45:03.729+0530: 2084.091: Total time for which application threads were stopped: 0.0006927 seconds, Stopping threads took: 0.0000655 seconds
2019-10-31T19:45:03.729+0530: 2084.092: Total time for which application threads were stopped: 0.0007226 seconds, Stopping threads took: 0.0000534 seconds
2019-10-31T19:45:03.736+0530: 2084.099: Total time for which application threads were stopped: 0.0065354 seconds, Stopping threads took: 0.0000744 seconds
2019-10-31T19:45:35.231+0530: 2115.593: [GC pause (G1 Evacuation Pause) (young), 0.0137768 secs]
   [Parallel Time: 7.6 ms, GC Workers: 8]
      [GC Worker Start (ms): Min: 2115593.9, Avg: 2115594.0, Max: 2115594.0, Diff: 0.1]
      [Ext Root Scanning (ms): Min: 0.6, Avg: 0.6, Max: 0.8, Diff: 0.2, Sum: 5.1]
      [Update RS (ms): Min: 5.1, Avg: 5.1, Max: 5.2, Diff: 0.1, Sum: 41.2]
         [Processed Buffers: Min: 64, Avg: 66.4, Max: 70, Diff: 6, Sum: 531]
      [Scan RS (ms): Min: 0.0, Avg: 0.0, Max: 0.0, Diff: 0.0, Sum: 0.1]
      [Code Root Scanning (ms): Min: 0.0, Avg: 0.0, Max: 0.0, Diff: 0.0, Sum: 0.0]
      [Object Copy (ms): Min: 1.6, Avg: 1.6, Max: 1.6, Diff: 0.1, Sum: 12.9]
      [Termination (ms): Min: 0.0, Avg: 0.0, Max: 0.0, Diff: 0.0, Sum: 0.0]
         [Termination Attempts: Min: 1, Avg: 3.5, Max: 6, Diff: 5, Sum: 28]
      [GC Worker Other (ms): Min: 0.0, Avg: 0.0, Max: 0.1, Diff: 0.0, Sum: 0.2]
      [GC Worker Total (ms): Min: 7.4, Avg: 7.5, Max: 7.5, Diff: 0.1, Sum: 59.6]
      [GC Worker End (ms): Min: 2115601.4, Avg: 2115601.4, Max: 2115601.5, Diff: 0.0]
   [Code Root Fixup: 0.1 ms]
   [Code Root Purge: 0.0 ms]
   [Clear CT: 0.1 ms]
   [Other: 6.0 ms]
      [Choose CSet: 0.0 ms]
      [Ref Proc: 4.9 ms]
      [Ref Enq: 0.0 ms]
      [Redirty Cards: 0.1 ms]
      [Humongous Register: 0.1 ms]
      [Humongous Reclaim: 0.0 ms]
      [Free CSet: 0.1 ms]
   [Eden: 238.0M(238.0M)->0.0B(246.0M) Survivors: 18.0M->10.0M Heap: 294.5M(4096.0M)->49.6M(4096.0M)]
 [Times: user=0.06 sys=0.00, real=0.01 secs] 
2019-10-31T19:45:35.245+0530: 2115.607: Total time for which application threads were stopped: 0.0149464 seconds, Stopping threads took: 0.0001397 seconds
2019-10-31T19:45:35.246+0530: 2115.609: Total time for which application threads were stopped: 0.0009351 seconds, Stopping threads took: 0.0001653 seconds
2019-10-31T19:45:35.247+0530: 2115.610: Total time for which application threads were stopped: 0.0007344 seconds, Stopping threads took: 0.0001076 seconds
2019-10-31T19:45:35.248+0530: 2115.611: Total time for which application threads were stopped: 0.0005564 seconds, Stopping threads took: 0.0000717 seconds
2019-10-31T19:45:35.248+0530: 2115.611: Total time for which application threads were stopped: 0.0004982 seconds, Stopping threads took: 0.0000758 seconds
2019-10-31T19:45:35.249+0530: 2115.612: Total time for which application threads were stopped: 0.0004494 seconds, Stopping threads took: 0.0000343 seconds
2019-10-31T19:45:35.250+0530: 2115.612: Total time for which application threads were stopped: 0.0004700 seconds, Stopping threads took: 0.0000494 seconds
2019-10-31T19:45:35.250+0530: 2115.613: Total time for which application threads were stopped: 0.0004446 seconds, Stopping threads took: 0.0000614 seconds
2019-10-31T19:45:35.251+0530: 2115.613: Total time for which application threads were stopped: 0.0004362 seconds, Stopping threads took: 0.0000613 seconds
2019-10-31T19:45:35.251+0530: 2115.614: Total time for which application threads were stopped: 0.0004011 seconds, Stopping threads took: 0.0000302 seconds
2019-10-31T19:45:35.251+0530: 2115.614: Total time for which application threads were stopped: 0.0004265 seconds, Stopping threads took: 0.0000348 seconds
2019-10-31T19:45:35.252+0530: 2115.615: Total time for which application threads were stopped: 0.0004262 seconds, Stopping threads took: 0.0000395 seconds
2019-10-31T19:45:35.252+0530: 2115.615: Total time for which application threads were stopped: 0.0004499 seconds, Stopping threads took: 0.0000729 seconds
2019-10-31T19:45:35.253+0530: 2115.616: Total time for which application threads were stopped: 0.0004300 seconds, Stopping threads took: 0.0000307 seconds
2019-10-31T19:45:35.253+0530: 2115.616: Total time for which application threads were stopped: 0.0003971 seconds, Stopping threads took: 0.0000252 seconds
2019-10-31T19:45:35.254+0530: 2115.617: Total time for which application threads were stopped: 0.0004823 seconds, Stopping threads took: 0.0000515 seconds
2019-10-31T19:45:35.254+0530: 2115.617: Total time for which application threads were stopped: 0.0004082 seconds, Stopping threads took: 0.0000197 seconds
2019-10-31T19:45:35.255+0530: 2115.618: Total time for which application threads were stopped: 0.0004116 seconds, Stopping threads took: 0.0000188 seconds
2019-10-31T19:45:35.255+0530: 2115.618: Total time for which application threads were stopped: 0.0005074 seconds, Stopping threads took: 0.0000822 seconds
2019-10-31T19:45:35.256+0530: 2115.619: Total time for which application threads were stopped: 0.0004955 seconds, Stopping threads took: 0.0000750 seconds
2019-10-31T19:45:35.258+0530: 2115.621: Total time for which application threads were stopped: 0.0023373 seconds, Stopping threads took: 0.0000570 seconds
2019-10-31T19:45:44.260+0530: 2124.623: Total time for which application threads were stopped: 0.0009367 seconds, Stopping threads took: 0.0001503 seconds
2019-10-31T19:45:55.262+0530: 2135.624: Total time for which application threads were stopped: 0.0009708 seconds, Stopping threads took: 0.0001758 seconds
2019-10-31T19:45:58.263+0530: 2138.626: Total time for which application threads were stopped: 0.0010411 seconds, Stopping threads took: 0.0001502 seconds
2019-10-31T19:46:05.686+0530: 2146.048: [GC pause (G1 Evacuation Pause) (young), 0.0139201 secs]
   [Parallel Time: 7.8 ms, GC Workers: 8]
      [GC Worker Start (ms): Min: 2146048.9, Avg: 2146048.9, Max: 2146049.0, Diff: 0.1]
      [Ext Root Scanning (ms): Min: 0.6, Avg: 0.6, Max: 0.8, Diff: 0.2, Sum: 5.0]
      [Update RS (ms): Min: 5.1, Avg: 5.2, Max: 5.2, Diff: 0.1, Sum: 41.2]
         [Processed Buffers: Min: 64, Avg: 66.2, Max: 70, Diff: 6, Sum: 530]
      [Scan RS (ms): Min: 0.0, Avg: 0.0, Max: 0.0, Diff: 0.0, Sum: 0.1]
      [Code Root Scanning (ms): Min: 0.0, Avg: 0.0, Max: 0.0, Diff: 0.0, Sum: 0.0]
      [Object Copy (ms): Min: 1.7, Avg: 1.8, Max: 1.8, Diff: 0.1, Sum: 14.5]
      [Termination (ms): Min: 0.0, Avg: 0.0, Max: 0.0, Diff: 0.0, Sum: 0.0]
         [Termination Attempts: Min: 1, Avg: 2.0, Max: 6, Diff: 5, Sum: 16]
      [GC Worker Other (ms): Min: 0.0, Avg: 0.0, Max: 0.1, Diff: 0.1, Sum: 0.3]
      [GC Worker Total (ms): Min: 7.6, Avg: 7.6, Max: 7.7, Diff: 0.1, Sum: 61.1]
      [GC Worker End (ms): Min: 2146056.5, Avg: 2146056.6, Max: 2146056.6, Diff: 0.0]
   [Code Root Fixup: 0.1 ms]
   [Code Root Purge: 0.0 ms]
   [Clear CT: 0.2 ms]
   [Other: 5.9 ms]
      [Choose CSet: 0.0 ms]
      [Ref Proc: 4.8 ms]
      [Ref Enq: 0.0 ms]
      [Redirty Cards: 0.1 ms]
      [Humongous Register: 0.1 ms]
      [Humongous Reclaim: 0.0 ms]
      [Free CSet: 0.1 ms]
   [Eden: 246.0M(246.0M)->0.0B(244.0M) Survivors: 10.0M->12.0M Heap: 295.6M(4096.0M)->50.8M(4096.0M)]
 [Times: user=0.07 sys=0.00, real=0.01 secs] 
2019-10-31T19:46:05.700+0530: 2146.063: Total time for which application threads were stopped: 0.0152298 seconds, Stopping threads took: 0.0001445 seconds
2019-10-31T19:46:05.701+0530: 2146.064: Total time for which application threads were stopped: 0.0009309 seconds, Stopping threads took: 0.0001108 seconds
2019-10-31T19:46:05.702+0530: 2146.064: Total time for which application threads were stopped: 0.0007805 seconds, Stopping threads took: 0.0001369 seconds
2019-10-31T19:46:05.702+0530: 2146.065: Total time for which application threads were stopped: 0.0006516 seconds, Stopping threads took: 0.0001008 seconds
2019-10-31T19:46:05.703+0530: 2146.066: Total time for which application threads were stopped: 0.0005492 seconds, Stopping threads took: 0.0000553 seconds
2019-10-31T19:46:05.703+0530: 2146.066: Total time for which application threads were stopped: 0.0004979 seconds, Stopping threads took: 0.0000292 seconds
2019-10-31T19:46:05.704+0530: 2146.067: Total time for which application threads were stopped: 0.0004571 seconds, Stopping threads took: 0.0000251 seconds
2019-10-31T19:46:05.704+0530: 2146.067: Total time for which application threads were stopped: 0.0004651 seconds, Stopping threads took: 0.0000223 seconds
2019-10-31T19:46:05.705+0530: 2146.068: Total time for which application threads were stopped: 0.0004769 seconds, Stopping threads took: 0.0000228 seconds
2019-10-31T19:46:05.705+0530: 2146.068: Total time for which application threads were stopped: 0.0004799 seconds, Stopping threads took: 0.0000452 seconds
2019-10-31T19:46:05.706+0530: 2146.069: Total time for which application threads were stopped: 0.0005135 seconds, Stopping threads took: 0.0000675 seconds
2019-10-31T19:46:05.707+0530: 2146.069: Total time for which application threads were stopped: 0.0004710 seconds, Stopping threads took: 0.0000319 seconds
2019-10-31T19:46:05.707+0530: 2146.070: Total time for which application threads were stopped: 0.0004609 seconds, Stopping threads took: 0.0000273 seconds
2019-10-31T19:46:05.708+0530: 2146.070: Total time for which application threads were stopped: 0.0004583 seconds, Stopping threads took: 0.0000264 seconds
2019-10-31T19:46:05.708+0530: 2146.071: Total time for which application threads were stopped: 0.0004682 seconds, Stopping threads took: 0.0000257 seconds
2019-10-31T19:46:05.709+0530: 2146.071: Total time for which application threads were stopped: 0.0004597 seconds, Stopping threads took: 0.0000263 seconds
2019-10-31T19:46:05.709+0530: 2146.072: Total time for which application threads were stopped: 0.0004819 seconds, Stopping threads took: 0.0000258 seconds
2019-10-31T19:46:05.710+0530: 2146.072: Total time for which application threads were stopped: 0.0004681 seconds, Stopping threads took: 0.0000262 seconds
2019-10-31T19:46:05.710+0530: 2146.073: Total time for which application threads were stopped: 0.0004715 seconds, Stopping threads took: 0.0000303 seconds
2019-10-31T19:46:05.711+0530: 2146.073: Total time for which application threads were stopped: 0.0004965 seconds, Stopping threads took: 0.0000606 seconds
2019-10-31T19:46:05.714+0530: 2146.077: Total time for which application threads were stopped: 0.0032104 seconds, Stopping threads took: 0.0000695 seconds
2019-10-31T19:46:13.715+0530: 2154.078: Total time for which application threads were stopped: 0.0009315 seconds, Stopping threads took: 0.0001364 seconds
2019-10-31T19:46:30.718+0530: 2171.081: Total time for which application threads were stopped: 0.0010551 seconds, Stopping threads took: 0.0001402 seconds
2019-10-31T19:46:36.268+0530: 2176.631: [GC pause (G1 Evacuation Pause) (young), 0.0138963 secs]
   [Parallel Time: 7.6 ms, GC Workers: 8]
      [GC Worker Start (ms): Min: 2176631.4, Avg: 2176631.5, Max: 2176631.5, Diff: 0.1]
      [Ext Root Scanning (ms): Min: 0.6, Avg: 0.6, Max: 0.7, Diff: 0.2, Sum: 4.8]
      [Update RS (ms): Min: 5.0, Avg: 5.0, Max: 5.0, Diff: 0.0, Sum: 40.1]
         [Processed Buffers: Min: 62, Avg: 64.5, Max: 72, Diff: 10, Sum: 516]
      [Scan RS (ms): Min: 0.0, Avg: 0.0, Max: 0.0, Diff: 0.0, Sum: 0.1]
      [Code Root Scanning (ms): Min: 0.0, Avg: 0.0, Max: 0.0, Diff: 0.0, Sum: 0.0]
      [Object Copy (ms): Min: 1.7, Avg: 1.8, Max: 1.9, Diff: 0.1, Sum: 14.6]
      [Termination (ms): Min: 0.0, Avg: 0.0, Max: 0.0, Diff: 0.0, Sum: 0.0]
         [Termination Attempts: Min: 1, Avg: 8.4, Max: 13, Diff: 12, Sum: 67]
      [GC Worker Other (ms): Min: 0.0, Avg: 0.0, Max: 0.1, Diff: 0.1, Sum: 0.3]
      [GC Worker Total (ms): Min: 7.4, Avg: 7.5, Max: 7.6, Diff: 0.1, Sum: 60.0]
      [GC Worker End (ms): Min: 2176638.9, Avg: 2176639.0, Max: 2176639.0, Diff: 0.1]
   [Code Root Fixup: 0.1 ms]
   [Code Root Purge: 0.0 ms]
   [Clear CT: 0.2 ms]
   [Other: 6.0 ms]
      [Choose CSet: 0.0 ms]
      [Ref Proc: 4.9 ms]
      [Ref Enq: 0.0 ms]
      [Redirty Cards: 0.1 ms]
      [Humongous Register: 0.1 ms]
      [Humongous Reclaim: 0.0 ms]
      [Free CSet: 0.1 ms]
   [Eden: 244.0M(244.0M)->0.0B(244.0M) Survivors: 12.0M->12.0M Heap: 294.8M(4096.0M)->51.3M(4096.0M)]
 [Times: user=0.06 sys=0.00, real=0.01 secs] 
2019-10-31T19:46:36.282+0530: 2176.645: Total time for which application threads were stopped: 0.0150802 seconds, Stopping threads took: 0.0001308 seconds
2019-10-31T19:46:36.283+0530: 2176.646: Total time for which application threads were stopped: 0.0009826 seconds, Stopping threads took: 0.0002173 seconds
2019-10-31T19:46:36.284+0530: 2176.647: Total time for which application threads were stopped: 0.0007391 seconds, Stopping threads took: 0.0000731 seconds
2019-10-31T19:46:36.285+0530: 2176.648: Total time for which application threads were stopped: 0.0004711 seconds, Stopping threads took: 0.0000221 seconds
2019-10-31T19:46:36.285+0530: 2176.648: Total time for which application threads were stopped: 0.0004553 seconds, Stopping threads took: 0.0000519 seconds
2019-10-31T19:46:36.286+0530: 2176.649: Total time for which application threads were stopped: 0.0004405 seconds, Stopping threads took: 0.0000439 seconds
2019-10-31T19:46:36.286+0530: 2176.649: Total time for which application threads were stopped: 0.0004416 seconds, Stopping threads took: 0.0000494 seconds
2019-10-31T19:46:36.287+0530: 2176.650: Total time for which application threads were stopped: 0.0004293 seconds, Stopping threads took: 0.0000366 seconds
2019-10-31T19:46:36.287+0530: 2176.650: Total time for which application threads were stopped: 0.0004474 seconds, Stopping threads took: 0.0000491 seconds
2019-10-31T19:46:36.288+0530: 2176.651: Total time for which application threads were stopped: 0.0004926 seconds, Stopping threads took: 0.0000482 seconds
2019-10-31T19:46:36.288+0530: 2176.651: Total time for which application threads were stopped: 0.0005101 seconds, Stopping threads took: 0.0000732 seconds
2019-10-31T19:46:36.289+0530: 2176.652: Total time for which application threads were stopped: 0.0004342 seconds, Stopping threads took: 0.0000215 seconds
2019-10-31T19:46:36.289+0530: 2176.652: Total time for which application threads were stopped: 0.0004064 seconds, Stopping threads took: 0.0000208 seconds
2019-10-31T19:46:36.290+0530: 2176.653: Total time for which application threads were stopped: 0.0004047 seconds, Stopping threads took: 0.0000203 seconds
2019-10-31T19:46:36.290+0530: 2176.653: Total time for which application threads were stopped: 0.0004021 seconds, Stopping threads took: 0.0000203 seconds
2019-10-31T19:46:36.291+0530: 2176.653: Total time for which application threads were stopped: 0.0004017 seconds, Stopping threads took: 0.0000206 seconds
2019-10-31T19:46:36.291+0530: 2176.654: Total time for which application threads were stopped: 0.0004022 seconds, Stopping threads took: 0.0000201 seconds
2019-10-31T19:46:36.292+0530: 2176.654: Total time for which application threads were stopped: 0.0004503 seconds, Stopping threads took: 0.0000195 seconds
2019-10-31T19:46:36.292+0530: 2176.655: Total time for which application threads were stopped: 0.0004126 seconds, Stopping threads took: 0.0000178 seconds
2019-10-31T19:46:36.292+0530: 2176.655: Total time for which application threads were stopped: 0.0004590 seconds, Stopping threads took: 0.0000568 seconds
2019-10-31T19:46:36.295+0530: 2176.658: Total time for which application threads were stopped: 0.0023360 seconds, Stopping threads took: 0.0000511 seconds
2019-10-31T19:47:08.753+0530: 2209.116: [GC pause (G1 Evacuation Pause) (young), 0.0132888 secs]
   [Parallel Time: 7.2 ms, GC Workers: 8]
      [GC Worker Start (ms): Min: 2209116.2, Avg: 2209116.3, Max: 2209116.3, Diff: 0.1]
      [Ext Root Scanning (ms): Min: 0.5, Avg: 0.6, Max: 0.6, Diff: 0.2, Sum: 4.4]
      [Update RS (ms): Min: 4.8, Avg: 4.8, Max: 4.8, Diff: 0.1, Sum: 38.5]
         [Processed Buffers: Min: 58, Avg: 61.6, Max: 66, Diff: 8, Sum: 493]
      [Scan RS (ms): Min: 0.0, Avg: 0.0, Max: 0.0, Diff: 0.0, Sum: 0.1]
      [Code Root Scanning (ms): Min: 0.0, Avg: 0.0, Max: 0.0, Diff: 0.0, Sum: 0.0]
      [Object Copy (ms): Min: 1.5, Avg: 1.6, Max: 1.6, Diff: 0.1, Sum: 12.7]
      [Termination (ms): Min: 0.0, Avg: 0.0, Max: 0.0, Diff: 0.0, Sum: 0.0]
         [Termination Attempts: Min: 1, Avg: 4.0, Max: 8, Diff: 7, Sum: 32]
      [GC Worker Other (ms): Min: 0.0, Avg: 0.0, Max: 0.1, Diff: 0.1, Sum: 0.3]
      [GC Worker Total (ms): Min: 7.0, Avg: 7.0, Max: 7.1, Diff: 0.1, Sum: 56.2]
      [GC Worker End (ms): Min: 2209123.3, Avg: 2209123.3, Max: 2209123.3, Diff: 0.1]
   [Code Root Fixup: 0.1 ms]
   [Code Root Purge: 0.0 ms]
   [Clear CT: 0.1 ms]
   [Other: 5.9 ms]
      [Choose CSet: 0.0 ms]
      [Ref Proc: 4.9 ms]
      [Ref Enq: 0.0 ms]
      [Redirty Cards: 0.1 ms]
      [Humongous Register: 0.1 ms]
      [Humongous Reclaim: 0.0 ms]
      [Free CSet: 0.1 ms]
   [Eden: 244.0M(244.0M)->0.0B(244.0M) Survivors: 12.0M->12.0M Heap: 295.3M(4096.0M)->50.4M(4096.0M)]
 [Times: user=0.06 sys=0.00, real=0.01 secs] 
2019-10-31T19:47:08.766+0530: 2209.129: Total time for which application threads were stopped: 0.0143902 seconds, Stopping threads took: 0.0001282 seconds
2019-10-31T19:47:08.767+0530: 2209.130: Total time for which application threads were stopped: 0.0008609 seconds, Stopping threads took: 0.0001821 seconds
2019-10-31T19:47:08.768+0530: 2209.131: Total time for which application threads were stopped: 0.0006602 seconds, Stopping threads took: 0.0000647 seconds
2019-10-31T19:47:08.769+0530: 2209.132: Total time for which application threads were stopped: 0.0004966 seconds, Stopping threads took: 0.0000459 seconds
2019-10-31T19:47:08.770+0530: 2209.132: Total time for which application threads were stopped: 0.0004550 seconds, Stopping threads took: 0.0000699 seconds
2019-10-31T19:47:08.770+0530: 2209.133: Total time for which application threads were stopped: 0.0003866 seconds, Stopping threads took: 0.0000301 seconds
2019-10-31T19:47:08.770+0530: 2209.133: Total time for which application threads were stopped: 0.0003671 seconds, Stopping threads took: 0.0000191 seconds
2019-10-31T19:47:08.771+0530: 2209.134: Total time for which application threads were stopped: 0.0003586 seconds, Stopping threads took: 0.0000186 seconds
2019-10-31T19:47:08.771+0530: 2209.134: Total time for which application threads were stopped: 0.0003595 seconds, Stopping threads took: 0.0000182 seconds
2019-10-31T19:47:08.772+0530: 2209.134: Total time for which application threads were stopped: 0.0003642 seconds, Stopping threads took: 0.0000197 seconds
2019-10-31T19:47:08.772+0530: 2209.135: Total time for which application threads were stopped: 0.0003778 seconds, Stopping threads took: 0.0000352 seconds
2019-10-31T19:47:08.772+0530: 2209.135: Total time for which application threads were stopped: 0.0003600 seconds, Stopping threads took: 0.0000177 seconds
2019-10-31T19:47:08.773+0530: 2209.136: Total time for which application threads were stopped: 0.0003988 seconds, Stopping threads took: 0.0000349 seconds
2019-10-31T19:47:08.773+0530: 2209.136: Total time for which application threads were stopped: 0.0003700 seconds, Stopping threads took: 0.0000174 seconds
2019-10-31T19:47:08.774+0530: 2209.136: Total time for which application threads were stopped: 0.0003593 seconds, Stopping threads took: 0.0000179 seconds
2019-10-31T19:47:08.774+0530: 2209.137: Total time for which application threads were stopped: 0.0004006 seconds, Stopping threads took: 0.0000544 seconds
2019-10-31T19:47:08.775+0530: 2209.137: Total time for which application threads were stopped: 0.0005183 seconds, Stopping threads took: 0.0001091 seconds
2019-10-31T19:47:08.775+0530: 2209.138: Total time for which application threads were stopped: 0.0004259 seconds, Stopping threads took: 0.0000730 seconds
2019-10-31T19:47:08.775+0530: 2209.138: Total time for which application threads were stopped: 0.0003944 seconds, Stopping threads took: 0.0000435 seconds
2019-10-31T19:47:08.776+0530: 2209.139: Total time for which application threads were stopped: 0.0004316 seconds, Stopping threads took: 0.0000710 seconds
2019-10-31T19:47:08.778+0530: 2209.141: Total time for which application threads were stopped: 0.0021169 seconds, Stopping threads took: 0.0000958 seconds
2019-10-31T19:47:27.780+0530: 2228.143: Total time for which application threads were stopped: 0.0008487 seconds, Stopping threads took: 0.0001440 seconds
2019-10-31T19:47:36.782+0530: 2237.145: Total time for which application threads were stopped: 0.0010636 seconds, Stopping threads took: 0.0001246 seconds
2019-10-31T19:47:41.586+0530: 2241.949: [GC pause (G1 Evacuation Pause) (young), 0.0130928 secs]
   [Parallel Time: 6.9 ms, GC Workers: 8]
      [GC Worker Start (ms): Min: 2241949.0, Avg: 2241949.0, Max: 2241949.1, Diff: 0.1]
      [Ext Root Scanning (ms): Min: 0.5, Avg: 0.6, Max: 0.6, Diff: 0.1, Sum: 4.5]
      [Update RS (ms): Min: 4.6, Avg: 4.6, Max: 4.6, Diff: 0.1, Sum: 36.8]
         [Processed Buffers: Min: 55, Avg: 58.0, Max: 61, Diff: 6, Sum: 464]
      [Scan RS (ms): Min: 0.0, Avg: 0.0, Max: 0.0, Diff: 0.0, Sum: 0.1]
      [Code Root Scanning (ms): Min: 0.0, Avg: 0.0, Max: 0.0, Diff: 0.0, Sum: 0.0]
      [Object Copy (ms): Min: 1.5, Avg: 1.6, Max: 1.6, Diff: 0.1, Sum: 12.5]
      [Termination (ms): Min: 0.0, Avg: 0.0, Max: 0.0, Diff: 0.0, Sum: 0.0]
         [Termination Attempts: Min: 1, Avg: 3.2, Max: 7, Diff: 6, Sum: 26]
      [GC Worker Other (ms): Min: 0.0, Avg: 0.0, Max: 0.1, Diff: 0.0, Sum: 0.2]
      [GC Worker Total (ms): Min: 6.7, Avg: 6.8, Max: 6.8, Diff: 0.1, Sum: 54.2]
      [GC Worker End (ms): Min: 2241955.8, Avg: 2241955.8, Max: 2241955.8, Diff: 0.0]
   [Code Root Fixup: 0.1 ms]
   [Code Root Purge: 0.0 ms]
   [Clear CT: 0.1 ms]
   [Other: 6.0 ms]
      [Choose CSet: 0.0 ms]
      [Ref Proc: 4.9 ms]
      [Ref Enq: 0.0 ms]
      [Redirty Cards: 0.1 ms]
      [Humongous Register: 0.1 ms]
      [Humongous Reclaim: 0.0 ms]
      [Free CSet: 0.1 ms]
   [Eden: 244.0M(244.0M)->0.0B(248.0M) Survivors: 12.0M->8192.0K Heap: 294.4M(4096.0M)->47.4M(4096.0M)]
 [Times: user=0.06 sys=0.00, real=0.01 secs] 
2019-10-31T19:47:41.599+0530: 2241.962: Total time for which application threads were stopped: 0.0141536 seconds, Stopping threads took: 0.0001265 seconds
2019-10-31T19:47:41.600+0530: 2241.963: Total time for which application threads were stopped: 0.0008309 seconds, Stopping threads took: 0.0001951 seconds
2019-10-31T19:47:41.601+0530: 2241.964: Total time for which application threads were stopped: 0.0007201 seconds, Stopping threads took: 0.0001079 seconds
2019-10-31T19:47:41.602+0530: 2241.965: Total time for which application threads were stopped: 0.0006218 seconds, Stopping threads took: 0.0001202 seconds
2019-10-31T19:47:41.603+0530: 2241.965: Total time for which application threads were stopped: 0.0004853 seconds, Stopping threads took: 0.0000392 seconds
2019-10-31T19:47:41.603+0530: 2241.966: Total time for which application threads were stopped: 0.0003898 seconds, Stopping threads took: 0.0000197 seconds
2019-10-31T19:47:41.603+0530: 2241.966: Total time for which application threads were stopped: 0.0004042 seconds, Stopping threads took: 0.0000708 seconds
2019-10-31T19:47:41.604+0530: 2241.967: Total time for which application threads were stopped: 0.0004083 seconds, Stopping threads took: 0.0000714 seconds
2019-10-31T19:47:41.604+0530: 2241.967: Total time for which application threads were stopped: 0.0003644 seconds, Stopping threads took: 0.0000316 seconds
2019-10-31T19:47:41.605+0530: 2241.968: Total time for which application threads were stopped: 0.0003707 seconds, Stopping threads took: 0.0000181 seconds
2019-10-31T19:47:41.605+0530: 2241.968: Total time for which application threads were stopped: 0.0003930 seconds, Stopping threads took: 0.0000599 seconds
2019-10-31T19:47:41.606+0530: 2241.969: Total time for which application threads were stopped: 0.0003921 seconds, Stopping threads took: 0.0000511 seconds
2019-10-31T19:47:41.606+0530: 2241.969: Total time for which application threads were stopped: 0.0003504 seconds, Stopping threads took: 0.0000211 seconds
2019-10-31T19:47:41.606+0530: 2241.969: Total time for which application threads were stopped: 0.0003715 seconds, Stopping threads took: 0.0000349 seconds
2019-10-31T19:47:41.607+0530: 2241.970: Total time for which application threads were stopped: 0.0003660 seconds, Stopping threads took: 0.0000376 seconds
2019-10-31T19:47:41.607+0530: 2241.970: Total time for which application threads were stopped: 0.0003470 seconds, Stopping threads took: 0.0000181 seconds
2019-10-31T19:47:41.608+0530: 2241.970: Total time for which application threads were stopped: 0.0003646 seconds, Stopping threads took: 0.0000171 seconds
2019-10-31T19:47:41.608+0530: 2241.971: Total time for which application threads were stopped: 0.0003777 seconds, Stopping threads took: 0.0000354 seconds
2019-10-31T19:47:41.608+0530: 2241.971: Total time for which application threads were stopped: 0.0003892 seconds, Stopping threads took: 0.0000554 seconds
2019-10-31T19:47:41.609+0530: 2241.972: Total time for which application threads were stopped: 0.0003947 seconds, Stopping threads took: 0.0000370 seconds
2019-10-31T19:47:41.611+0530: 2241.974: Total time for which application threads were stopped: 0.0018259 seconds, Stopping threads took: 0.0000443 seconds
2019-10-31T19:48:11.614+0530: 2271.977: Total time for which application threads were stopped: 0.0008239 seconds, Stopping threads took: 0.0001098 seconds
2019-10-31T19:48:19.070+0530: 2279.433: [GC pause (G1 Evacuation Pause) (young), 0.0129309 secs]
   [Parallel Time: 6.7 ms, GC Workers: 8]
      [GC Worker Start (ms): Min: 2279433.5, Avg: 2279433.6, Max: 2279433.6, Diff: 0.1]
      [Ext Root Scanning (ms): Min: 0.5, Avg: 0.5, Max: 0.6, Diff: 0.1, Sum: 4.3]
      [Update RS (ms): Min: 4.3, Avg: 4.3, Max: 4.3, Diff: 0.1, Sum: 34.5]
         [Processed Buffers: Min: 51, Avg: 53.8, Max: 56, Diff: 5, Sum: 430]
      [Scan RS (ms): Min: 0.0, Avg: 0.0, Max: 0.0, Diff: 0.0, Sum: 0.1]
      [Code Root Scanning (ms): Min: 0.0, Avg: 0.0, Max: 0.0, Diff: 0.0, Sum: 0.0]
      [Object Copy (ms): Min: 1.6, Avg: 1.7, Max: 1.7, Diff: 0.1, Sum: 13.4]
      [Termination (ms): Min: 0.0, Avg: 0.0, Max: 0.0, Diff: 0.0, Sum: 0.1]
         [Termination Attempts: Min: 1, Avg: 15.4, Max: 21, Diff: 20, Sum: 123]
      [GC Worker Other (ms): Min: 0.0, Avg: 0.0, Max: 0.1, Diff: 0.1, Sum: 0.3]
      [GC Worker Total (ms): Min: 6.5, Avg: 6.6, Max: 6.6, Diff: 0.1, Sum: 52.7]
      [GC Worker End (ms): Min: 2279440.2, Avg: 2279440.2, Max: 2279440.2, Diff: 0.1]
   [Code Root Fixup: 0.1 ms]
   [Code Root Purge: 0.0 ms]
   [Clear CT: 0.1 ms]
   [Other: 6.0 ms]
      [Choose CSet: 0.0 ms]
      [Ref Proc: 5.0 ms]
      [Ref Enq: 0.0 ms]
      [Redirty Cards: 0.1 ms]
      [Humongous Register: 0.1 ms]
      [Humongous Reclaim: 0.0 ms]
      [Free CSet: 0.1 ms]
   [Eden: 248.0M(248.0M)->0.0B(248.0M) Survivors: 8192.0K->8192.0K Heap: 295.4M(4096.0M)->47.4M(4096.0M)]
 [Times: user=0.06 sys=0.00, real=0.01 secs] 
2019-10-31T19:48:19.083+0530: 2279.446: Total time for which application threads were stopped: 0.0138877 seconds, Stopping threads took: 0.0001022 seconds
2019-10-31T19:48:19.084+0530: 2279.447: Total time for which application threads were stopped: 0.0007782 seconds, Stopping threads took: 0.0001206 seconds
2019-10-31T19:48:19.085+0530: 2279.448: Total time for which application threads were stopped: 0.0007018 seconds, Stopping threads took: 0.0000893 seconds
2019-10-31T19:48:19.086+0530: 2279.449: Total time for which application threads were stopped: 0.0006301 seconds, Stopping threads took: 0.0000888 seconds
2019-10-31T19:48:19.087+0530: 2279.449: Total time for which application threads were stopped: 0.0004731 seconds, Stopping threads took: 0.0000472 seconds
2019-10-31T19:48:19.087+0530: 2279.450: Total time for which application threads were stopped: 0.0003967 seconds, Stopping threads took: 0.0000376 seconds
2019-10-31T19:48:19.087+0530: 2279.450: Total time for which application threads were stopped: 0.0003438 seconds, Stopping threads took: 0.0000204 seconds
2019-10-31T19:48:19.088+0530: 2279.451: Total time for which application threads were stopped: 0.0003438 seconds, Stopping threads took: 0.0000176 seconds
2019-10-31T19:48:19.088+0530: 2279.451: Total time for which application threads were stopped: 0.0003992 seconds, Stopping threads took: 0.0000510 seconds
2019-10-31T19:48:19.089+0530: 2279.452: Total time for which application threads were stopped: 0.0004762 seconds, Stopping threads took: 0.0000979 seconds
2019-10-31T19:48:19.089+0530: 2279.452: Total time for which application threads were stopped: 0.0003791 seconds, Stopping threads took: 0.0000671 seconds
2019-10-31T19:48:19.090+0530: 2279.452: Total time for which application threads were stopped: 0.0003535 seconds, Stopping threads took: 0.0000477 seconds
2019-10-31T19:48:19.090+0530: 2279.453: Total time for which application threads were stopped: 0.0003315 seconds, Stopping threads took: 0.0000199 seconds
2019-10-31T19:48:19.090+0530: 2279.453: Total time for which application threads were stopped: 0.0003180 seconds, Stopping threads took: 0.0000187 seconds
2019-10-31T19:48:19.091+0530: 2279.454: Total time for which application threads were stopped: 0.0003312 seconds, Stopping threads took: 0.0000332 seconds
2019-10-31T19:48:19.091+0530: 2279.454: Total time for which application threads were stopped: 0.0003477 seconds, Stopping threads took: 0.0000430 seconds
2019-10-31T19:48:19.091+0530: 2279.454: Total time for which application threads were stopped: 0.0003550 seconds, Stopping threads took: 0.0000380 seconds
2019-10-31T19:48:19.092+0530: 2279.455: Total time for which application threads were stopped: 0.0003408 seconds, Stopping threads took: 0.0000306 seconds
2019-10-31T19:48:19.092+0530: 2279.455: Total time for which application threads were stopped: 0.0003354 seconds, Stopping threads took: 0.0000332 seconds
2019-10-31T19:48:19.093+0530: 2279.455: Total time for which application threads were stopped: 0.0003678 seconds, Stopping threads took: 0.0000425 seconds
2019-10-31T19:48:19.094+0530: 2279.457: Total time for which application threads were stopped: 0.0016854 seconds, Stopping threads took: 0.0000364 seconds
2019-10-31T19:48:21.095+0530: 2281.458: Total time for which application threads were stopped: 0.0006924 seconds, Stopping threads took: 0.0001068 seconds
2019-10-31T19:48:57.985+0530: 2318.348: [GC pause (G1 Evacuation Pause) (young), 0.0123229 secs]
   [Parallel Time: 6.3 ms, GC Workers: 8]
      [GC Worker Start (ms): Min: 2318348.6, Avg: 2318348.6, Max: 2318348.6, Diff: 0.1]
      [Ext Root Scanning (ms): Min: 0.4, Avg: 0.5, Max: 0.6, Diff: 0.1, Sum: 3.9]
      [Update RS (ms): Min: 4.0, Avg: 4.0, Max: 4.0, Diff: 0.1, Sum: 32.0]
         [Processed Buffers: Min: 47, Avg: 50.0, Max: 53, Diff: 6, Sum: 400]
      [Scan RS (ms): Min: 0.0, Avg: 0.0, Max: 0.0, Diff: 0.0, Sum: 0.1]
      [Code Root Scanning (ms): Min: 0.0, Avg: 0.0, Max: 0.0, Diff: 0.0, Sum: 0.1]
      [Object Copy (ms): Min: 1.5, Avg: 1.5, Max: 1.6, Diff: 0.1, Sum: 12.2]
      [Termination (ms): Min: 0.0, Avg: 0.0, Max: 0.0, Diff: 0.0, Sum: 0.2]
         [Termination Attempts: Min: 1, Avg: 25.6, Max: 35, Diff: 34, Sum: 205]
      [GC Worker Other (ms): Min: 0.0, Avg: 0.0, Max: 0.1, Diff: 0.0, Sum: 0.2]
      [GC Worker Total (ms): Min: 6.0, Avg: 6.1, Max: 6.1, Diff: 0.1, Sum: 48.8]
      [GC Worker End (ms): Min: 2318354.7, Avg: 2318354.7, Max: 2318354.7, Diff: 0.0]
   [Code Root Fixup: 0.1 ms]
   [Code Root Purge: 0.0 ms]
   [Clear CT: 0.1 ms]
   [Other: 5.9 ms]
      [Choose CSet: 0.0 ms]
      [Ref Proc: 4.9 ms]
      [Ref Enq: 0.0 ms]
      [Redirty Cards: 0.1 ms]
      [Humongous Register: 0.1 ms]
      [Humongous Reclaim: 0.0 ms]
      [Free CSet: 0.1 ms]
   [Eden: 248.0M(248.0M)->0.0B(248.0M) Survivors: 8192.0K->8192.0K Heap: 295.4M(4096.0M)->46.8M(4096.0M)]
 [Times: user=0.05 sys=0.00, real=0.01 secs] 
2019-10-31T19:48:57.998+0530: 2318.361: Total time for which application threads were stopped: 0.0132167 seconds, Stopping threads took: 0.0000941 seconds
2019-10-31T19:48:57.999+0530: 2318.361: Total time for which application threads were stopped: 0.0006489 seconds, Stopping threads took: 0.0000939 seconds
2019-10-31T19:48:57.999+0530: 2318.362: Total time for which application threads were stopped: 0.0004423 seconds, Stopping threads took: 0.0000646 seconds
2019-10-31T19:48:57.999+0530: 2318.362: Total time for which application threads were stopped: 0.0003212 seconds, Stopping threads took: 0.0000596 seconds
2019-10-31T19:48:58.000+0530: 2318.363: Total time for which application threads were stopped: 0.0002948 seconds, Stopping threads took: 0.0000401 seconds
2019-10-31T19:48:58.000+0530: 2318.363: Total time for which application threads were stopped: 0.0002666 seconds, Stopping threads took: 0.0000201 seconds
2019-10-31T19:48:58.000+0530: 2318.363: Total time for which application threads were stopped: 0.0002746 seconds, Stopping threads took: 0.0000284 seconds
2019-10-31T19:48:58.001+0530: 2318.363: Total time for which application threads were stopped: 0.0002759 seconds, Stopping threads took: 0.0000277 seconds
2019-10-31T19:48:58.001+0530: 2318.364: Total time for which application threads were stopped: 0.0002901 seconds, Stopping threads took: 0.0000144 seconds
2019-10-31T19:48:58.001+0530: 2318.364: Total time for which application threads were stopped: 0.0002697 seconds, Stopping threads took: 0.0000131 seconds
2019-10-31T19:48:58.002+0530: 2318.364: Total time for which application threads were stopped: 0.0002720 seconds, Stopping threads took: 0.0000273 seconds
2019-10-31T19:48:58.002+0530: 2318.365: Total time for which application threads were stopped: 0.0002719 seconds, Stopping threads took: 0.0000266 seconds
2019-10-31T19:48:58.002+0530: 2318.365: Total time for which application threads were stopped: 0.0002574 seconds, Stopping threads took: 0.0000123 seconds
2019-10-31T19:48:58.002+0530: 2318.365: Total time for which application threads were stopped: 0.0002574 seconds, Stopping threads took: 0.0000123 seconds
2019-10-31T19:48:58.003+0530: 2318.366: Total time for which application threads were stopped: 0.0002566 seconds, Stopping threads took: 0.0000121 seconds
2019-10-31T19:48:58.003+0530: 2318.366: Total time for which application threads were stopped: 0.0002703 seconds, Stopping threads took: 0.0000120 seconds
2019-10-31T19:48:58.003+0530: 2318.366: Total time for which application threads were stopped: 0.0002576 seconds, Stopping threads took: 0.0000123 seconds
2019-10-31T19:48:58.004+0530: 2318.366: Total time for which application threads were stopped: 0.0002743 seconds, Stopping threads took: 0.0000267 seconds
2019-10-31T19:48:58.004+0530: 2318.367: Total time for which application threads were stopped: 0.0002565 seconds, Stopping threads took: 0.0000122 seconds
2019-10-31T19:48:58.004+0530: 2318.367: Total time for which application threads were stopped: 0.0002565 seconds, Stopping threads took: 0.0000117 seconds
2019-10-31T19:48:58.005+0530: 2318.368: Total time for which application threads were stopped: 0.0012139 seconds, Stopping threads took: 0.0000123 seconds
2019-10-31T19:49:43.940+0530: 2364.303: [GC pause (G1 Evacuation Pause) (young), 0.0119938 secs]
   [Parallel Time: 5.9 ms, GC Workers: 8]
      [GC Worker Start (ms): Min: 2364303.5, Avg: 2364303.5, Max: 2364303.6, Diff: 0.1]
      [Ext Root Scanning (ms): Min: 0.5, Avg: 0.5, Max: 0.7, Diff: 0.2, Sum: 4.4]
      [Update RS (ms): Min: 3.7, Avg: 3.7, Max: 3.8, Diff: 0.1, Sum: 29.8]
         [Processed Buffers: Min: 41, Avg: 45.5, Max: 49, Diff: 8, Sum: 364]
      [Scan RS (ms): Min: 0.0, Avg: 0.0, Max: 0.0, Diff: 0.0, Sum: 0.1]
      [Code Root Scanning (ms): Min: 0.0, Avg: 0.0, Max: 0.0, Diff: 0.0, Sum: 0.0]
      [Object Copy (ms): Min: 1.4, Avg: 1.4, Max: 1.5, Diff: 0.1, Sum: 11.6]
      [Termination (ms): Min: 0.0, Avg: 0.0, Max: 0.0, Diff: 0.0, Sum: 0.0]
         [Termination Attempts: Min: 1, Avg: 2.6, Max: 4, Diff: 3, Sum: 21]
      [GC Worker Other (ms): Min: 0.0, Avg: 0.0, Max: 0.1, Diff: 0.1, Sum: 0.3]
      [GC Worker Total (ms): Min: 5.7, Avg: 5.8, Max: 5.9, Diff: 0.1, Sum: 46.2]
      [GC Worker End (ms): Min: 2364309.3, Avg: 2364309.3, Max: 2364309.3, Diff: 0.1]
   [Code Root Fixup: 0.1 ms]
   [Code Root Purge: 0.0 ms]
   [Clear CT: 0.1 ms]
   [Other: 5.8 ms]
      [Choose CSet: 0.0 ms]
      [Ref Proc: 4.9 ms]
      [Ref Enq: 0.0 ms]
      [Redirty Cards: 0.1 ms]
      [Humongous Register: 0.1 ms]
      [Humongous Reclaim: 0.0 ms]
      [Free CSet: 0.1 ms]
   [Eden: 248.0M(248.0M)->0.0B(248.0M) Survivors: 8192.0K->8192.0K Heap: 294.8M(4096.0M)->46.3M(4096.0M)]
 [Times: user=0.05 sys=0.00, real=0.01 secs] 
2019-10-31T19:49:43.952+0530: 2364.315: Total time for which application threads were stopped: 0.0128950 seconds, Stopping threads took: 0.0000873 seconds
2019-10-31T19:49:43.954+0530: 2364.316: Total time for which application threads were stopped: 0.0006540 seconds, Stopping threads took: 0.0000752 seconds
2019-10-31T19:49:43.954+0530: 2364.317: Total time for which application threads were stopped: 0.0004075 seconds, Stopping threads took: 0.0000172 seconds
2019-10-31T19:49:43.954+0530: 2364.317: Total time for which application threads were stopped: 0.0003005 seconds, Stopping threads took: 0.0000111 seconds
2019-10-31T19:49:43.955+0530: 2364.318: Total time for which application threads were stopped: 0.0002955 seconds, Stopping threads took: 0.0000107 seconds
2019-10-31T19:49:43.955+0530: 2364.318: Total time for which application threads were stopped: 0.0002937 seconds, Stopping threads took: 0.0000105 seconds
2019-10-31T19:49:43.955+0530: 2364.318: Total time for which application threads were stopped: 0.0002947 seconds, Stopping threads took: 0.0000106 seconds
2019-10-31T19:49:43.956+0530: 2364.319: Total time for which application threads were stopped: 0.0002928 seconds, Stopping threads took: 0.0000104 seconds
2019-10-31T19:49:43.956+0530: 2364.319: Total time for which application threads were stopped: 0.0002936 seconds, Stopping threads took: 0.0000105 seconds
2019-10-31T19:49:43.956+0530: 2364.319: Total time for which application threads were stopped: 0.0002926 seconds, Stopping threads took: 0.0000103 seconds
2019-10-31T19:49:43.957+0530: 2364.320: Total time for which application threads were stopped: 0.0003469 seconds, Stopping threads took: 0.0000551 seconds
2019-10-31T19:49:43.957+0530: 2364.320: Total time for which application threads were stopped: 0.0003722 seconds, Stopping threads took: 0.0000752 seconds
2019-10-31T19:49:43.957+0530: 2364.320: Total time for which application threads were stopped: 0.0003623 seconds, Stopping threads took: 0.0000674 seconds
2019-10-31T19:49:43.958+0530: 2364.321: Total time for which application threads were stopped: 0.0003553 seconds, Stopping threads took: 0.0000642 seconds
2019-10-31T19:49:43.958+0530: 2364.321: Total time for which application threads were stopped: 0.0003422 seconds, Stopping threads took: 0.0000492 seconds
2019-10-31T19:49:43.959+0530: 2364.321: Total time for which application threads were stopped: 0.0003458 seconds, Stopping threads took: 0.0000532 seconds
2019-10-31T19:49:43.959+0530: 2364.322: Total time for which application threads were stopped: 0.0003262 seconds, Stopping threads took: 0.0000356 seconds
2019-10-31T19:49:43.959+0530: 2364.322: Total time for which application threads were stopped: 0.0003656 seconds, Stopping threads took: 0.0000753 seconds
2019-10-31T19:49:43.960+0530: 2364.323: Total time for which application threads were stopped: 0.0003472 seconds, Stopping threads took: 0.0000564 seconds
2019-10-31T19:49:43.960+0530: 2364.323: Total time for which application threads were stopped: 0.0003425 seconds, Stopping threads took: 0.0000522 seconds
2019-10-31T19:49:43.962+0530: 2364.325: Total time for which application threads were stopped: 0.0016951 seconds, Stopping threads took: 0.0000382 seconds
2019-10-31T19:50:36.537+0530: 2416.900: [GC pause (G1 Evacuation Pause) (young), 0.0119145 secs]
   [Parallel Time: 5.8 ms, GC Workers: 8]
      [GC Worker Start (ms): Min: 2416900.6, Avg: 2416900.6, Max: 2416900.7, Diff: 0.1]
      [Ext Root Scanning (ms): Min: 0.5, Avg: 0.7, Max: 2.2, Diff: 1.7, Sum: 5.8]
      [Update RS (ms): Min: 1.8, Avg: 3.3, Max: 3.6, Diff: 1.7, Sum: 26.6]
         [Processed Buffers: Min: 32, Avg: 40.8, Max: 43, Diff: 11, Sum: 326]
      [Scan RS (ms): Min: 0.0, Avg: 0.0, Max: 0.0, Diff: 0.0, Sum: 0.1]
      [Code Root Scanning (ms): Min: 0.0, Avg: 0.0, Max: 0.0, Diff: 0.0, Sum: 0.0]
      [Object Copy (ms): Min: 1.5, Avg: 1.6, Max: 1.6, Diff: 0.1, Sum: 12.5]
      [Termination (ms): Min: 0.0, Avg: 0.0, Max: 0.0, Diff: 0.0, Sum: 0.1]
         [Termination Attempts: Min: 1, Avg: 8.6, Max: 13, Diff: 12, Sum: 69]
      [GC Worker Other (ms): Min: 0.0, Avg: 0.0, Max: 0.1, Diff: 0.1, Sum: 0.3]
      [GC Worker Total (ms): Min: 5.6, Avg: 5.7, Max: 5.7, Diff: 0.1, Sum: 45.4]
      [GC Worker End (ms): Min: 2416906.3, Avg: 2416906.3, Max: 2416906.3, Diff: 0.1]
   [Code Root Fixup: 0.1 ms]
   [Code Root Purge: 0.0 ms]
   [Clear CT: 0.2 ms]
   [Other: 5.9 ms]
      [Choose CSet: 0.0 ms]
      [Ref Proc: 5.0 ms]
      [Ref Enq: 0.0 ms]
      [Redirty Cards: 0.1 ms]
      [Humongous Register: 0.1 ms]
      [Humongous Reclaim: 0.0 ms]
      [Free CSet: 0.1 ms]
   [Eden: 248.0M(248.0M)->0.0B(246.0M) Survivors: 8192.0K->10.0M Heap: 294.3M(4096.0M)->48.2M(4096.0M)]
 [Times: user=0.04 sys=0.01, real=0.01 secs] 
2019-10-31T19:50:36.549+0530: 2416.912: Total time for which application threads were stopped: 0.0128059 seconds, Stopping threads took: 0.0001357 seconds
2019-10-31T19:50:36.550+0530: 2416.913: Total time for which application threads were stopped: 0.0007119 seconds, Stopping threads took: 0.0001656 seconds
2019-10-31T19:50:36.551+0530: 2416.914: Total time for which application threads were stopped: 0.0005678 seconds, Stopping threads took: 0.0000415 seconds
2019-10-31T19:50:36.552+0530: 2416.915: Total time for which application threads were stopped: 0.0004109 seconds, Stopping threads took: 0.0000257 seconds
2019-10-31T19:50:36.552+0530: 2416.915: Total time for which application threads were stopped: 0.0003376 seconds, Stopping threads took: 0.0000200 seconds
2019-10-31T19:50:36.553+0530: 2416.915: Total time for which application threads were stopped: 0.0002798 seconds, Stopping threads took: 0.0000126 seconds
2019-10-31T19:50:36.553+0530: 2416.916: Total time for which application threads were stopped: 0.0003088 seconds, Stopping threads took: 0.0000122 seconds
2019-10-31T19:50:36.553+0530: 2416.916: Total time for which application threads were stopped: 0.0002929 seconds, Stopping threads took: 0.0000259 seconds
2019-10-31T19:50:36.553+0530: 2416.916: Total time for which application threads were stopped: 0.0002897 seconds, Stopping threads took: 0.0000117 seconds
2019-10-31T19:50:36.554+0530: 2416.917: Total time for which application threads were stopped: 0.0003668 seconds, Stopping threads took: 0.0000886 seconds
2019-10-31T19:50:36.554+0530: 2416.917: Total time for which application threads were stopped: 0.0003249 seconds, Stopping threads took: 0.0000199 seconds
2019-10-31T19:50:36.555+0530: 2416.918: Total time for which application threads were stopped: 0.0003131 seconds, Stopping threads took: 0.0000321 seconds
2019-10-31T19:50:36.555+0530: 2416.918: Total time for which application threads were stopped: 0.0002840 seconds, Stopping threads took: 0.0000155 seconds
2019-10-31T19:50:36.555+0530: 2416.918: Total time for which application threads were stopped: 0.0003154 seconds, Stopping threads took: 0.0000270 seconds
2019-10-31T19:50:36.556+0530: 2416.919: Total time for which application threads were stopped: 0.0003801 seconds, Stopping threads took: 0.0001020 seconds
2019-10-31T19:50:36.556+0530: 2416.919: Total time for which application threads were stopped: 0.0003705 seconds, Stopping threads took: 0.0000936 seconds
2019-10-31T19:50:36.557+0530: 2416.920: Total time for which application threads were stopped: 0.0004106 seconds, Stopping threads took: 0.0000865 seconds
2019-10-31T19:50:36.557+0530: 2416.920: Total time for which application threads were stopped: 0.0003966 seconds, Stopping threads took: 0.0000756 seconds
2019-10-31T19:50:36.558+0530: 2416.921: Total time for which application threads were stopped: 0.0003326 seconds, Stopping threads took: 0.0000194 seconds
2019-10-31T19:50:36.558+0530: 2416.921: Total time for which application threads were stopped: 0.0003325 seconds, Stopping threads took: 0.0000325 seconds
2019-10-31T19:50:36.560+0530: 2416.923: Total time for which application threads were stopped: 0.0015782 seconds, Stopping threads took: 0.0000302 seconds
2019-10-31T19:51:41.768+0530: 2482.131: [GC pause (G1 Evacuation Pause) (young), 0.0111664 secs]
   [Parallel Time: 5.0 ms, GC Workers: 8]
      [GC Worker Start (ms): Min: 2482130.8, Avg: 2482130.9, Max: 2482131.0, Diff: 0.1]
      [Ext Root Scanning (ms): Min: 0.4, Avg: 0.4, Max: 0.6, Diff: 0.2, Sum: 3.6]
      [Update RS (ms): Min: 2.8, Avg: 2.9, Max: 2.9, Diff: 0.1, Sum: 22.9]
         [Processed Buffers: Min: 29, Avg: 33.8, Max: 38, Diff: 9, Sum: 270]
      [Scan RS (ms): Min: 0.0, Avg: 0.0, Max: 0.0, Diff: 0.0, Sum: 0.1]
      [Code Root Scanning (ms): Min: 0.0, Avg: 0.0, Max: 0.0, Diff: 0.0, Sum: 0.0]
      [Object Copy (ms): Min: 1.4, Avg: 1.4, Max: 1.5, Diff: 0.1, Sum: 11.4]
      [Termination (ms): Min: 0.0, Avg: 0.0, Max: 0.0, Diff: 0.0, Sum: 0.1]
         [Termination Attempts: Min: 1, Avg: 16.6, Max: 23, Diff: 22, Sum: 133]
      [GC Worker Other (ms): Min: 0.0, Avg: 0.0, Max: 0.0, Diff: 0.0, Sum: 0.2]
      [GC Worker Total (ms): Min: 4.7, Avg: 4.8, Max: 4.8, Diff: 0.1, Sum: 38.2]
      [GC Worker End (ms): Min: 2482135.7, Avg: 2482135.7, Max: 2482135.7, Diff: 0.0]
   [Code Root Fixup: 0.1 ms]
   [Code Root Purge: 0.0 ms]
   [Clear CT: 0.2 ms]
   [Other: 6.0 ms]
      [Choose CSet: 0.0 ms]
      [Ref Proc: 5.1 ms]
      [Ref Enq: 0.0 ms]
      [Redirty Cards: 0.1 ms]
      [Humongous Register: 0.1 ms]
      [Humongous Reclaim: 0.0 ms]
      [Free CSet: 0.1 ms]
   [Eden: 246.0M(246.0M)->0.0B(248.0M) Survivors: 10.0M->8192.0K Heap: 294.2M(4096.0M)->47.4M(4096.0M)]
 [Times: user=0.05 sys=0.00, real=0.01 secs] 
2019-10-31T19:51:41.779+0530: 2482.142: Total time for which application threads were stopped: 0.0118626 seconds, Stopping threads took: 0.0000652 seconds
2019-10-31T19:51:41.780+0530: 2482.142: Total time for which application threads were stopped: 0.0005223 seconds, Stopping threads took: 0.0000664 seconds
2019-10-31T19:51:41.780+0530: 2482.143: Total time for which application threads were stopped: 0.0003293 seconds, Stopping threads took: 0.0000368 seconds
2019-10-31T19:51:41.780+0530: 2482.143: Total time for which application threads were stopped: 0.0002156 seconds, Stopping threads took: 0.0000144 seconds
2019-10-31T19:51:41.780+0530: 2482.143: Total time for which application threads were stopped: 0.0002106 seconds, Stopping threads took: 0.0000127 seconds
2019-10-31T19:51:41.781+0530: 2482.144: Total time for which application threads were stopped: 0.0002325 seconds, Stopping threads took: 0.0000099 seconds
2019-10-31T19:51:41.781+0530: 2482.144: Total time for which application threads were stopped: 0.0002058 seconds, Stopping threads took: 0.0000101 seconds
2019-10-31T19:51:41.781+0530: 2482.144: Total time for which application threads were stopped: 0.0002167 seconds, Stopping threads took: 0.0000096 seconds
2019-10-31T19:51:41.781+0530: 2482.144: Total time for which application threads were stopped: 0.0002157 seconds, Stopping threads took: 0.0000096 seconds
2019-10-31T19:51:41.782+0530: 2482.145: Total time for which application threads were stopped: 0.0002074 seconds, Stopping threads took: 0.0000102 seconds
2019-10-31T19:51:41.782+0530: 2482.145: Total time for which application threads were stopped: 0.0002066 seconds, Stopping threads took: 0.0000096 seconds
2019-10-31T19:51:41.782+0530: 2482.145: Total time for which application threads were stopped: 0.0002060 seconds, Stopping threads took: 0.0000098 seconds
2019-10-31T19:51:41.782+0530: 2482.145: Total time for which application threads were stopped: 0.0002084 seconds, Stopping threads took: 0.0000123 seconds
2019-10-31T19:51:41.783+0530: 2482.146: Total time for which application threads were stopped: 0.0002139 seconds, Stopping threads took: 0.0000097 seconds
2019-10-31T19:51:41.783+0530: 2482.146: Total time for which application threads were stopped: 0.0002059 seconds, Stopping threads took: 0.0000097 seconds
2019-10-31T19:51:41.783+0530: 2482.146: Total time for which application threads were stopped: 0.0002235 seconds, Stopping threads took: 0.0000277 seconds
2019-10-31T19:51:41.783+0530: 2482.146: Total time for which application threads were stopped: 0.0002056 seconds, Stopping threads took: 0.0000097 seconds
2019-10-31T19:51:41.784+0530: 2482.147: Total time for which application threads were stopped: 0.0002254 seconds, Stopping threads took: 0.0000279 seconds
2019-10-31T19:51:41.784+0530: 2482.147: Total time for which application threads were stopped: 0.0002058 seconds, Stopping threads took: 0.0000097 seconds
2019-10-31T19:51:41.784+0530: 2482.147: Total time for which application threads were stopped: 0.0002070 seconds, Stopping threads took: 0.0000097 seconds
2019-10-31T19:51:41.785+0530: 2482.148: Total time for which application threads were stopped: 0.0009060 seconds, Stopping threads took: 0.0000098 seconds
2019-10-31T19:52:51.791+0530: 2552.154: Total time for which application threads were stopped: 0.0005784 seconds, Stopping threads took: 0.0000604 seconds
2019-10-31T19:53:00.792+0530: 2561.155: Total time for which application threads were stopped: 0.0004016 seconds, Stopping threads took: 0.0000498 seconds
2019-10-31T19:53:03.793+0530: 2564.155: Total time for which application threads were stopped: 0.0003943 seconds, Stopping threads took: 0.0000457 seconds
2019-10-31T19:53:06.793+0530: 2567.156: Total time for which application threads were stopped: 0.0003924 seconds, Stopping threads took: 0.0000454 seconds
2019-10-31T19:53:13.794+0530: 2574.157: Total time for which application threads were stopped: 0.0003732 seconds, Stopping threads took: 0.0000444 seconds
2019-10-31T19:53:15.883+0530: 2576.246: [GC pause (G1 Evacuation Pause) (young), 0.0104591 secs]
   [Parallel Time: 4.4 ms, GC Workers: 8]
      [GC Worker Start (ms): Min: 2576245.9, Avg: 2576246.0, Max: 2576246.0, Diff: 0.1]
      [Ext Root Scanning (ms): Min: 0.3, Avg: 0.4, Max: 0.6, Diff: 0.2, Sum: 3.3]
      [Update RS (ms): Min: 2.3, Avg: 2.4, Max: 2.5, Diff: 0.1, Sum: 19.3]
         [Processed Buffers: Min: 26, Avg: 27.2, Max: 31, Diff: 5, Sum: 218]
      [Scan RS (ms): Min: 0.0, Avg: 0.0, Max: 0.0, Diff: 0.0, Sum: 0.1]
      [Code Root Scanning (ms): Min: 0.0, Avg: 0.0, Max: 0.0, Diff: 0.0, Sum: 0.0]
      [Object Copy (ms): Min: 1.3, Avg: 1.3, Max: 1.4, Diff: 0.1, Sum: 10.7]
      [Termination (ms): Min: 0.0, Avg: 0.0, Max: 0.0, Diff: 0.0, Sum: 0.1]
         [Termination Attempts: Min: 1, Avg: 10.9, Max: 20, Diff: 19, Sum: 87]
      [GC Worker Other (ms): Min: 0.0, Avg: 0.0, Max: 0.1, Diff: 0.0, Sum: 0.2]
      [GC Worker Total (ms): Min: 4.2, Avg: 4.2, Max: 4.2, Diff: 0.1, Sum: 33.7]
      [GC Worker End (ms): Min: 2576250.2, Avg: 2576250.2, Max: 2576250.2, Diff: 0.0]
   [Code Root Fixup: 0.1 ms]
   [Code Root Purge: 0.0 ms]
   [Clear CT: 0.2 ms]
   [Other: 5.9 ms]
      [Choose CSet: 0.0 ms]
      [Ref Proc: 5.1 ms]
      [Ref Enq: 0.0 ms]
      [Redirty Cards: 0.1 ms]
      [Humongous Register: 0.1 ms]
      [Humongous Reclaim: 0.0 ms]
      [Free CSet: 0.1 ms]
   [Eden: 248.0M(248.0M)->0.0B(250.0M) Survivors: 8192.0K->6144.0K Heap: 295.4M(4096.0M)->44.3M(4096.0M)]
 [Times: user=0.05 sys=0.00, real=0.02 secs] 
2019-10-31T19:53:15.893+0530: 2576.256: Total time for which application threads were stopped: 0.0110241 seconds, Stopping threads took: 0.0000587 seconds
2019-10-31T19:53:15.894+0530: 2576.257: Total time for which application threads were stopped: 0.0004835 seconds, Stopping threads took: 0.0000858 seconds
2019-10-31T19:53:15.895+0530: 2576.258: Total time for which application threads were stopped: 0.0003985 seconds, Stopping threads took: 0.0000765 seconds
2019-10-31T19:53:15.895+0530: 2576.258: Total time for which application threads were stopped: 0.0003155 seconds, Stopping threads took: 0.0000261 seconds
2019-10-31T19:53:15.895+0530: 2576.258: Total time for which application threads were stopped: 0.0002195 seconds, Stopping threads took: 0.0000109 seconds
2019-10-31T19:53:15.896+0530: 2576.258: Total time for which application threads were stopped: 0.0001997 seconds, Stopping threads took: 0.0000192 seconds
2019-10-31T19:53:15.896+0530: 2576.259: Total time for which application threads were stopped: 0.0002295 seconds, Stopping threads took: 0.0000534 seconds
2019-10-31T19:53:15.896+0530: 2576.259: Total time for which application threads were stopped: 0.0001953 seconds, Stopping threads took: 0.0000159 seconds
2019-10-31T19:53:15.896+0530: 2576.259: Total time for which application threads were stopped: 0.0002394 seconds, Stopping threads took: 0.0000264 seconds
2019-10-31T19:53:15.897+0530: 2576.260: Total time for which application threads were stopped: 0.0002240 seconds, Stopping threads took: 0.0000320 seconds
2019-10-31T19:53:15.897+0530: 2576.260: Total time for which application threads were stopped: 0.0002225 seconds, Stopping threads took: 0.0000439 seconds
2019-10-31T19:53:15.897+0530: 2576.260: Total time for which application threads were stopped: 0.0002235 seconds, Stopping threads took: 0.0000343 seconds
2019-10-31T19:53:15.897+0530: 2576.260: Total time for which application threads were stopped: 0.0002353 seconds, Stopping threads took: 0.0000328 seconds
2019-10-31T19:53:15.898+0530: 2576.261: Total time for which application threads were stopped: 0.0002018 seconds, Stopping threads took: 0.0000122 seconds
2019-10-31T19:53:15.898+0530: 2576.261: Total time for which application threads were stopped: 0.0002036 seconds, Stopping threads took: 0.0000259 seconds
2019-10-31T19:53:15.898+0530: 2576.261: Total time for which application threads were stopped: 0.0001907 seconds, Stopping threads took: 0.0000120 seconds
2019-10-31T19:53:15.898+0530: 2576.261: Total time for which application threads were stopped: 0.0001885 seconds, Stopping threads took: 0.0000108 seconds
2019-10-31T19:53:15.899+0530: 2576.262: Total time for which application threads were stopped: 0.0002224 seconds, Stopping threads took: 0.0000429 seconds
2019-10-31T19:53:15.899+0530: 2576.262: Total time for which application threads were stopped: 0.0002188 seconds, Stopping threads took: 0.0000278 seconds
2019-10-31T19:53:15.899+0530: 2576.262: Total time for which application threads were stopped: 0.0002078 seconds, Stopping threads took: 0.0000254 seconds
2019-10-31T19:53:15.900+0530: 2576.263: Total time for which application threads were stopped: 0.0007421 seconds, Stopping threads took: 0.0000112 seconds
2019-10-31T19:54:52.907+0530: 2673.270: Total time for which application threads were stopped: 0.0002872 seconds, Stopping threads took: 0.0000235 seconds
Heap
 garbage-first heap   total 4194304K, used 149837K [0x00000006c0000000, 0x00000006c0204000, 0x00000007c0000000)
  region size 2048K, 55 young (112640K), 3 survivors (6144K)
 Metaspace       used 28029K, capacity 28708K, committed 29056K, reserved 1075200K
  class space    used 3363K, capacity 3639K, committed 3712K, reserved 1048576K
