Java HotSpot(TM) 64-Bit Server VM (25.131-b11) for linux-amd64 JRE (1.8.0_131-b11), built on Mar 15 2017 01:23:40 by "java_re" with gcc 4.3.0 20080428 (Red Hat 4.3.0-8)
Memory: 4k page, physical 15835448k(13404852k free), swap 0k(0k free)
CommandLine flags: -XX:G1ReservePercent=20 -XX:+HeapDumpOnOutOfMemoryError -XX:HeapDumpPath=/root/PT/projects/AutomationEngine/logs/GC -XX:InitialHeapSize=4294967296 -XX:+ManagementServer -XX:MaxGCPauseMillis=100 -XX:MaxHeapSize=4294967296 -XX:MaxMetaspaceSize=268435456 -XX:MaxNewSize=536870912 -XX:NewSize=268435456 -XX:+PrintGC -XX:+PrintGCApplicationStoppedTime -XX:+PrintGCDateStamps -XX:+PrintGCDetails -XX:+PrintGCTimeStamps -XX:+UseCompressedClassPointers -XX:+UseCompressedOops -XX:+UseG1GC 
2019-10-31T15:41:52.457+0530: 0.217: Total time for which application threads were stopped: 0.0001040 seconds, Stopping threads took: 0.0000106 seconds
2019-10-31T15:41:52.644+0530: 0.404: Total time for which application threads were stopped: 0.0001801 seconds, Stopping threads took: 0.0000114 seconds
2019-10-31T15:41:52.653+0530: 0.414: Total time for which application threads were stopped: 0.0000553 seconds, Stopping threads took: 0.0000081 seconds
2019-10-31T15:41:52.655+0530: 0.415: Total time for which application threads were stopped: 0.0000317 seconds, Stopping threads took: 0.0000044 seconds
2019-10-31T15:41:53.423+0530: 1.183: Total time for which application threads were stopped: 0.0002377 seconds, Stopping threads took: 0.0000124 seconds
2019-10-31T15:41:53.729+0530: 1.490: Total time for which application threads were stopped: 0.0002494 seconds, Stopping threads took: 0.0000127 seconds
2019-10-31T15:41:53.737+0530: 1.497: Total time for which application threads were stopped: 0.0002157 seconds, Stopping threads took: 0.0000306 seconds
2019-10-31T15:41:53.740+0530: 1.500: Total time for which application threads were stopped: 0.0001684 seconds, Stopping threads took: 0.0000246 seconds
2019-10-31T15:41:53.777+0530: 1.537: Total time for which application threads were stopped: 0.0002042 seconds, Stopping threads took: 0.0000124 seconds
2019-10-31T15:41:53.790+0530: 1.550: Total time for which application threads were stopped: 0.0002059 seconds, Stopping threads took: 0.0000126 seconds
2019-10-31T15:41:54.016+0530: 1.776: [GC pause (Metadata GC Threshold) (young) (initial-mark), 0.0113892 secs]
   [Parallel Time: 5.5 ms, GC Workers: 8]
      [GC Worker Start (ms): Min: 1776.2, Avg: 1776.3, Max: 1776.3, Diff: 0.1]
      [Ext Root Scanning (ms): Min: 0.7, Avg: 0.9, Max: 1.2, Diff: 0.5, Sum: 7.2]
      [Update RS (ms): Min: 0.0, Avg: 0.0, Max: 0.0, Diff: 0.0, Sum: 0.0]
         [Processed Buffers: Min: 0, Avg: 0.0, Max: 0, Diff: 0, Sum: 0]
      [Scan RS (ms): Min: 0.0, Avg: 0.0, Max: 0.0, Diff: 0.0, Sum: 0.1]
      [Code Root Scanning (ms): Min: 0.0, Avg: 0.2, Max: 0.8, Diff: 0.8, Sum: 1.9]
      [Object Copy (ms): Min: 3.3, Avg: 4.1, Max: 4.5, Diff: 1.2, Sum: 32.8]
      [Termination (ms): Min: 0.0, Avg: 0.0, Max: 0.0, Diff: 0.0, Sum: 0.2]
         [Termination Attempts: Min: 1, Avg: 7.2, Max: 13, Diff: 12, Sum: 58]
      [GC Worker Other (ms): Min: 0.0, Avg: 0.0, Max: 0.0, Diff: 0.0, Sum: 0.1]
      [GC Worker Total (ms): Min: 5.2, Avg: 5.3, Max: 5.3, Diff: 0.1, Sum: 42.2]
      [GC Worker End (ms): Min: 1781.5, Avg: 1781.6, Max: 1781.6, Diff: 0.0]
   [Code Root Fixup: 0.3 ms]
   [Code Root Purge: 0.0 ms]
   [Clear CT: 0.2 ms]
   [Other: 5.4 ms]
      [Choose CSet: 0.0 ms]
      [Ref Proc: 4.8 ms]
      [Ref Enq: 0.0 ms]
      [Redirty Cards: 0.1 ms]
      [Humongous Register: 0.0 ms]
      [Humongous Reclaim: 0.0 ms]
      [Free CSet: 0.1 ms]
   [Eden: 116.0M(256.0M)->0.0B(242.0M) Survivors: 0.0B->14.0M Heap: 115.0M(4096.0M)->12.4M(4096.0M)]
 [Times: user=0.04 sys=0.01, real=0.01 secs] 
2019-10-31T15:41:54.027+0530: 1.787: [GC concurrent-root-region-scan-start]
2019-10-31T15:41:54.027+0530: 1.788: Total time for which application threads were stopped: 0.0116633 seconds, Stopping threads took: 0.0000277 seconds
2019-10-31T15:41:54.032+0530: 1.792: [GC concurrent-root-region-scan-end, 0.0042995 secs]
2019-10-31T15:41:54.032+0530: 1.792: [GC concurrent-mark-start]
2019-10-31T15:41:54.032+0530: 1.793: [GC concurrent-mark-end, 0.0009423 secs]
2019-10-31T15:41:54.033+0530: 1.793: [GC remark 2019-10-31T15:41:54.033+0530: 1.793: [Finalize Marking, 0.0001939 secs] 2019-10-31T15:41:54.033+0530: 1.793: [GC ref-proc, 0.0002262 secs] 2019-10-31T15:41:54.033+0530: 1.793: [Unloading, 0.0019700 secs], 0.0026252 secs]
 [Times: user=0.01 sys=0.00, real=0.01 secs] 
2019-10-31T15:41:54.035+0530: 1.795: Total time for which application threads were stopped: 0.0027181 seconds, Stopping threads took: 0.0000236 seconds
2019-10-31T15:41:54.035+0530: 1.796: [GC cleanup 14M->14M(4096M), 0.0015159 secs]
 [Times: user=0.01 sys=0.01, real=0.00 secs] 
2019-10-31T15:41:54.037+0530: 1.797: Total time for which application threads were stopped: 0.0015951 seconds, Stopping threads took: 0.0000268 seconds
2019-10-31T15:41:54.353+0530: 2.113: [Full GC (System.gc())  30M->8889K(4096M), 0.0519244 secs]
   [Eden: 18.0M(242.0M)->0.0B(256.0M) Survivors: 14.0M->0.0B Heap: 30.4M(4096.0M)->8889.2K(4096.0M)], [Metaspace: 23971K->23971K(1071104K)]
 [Times: user=0.06 sys=0.01, real=0.05 secs] 
2019-10-31T15:41:54.405+0530: 2.165: Total time for which application threads were stopped: 0.0521349 seconds, Stopping threads took: 0.0000280 seconds
2019-10-31T15:41:55.130+0530: 2.890: Total time for which application threads were stopped: 0.0003536 seconds, Stopping threads took: 0.0000171 seconds
2019-10-31T15:41:55.144+0530: 2.904: Total time for which application threads were stopped: 0.0002217 seconds, Stopping threads took: 0.0000097 seconds
2019-10-31T15:41:56.144+0530: 3.904: Total time for which application threads were stopped: 0.0001051 seconds, Stopping threads took: 0.0000231 seconds
2019-10-31T15:41:56.676+0530: 4.436: Total time for which application threads were stopped: 0.0003023 seconds, Stopping threads took: 0.0000222 seconds
2019-10-31T15:41:57.676+0530: 5.436: Total time for which application threads were stopped: 0.0000796 seconds, Stopping threads took: 0.0000228 seconds
2019-10-31T15:41:57.857+0530: 5.617: Total time for which application threads were stopped: 0.0000685 seconds, Stopping threads took: 0.0000276 seconds
2019-10-31T15:41:58.857+0530: 6.618: Total time for which application threads were stopped: 0.0000819 seconds, Stopping threads took: 0.0000232 seconds
2019-10-31T15:41:59.487+0530: 7.247: Total time for which application threads were stopped: 0.0001068 seconds, Stopping threads took: 0.0000477 seconds
2019-10-31T15:42:00.487+0530: 8.247: Total time for which application threads were stopped: 0.0000795 seconds, Stopping threads took: 0.0000216 seconds
2019-10-31T15:42:01.266+0530: 9.026: Total time for which application threads were stopped: 0.0000839 seconds, Stopping threads took: 0.0000203 seconds
2019-10-31T15:42:01.486+0530: 9.246: Total time for which application threads were stopped: 0.0000576 seconds, Stopping threads took: 0.0000150 seconds
2019-10-31T15:42:02.486+0530: 10.246: Total time for which application threads were stopped: 0.0000798 seconds, Stopping threads took: 0.0000216 seconds
2019-10-31T15:42:03.078+0530: 10.838: Total time for which application threads were stopped: 0.0000887 seconds, Stopping threads took: 0.0000212 seconds
2019-10-31T15:42:03.210+0530: 10.970: Total time for which application threads were stopped: 0.0001012 seconds, Stopping threads took: 0.0000371 seconds
2019-10-31T15:42:04.210+0530: 11.971: Total time for which application threads were stopped: 0.0000750 seconds, Stopping threads took: 0.0000195 seconds
2019-10-31T15:42:04.768+0530: 12.528: Total time for which application threads were stopped: 0.0000821 seconds, Stopping threads took: 0.0000201 seconds
2019-10-31T15:42:05.768+0530: 13.528: Total time for which application threads were stopped: 0.0000954 seconds, Stopping threads took: 0.0000204 seconds
2019-10-31T15:42:06.323+0530: 14.084: Total time for which application threads were stopped: 0.0000888 seconds, Stopping threads took: 0.0000195 seconds
2019-10-31T15:42:07.324+0530: 15.084: Total time for which application threads were stopped: 0.0000790 seconds, Stopping threads took: 0.0000212 seconds
2019-10-31T15:42:07.871+0530: 15.631: Total time for which application threads were stopped: 0.0000901 seconds, Stopping threads took: 0.0000222 seconds
2019-10-31T15:42:08.871+0530: 16.631: Total time for which application threads were stopped: 0.0000813 seconds, Stopping threads took: 0.0000212 seconds
2019-10-31T15:42:09.438+0530: 17.198: Total time for which application threads were stopped: 0.0000811 seconds, Stopping threads took: 0.0000195 seconds
2019-10-31T15:42:10.995+0530: 18.755: Total time for which application threads were stopped: 0.0001016 seconds, Stopping threads took: 0.0000423 seconds
2019-10-31T15:42:11.342+0530: 19.103: Total time for which application threads were stopped: 0.0000924 seconds, Stopping threads took: 0.0000281 seconds
2019-10-31T15:42:12.343+0530: 20.103: Total time for which application threads were stopped: 0.0000792 seconds, Stopping threads took: 0.0000218 seconds
2019-10-31T15:42:13.343+0530: 21.103: Total time for which application threads were stopped: 0.0000832 seconds, Stopping threads took: 0.0000216 seconds
2019-10-31T15:42:13.523+0530: 21.283: Total time for which application threads were stopped: 0.0000685 seconds, Stopping threads took: 0.0000158 seconds
2019-10-31T15:42:13.523+0530: 21.283: Total time for which application threads were stopped: 0.0000233 seconds, Stopping threads took: 0.0000046 seconds
2019-10-31T15:42:15.523+0530: 23.284: Total time for which application threads were stopped: 0.0000726 seconds, Stopping threads took: 0.0000209 seconds
2019-10-31T15:42:16.524+0530: 24.284: Total time for which application threads were stopped: 0.0000743 seconds, Stopping threads took: 0.0000188 seconds
2019-10-31T15:42:17.524+0530: 25.284: Total time for which application threads were stopped: 0.0000767 seconds, Stopping threads took: 0.0000204 seconds
2019-10-31T15:42:18.524+0530: 26.284: Total time for which application threads were stopped: 0.0000717 seconds, Stopping threads took: 0.0000223 seconds
2019-10-31T15:42:19.128+0530: 26.888: Total time for which application threads were stopped: 0.0000900 seconds, Stopping threads took: 0.0000471 seconds
Heap
 garbage-first heap   total 4194304K, used 60089K [0x00000006c0000000, 0x00000006c0204000, 0x00000007c0000000)
  region size 2048K, 26 young (53248K), 0 survivors (0K)
 Metaspace       used 26830K, capacity 27486K, committed 27776K, reserved 1073152K
  class space    used 3347K, capacity 3618K, committed 3712K, reserved 1048576K
